<html>
<body>
<pre>
<h1>礦ision Build Log</h1>
<h2>Tool Versions:</h2>
IDE-Version: μVision V5.35.0.0
Copyright (C) 2021 ARM Ltd and ARM Germany GmbH. All rights reserved.
License Information: 11 11, 11, LIC=IK1BF-6WSCX-II95V-PVULD-TC5LM-SRJ9B
 
Tool Versions:
Toolchain:       MDK-ARM Plus  Version: 5.35.0.2
Toolchain Path:  D:\Keil5\ARM\ARMCC\Bin
C Compiler:      Armcc.exe V5.06 update 7 (build 960)
Assembler:       Armasm.exe V5.06 update 7 (build 960)
Linker/Locator:  ArmLink.exe V5.06 update 7 (build 960)
Library Manager: ArmAr.exe V5.06 update 7 (build 960)
Hex Converter:   FromElf.exe V5.06 update 7 (build 960)
CPU DLL:         SARMCM3.DLL V5.35.0.2
Dialog DLL:      DCM.DLL V1.17.3.0
Target DLL:      Segger\JL2CM3.dll V2.99.40.0
Dialog DLL:      TCM.DLL V1.53.0.0
 
<h2>Project:</h2>
D:\stm32project\STM32H743VIT6\H743_SPI_FLASH_PRO\NewDevice.uvprojx
Project File Date:  09/06/2026

<h2>Output:</h2>
*** Using Compiler 'V5.06 update 7 (build 960)', folder: 'D:\Keil5\ARM\ARMCC\Bin'
Rebuild target 'Cortex-M'
compiling FlashDev.c...
compiling stm32h7xx_hal.c...
compiling FlashPrg.c...
compiling stm32h7xx_hal_pwr.c...
compiling stm32h7xx_hal_flash.c...
compiling stm32h7xx_hal_gpio.c...
compiling stm32h7xx_hal_cortex.c...
compiling stm32h7xx_hal_flash_ex.c...
compiling stm32h7xx_hal_pwr_ex.c...
compiling stm32h7xx_hal_qspi.c...
compiling stm32h7xx_hal_mdma.c...
compiling stm32h7xx_hal_rcc_ex.c...
compiling stm32h7xx_hal_rcc.c...
ST_SDK\STM32H7xx_HAL_Driver\Src\stm32h7xx_hal_rcc.c(407): warning:  #550-D: variable "tickstart"  was set but never used
    uint32_t tickstart;
ST_SDK\STM32H7xx_HAL_Driver\Src\stm32h7xx_hal_rcc.c: 1 warning, 0 errors
compiling stm32h7xx_ll_delayblock.c...
compiling stm32h7xx_ll_pwr.c...
compiling stm32h7xx_ll_gpio.c...
compiling stm32h7xx_ll_mdma.c...
compiling system_stm32h7xx.c...
compiling spi_flash.c...
compiling stm32h7xx_ll_utils.c...
compiling stm32h7xx_ll_rcc.c...
compiling stm32h7xx_hal_spi.c...
linking...
Program Size: Code=49060 RO-data=4352 RW-data=24 ZI-data=4252  
After Build - User command #1: cmd.exe /C copy "Objects\H743VIT6_SPI_FLASH.axf" ".\H743VIT6_SPI_FLASH.FLM"
已复制         1 个文件。
".\Objects\H743VIT6_SPI_FLASH.axf" - 0 Error(s), 1 Warning(s).

<h2>Software Packages used:</h2>

Package Vendor: Keil
                https://www.keil.com/pack/Keil.STM32H7xx_DFP.4.1.3.pack
                Keil.STM32H7xx_DFP.4.1.3
                STMicroelectronics STM32H7 Series Device Support

<h2>Collection of Component include folders:</h2>

<h2>Collection of Component Files used:</h2>
Build Time Elapsed:  00:00:02
</pre>
</body>
</html>
