Component: ARM Compiler 5.06 update 7 (build 960) Tool: armlink [4d3601]

==============================================================================

Image Symbol Table

    Local Symbols

    Symbol Name                              Value     Ov Type        Size  Object(Section)

    .rev16_text                              0x00000000   Section        4  flashprg.o(.rev16_text)
    $v0                                      0x00000000   Number         0  flashprg.o(.rev16_text)
    ../clib/memcpset.s                       0x00000000   Number         0  rt_memclr_w.o ABSOLUTE
    FlashDev.c                               0x00000000   Number         0  flashdev.o ABSOLUTE
    FlashPrg.c                               0x00000000   Number         0  flashprg.o ABSOLUTE
    FlashPrg.c                               0x00000000   Number         0  flashprg.o ABSOLUTE
    SPI_Driver\\spi_flash.c                  0x00000000   Number         0  spi_flash.o ABSOLUTE
    SPI_Driver\spi_flash.c                   0x00000000   Number         0  spi_flash.o ABSOLUTE
    ST_SDK\CMSIS\Device\ST\STM32H7xx\Source\Templates\system_stm32h7xx.c 0x00000000   Number         0  system_stm32h7xx.o ABSOLUTE
    ST_SDK\STM32H7xx_HAL_Driver\Src\stm32h7xx_hal.c 0x00000000   Number         0  stm32h7xx_hal.o ABSOLUTE
    ST_SDK\STM32H7xx_HAL_Driver\Src\stm32h7xx_hal_cortex.c 0x00000000   Number         0  stm32h7xx_hal_cortex.o ABSOLUTE
    ST_SDK\STM32H7xx_HAL_Driver\Src\stm32h7xx_hal_flash.c 0x00000000   Number         0  stm32h7xx_hal_flash.o ABSOLUTE
    ST_SDK\STM32H7xx_HAL_Driver\Src\stm32h7xx_hal_flash_ex.c 0x00000000   Number         0  stm32h7xx_hal_flash_ex.o ABSOLUTE
    ST_SDK\STM32H7xx_HAL_Driver\Src\stm32h7xx_hal_gpio.c 0x00000000   Number         0  stm32h7xx_hal_gpio.o ABSOLUTE
    ST_SDK\STM32H7xx_HAL_Driver\Src\stm32h7xx_hal_mdma.c 0x00000000   Number         0  stm32h7xx_hal_mdma.o ABSOLUTE
    ST_SDK\STM32H7xx_HAL_Driver\Src\stm32h7xx_hal_pwr.c 0x00000000   Number         0  stm32h7xx_hal_pwr.o ABSOLUTE
    ST_SDK\STM32H7xx_HAL_Driver\Src\stm32h7xx_hal_pwr_ex.c 0x00000000   Number         0  stm32h7xx_hal_pwr_ex.o ABSOLUTE
    ST_SDK\STM32H7xx_HAL_Driver\Src\stm32h7xx_hal_qspi.c 0x00000000   Number         0  stm32h7xx_hal_qspi.o ABSOLUTE
    ST_SDK\STM32H7xx_HAL_Driver\Src\stm32h7xx_hal_rcc.c 0x00000000   Number         0  stm32h7xx_hal_rcc.o ABSOLUTE
    ST_SDK\STM32H7xx_HAL_Driver\Src\stm32h7xx_hal_rcc_ex.c 0x00000000   Number         0  stm32h7xx_hal_rcc_ex.o ABSOLUTE
    ST_SDK\STM32H7xx_HAL_Driver\Src\stm32h7xx_hal_spi.c 0x00000000   Number         0  stm32h7xx_hal_spi.o ABSOLUTE
    ST_SDK\STM32H7xx_HAL_Driver\Src\stm32h7xx_ll_delayblock.c 0x00000000   Number         0  stm32h7xx_ll_delayblock.o ABSOLUTE
    ST_SDK\STM32H7xx_HAL_Driver\Src\stm32h7xx_ll_gpio.c 0x00000000   Number         0  stm32h7xx_ll_gpio.o ABSOLUTE
    ST_SDK\STM32H7xx_HAL_Driver\Src\stm32h7xx_ll_mdma.c 0x00000000   Number         0  stm32h7xx_ll_mdma.o ABSOLUTE
    ST_SDK\STM32H7xx_HAL_Driver\Src\stm32h7xx_ll_pwr.c 0x00000000   Number         0  stm32h7xx_ll_pwr.o ABSOLUTE
    ST_SDK\STM32H7xx_HAL_Driver\Src\stm32h7xx_ll_rcc.c 0x00000000   Number         0  stm32h7xx_ll_rcc.o ABSOLUTE
    ST_SDK\STM32H7xx_HAL_Driver\Src\stm32h7xx_ll_utils.c 0x00000000   Number         0  stm32h7xx_ll_utils.o ABSOLUTE
    ST_SDK\\CMSIS\\Device\\ST\\STM32H7xx\\Source\\Templates\\system_stm32h7xx.c 0x00000000   Number         0  system_stm32h7xx.o ABSOLUTE
    ST_SDK\\STM32H7xx_HAL_Driver\\Src\\stm32h7xx_hal.c 0x00000000   Number         0  stm32h7xx_hal.o ABSOLUTE
    ST_SDK\\STM32H7xx_HAL_Driver\\Src\\stm32h7xx_hal_cortex.c 0x00000000   Number         0  stm32h7xx_hal_cortex.o ABSOLUTE
    ST_SDK\\STM32H7xx_HAL_Driver\\Src\\stm32h7xx_hal_flash.c 0x00000000   Number         0  stm32h7xx_hal_flash.o ABSOLUTE
    ST_SDK\\STM32H7xx_HAL_Driver\\Src\\stm32h7xx_hal_flash_ex.c 0x00000000   Number         0  stm32h7xx_hal_flash_ex.o ABSOLUTE
    ST_SDK\\STM32H7xx_HAL_Driver\\Src\\stm32h7xx_hal_gpio.c 0x00000000   Number         0  stm32h7xx_hal_gpio.o ABSOLUTE
    ST_SDK\\STM32H7xx_HAL_Driver\\Src\\stm32h7xx_hal_mdma.c 0x00000000   Number         0  stm32h7xx_hal_mdma.o ABSOLUTE
    ST_SDK\\STM32H7xx_HAL_Driver\\Src\\stm32h7xx_hal_pwr.c 0x00000000   Number         0  stm32h7xx_hal_pwr.o ABSOLUTE
    ST_SDK\\STM32H7xx_HAL_Driver\\Src\\stm32h7xx_hal_pwr_ex.c 0x00000000   Number         0  stm32h7xx_hal_pwr_ex.o ABSOLUTE
    ST_SDK\\STM32H7xx_HAL_Driver\\Src\\stm32h7xx_hal_qspi.c 0x00000000   Number         0  stm32h7xx_hal_qspi.o ABSOLUTE
    ST_SDK\\STM32H7xx_HAL_Driver\\Src\\stm32h7xx_hal_rcc.c 0x00000000   Number         0  stm32h7xx_hal_rcc.o ABSOLUTE
    ST_SDK\\STM32H7xx_HAL_Driver\\Src\\stm32h7xx_hal_rcc_ex.c 0x00000000   Number         0  stm32h7xx_hal_rcc_ex.o ABSOLUTE
    ST_SDK\\STM32H7xx_HAL_Driver\\Src\\stm32h7xx_hal_spi.c 0x00000000   Number         0  stm32h7xx_hal_spi.o ABSOLUTE
    ST_SDK\\STM32H7xx_HAL_Driver\\Src\\stm32h7xx_ll_delayblock.c 0x00000000   Number         0  stm32h7xx_ll_delayblock.o ABSOLUTE
    ST_SDK\\STM32H7xx_HAL_Driver\\Src\\stm32h7xx_ll_gpio.c 0x00000000   Number         0  stm32h7xx_ll_gpio.o ABSOLUTE
    ST_SDK\\STM32H7xx_HAL_Driver\\Src\\stm32h7xx_ll_mdma.c 0x00000000   Number         0  stm32h7xx_ll_mdma.o ABSOLUTE
    ST_SDK\\STM32H7xx_HAL_Driver\\Src\\stm32h7xx_ll_pwr.c 0x00000000   Number         0  stm32h7xx_ll_pwr.o ABSOLUTE
    ST_SDK\\STM32H7xx_HAL_Driver\\Src\\stm32h7xx_ll_rcc.c 0x00000000   Number         0  stm32h7xx_ll_rcc.o ABSOLUTE
    ST_SDK\\STM32H7xx_HAL_Driver\\Src\\stm32h7xx_ll_utils.c 0x00000000   Number         0  stm32h7xx_ll_utils.o ABSOLUTE
    dc.s                                     0x00000000   Number         0  dc.o ABSOLUTE
    .rev16_text                              0x00000004   Section        4  stm32h7xx_hal.o(.rev16_text)
    $v0                                      0x00000004   Number         0  stm32h7xx_hal.o(.rev16_text)
    .rev16_text                              0x00000008   Section        4  stm32h7xx_hal_cortex.o(.rev16_text)
    $v0                                      0x00000008   Number         0  stm32h7xx_hal_cortex.o(.rev16_text)
    .rev16_text                              0x0000000c   Section        4  stm32h7xx_hal_flash.o(.rev16_text)
    $v0                                      0x0000000c   Number         0  stm32h7xx_hal_flash.o(.rev16_text)
    .rev16_text                              0x00000010   Section        4  stm32h7xx_hal_flash_ex.o(.rev16_text)
    $v0                                      0x00000010   Number         0  stm32h7xx_hal_flash_ex.o(.rev16_text)
    .rev16_text                              0x00000014   Section        4  stm32h7xx_hal_gpio.o(.rev16_text)
    $v0                                      0x00000014   Number         0  stm32h7xx_hal_gpio.o(.rev16_text)
    .rev16_text                              0x00000018   Section        4  stm32h7xx_hal_mdma.o(.rev16_text)
    $v0                                      0x00000018   Number         0  stm32h7xx_hal_mdma.o(.rev16_text)
    .rev16_text                              0x0000001c   Section        4  stm32h7xx_hal_pwr.o(.rev16_text)
    $v0                                      0x0000001c   Number         0  stm32h7xx_hal_pwr.o(.rev16_text)
    .rev16_text                              0x00000020   Section        4  stm32h7xx_hal_pwr_ex.o(.rev16_text)
    $v0                                      0x00000020   Number         0  stm32h7xx_hal_pwr_ex.o(.rev16_text)
    .rev16_text                              0x00000024   Section        4  stm32h7xx_hal_qspi.o(.rev16_text)
    $v0                                      0x00000024   Number         0  stm32h7xx_hal_qspi.o(.rev16_text)
    .rev16_text                              0x00000028   Section        4  stm32h7xx_hal_rcc.o(.rev16_text)
    $v0                                      0x00000028   Number         0  stm32h7xx_hal_rcc.o(.rev16_text)
    .rev16_text                              0x0000002c   Section        4  stm32h7xx_hal_rcc_ex.o(.rev16_text)
    $v0                                      0x0000002c   Number         0  stm32h7xx_hal_rcc_ex.o(.rev16_text)
    .rev16_text                              0x00000030   Section        4  stm32h7xx_ll_delayblock.o(.rev16_text)
    $v0                                      0x00000030   Number         0  stm32h7xx_ll_delayblock.o(.rev16_text)
    .rev16_text                              0x00000034   Section        4  stm32h7xx_ll_gpio.o(.rev16_text)
    $v0                                      0x00000034   Number         0  stm32h7xx_ll_gpio.o(.rev16_text)
    .rev16_text                              0x00000038   Section        4  stm32h7xx_ll_mdma.o(.rev16_text)
    $v0                                      0x00000038   Number         0  stm32h7xx_ll_mdma.o(.rev16_text)
    .rev16_text                              0x0000003c   Section        4  stm32h7xx_ll_pwr.o(.rev16_text)
    $v0                                      0x0000003c   Number         0  stm32h7xx_ll_pwr.o(.rev16_text)
    .rev16_text                              0x00000040   Section        4  stm32h7xx_ll_rcc.o(.rev16_text)
    $v0                                      0x00000040   Number         0  stm32h7xx_ll_rcc.o(.rev16_text)
    .rev16_text                              0x00000044   Section        4  stm32h7xx_ll_utils.o(.rev16_text)
    $v0                                      0x00000044   Number         0  stm32h7xx_ll_utils.o(.rev16_text)
    .rev16_text                              0x00000048   Section        4  system_stm32h7xx.o(.rev16_text)
    $v0                                      0x00000048   Number         0  system_stm32h7xx.o(.rev16_text)
    .rev16_text                              0x0000004c   Section        4  stm32h7xx_hal_spi.o(.rev16_text)
    $v0                                      0x0000004c   Number         0  stm32h7xx_hal_spi.o(.rev16_text)
    .rev16_text                              0x00000050   Section        4  spi_flash.o(.rev16_text)
    $v0                                      0x00000050   Number         0  spi_flash.o(.rev16_text)
    .revsh_text                              0x00000054   Section        4  flashprg.o(.revsh_text)
    $v0                                      0x00000054   Number         0  flashprg.o(.revsh_text)
    .revsh_text                              0x00000058   Section        4  stm32h7xx_hal.o(.revsh_text)
    $v0                                      0x00000058   Number         0  stm32h7xx_hal.o(.revsh_text)
    .revsh_text                              0x0000005c   Section        4  stm32h7xx_hal_cortex.o(.revsh_text)
    $v0                                      0x0000005c   Number         0  stm32h7xx_hal_cortex.o(.revsh_text)
    .revsh_text                              0x00000060   Section        4  stm32h7xx_hal_flash.o(.revsh_text)
    $v0                                      0x00000060   Number         0  stm32h7xx_hal_flash.o(.revsh_text)
    .revsh_text                              0x00000064   Section        4  stm32h7xx_hal_flash_ex.o(.revsh_text)
    $v0                                      0x00000064   Number         0  stm32h7xx_hal_flash_ex.o(.revsh_text)
    .revsh_text                              0x00000068   Section        4  stm32h7xx_hal_gpio.o(.revsh_text)
    $v0                                      0x00000068   Number         0  stm32h7xx_hal_gpio.o(.revsh_text)
    .revsh_text                              0x0000006c   Section        4  stm32h7xx_hal_mdma.o(.revsh_text)
    $v0                                      0x0000006c   Number         0  stm32h7xx_hal_mdma.o(.revsh_text)
    .revsh_text                              0x00000070   Section        4  stm32h7xx_hal_pwr.o(.revsh_text)
    $v0                                      0x00000070   Number         0  stm32h7xx_hal_pwr.o(.revsh_text)
    .revsh_text                              0x00000074   Section        4  stm32h7xx_hal_pwr_ex.o(.revsh_text)
    $v0                                      0x00000074   Number         0  stm32h7xx_hal_pwr_ex.o(.revsh_text)
    .revsh_text                              0x00000078   Section        4  stm32h7xx_hal_qspi.o(.revsh_text)
    $v0                                      0x00000078   Number         0  stm32h7xx_hal_qspi.o(.revsh_text)
    .revsh_text                              0x0000007c   Section        4  stm32h7xx_hal_rcc.o(.revsh_text)
    $v0                                      0x0000007c   Number         0  stm32h7xx_hal_rcc.o(.revsh_text)
    .revsh_text                              0x00000080   Section        4  stm32h7xx_hal_rcc_ex.o(.revsh_text)
    $v0                                      0x00000080   Number         0  stm32h7xx_hal_rcc_ex.o(.revsh_text)
    .revsh_text                              0x00000084   Section        4  stm32h7xx_ll_delayblock.o(.revsh_text)
    $v0                                      0x00000084   Number         0  stm32h7xx_ll_delayblock.o(.revsh_text)
    .revsh_text                              0x00000088   Section        4  stm32h7xx_ll_gpio.o(.revsh_text)
    $v0                                      0x00000088   Number         0  stm32h7xx_ll_gpio.o(.revsh_text)
    .revsh_text                              0x0000008c   Section        4  stm32h7xx_ll_mdma.o(.revsh_text)
    $v0                                      0x0000008c   Number         0  stm32h7xx_ll_mdma.o(.revsh_text)
    .revsh_text                              0x00000090   Section        4  stm32h7xx_ll_pwr.o(.revsh_text)
    $v0                                      0x00000090   Number         0  stm32h7xx_ll_pwr.o(.revsh_text)
    .revsh_text                              0x00000094   Section        4  stm32h7xx_ll_rcc.o(.revsh_text)
    $v0                                      0x00000094   Number         0  stm32h7xx_ll_rcc.o(.revsh_text)
    .revsh_text                              0x00000098   Section        4  stm32h7xx_ll_utils.o(.revsh_text)
    $v0                                      0x00000098   Number         0  stm32h7xx_ll_utils.o(.revsh_text)
    .revsh_text                              0x0000009c   Section        4  system_stm32h7xx.o(.revsh_text)
    $v0                                      0x0000009c   Number         0  system_stm32h7xx.o(.revsh_text)
    .revsh_text                              0x000000a0   Section        4  stm32h7xx_hal_spi.o(.revsh_text)
    $v0                                      0x000000a0   Number         0  stm32h7xx_hal_spi.o(.revsh_text)
    .revsh_text                              0x000000a4   Section        4  spi_flash.o(.revsh_text)
    $v0                                      0x000000a4   Number         0  spi_flash.o(.revsh_text)
    .rrx_text                                0x000000a8   Section        6  flashprg.o(.rrx_text)
    $v0                                      0x000000a8   Number         0  flashprg.o(.rrx_text)
    .rrx_text                                0x000000b0   Section        6  stm32h7xx_hal.o(.rrx_text)
    $v0                                      0x000000b0   Number         0  stm32h7xx_hal.o(.rrx_text)
    .rrx_text                                0x000000b8   Section        6  stm32h7xx_hal_cortex.o(.rrx_text)
    $v0                                      0x000000b8   Number         0  stm32h7xx_hal_cortex.o(.rrx_text)
    .rrx_text                                0x000000c0   Section        6  stm32h7xx_hal_flash.o(.rrx_text)
    $v0                                      0x000000c0   Number         0  stm32h7xx_hal_flash.o(.rrx_text)
    .rrx_text                                0x000000c8   Section        6  stm32h7xx_hal_flash_ex.o(.rrx_text)
    $v0                                      0x000000c8   Number         0  stm32h7xx_hal_flash_ex.o(.rrx_text)
    .rrx_text                                0x000000d0   Section        6  stm32h7xx_hal_gpio.o(.rrx_text)
    $v0                                      0x000000d0   Number         0  stm32h7xx_hal_gpio.o(.rrx_text)
    .rrx_text                                0x000000d8   Section        6  stm32h7xx_hal_mdma.o(.rrx_text)
    $v0                                      0x000000d8   Number         0  stm32h7xx_hal_mdma.o(.rrx_text)
    .rrx_text                                0x000000e0   Section        6  stm32h7xx_hal_pwr.o(.rrx_text)
    $v0                                      0x000000e0   Number         0  stm32h7xx_hal_pwr.o(.rrx_text)
    .rrx_text                                0x000000e8   Section        6  stm32h7xx_hal_pwr_ex.o(.rrx_text)
    $v0                                      0x000000e8   Number         0  stm32h7xx_hal_pwr_ex.o(.rrx_text)
    .rrx_text                                0x000000f0   Section        6  stm32h7xx_hal_qspi.o(.rrx_text)
    $v0                                      0x000000f0   Number         0  stm32h7xx_hal_qspi.o(.rrx_text)
    .rrx_text                                0x000000f8   Section        6  stm32h7xx_hal_rcc.o(.rrx_text)
    $v0                                      0x000000f8   Number         0  stm32h7xx_hal_rcc.o(.rrx_text)
    .rrx_text                                0x00000100   Section        6  stm32h7xx_hal_rcc_ex.o(.rrx_text)
    $v0                                      0x00000100   Number         0  stm32h7xx_hal_rcc_ex.o(.rrx_text)
    .rrx_text                                0x00000108   Section        6  stm32h7xx_ll_delayblock.o(.rrx_text)
    $v0                                      0x00000108   Number         0  stm32h7xx_ll_delayblock.o(.rrx_text)
    .rrx_text                                0x00000110   Section        6  stm32h7xx_ll_gpio.o(.rrx_text)
    $v0                                      0x00000110   Number         0  stm32h7xx_ll_gpio.o(.rrx_text)
    .rrx_text                                0x00000118   Section        6  stm32h7xx_ll_mdma.o(.rrx_text)
    $v0                                      0x00000118   Number         0  stm32h7xx_ll_mdma.o(.rrx_text)
    .rrx_text                                0x00000120   Section        6  stm32h7xx_ll_pwr.o(.rrx_text)
    $v0                                      0x00000120   Number         0  stm32h7xx_ll_pwr.o(.rrx_text)
    .rrx_text                                0x00000128   Section        6  stm32h7xx_ll_rcc.o(.rrx_text)
    $v0                                      0x00000128   Number         0  stm32h7xx_ll_rcc.o(.rrx_text)
    .rrx_text                                0x00000130   Section        6  stm32h7xx_ll_utils.o(.rrx_text)
    $v0                                      0x00000130   Number         0  stm32h7xx_ll_utils.o(.rrx_text)
    .rrx_text                                0x00000138   Section        6  system_stm32h7xx.o(.rrx_text)
    $v0                                      0x00000138   Number         0  system_stm32h7xx.o(.rrx_text)
    .rrx_text                                0x00000140   Section        6  stm32h7xx_hal_spi.o(.rrx_text)
    $v0                                      0x00000140   Number         0  stm32h7xx_hal_spi.o(.rrx_text)
    .rrx_text                                0x00000148   Section        6  spi_flash.o(.rrx_text)
    $v0                                      0x00000148   Number         0  spi_flash.o(.rrx_text)
    .text                                    0x00000150   Section        0  flashprg.o(.text)
    Error_Handler                            0x00000151   Thumb Code     4  flashprg.o(.text)
    SystemClock_Config                       0x00000155   Thumb Code   342  flashprg.o(.text)
    CPU_CACHE_Enable                         0x000002ab   Thumb Code   294  flashprg.o(.text)
    MPU_Config                               0x000003d1   Thumb Code   444  flashprg.o(.text)
    .text                                    0x000005f0   Section        0  stm32h7xx_hal.o(.text)
    .text                                    0x00000b1c   Section        0  stm32h7xx_hal_cortex.o(.text)
    __NVIC_SetPriority                       0x00000b1d   Thumb Code    32  stm32h7xx_hal_cortex.o(.text)
    __NVIC_GetPriorityGrouping               0x00000f19   Thumb Code    10  stm32h7xx_hal_cortex.o(.text)
    .text                                    0x00000f28   Section        0  stm32h7xx_hal_flash.o(.text)
    .text                                    0x00001720   Section        0  stm32h7xx_hal_flash_ex.o(.text)
    FLASH_MassErase                          0x00001779   Thumb Code   150  stm32h7xx_hal_flash_ex.o(.text)
    FLASH_OB_SecureAreaConfig                0x00001a3b   Thumb Code    68  stm32h7xx_hal_flash_ex.o(.text)
    FLASH_OB_BootAddConfig                   0x00001a7f   Thumb Code    46  stm32h7xx_hal_flash_ex.o(.text)
    FLASH_OB_BOR_LevelConfig                 0x00001aad   Thumb Code    16  stm32h7xx_hal_flash_ex.o(.text)
    FLASH_OB_PCROPConfig                     0x00001abd   Thumb Code    60  stm32h7xx_hal_flash_ex.o(.text)
    FLASH_OB_UserConfig                      0x00001af9   Thumb Code   178  stm32h7xx_hal_flash_ex.o(.text)
    FLASH_OB_RDPConfig                       0x00001bab   Thumb Code    16  stm32h7xx_hal_flash_ex.o(.text)
    FLASH_OB_DisableWRP                      0x00001bbb   Thumb Code    42  stm32h7xx_hal_flash_ex.o(.text)
    FLASH_OB_EnableWRP                       0x00001be5   Thumb Code    42  stm32h7xx_hal_flash_ex.o(.text)
    FLASH_OB_GetBootAdd                      0x00001cf3   Thumb Code    16  stm32h7xx_hal_flash_ex.o(.text)
    FLASH_OB_GetSecureArea                   0x00001d03   Thumb Code    64  stm32h7xx_hal_flash_ex.o(.text)
    FLASH_OB_GetPCROP                        0x00001d43   Thumb Code    64  stm32h7xx_hal_flash_ex.o(.text)
    FLASH_OB_GetWRP                          0x00001d83   Thumb Code    44  stm32h7xx_hal_flash_ex.o(.text)
    FLASH_OB_GetBOR                          0x00001daf   Thumb Code    10  stm32h7xx_hal_flash_ex.o(.text)
    FLASH_OB_GetUser                         0x00001db9   Thumb Code    12  stm32h7xx_hal_flash_ex.o(.text)
    FLASH_OB_GetRDP                          0x00001dc5   Thumb Code    30  stm32h7xx_hal_flash_ex.o(.text)
    FLASH_CRC_SelectAddress                  0x00001ec7   Thumb Code    26  stm32h7xx_hal_flash_ex.o(.text)
    FLASH_CRC_AddSector                      0x00001ee1   Thumb Code    68  stm32h7xx_hal_flash_ex.o(.text)
    .text                                    0x000020cc   Section        0  stm32h7xx_hal_gpio.o(.text)
    .text                                    0x0000248c   Section        0  stm32h7xx_hal_mdma.o(.text)
    MDMA_Init                                0x0000248d   Thumb Code   196  stm32h7xx_hal_mdma.o(.text)
    MDMA_SetConfig                           0x00002ae5   Thumb Code   130  stm32h7xx_hal_mdma.o(.text)
    .text                                    0x000030e4   Section        0  stm32h7xx_hal_pwr.o(.text)
    .text                                    0x0000333c   Section        0  stm32h7xx_hal_pwr_ex.o(.text)
    .text                                    0x00003a90   Section        0  stm32h7xx_hal_qspi.o(.text)
    QSPI_WaitFlagStateUntilTimeout           0x00003a91   Thumb Code    50  stm32h7xx_hal_qspi.o(.text)
    QSPI_DMAAbortCplt                        0x00003bef   Thumb Code    66  stm32h7xx_hal_qspi.o(.text)
    QSPI_Config                              0x00003eb1   Thumb Code   568  stm32h7xx_hal_qspi.o(.text)
    QSPI_DMAError                            0x000045bb   Thumb Code    40  stm32h7xx_hal_qspi.o(.text)
    QSPI_DMATxCplt                           0x000045e3   Thumb Code    22  stm32h7xx_hal_qspi.o(.text)
    QSPI_DMARxCplt                           0x00004757   Thumb Code    22  stm32h7xx_hal_qspi.o(.text)
    .text                                    0x00004e7c   Section        0  stm32h7xx_hal_rcc.o(.text)
    .text                                    0x000060dc   Section        0  stm32h7xx_hal_rcc_ex.o(.text)
    RCCEx_PLL3_Config                        0x000060dd   Thumb Code   350  stm32h7xx_hal_rcc_ex.o(.text)
    RCCEx_PLL2_Config                        0x0000623b   Thumb Code   350  stm32h7xx_hal_rcc_ex.o(.text)
    .text                                    0x00008610   Section        0  stm32h7xx_ll_delayblock.o(.text)
    .text                                    0x000086c8   Section        0  stm32h7xx_ll_gpio.o(.text)
    LL_AHB4_GRP1_ForceReset                  0x000088cb   Thumb Code    12  stm32h7xx_ll_gpio.o(.text)
    LL_AHB4_GRP1_ReleaseReset                0x000088d7   Thumb Code    12  stm32h7xx_ll_gpio.o(.text)
    .text                                    0x00008914   Section        0  stm32h7xx_ll_mdma.o(.text)
    .text                                    0x00008cfc   Section        0  stm32h7xx_ll_pwr.o(.text)
    .text                                    0x00008d0c   Section        0  stm32h7xx_ll_rcc.o(.text)
    LL_RCC_GetClockSource                    0x00008d0d   Thumb Code    34  stm32h7xx_ll_rcc.o(.text)
    RCC_GetPCLK4ClockFreq                    0x00008e31   Thumb Code    32  stm32h7xx_ll_rcc.o(.text)
    RCC_GetPCLK3ClockFreq                    0x00008e51   Thumb Code    34  stm32h7xx_ll_rcc.o(.text)
    RCC_GetPCLK2ClockFreq                    0x00008e73   Thumb Code    34  stm32h7xx_ll_rcc.o(.text)
    RCC_GetPCLK1ClockFreq                    0x00008e95   Thumb Code    34  stm32h7xx_ll_rcc.o(.text)
    RCC_GetHCLKClockFreq                     0x00008eb7   Thumb Code    32  stm32h7xx_ll_rcc.o(.text)
    RCC_GetSystemClockFreq                   0x00009061   Thumb Code    72  stm32h7xx_ll_rcc.o(.text)
    LL_RCC_HSE_IsReady                       0x00009fa7   Thumb Code    12  stm32h7xx_ll_rcc.o(.text)
    LL_RCC_HSI_IsReady                       0x00009fb3   Thumb Code    12  stm32h7xx_ll_rcc.o(.text)
    LL_RCC_HSI_GetDivider                    0x00009fbf   Thumb Code    12  stm32h7xx_ll_rcc.o(.text)
    LL_RCC_CSI_IsReady                       0x00009fcb   Thumb Code    12  stm32h7xx_ll_rcc.o(.text)
    LL_RCC_HSI48_IsReady                     0x00009fd7   Thumb Code    12  stm32h7xx_ll_rcc.o(.text)
    LL_RCC_LSE_IsReady                       0x00009fe3   Thumb Code    12  stm32h7xx_ll_rcc.o(.text)
    LL_RCC_LSI_IsReady                       0x00009fef   Thumb Code    12  stm32h7xx_ll_rcc.o(.text)
    LL_RCC_GetSysPrescaler                   0x00009ffb   Thumb Code    12  stm32h7xx_ll_rcc.o(.text)
    LL_RCC_PLL1_IsReady                      0x0000a007   Thumb Code    12  stm32h7xx_ll_rcc.o(.text)
    LL_RCC_PLL2_IsReady                      0x0000a013   Thumb Code    12  stm32h7xx_ll_rcc.o(.text)
    LL_RCC_PLL3_IsReady                      0x0000a01f   Thumb Code    12  stm32h7xx_ll_rcc.o(.text)
    .text                                    0x0000a040   Section        0  stm32h7xx_ll_utils.o(.text)
    UTILS_EnablePLLAndSwitchSystem           0x0000a1a1   Thumb Code   266  stm32h7xx_ll_utils.o(.text)
    UTILS_CalcPLLClockFreq                   0x0000a2ab   Thumb Code    86  stm32h7xx_ll_utils.o(.text)
    UTILS_GetPLLOutputFrequency              0x0000a301   Thumb Code    28  stm32h7xx_ll_utils.o(.text)
    UTILS_IsPLLsReady                        0x0000a31d   Thumb Code    44  stm32h7xx_ll_utils.o(.text)
    LL_RCC_HSE_IsReady                       0x0000a4e1   Thumb Code    10  stm32h7xx_ll_utils.o(.text)
    LL_RCC_HSI_IsReady                       0x0000a4eb   Thumb Code    10  stm32h7xx_ll_utils.o(.text)
    LL_RCC_SetAPB1Prescaler                  0x0000a4f5   Thumb Code    20  stm32h7xx_ll_utils.o(.text)
    LL_RCC_SetAPB2Prescaler                  0x0000a509   Thumb Code    20  stm32h7xx_ll_utils.o(.text)
    LL_RCC_SetAPB3Prescaler                  0x0000a51d   Thumb Code    20  stm32h7xx_ll_utils.o(.text)
    LL_RCC_SetAPB4Prescaler                  0x0000a531   Thumb Code    20  stm32h7xx_ll_utils.o(.text)
    LL_RCC_PLL_SetSource                     0x0000a545   Thumb Code    20  stm32h7xx_ll_utils.o(.text)
    LL_RCC_PLL1_IsReady                      0x0000a559   Thumb Code    10  stm32h7xx_ll_utils.o(.text)
    LL_RCC_PLL1P_Enable                      0x0000a563   Thumb Code    18  stm32h7xx_ll_utils.o(.text)
    LL_RCC_PLL1FRACN_Enable                  0x0000a575   Thumb Code    18  stm32h7xx_ll_utils.o(.text)
    LL_RCC_PLL1_SetVCOOutputRange            0x0000a587   Thumb Code    22  stm32h7xx_ll_utils.o(.text)
    LL_RCC_PLL1_SetVCOInputRange             0x0000a59d   Thumb Code    22  stm32h7xx_ll_utils.o(.text)
    LL_RCC_PLL1_SetN                         0x0000a5b3   Thumb Code    22  stm32h7xx_ll_utils.o(.text)
    LL_RCC_PLL1_SetM                         0x0000a5c9   Thumb Code    22  stm32h7xx_ll_utils.o(.text)
    LL_RCC_PLL1_SetP                         0x0000a5df   Thumb Code    24  stm32h7xx_ll_utils.o(.text)
    LL_RCC_PLL1_SetFRACN                     0x0000a5f7   Thumb Code    24  stm32h7xx_ll_utils.o(.text)
    .text                                    0x0000a614   Section        0  system_stm32h7xx.o(.text)
    .text                                    0x0000a940   Section        0  stm32h7xx_hal_spi.o(.text)
    SPI_GetPacketSize                        0x0000a943   Thumb Code    26  stm32h7xx_hal_spi.o(.text)
    SPI_CloseTransfer                        0x0000ac3b   Thumb Code   232  stm32h7xx_hal_spi.o(.text)
    SPI_WaitOnFlagUntilTimeout               0x0000ad23   Thumb Code    32  stm32h7xx_hal_spi.o(.text)
    SPI_TxISR_8BIT                           0x0000b74d   Thumb Code    46  stm32h7xx_hal_spi.o(.text)
    SPI_TxISR_16BIT                          0x0000b77b   Thumb Code    58  stm32h7xx_hal_spi.o(.text)
    SPI_TxISR_32BIT                          0x0000b7b5   Thumb Code    44  stm32h7xx_hal_spi.o(.text)
    SPI_RxISR_8BIT                           0x0000b8bb   Thumb Code    46  stm32h7xx_hal_spi.o(.text)
    SPI_RxISR_16BIT                          0x0000b8e9   Thumb Code    44  stm32h7xx_hal_spi.o(.text)
    SPI_RxISR_32BIT                          0x0000b915   Thumb Code    44  stm32h7xx_hal_spi.o(.text)
    .text                                    0x0000bbb0   Section        0  spi_flash.o(.text)
    spi_flash_tranmit_recv                   0x0000bccb   Thumb Code    30  spi_flash.o(.text)
    spi_flash_w25q128_wenable                0x0000bce9   Thumb Code    32  spi_flash.o(.text)
    spi_flash_w25q128_waitbusy               0x0000bd09   Thumb Code    52  spi_flash.o(.text)
    spi_flash_page_write                     0x0000bea7   Thumb Code    68  spi_flash.o(.text)
    spi_flash_cs_low                         0x0000bf21   Thumb Code    14  spi_flash.o(.text)
    spi_flash_cs_high                        0x0000bf2f   Thumb Code    14  spi_flash.o(.text)
    .text                                    0x0000bf54   Section       78  rt_memclr_w.o(.text)
    .constdata                               0x0000bfa4   Section       64  stm32h7xx_ll_mdma.o(.constdata)
    LL_MDMA_CH_OFFSET_TAB                    0x0000bfa4   Data          64  stm32h7xx_ll_mdma.o(.constdata)
    .constdata                               0x0000bfe4   Section       16  stm32h7xx_ll_rcc.o(.constdata)
    .constdata                               0x0000bff4   Section       16  system_stm32h7xx.o(.constdata)
    .data                                    0x0000c008   Section        9  stm32h7xx_hal.o(.data)
    .data                                    0x0000c014   Section        8  system_stm32h7xx.o(.data)
    .bss                                     0x0000c01c   Section       28  stm32h7xx_hal_flash.o(.bss)
    .constdata                               0x0000c01c   Section     4256  flashdev.o(.constdata)
    .bss                                     0x0000c038   Section     4224  spi_flash.o(.bss)
    spi_handle                               0x0000c038   Data         128  spi_flash.o(.bss)
    spi_dummybuf                             0x0000c0b8   Data        4096  spi_flash.o(.bss)

    Global Symbols

    Symbol Name                              Value     Ov Type        Size  Object(Section)

    BuildAttributes$$THM_ISAv4$E$P$D$K$B$S$7EM$VFPv5_D16$PE$PLD8$A:L22UL41UL21$X:L11$S22US41US21$IEEE1$IW$RWPI$~STKCKD$USESV7$~SHL$OSPACE$ROPI$EBA8$STANDARDLIB$REQ8$PRES8$EABIv2 0x00000000   Number         0  anon$$obj.o ABSOLUTE
    __asm___10_FlashPrg_c_Init____REV16      0x00000001   Thumb Code     4  flashprg.o(.rev16_text)
    __asm___15_stm32h7xx_hal_c_3da258af____REV16 0x00000005   Thumb Code     4  stm32h7xx_hal.o(.rev16_text)
    __asm___22_stm32h7xx_hal_cortex_c_2992dbc0____REV16 0x00000009   Thumb Code     4  stm32h7xx_hal_cortex.o(.rev16_text)
    __asm___21_stm32h7xx_hal_flash_c_48aa8f3e____REV16 0x0000000d   Thumb Code     4  stm32h7xx_hal_flash.o(.rev16_text)
    __asm___24_stm32h7xx_hal_flash_ex_c_6648b60e____REV16 0x00000011   Thumb Code     4  stm32h7xx_hal_flash_ex.o(.rev16_text)
    __asm___20_stm32h7xx_hal_gpio_c_ea787061____REV16 0x00000015   Thumb Code     4  stm32h7xx_hal_gpio.o(.rev16_text)
    __asm___20_stm32h7xx_hal_mdma_c_49e2804d____REV16 0x00000019   Thumb Code     4  stm32h7xx_hal_mdma.o(.rev16_text)
    __asm___19_stm32h7xx_hal_pwr_c_f2cfe8be____REV16 0x0000001d   Thumb Code     4  stm32h7xx_hal_pwr.o(.rev16_text)
    __asm___22_stm32h7xx_hal_pwr_ex_c_75a25fd4____REV16 0x00000021   Thumb Code     4  stm32h7xx_hal_pwr_ex.o(.rev16_text)
    __asm___20_stm32h7xx_hal_qspi_c_9f327679____REV16 0x00000025   Thumb Code     4  stm32h7xx_hal_qspi.o(.rev16_text)
    __asm___19_stm32h7xx_hal_rcc_c_b7071a4b____REV16 0x00000029   Thumb Code     4  stm32h7xx_hal_rcc.o(.rev16_text)
    __asm___22_stm32h7xx_hal_rcc_ex_c_bed13b44____REV16 0x0000002d   Thumb Code     4  stm32h7xx_hal_rcc_ex.o(.rev16_text)
    __asm___25_stm32h7xx_ll_delayblock_c_5187913b____REV16 0x00000031   Thumb Code     4  stm32h7xx_ll_delayblock.o(.rev16_text)
    __asm___19_stm32h7xx_ll_gpio_c_4040a040____REV16 0x00000035   Thumb Code     4  stm32h7xx_ll_gpio.o(.rev16_text)
    __asm___19_stm32h7xx_ll_mdma_c_c4cc9a68____REV16 0x00000039   Thumb Code     4  stm32h7xx_ll_mdma.o(.rev16_text)
    __asm___18_stm32h7xx_ll_pwr_c_19cc5e42____REV16 0x0000003d   Thumb Code     4  stm32h7xx_ll_pwr.o(.rev16_text)
    __asm___18_stm32h7xx_ll_rcc_c_650563eb____REV16 0x00000041   Thumb Code     4  stm32h7xx_ll_rcc.o(.rev16_text)
    __asm___20_stm32h7xx_ll_utils_c_fa0b8999____REV16 0x00000045   Thumb Code     4  stm32h7xx_ll_utils.o(.rev16_text)
    __asm___18_system_stm32h7xx_c_5d646a67____REV16 0x00000049   Thumb Code     4  system_stm32h7xx.o(.rev16_text)
    __asm___19_stm32h7xx_hal_spi_c_5e7b22bd____REV16 0x0000004d   Thumb Code     4  stm32h7xx_hal_spi.o(.rev16_text)
    __asm___11_spi_flash_c_0cfc5051____REV16 0x00000051   Thumb Code     4  spi_flash.o(.rev16_text)
    __asm___10_FlashPrg_c_Init____REVSH      0x00000055   Thumb Code     4  flashprg.o(.revsh_text)
    __asm___15_stm32h7xx_hal_c_3da258af____REVSH 0x00000059   Thumb Code     4  stm32h7xx_hal.o(.revsh_text)
    __asm___22_stm32h7xx_hal_cortex_c_2992dbc0____REVSH 0x0000005d   Thumb Code     4  stm32h7xx_hal_cortex.o(.revsh_text)
    __asm___21_stm32h7xx_hal_flash_c_48aa8f3e____REVSH 0x00000061   Thumb Code     4  stm32h7xx_hal_flash.o(.revsh_text)
    __asm___24_stm32h7xx_hal_flash_ex_c_6648b60e____REVSH 0x00000065   Thumb Code     4  stm32h7xx_hal_flash_ex.o(.revsh_text)
    __asm___20_stm32h7xx_hal_gpio_c_ea787061____REVSH 0x00000069   Thumb Code     4  stm32h7xx_hal_gpio.o(.revsh_text)
    __asm___20_stm32h7xx_hal_mdma_c_49e2804d____REVSH 0x0000006d   Thumb Code     4  stm32h7xx_hal_mdma.o(.revsh_text)
    __asm___19_stm32h7xx_hal_pwr_c_f2cfe8be____REVSH 0x00000071   Thumb Code     4  stm32h7xx_hal_pwr.o(.revsh_text)
    __asm___22_stm32h7xx_hal_pwr_ex_c_75a25fd4____REVSH 0x00000075   Thumb Code     4  stm32h7xx_hal_pwr_ex.o(.revsh_text)
    __asm___20_stm32h7xx_hal_qspi_c_9f327679____REVSH 0x00000079   Thumb Code     4  stm32h7xx_hal_qspi.o(.revsh_text)
    __asm___19_stm32h7xx_hal_rcc_c_b7071a4b____REVSH 0x0000007d   Thumb Code     4  stm32h7xx_hal_rcc.o(.revsh_text)
    __asm___22_stm32h7xx_hal_rcc_ex_c_bed13b44____REVSH 0x00000081   Thumb Code     4  stm32h7xx_hal_rcc_ex.o(.revsh_text)
    __asm___25_stm32h7xx_ll_delayblock_c_5187913b____REVSH 0x00000085   Thumb Code     4  stm32h7xx_ll_delayblock.o(.revsh_text)
    __asm___19_stm32h7xx_ll_gpio_c_4040a040____REVSH 0x00000089   Thumb Code     4  stm32h7xx_ll_gpio.o(.revsh_text)
    __asm___19_stm32h7xx_ll_mdma_c_c4cc9a68____REVSH 0x0000008d   Thumb Code     4  stm32h7xx_ll_mdma.o(.revsh_text)
    __asm___18_stm32h7xx_ll_pwr_c_19cc5e42____REVSH 0x00000091   Thumb Code     4  stm32h7xx_ll_pwr.o(.revsh_text)
    __asm___18_stm32h7xx_ll_rcc_c_650563eb____REVSH 0x00000095   Thumb Code     4  stm32h7xx_ll_rcc.o(.revsh_text)
    __asm___20_stm32h7xx_ll_utils_c_fa0b8999____REVSH 0x00000099   Thumb Code     4  stm32h7xx_ll_utils.o(.revsh_text)
    __asm___18_system_stm32h7xx_c_5d646a67____REVSH 0x0000009d   Thumb Code     4  system_stm32h7xx.o(.revsh_text)
    __asm___19_stm32h7xx_hal_spi_c_5e7b22bd____REVSH 0x000000a1   Thumb Code     4  stm32h7xx_hal_spi.o(.revsh_text)
    __asm___11_spi_flash_c_0cfc5051____REVSH 0x000000a5   Thumb Code     4  spi_flash.o(.revsh_text)
    __asm___10_FlashPrg_c_Init____RRX        0x000000a9   Thumb Code     6  flashprg.o(.rrx_text)
    __asm___15_stm32h7xx_hal_c_3da258af____RRX 0x000000b1   Thumb Code     6  stm32h7xx_hal.o(.rrx_text)
    __asm___22_stm32h7xx_hal_cortex_c_2992dbc0____RRX 0x000000b9   Thumb Code     6  stm32h7xx_hal_cortex.o(.rrx_text)
    __asm___21_stm32h7xx_hal_flash_c_48aa8f3e____RRX 0x000000c1   Thumb Code     6  stm32h7xx_hal_flash.o(.rrx_text)
    __asm___24_stm32h7xx_hal_flash_ex_c_6648b60e____RRX 0x000000c9   Thumb Code     6  stm32h7xx_hal_flash_ex.o(.rrx_text)
    __asm___20_stm32h7xx_hal_gpio_c_ea787061____RRX 0x000000d1   Thumb Code     6  stm32h7xx_hal_gpio.o(.rrx_text)
    __asm___20_stm32h7xx_hal_mdma_c_49e2804d____RRX 0x000000d9   Thumb Code     6  stm32h7xx_hal_mdma.o(.rrx_text)
    __asm___19_stm32h7xx_hal_pwr_c_f2cfe8be____RRX 0x000000e1   Thumb Code     6  stm32h7xx_hal_pwr.o(.rrx_text)
    __asm___22_stm32h7xx_hal_pwr_ex_c_75a25fd4____RRX 0x000000e9   Thumb Code     6  stm32h7xx_hal_pwr_ex.o(.rrx_text)
    __asm___20_stm32h7xx_hal_qspi_c_9f327679____RRX 0x000000f1   Thumb Code     6  stm32h7xx_hal_qspi.o(.rrx_text)
    __asm___19_stm32h7xx_hal_rcc_c_b7071a4b____RRX 0x000000f9   Thumb Code     6  stm32h7xx_hal_rcc.o(.rrx_text)
    __asm___22_stm32h7xx_hal_rcc_ex_c_bed13b44____RRX 0x00000101   Thumb Code     6  stm32h7xx_hal_rcc_ex.o(.rrx_text)
    __asm___25_stm32h7xx_ll_delayblock_c_5187913b____RRX 0x00000109   Thumb Code     6  stm32h7xx_ll_delayblock.o(.rrx_text)
    __asm___19_stm32h7xx_ll_gpio_c_4040a040____RRX 0x00000111   Thumb Code     6  stm32h7xx_ll_gpio.o(.rrx_text)
    __asm___19_stm32h7xx_ll_mdma_c_c4cc9a68____RRX 0x00000119   Thumb Code     6  stm32h7xx_ll_mdma.o(.rrx_text)
    __asm___18_stm32h7xx_ll_pwr_c_19cc5e42____RRX 0x00000121   Thumb Code     6  stm32h7xx_ll_pwr.o(.rrx_text)
    __asm___18_stm32h7xx_ll_rcc_c_650563eb____RRX 0x00000129   Thumb Code     6  stm32h7xx_ll_rcc.o(.rrx_text)
    __asm___20_stm32h7xx_ll_utils_c_fa0b8999____RRX 0x00000131   Thumb Code     6  stm32h7xx_ll_utils.o(.rrx_text)
    __asm___18_system_stm32h7xx_c_5d646a67____RRX 0x00000139   Thumb Code     6  system_stm32h7xx.o(.rrx_text)
    __asm___19_stm32h7xx_hal_spi_c_5e7b22bd____RRX 0x00000141   Thumb Code     6  stm32h7xx_hal_spi.o(.rrx_text)
    __asm___11_spi_flash_c_0cfc5051____RRX   0x00000149   Thumb Code     6  spi_flash.o(.rrx_text)
    Init                                     0x0000058d   Thumb Code    36  flashprg.o(.text)
    UnInit                                   0x000005b1   Thumb Code    12  flashprg.o(.text)
    EraseChip                                0x000005bd   Thumb Code    10  flashprg.o(.text)
    EraseSector                              0x000005c7   Thumb Code    16  flashprg.o(.text)
    ProgramPage                              0x000005d7   Thumb Code    24  flashprg.o(.text)
    HAL_Init                                 0x000005f1   Thumb Code    64  stm32h7xx_hal.o(.text)
    HAL_MspDeInit                            0x00000631   Thumb Code     2  stm32h7xx_hal.o(.text)
    HAL_DeInit                               0x00000633   Thumb Code   106  stm32h7xx_hal.o(.text)
    HAL_MspInit                              0x0000069d   Thumb Code     2  stm32h7xx_hal.o(.text)
    HAL_InitTick                             0x0000069f   Thumb Code     6  stm32h7xx_hal.o(.text)
    HAL_IncTick                              0x000006a5   Thumb Code     2  stm32h7xx_hal.o(.text)
    HAL_GetTick                              0x000006a7   Thumb Code     8  stm32h7xx_hal.o(.text)
    HAL_GetTickPrio                          0x000006af   Thumb Code     8  stm32h7xx_hal.o(.text)
    HAL_SetTickFreq                          0x000006b7   Thumb Code    48  stm32h7xx_hal.o(.text)
    HAL_GetTickFreq                          0x000006e7   Thumb Code     8  stm32h7xx_hal.o(.text)
    HAL_Delay                                0x000006ef   Thumb Code     2  stm32h7xx_hal.o(.text)
    HAL_SuspendTick                          0x000006f1   Thumb Code     2  stm32h7xx_hal.o(.text)
    HAL_ResumeTick                           0x000006f3   Thumb Code     2  stm32h7xx_hal.o(.text)
    HAL_GetHalVersion                        0x000006f5   Thumb Code     4  stm32h7xx_hal.o(.text)
    HAL_GetREVID                             0x000006f9   Thumb Code     8  stm32h7xx_hal.o(.text)
    HAL_GetDEVID                             0x00000701   Thumb Code    10  stm32h7xx_hal.o(.text)
    HAL_GetUIDw0                             0x0000070b   Thumb Code     6  stm32h7xx_hal.o(.text)
    HAL_GetUIDw1                             0x00000711   Thumb Code     8  stm32h7xx_hal.o(.text)
    HAL_GetUIDw2                             0x00000719   Thumb Code     8  stm32h7xx_hal.o(.text)
    HAL_SYSCFG_VREFBUF_VoltageScalingConfig  0x00000721   Thumb Code    16  stm32h7xx_hal.o(.text)
    HAL_SYSCFG_VREFBUF_HighImpedanceConfig   0x00000731   Thumb Code    16  stm32h7xx_hal.o(.text)
    HAL_SYSCFG_VREFBUF_TrimmingConfig        0x00000741   Thumb Code    20  stm32h7xx_hal.o(.text)
    HAL_SYSCFG_EnableVREFBUF                 0x00000755   Thumb Code    52  stm32h7xx_hal.o(.text)
    HAL_SYSCFG_DisableVREFBUF                0x00000789   Thumb Code    14  stm32h7xx_hal.o(.text)
    HAL_SYSCFG_ETHInterfaceSelect            0x00000797   Thumb Code    16  stm32h7xx_hal.o(.text)
    HAL_SYSCFG_AnalogSwitchConfig            0x000007a7   Thumb Code    14  stm32h7xx_hal.o(.text)
    HAL_SYSCFG_EnableBOOST                   0x000007b5   Thumb Code    14  stm32h7xx_hal.o(.text)
    HAL_SYSCFG_DisableBOOST                  0x000007c3   Thumb Code    14  stm32h7xx_hal.o(.text)
    HAL_SYSCFG_CM7BootAddConfig              0x000007d1   Thumb Code    40  stm32h7xx_hal.o(.text)
    HAL_EnableCompensationCell               0x000007f9   Thumb Code    18  stm32h7xx_hal.o(.text)
    HAL_DisableCompensationCell              0x0000080b   Thumb Code    18  stm32h7xx_hal.o(.text)
    HAL_SYSCFG_EnableIOSpeedOptimize         0x0000081d   Thumb Code    18  stm32h7xx_hal.o(.text)
    HAL_SYSCFG_DisableIOSpeedOptimize        0x0000082f   Thumb Code    18  stm32h7xx_hal.o(.text)
    HAL_SYSCFG_CompensationCodeSelect        0x00000841   Thumb Code    20  stm32h7xx_hal.o(.text)
    HAL_SYSCFG_CompensationCodeConfig        0x00000855   Thumb Code    24  stm32h7xx_hal.o(.text)
    HAL_DBGMCU_EnableDBGSleepMode            0x0000086d   Thumb Code    14  stm32h7xx_hal.o(.text)
    HAL_DBGMCU_DisableDBGSleepMode           0x0000087b   Thumb Code    14  stm32h7xx_hal.o(.text)
    HAL_DBGMCU_EnableDBGStopMode             0x00000889   Thumb Code    14  stm32h7xx_hal.o(.text)
    HAL_DBGMCU_DisableDBGStopMode            0x00000897   Thumb Code    14  stm32h7xx_hal.o(.text)
    HAL_DBGMCU_EnableDBGStandbyMode          0x000008a5   Thumb Code    14  stm32h7xx_hal.o(.text)
    HAL_DBGMCU_DisableDBGStandbyMode         0x000008b3   Thumb Code    14  stm32h7xx_hal.o(.text)
    HAL_SetFMCMemorySwappingConfig           0x000008c1   Thumb Code    16  stm32h7xx_hal.o(.text)
    HAL_GetFMCMemorySwappingConfig           0x000008d1   Thumb Code    10  stm32h7xx_hal.o(.text)
    HAL_EXTI_EdgeConfig                      0x000008db   Thumb Code   144  stm32h7xx_hal.o(.text)
    HAL_EXTI_GenerateSWInterrupt             0x0000096b   Thumb Code    32  stm32h7xx_hal.o(.text)
    HAL_EXTI_D1_ClearFlag                    0x0000098b   Thumb Code    22  stm32h7xx_hal.o(.text)
    HAL_EXTI_D1_EventInputConfig             0x000009a1   Thumb Code   250  stm32h7xx_hal.o(.text)
    HAL_EXTI_D3_EventInputConfig             0x00000a9b   Thumb Code   124  stm32h7xx_hal.o(.text)
    HAL_NVIC_SetPriorityGrouping             0x00000b3d   Thumb Code    36  stm32h7xx_hal_cortex.o(.text)
    HAL_NVIC_SetPriority                     0x00000b61   Thumb Code   122  stm32h7xx_hal_cortex.o(.text)
    HAL_NVIC_EnableIRQ                       0x00000bdb   Thumb Code    40  stm32h7xx_hal_cortex.o(.text)
    HAL_NVIC_DisableIRQ                      0x00000c03   Thumb Code    62  stm32h7xx_hal_cortex.o(.text)
    HAL_NVIC_SystemReset                     0x00000c41   Thumb Code    64  stm32h7xx_hal_cortex.o(.text)
    HAL_SYSTICK_Config                       0x00000c81   Thumb Code    52  stm32h7xx_hal_cortex.o(.text)
    HAL_MPU_Disable                          0x00000cb5   Thumb Code    42  stm32h7xx_hal_cortex.o(.text)
    HAL_MPU_Enable                           0x00000cdf   Thumb Code    60  stm32h7xx_hal_cortex.o(.text)
    HAL_MPU_EnableRegion                     0x00000d1b   Thumb Code    24  stm32h7xx_hal_cortex.o(.text)
    HAL_MPU_DisableRegion                    0x00000d33   Thumb Code    24  stm32h7xx_hal_cortex.o(.text)
    HAL_MPU_ConfigRegion                     0x00000d4b   Thumb Code    88  stm32h7xx_hal_cortex.o(.text)
    HAL_NVIC_GetPriorityGrouping             0x00000da3   Thumb Code     8  stm32h7xx_hal_cortex.o(.text)
    HAL_NVIC_GetPriority                     0x00000dab   Thumb Code   138  stm32h7xx_hal_cortex.o(.text)
    HAL_NVIC_SetPendingIRQ                   0x00000e35   Thumb Code    32  stm32h7xx_hal_cortex.o(.text)
    HAL_NVIC_GetPendingIRQ                   0x00000e55   Thumb Code    46  stm32h7xx_hal_cortex.o(.text)
    HAL_NVIC_ClearPendingIRQ                 0x00000e83   Thumb Code    30  stm32h7xx_hal_cortex.o(.text)
    HAL_NVIC_GetActive                       0x00000ea1   Thumb Code    46  stm32h7xx_hal_cortex.o(.text)
    HAL_SYSTICK_CLKSourceConfig              0x00000ecf   Thumb Code    40  stm32h7xx_hal_cortex.o(.text)
    HAL_SYSTICK_Callback                     0x00000ef7   Thumb Code     2  stm32h7xx_hal_cortex.o(.text)
    HAL_SYSTICK_IRQHandler                   0x00000ef9   Thumb Code    28  stm32h7xx_hal_cortex.o(.text)
    HAL_GetCurrentCPUID                      0x00000f15   Thumb Code     4  stm32h7xx_hal_cortex.o(.text)
    FLASH_WaitForLastOperation               0x00000f29   Thumb Code   234  stm32h7xx_hal_flash.o(.text)
    HAL_FLASH_Program                        0x00001013   Thumb Code   296  stm32h7xx_hal_flash.o(.text)
    HAL_FLASH_Program_IT                     0x0000113b   Thumb Code   290  stm32h7xx_hal_flash.o(.text)
    HAL_FLASH_OperationErrorCallback         0x0000125d   Thumb Code     2  stm32h7xx_hal_flash.o(.text)
    HAL_FLASH_EndOfOperationCallback         0x0000125f   Thumb Code     2  stm32h7xx_hal_flash.o(.text)
    HAL_FLASH_IRQHandler                     0x00001261   Thumb Code   608  stm32h7xx_hal_flash.o(.text)
    HAL_FLASH_Unlock                         0x000014c1   Thumb Code    82  stm32h7xx_hal_flash.o(.text)
    HAL_FLASH_Lock                           0x00001513   Thumb Code    62  stm32h7xx_hal_flash.o(.text)
    HAL_FLASH_OB_Unlock                      0x00001551   Thumb Code    38  stm32h7xx_hal_flash.o(.text)
    HAL_FLASH_OB_Lock                        0x00001577   Thumb Code    30  stm32h7xx_hal_flash.o(.text)
    FLASH_OB_WaitForLastOperation            0x00001595   Thumb Code    90  stm32h7xx_hal_flash.o(.text)
    FLASH_CRC_WaitForLastOperation           0x000015ef   Thumb Code   196  stm32h7xx_hal_flash.o(.text)
    HAL_FLASH_OB_Launch                      0x000016b3   Thumb Code    64  stm32h7xx_hal_flash.o(.text)
    HAL_FLASH_GetError                       0x000016f3   Thumb Code     8  stm32h7xx_hal_flash.o(.text)
    FLASH_Erase_Sector                       0x00001721   Thumb Code    88  stm32h7xx_hal_flash_ex.o(.text)
    HAL_FLASHEx_Erase                        0x0000180f   Thumb Code   308  stm32h7xx_hal_flash_ex.o(.text)
    HAL_FLASHEx_Erase_IT                     0x00001943   Thumb Code   248  stm32h7xx_hal_flash_ex.o(.text)
    HAL_FLASHEx_OBProgram                    0x00001c0f   Thumb Code   228  stm32h7xx_hal_flash_ex.o(.text)
    HAL_FLASHEx_OBGetConfig                  0x00001de3   Thumb Code   106  stm32h7xx_hal_flash_ex.o(.text)
    HAL_FLASHEx_Unlock_Bank1                 0x00001e4d   Thumb Code    38  stm32h7xx_hal_flash_ex.o(.text)
    HAL_FLASHEx_Lock_Bank1                   0x00001e73   Thumb Code    16  stm32h7xx_hal_flash_ex.o(.text)
    HAL_FLASHEx_Unlock_Bank2                 0x00001e83   Thumb Code    48  stm32h7xx_hal_flash_ex.o(.text)
    HAL_FLASHEx_Lock_Bank2                   0x00001eb3   Thumb Code    20  stm32h7xx_hal_flash_ex.o(.text)
    HAL_FLASHEx_ComputeCRC                   0x00001f25   Thumb Code   412  stm32h7xx_hal_flash_ex.o(.text)
    HAL_GPIO_Init                            0x000020cd   Thumb Code   456  stm32h7xx_hal_gpio.o(.text)
    HAL_GPIO_DeInit                          0x00002295   Thumb Code   328  stm32h7xx_hal_gpio.o(.text)
    HAL_GPIO_ReadPin                         0x000023dd   Thumb Code    16  stm32h7xx_hal_gpio.o(.text)
    HAL_GPIO_WritePin                        0x000023ed   Thumb Code    12  stm32h7xx_hal_gpio.o(.text)
    HAL_GPIO_TogglePin                       0x000023f9   Thumb Code    20  stm32h7xx_hal_gpio.o(.text)
    HAL_GPIO_LockPin                         0x0000240d   Thumb Code    46  stm32h7xx_hal_gpio.o(.text)
    HAL_GPIO_EXTI_Callback                   0x0000243b   Thumb Code     2  stm32h7xx_hal_gpio.o(.text)
    HAL_GPIO_EXTI_IRQHandler                 0x0000243d   Thumb Code    28  stm32h7xx_hal_gpio.o(.text)
    HAL_MDMA_Init                            0x00002551   Thumb Code   108  stm32h7xx_hal_mdma.o(.text)
    HAL_MDMA_DeInit                          0x000025bd   Thumb Code    94  stm32h7xx_hal_mdma.o(.text)
    HAL_MDMA_ConfigPostRequestMask           0x0000261b   Thumb Code   110  stm32h7xx_hal_mdma.o(.text)
    HAL_MDMA_RegisterCallback                0x00002689   Thumb Code   100  stm32h7xx_hal_mdma.o(.text)
    HAL_MDMA_UnRegisterCallback              0x000026ed   Thumb Code   130  stm32h7xx_hal_mdma.o(.text)
    HAL_MDMA_LinkedList_CreateNode           0x0000276f   Thumb Code   266  stm32h7xx_hal_mdma.o(.text)
    HAL_MDMA_LinkedList_AddNode              0x00002879   Thumb Code   228  stm32h7xx_hal_mdma.o(.text)
    HAL_MDMA_LinkedList_RemoveNode           0x0000295d   Thumb Code   216  stm32h7xx_hal_mdma.o(.text)
    HAL_MDMA_LinkedList_EnableCircularMode   0x00002a35   Thumb Code    88  stm32h7xx_hal_mdma.o(.text)
    HAL_MDMA_LinkedList_DisableCircularMode  0x00002a8d   Thumb Code    88  stm32h7xx_hal_mdma.o(.text)
    HAL_MDMA_Start                           0x00002b67   Thumb Code   152  stm32h7xx_hal_mdma.o(.text)
    HAL_MDMA_Start_IT                        0x00002bff   Thumb Code   204  stm32h7xx_hal_mdma.o(.text)
    HAL_MDMA_Abort                           0x00002ccb   Thumb Code   144  stm32h7xx_hal_mdma.o(.text)
    HAL_MDMA_Abort_IT                        0x00002d5b   Thumb Code    46  stm32h7xx_hal_mdma.o(.text)
    HAL_MDMA_PollForTransfer                 0x00002d89   Thumb Code   290  stm32h7xx_hal_mdma.o(.text)
    HAL_MDMA_GenerateSWRequest               0x00002eab   Thumb Code    72  stm32h7xx_hal_mdma.o(.text)
    HAL_MDMA_IRQHandler                      0x00002ef3   Thumb Code   478  stm32h7xx_hal_mdma.o(.text)
    HAL_MDMA_GetState                        0x000030d1   Thumb Code     8  stm32h7xx_hal_mdma.o(.text)
    HAL_MDMA_GetError                        0x000030d9   Thumb Code     6  stm32h7xx_hal_mdma.o(.text)
    HAL_PWR_DeInit                           0x000030e5   Thumb Code     2  stm32h7xx_hal_pwr.o(.text)
    HAL_PWR_EnableBkUpAccess                 0x000030e7   Thumb Code    14  stm32h7xx_hal_pwr.o(.text)
    HAL_PWR_DisableBkUpAccess                0x000030f5   Thumb Code    14  stm32h7xx_hal_pwr.o(.text)
    HAL_PWR_ConfigPVD                        0x00003103   Thumb Code   178  stm32h7xx_hal_pwr.o(.text)
    HAL_PWR_EnablePVD                        0x000031b5   Thumb Code    14  stm32h7xx_hal_pwr.o(.text)
    HAL_PWR_DisablePVD                       0x000031c3   Thumb Code    14  stm32h7xx_hal_pwr.o(.text)
    HAL_PWR_EnableWakeUpPin                  0x000031d1   Thumb Code    20  stm32h7xx_hal_pwr.o(.text)
    HAL_PWR_DisableWakeUpPin                 0x000031e5   Thumb Code    20  stm32h7xx_hal_pwr.o(.text)
    HAL_PWR_EnterSLEEPMode                   0x000031f9   Thumb Code    24  stm32h7xx_hal_pwr.o(.text)
    HAL_PWR_EnterSTOPMode                    0x00003211   Thumb Code   108  stm32h7xx_hal_pwr.o(.text)
    HAL_PWR_EnterSTANDBYMode                 0x0000327d   Thumb Code    78  stm32h7xx_hal_pwr.o(.text)
    HAL_PWR_EnableSleepOnExit                0x000032cb   Thumb Code    14  stm32h7xx_hal_pwr.o(.text)
    HAL_PWR_DisableSleepOnExit               0x000032d9   Thumb Code    14  stm32h7xx_hal_pwr.o(.text)
    HAL_PWR_EnableSEVOnPend                  0x000032e7   Thumb Code    14  stm32h7xx_hal_pwr.o(.text)
    HAL_PWR_DisableSEVOnPend                 0x000032f5   Thumb Code    14  stm32h7xx_hal_pwr.o(.text)
    HAL_PWR_PVDCallback                      0x00003303   Thumb Code     2  stm32h7xx_hal_pwr.o(.text)
    HAL_PWR_PVD_IRQHandler                   0x00003305   Thumb Code    38  stm32h7xx_hal_pwr.o(.text)
    HAL_PWREx_ConfigSupply                   0x0000333d   Thumb Code    90  stm32h7xx_hal_pwr_ex.o(.text)
    HAL_PWREx_GetSupplyConfig                0x00003397   Thumb Code    10  stm32h7xx_hal_pwr_ex.o(.text)
    HAL_PWREx_ControlVoltageScaling          0x000033a1   Thumb Code   244  stm32h7xx_hal_pwr_ex.o(.text)
    HAL_PWREx_GetVoltageRange                0x00003495   Thumb Code    12  stm32h7xx_hal_pwr_ex.o(.text)
    HAL_PWREx_ControlStopModeVoltageScaling  0x000034a1   Thumb Code    24  stm32h7xx_hal_pwr_ex.o(.text)
    HAL_PWREx_GetStopModeVoltageRange        0x000034b9   Thumb Code    12  stm32h7xx_hal_pwr_ex.o(.text)
    HAL_PWREx_EnterSTOPMode                  0x000034c5   Thumb Code   146  stm32h7xx_hal_pwr_ex.o(.text)
    HAL_PWREx_ClearPendingEvent              0x00003557   Thumb Code     4  stm32h7xx_hal_pwr_ex.o(.text)
    HAL_PWREx_EnterSTANDBYMode               0x0000355b   Thumb Code    78  stm32h7xx_hal_pwr_ex.o(.text)
    HAL_PWREx_ConfigD3Domain                 0x000035a9   Thumb Code    20  stm32h7xx_hal_pwr_ex.o(.text)
    HAL_PWREx_EnableFlashPowerDown           0x000035bd   Thumb Code    18  stm32h7xx_hal_pwr_ex.o(.text)
    HAL_PWREx_DisableFlashPowerDown          0x000035cf   Thumb Code    18  stm32h7xx_hal_pwr_ex.o(.text)
    HAL_PWREx_EnableWakeUpPin                0x000035e1   Thumb Code   142  stm32h7xx_hal_pwr_ex.o(.text)
    HAL_PWREx_DisableWakeUpPin               0x0000366f   Thumb Code    16  stm32h7xx_hal_pwr_ex.o(.text)
    HAL_PWREx_GetWakeupFlag                  0x0000367f   Thumb Code    12  stm32h7xx_hal_pwr_ex.o(.text)
    HAL_PWREx_ClearWakeupFlag                0x0000368b   Thumb Code    32  stm32h7xx_hal_pwr_ex.o(.text)
    HAL_PWREx_WKUP6_Callback                 0x000036ab   Thumb Code     2  stm32h7xx_hal_pwr_ex.o(.text)
    HAL_PWREx_WKUP5_Callback                 0x000036ad   Thumb Code     2  stm32h7xx_hal_pwr_ex.o(.text)
    HAL_PWREx_WKUP4_Callback                 0x000036af   Thumb Code     2  stm32h7xx_hal_pwr_ex.o(.text)
    HAL_PWREx_WKUP3_Callback                 0x000036b1   Thumb Code     2  stm32h7xx_hal_pwr_ex.o(.text)
    HAL_PWREx_WKUP2_Callback                 0x000036b3   Thumb Code     2  stm32h7xx_hal_pwr_ex.o(.text)
    HAL_PWREx_WKUP1_Callback                 0x000036b5   Thumb Code     2  stm32h7xx_hal_pwr_ex.o(.text)
    HAL_PWREx_WAKEUP_PIN_IRQHandler          0x000036b7   Thumb Code   208  stm32h7xx_hal_pwr_ex.o(.text)
    HAL_PWREx_EnableBkUpReg                  0x00003787   Thumb Code    60  stm32h7xx_hal_pwr_ex.o(.text)
    HAL_PWREx_DisableBkUpReg                 0x000037c3   Thumb Code    60  stm32h7xx_hal_pwr_ex.o(.text)
    HAL_PWREx_EnableUSBReg                   0x000037ff   Thumb Code    60  stm32h7xx_hal_pwr_ex.o(.text)
    HAL_PWREx_DisableUSBReg                  0x0000383b   Thumb Code    60  stm32h7xx_hal_pwr_ex.o(.text)
    HAL_PWREx_EnableUSBVoltageDetector       0x00003877   Thumb Code    18  stm32h7xx_hal_pwr_ex.o(.text)
    HAL_PWREx_DisableUSBVoltageDetector      0x00003889   Thumb Code    18  stm32h7xx_hal_pwr_ex.o(.text)
    HAL_PWREx_EnableBatteryCharging          0x0000389b   Thumb Code    30  stm32h7xx_hal_pwr_ex.o(.text)
    HAL_PWREx_DisableBatteryCharging         0x000038b9   Thumb Code    18  stm32h7xx_hal_pwr_ex.o(.text)
    HAL_PWREx_EnableMonitoring               0x000038cb   Thumb Code    18  stm32h7xx_hal_pwr_ex.o(.text)
    HAL_PWREx_DisableMonitoring              0x000038dd   Thumb Code    18  stm32h7xx_hal_pwr_ex.o(.text)
    HAL_PWREx_GetTemperatureLevel            0x000038ef   Thumb Code    38  stm32h7xx_hal_pwr_ex.o(.text)
    HAL_PWREx_GetVBATLevel                   0x00003915   Thumb Code    38  stm32h7xx_hal_pwr_ex.o(.text)
    HAL_PWREx_ConfigAVD                      0x0000393b   Thumb Code   176  stm32h7xx_hal_pwr_ex.o(.text)
    HAL_PWREx_EnableAVD                      0x000039eb   Thumb Code    18  stm32h7xx_hal_pwr_ex.o(.text)
    HAL_PWREx_DisableAVD                     0x000039fd   Thumb Code    18  stm32h7xx_hal_pwr_ex.o(.text)
    HAL_PWREx_AVDCallback                    0x00003a0f   Thumb Code     2  stm32h7xx_hal_pwr_ex.o(.text)
    HAL_PWREx_PVD_AVD_IRQHandler             0x00003a11   Thumb Code   120  stm32h7xx_hal_pwr_ex.o(.text)
    HAL_QSPI_SetTimeout                      0x00003ac3   Thumb Code     4  stm32h7xx_hal_qspi.o(.text)
    HAL_QSPI_MspInit                         0x00003ac7   Thumb Code     2  stm32h7xx_hal_qspi.o(.text)
    HAL_QSPI_TimeOutCallback                 0x00003ac9   Thumb Code     2  stm32h7xx_hal_qspi.o(.text)
    HAL_QSPI_StatusMatchCallback             0x00003acb   Thumb Code     2  stm32h7xx_hal_qspi.o(.text)
    HAL_QSPI_TxCpltCallback                  0x00003acd   Thumb Code     2  stm32h7xx_hal_qspi.o(.text)
    HAL_QSPI_RxCpltCallback                  0x00003acf   Thumb Code     2  stm32h7xx_hal_qspi.o(.text)
    HAL_QSPI_CmdCpltCallback                 0x00003ad1   Thumb Code     2  stm32h7xx_hal_qspi.o(.text)
    HAL_QSPI_FifoThresholdCallback           0x00003ad3   Thumb Code     2  stm32h7xx_hal_qspi.o(.text)
    HAL_QSPI_AbortCpltCallback               0x00003ad5   Thumb Code     2  stm32h7xx_hal_qspi.o(.text)
    HAL_QSPI_ErrorCallback                   0x00003ad7   Thumb Code     2  stm32h7xx_hal_qspi.o(.text)
    HAL_QSPI_Init                            0x00003ad9   Thumb Code   226  stm32h7xx_hal_qspi.o(.text)
    HAL_QSPI_MspDeInit                       0x00003bbb   Thumb Code     2  stm32h7xx_hal_qspi.o(.text)
    HAL_QSPI_DeInit                          0x00003bbd   Thumb Code    50  stm32h7xx_hal_qspi.o(.text)
    HAL_QSPI_IRQHandler                      0x00003c31   Thumb Code   640  stm32h7xx_hal_qspi.o(.text)
    HAL_QSPI_Command                         0x000040e9   Thumb Code   164  stm32h7xx_hal_qspi.o(.text)
    HAL_QSPI_Command_IT                      0x0000418d   Thumb Code   180  stm32h7xx_hal_qspi.o(.text)
    HAL_QSPI_Transmit                        0x00004241   Thumb Code   212  stm32h7xx_hal_qspi.o(.text)
    HAL_QSPI_Receive                         0x00004315   Thumb Code   228  stm32h7xx_hal_qspi.o(.text)
    HAL_QSPI_Transmit_IT                     0x000043f9   Thumb Code   144  stm32h7xx_hal_qspi.o(.text)
    HAL_QSPI_Receive_IT                      0x00004489   Thumb Code   156  stm32h7xx_hal_qspi.o(.text)
    HAL_QSPI_Abort_IT                        0x00004525   Thumb Code   150  stm32h7xx_hal_qspi.o(.text)
    HAL_QSPI_Transmit_DMA                    0x000045f9   Thumb Code   350  stm32h7xx_hal_qspi.o(.text)
    HAL_QSPI_Receive_DMA                     0x0000476d   Thumb Code   372  stm32h7xx_hal_qspi.o(.text)
    HAL_QSPI_AutoPolling                     0x000048e1   Thumb Code   224  stm32h7xx_hal_qspi.o(.text)
    HAL_QSPI_AutoPolling_IT                  0x000049c1   Thumb Code   206  stm32h7xx_hal_qspi.o(.text)
    HAL_QSPI_MemoryMapped                    0x00004a8f   Thumb Code   172  stm32h7xx_hal_qspi.o(.text)
    HAL_QSPI_RegisterCallback                0x00004b3b   Thumb Code   204  stm32h7xx_hal_qspi.o(.text)
    HAL_QSPI_UnRegisterCallback              0x00004c07   Thumb Code   242  stm32h7xx_hal_qspi.o(.text)
    HAL_QSPI_GetState                        0x00004cf9   Thumb Code     8  stm32h7xx_hal_qspi.o(.text)
    HAL_QSPI_GetError                        0x00004d01   Thumb Code     6  stm32h7xx_hal_qspi.o(.text)
    HAL_QSPI_Abort                           0x00004d07   Thumb Code   174  stm32h7xx_hal_qspi.o(.text)
    HAL_QSPI_SetFifoThreshold                0x00004db5   Thumb Code    76  stm32h7xx_hal_qspi.o(.text)
    HAL_QSPI_GetFifoThreshold                0x00004e01   Thumb Code    14  stm32h7xx_hal_qspi.o(.text)
    HAL_QSPI_SetFlashID                      0x00004e0f   Thumb Code    70  stm32h7xx_hal_qspi.o(.text)
    HAL_RCC_DeInit                           0x00004e7d   Thumb Code   522  stm32h7xx_hal_rcc.o(.text)
    HAL_RCC_OscConfig                        0x00005087   Thumb Code  1884  stm32h7xx_hal_rcc.o(.text)
    HAL_RCC_GetSysClockFreq                  0x000057e3   Thumb Code   524  stm32h7xx_hal_rcc.o(.text)
    HAL_RCC_ClockConfig                      0x000059ef   Thumb Code   842  stm32h7xx_hal_rcc.o(.text)
    HAL_RCC_MCOConfig                        0x00005d39   Thumb Code   182  stm32h7xx_hal_rcc.o(.text)
    HAL_RCC_EnableCSS                        0x00005def   Thumb Code    18  stm32h7xx_hal_rcc.o(.text)
    HAL_RCC_DisableCSS                       0x00005e01   Thumb Code    18  stm32h7xx_hal_rcc.o(.text)
    HAL_RCC_GetHCLKFreq                      0x00005e13   Thumb Code    70  stm32h7xx_hal_rcc.o(.text)
    HAL_RCC_GetPCLK1Freq                     0x00005e59   Thumb Code    30  stm32h7xx_hal_rcc.o(.text)
    HAL_RCC_GetPCLK2Freq                     0x00005e77   Thumb Code    30  stm32h7xx_hal_rcc.o(.text)
    HAL_RCC_GetOscConfig                     0x00005e95   Thumb Code   440  stm32h7xx_hal_rcc.o(.text)
    HAL_RCC_GetClockConfig                   0x0000604d   Thumb Code   100  stm32h7xx_hal_rcc.o(.text)
    HAL_RCC_CSSCallback                      0x000060b1   Thumb Code     2  stm32h7xx_hal_rcc.o(.text)
    HAL_RCC_NMI_IRQHandler                   0x000060b3   Thumb Code    34  stm32h7xx_hal_rcc.o(.text)
    HAL_RCCEx_PeriphCLKConfig                0x00006399   Thumb Code  3448  stm32h7xx_hal_rcc_ex.o(.text)
    HAL_RCCEx_GetPeriphCLKConfig             0x00007111   Thumb Code   644  stm32h7xx_hal_rcc_ex.o(.text)
    HAL_RCCEx_GetPLL2ClockFreq               0x00007395   Thumb Code   556  stm32h7xx_hal_rcc_ex.o(.text)
    HAL_RCCEx_GetPLL1ClockFreq               0x000075c1   Thumb Code   540  stm32h7xx_hal_rcc_ex.o(.text)
    HAL_RCCEx_GetPLL3ClockFreq               0x000077dd   Thumb Code   538  stm32h7xx_hal_rcc_ex.o(.text)
    HAL_RCCEx_GetD3PCLK1Freq                 0x000079f7   Thumb Code    30  stm32h7xx_hal_rcc_ex.o(.text)
    HAL_RCCEx_GetPeriphCLKFreq               0x00007a15   Thumb Code  2172  stm32h7xx_hal_rcc_ex.o(.text)
    HAL_RCCEx_GetD1PCLK1Freq                 0x00008291   Thumb Code    30  stm32h7xx_hal_rcc_ex.o(.text)
    HAL_RCCEx_GetD1SysClockFreq              0x000082af   Thumb Code    70  stm32h7xx_hal_rcc_ex.o(.text)
    HAL_RCCEx_EnableLSECSS                   0x000082f5   Thumb Code    18  stm32h7xx_hal_rcc_ex.o(.text)
    HAL_RCCEx_DisableLSECSS                  0x00008307   Thumb Code    34  stm32h7xx_hal_rcc_ex.o(.text)
    HAL_RCCEx_EnableLSECSS_IT                0x00008329   Thumb Code    60  stm32h7xx_hal_rcc_ex.o(.text)
    HAL_RCCEx_WakeUpStopCLKConfig            0x00008365   Thumb Code    20  stm32h7xx_hal_rcc_ex.o(.text)
    HAL_RCCEx_KerWakeUpStopCLKConfig         0x00008379   Thumb Code    20  stm32h7xx_hal_rcc_ex.o(.text)
    HAL_RCCEx_WWDGxSysResetConfig            0x0000838d   Thumb Code    16  stm32h7xx_hal_rcc_ex.o(.text)
    HAL_RCCEx_CRSConfig                      0x0000839d   Thumb Code   118  stm32h7xx_hal_rcc_ex.o(.text)
    HAL_RCCEx_CRSSoftwareSynchronizationGenerate 0x00008413   Thumb Code    18  stm32h7xx_hal_rcc_ex.o(.text)
    HAL_RCCEx_CRSGetSynchronizationInfo      0x00008425   Thumb Code    44  stm32h7xx_hal_rcc_ex.o(.text)
    HAL_RCCEx_CRSWaitSynchronization         0x00008451   Thumb Code   252  stm32h7xx_hal_rcc_ex.o(.text)
    HAL_RCCEx_CRS_ErrorCallback              0x0000854d   Thumb Code     2  stm32h7xx_hal_rcc_ex.o(.text)
    HAL_RCCEx_CRS_ExpectedSyncCallback       0x0000854f   Thumb Code     2  stm32h7xx_hal_rcc_ex.o(.text)
    HAL_RCCEx_CRS_SyncWarnCallback           0x00008551   Thumb Code     2  stm32h7xx_hal_rcc_ex.o(.text)
    HAL_RCCEx_CRS_SyncOkCallback             0x00008553   Thumb Code     2  stm32h7xx_hal_rcc_ex.o(.text)
    HAL_RCCEx_CRS_IRQHandler                 0x00008555   Thumb Code   144  stm32h7xx_hal_rcc_ex.o(.text)
    HAL_RCCEx_LSECSS_Callback                0x000085e5   Thumb Code     2  stm32h7xx_hal_rcc_ex.o(.text)
    HAL_RCCEx_LSECSS_IRQHandler              0x000085e7   Thumb Code    32  stm32h7xx_hal_rcc_ex.o(.text)
    DelayBlock_Enable                        0x00008611   Thumb Code   152  stm32h7xx_ll_delayblock.o(.text)
    DelayBlock_Disable                       0x000086a9   Thumb Code     8  stm32h7xx_ll_delayblock.o(.text)
    DelayBlock_Configure                     0x000086b1   Thumb Code    24  stm32h7xx_ll_delayblock.o(.text)
    LL_GPIO_DeInit                           0x000086c9   Thumb Code   244  stm32h7xx_ll_gpio.o(.text)
    LL_GPIO_Init                             0x000087bd   Thumb Code   248  stm32h7xx_ll_gpio.o(.text)
    LL_GPIO_StructInit                       0x000088b5   Thumb Code    22  stm32h7xx_ll_gpio.o(.text)
    LL_MDMA_DeInit                           0x00008915   Thumb Code   252  stm32h7xx_ll_mdma.o(.text)
    LL_MDMA_Init                             0x00008a11   Thumb Code   490  stm32h7xx_ll_mdma.o(.text)
    LL_MDMA_StructInit                       0x00008bfb   Thumb Code    68  stm32h7xx_ll_mdma.o(.text)
    LL_MDMA_CreateLinkNode                   0x00008c3f   Thumb Code   142  stm32h7xx_ll_mdma.o(.text)
    LL_MDMA_ConnectLinkNode                  0x00008ccd   Thumb Code     4  stm32h7xx_ll_mdma.o(.text)
    LL_MDMA_DisconnectNextLinkNode           0x00008cd1   Thumb Code     6  stm32h7xx_ll_mdma.o(.text)
    LL_PWR_DeInit                            0x00008cfd   Thumb Code    10  stm32h7xx_ll_pwr.o(.text)
    LL_RCC_DeInit                            0x00008d2f   Thumb Code   258  stm32h7xx_ll_rcc.o(.text)
    LL_RCC_CalcPLLClockFreq                  0x00008ed7   Thumb Code    86  stm32h7xx_ll_rcc.o(.text)
    LL_RCC_GetPLL1ClockFreq                  0x00008f2d   Thumb Code   308  stm32h7xx_ll_rcc.o(.text)
    LL_RCC_GetSystemClocksFreq               0x000090a9   Thumb Code    52  stm32h7xx_ll_rcc.o(.text)
    LL_RCC_GetPLL2ClockFreq                  0x000090dd   Thumb Code   352  stm32h7xx_ll_rcc.o(.text)
    LL_RCC_GetPLL3ClockFreq                  0x0000923d   Thumb Code   310  stm32h7xx_ll_rcc.o(.text)
    LL_RCC_GetUSARTClockFreq                 0x00009373   Thumb Code   302  stm32h7xx_ll_rcc.o(.text)
    LL_RCC_GetLPUARTClockFreq                0x000094a1   Thumb Code   198  stm32h7xx_ll_rcc.o(.text)
    LL_RCC_GetI2CClockFreq                   0x00009567   Thumb Code   228  stm32h7xx_ll_rcc.o(.text)
    LL_RCC_GetCLKPClockFreq                  0x0000964b   Thumb Code    80  stm32h7xx_ll_rcc.o(.text)
    LL_RCC_GetLPTIMClockFreq                 0x0000969b   Thumb Code   380  stm32h7xx_ll_rcc.o(.text)
    LL_RCC_GetSAIClockFreq                   0x00009817   Thumb Code   302  stm32h7xx_ll_rcc.o(.text)
    LL_RCC_GetADCClockFreq                   0x00009945   Thumb Code   160  stm32h7xx_ll_rcc.o(.text)
    LL_RCC_GetSDMMCClockFreq                 0x000099e5   Thumb Code    66  stm32h7xx_ll_rcc.o(.text)
    LL_RCC_GetRNGClockFreq                   0x00009a27   Thumb Code    98  stm32h7xx_ll_rcc.o(.text)
    LL_RCC_GetCECClockFreq                   0x00009a89   Thumb Code    78  stm32h7xx_ll_rcc.o(.text)
    LL_RCC_GetUSBClockFreq                   0x00009ad7   Thumb Code    92  stm32h7xx_ll_rcc.o(.text)
    LL_RCC_GetDFSDMClockFreq                 0x00009b33   Thumb Code    90  stm32h7xx_ll_rcc.o(.text)
    LL_RCC_GetSPDIFClockFreq                 0x00009b8d   Thumb Code   116  stm32h7xx_ll_rcc.o(.text)
    LL_RCC_GetSPIClockFreq                   0x00009c01   Thumb Code   448  stm32h7xx_ll_rcc.o(.text)
    LL_RCC_GetSWPClockFreq                   0x00009dc1   Thumb Code   154  stm32h7xx_ll_rcc.o(.text)
    LL_RCC_GetFDCANClockFreq                 0x00009e5b   Thumb Code    82  stm32h7xx_ll_rcc.o(.text)
    LL_RCC_GetFMCClockFreq                   0x00009ead   Thumb Code   126  stm32h7xx_ll_rcc.o(.text)
    LL_RCC_GetQSPIClockFreq                  0x00009f2b   Thumb Code   124  stm32h7xx_ll_rcc.o(.text)
    LL_Init1msTick                           0x0000a041   Thumb Code    28  stm32h7xx_ll_utils.o(.text)
    LL_mDelay                                0x0000a05d   Thumb Code    44  stm32h7xx_ll_utils.o(.text)
    LL_SetSystemCoreClock                    0x0000a089   Thumb Code     8  stm32h7xx_ll_utils.o(.text)
    LL_SetFlashLatency                       0x0000a091   Thumb Code   272  stm32h7xx_ll_utils.o(.text)
    LL_PLL_ConfigSystemClock_HSI             0x0000a349   Thumb Code   148  stm32h7xx_ll_utils.o(.text)
    LL_PLL_ConfigSystemClock_HSE             0x0000a3dd   Thumb Code   260  stm32h7xx_ll_utils.o(.text)
    SystemInit                               0x0000a615   Thumb Code   212  system_stm32h7xx.o(.text)
    SystemCoreClockUpdate                    0x0000a6e9   Thumb Code   522  system_stm32h7xx.o(.text)
    ExitRun0Mode                             0x0000a8f3   Thumb Code     2  system_stm32h7xx.o(.text)
    HAL_SPI_MspInit                          0x0000a941   Thumb Code     2  stm32h7xx_hal_spi.o(.text)
    HAL_SPI_Init                             0x0000a95d   Thumb Code   678  stm32h7xx_hal_spi.o(.text)
    HAL_SPI_MspDeInit                        0x0000ac03   Thumb Code     2  stm32h7xx_hal_spi.o(.text)
    HAL_SPI_DeInit                           0x0000ac05   Thumb Code    54  stm32h7xx_hal_spi.o(.text)
    HAL_SPI_Transmit                         0x0000ad43   Thumb Code   680  stm32h7xx_hal_spi.o(.text)
    HAL_SPI_Receive                          0x0000afeb   Thumb Code   848  stm32h7xx_hal_spi.o(.text)
    HAL_SPI_TransmitReceive                  0x0000b33b   Thumb Code  1042  stm32h7xx_hal_spi.o(.text)
    HAL_SPI_Transmit_IT                      0x0000b7e1   Thumb Code   218  stm32h7xx_hal_spi.o(.text)
    HAL_SPI_Receive_IT                       0x0000b941   Thumb Code   218  stm32h7xx_hal_spi.o(.text)
    HAL_SPI_TransmitReceive_IT               0x0000ba1b   Thumb Code   338  stm32h7xx_hal_spi.o(.text)
    HAL_SPI_TxCpltCallback                   0x0000bb6d   Thumb Code     2  stm32h7xx_hal_spi.o(.text)
    HAL_SPI_RxCpltCallback                   0x0000bb6f   Thumb Code     2  stm32h7xx_hal_spi.o(.text)
    HAL_SPI_TxRxCpltCallback                 0x0000bb71   Thumb Code     2  stm32h7xx_hal_spi.o(.text)
    HAL_SPI_TxHalfCpltCallback               0x0000bb73   Thumb Code     2  stm32h7xx_hal_spi.o(.text)
    HAL_SPI_RxHalfCpltCallback               0x0000bb75   Thumb Code     2  stm32h7xx_hal_spi.o(.text)
    HAL_SPI_TxRxHalfCpltCallback             0x0000bb77   Thumb Code     2  stm32h7xx_hal_spi.o(.text)
    HAL_SPI_ErrorCallback                    0x0000bb79   Thumb Code     2  stm32h7xx_hal_spi.o(.text)
    HAL_SPI_AbortCpltCallback                0x0000bb7b   Thumb Code     2  stm32h7xx_hal_spi.o(.text)
    HAL_SPI_SuspendCallback                  0x0000bb7d   Thumb Code     2  stm32h7xx_hal_spi.o(.text)
    HAL_SPI_GetState                         0x0000bb7f   Thumb Code     8  stm32h7xx_hal_spi.o(.text)
    HAL_SPI_GetError                         0x0000bb87   Thumb Code     6  stm32h7xx_hal_spi.o(.text)
    spi_flash_w25q128_init                   0x0000bbb1   Thumb Code   282  spi_flash.o(.text)
    spi_flash_w25q128_read_id                0x0000bd3d   Thumb Code    70  spi_flash.o(.text)
    spi_flash_erase_sector_4k                0x0000bd83   Thumb Code    52  spi_flash.o(.text)
    spi_flash_erase_sector_32k               0x0000bdb7   Thumb Code    52  spi_flash.o(.text)
    spi_flash_erase_sector_64k               0x0000bdeb   Thumb Code    52  spi_flash.o(.text)
    spi_flash_erase_chip                     0x0000be1f   Thumb Code    40  spi_flash.o(.text)
    spi_flash_read                           0x0000be47   Thumb Code    96  spi_flash.o(.text)
    spi_flash_write                          0x0000beeb   Thumb Code    54  spi_flash.o(.text)
    __aeabi_memclr4                          0x0000bf55   Thumb Code     0  rt_memclr_w.o(.text)
    __aeabi_memclr8                          0x0000bf55   Thumb Code     0  rt_memclr_w.o(.text)
    __rt_memclr_w                            0x0000bf55   Thumb Code    78  rt_memclr_w.o(.text)
    _memset_w                                0x0000bf59   Thumb Code     0  rt_memclr_w.o(.text)
    LL_RCC_PrescTable                        0x0000bfe4   Data          16  stm32h7xx_ll_rcc.o(.constdata)
    D1CorePrescTable                         0x0000bff4   Data          16  system_stm32h7xx.o(.constdata)
    uwTick                                   0x0000c008   Data           4  stm32h7xx_hal.o(.data)
    uwTickPrio                               0x0000c00c   Data           4  stm32h7xx_hal.o(.data)
    uwTickFreq                               0x0000c010   Data           1  stm32h7xx_hal.o(.data)
    SystemCoreClock                          0x0000c014   Data           4  system_stm32h7xx.o(.data)
    SystemD2Clock                            0x0000c018   Data           4  system_stm32h7xx.o(.data)
    FlashDevice                              0x0000c01c   Data        4256  flashdev.o(.constdata)
    pFlash                                   0x0000c01c   Data          28  stm32h7xx_hal_flash.o(.bss)



==============================================================================

Memory Map of the image

  Image entry point : Not specified.

  Load Region PRG (Base: 0x00000000, Size: 0x0000c01c, Max: 0xffffffff, PI)

    Execution Region PrgCode (Exec base: 0x00000000, Load base: 0x00000000, Size: 0x0000c004, Max: 0xffffffff, PI)

    Exec Addr    Load Addr    Size         Type   Attr      Idx    E Section Name        Object

    0x00000000   0x00000000   0x00000004   Code   RO            1    .rev16_text         flashprg.o
    0x00000004   0x00000004   0x00000004   Code   RO          132    .rev16_text         stm32h7xx_hal.o
    0x00000008   0x00000008   0x00000004   Code   RO          166    .rev16_text         stm32h7xx_hal_cortex.o
    0x0000000c   0x0000000c   0x00000004   Code   RO          194    .rev16_text         stm32h7xx_hal_flash.o
    0x00000010   0x00000010   0x00000004   Code   RO          224    .rev16_text         stm32h7xx_hal_flash_ex.o
    0x00000014   0x00000014   0x00000004   Code   RO          248    .rev16_text         stm32h7xx_hal_gpio.o
    0x00000018   0x00000018   0x00000004   Code   RO          272    .rev16_text         stm32h7xx_hal_mdma.o
    0x0000001c   0x0000001c   0x00000004   Code   RO          296    .rev16_text         stm32h7xx_hal_pwr.o
    0x00000020   0x00000020   0x00000004   Code   RO          320    .rev16_text         stm32h7xx_hal_pwr_ex.o
    0x00000024   0x00000024   0x00000004   Code   RO          344    .rev16_text         stm32h7xx_hal_qspi.o
    0x00000028   0x00000028   0x00000004   Code   RO          368    .rev16_text         stm32h7xx_hal_rcc.o
    0x0000002c   0x0000002c   0x00000004   Code   RO          392    .rev16_text         stm32h7xx_hal_rcc_ex.o
    0x00000030   0x00000030   0x00000004   Code   RO          416    .rev16_text         stm32h7xx_ll_delayblock.o
    0x00000034   0x00000034   0x00000004   Code   RO          440    .rev16_text         stm32h7xx_ll_gpio.o
    0x00000038   0x00000038   0x00000004   Code   RO          470    .rev16_text         stm32h7xx_ll_mdma.o
    0x0000003c   0x0000003c   0x00000004   Code   RO          502    .rev16_text         stm32h7xx_ll_pwr.o
    0x00000040   0x00000040   0x00000004   Code   RO          529    .rev16_text         stm32h7xx_ll_rcc.o
    0x00000044   0x00000044   0x00000004   Code   RO          562    .rev16_text         stm32h7xx_ll_utils.o
    0x00000048   0x00000048   0x00000004   Code   RO          599    .rev16_text         system_stm32h7xx.o
    0x0000004c   0x0000004c   0x00000004   Code   RO          630    .rev16_text         stm32h7xx_hal_spi.o
    0x00000050   0x00000050   0x00000004   Code   RO          654    .rev16_text         spi_flash.o
    0x00000054   0x00000054   0x00000004   Code   RO            2    .revsh_text         flashprg.o
    0x00000058   0x00000058   0x00000004   Code   RO          133    .revsh_text         stm32h7xx_hal.o
    0x0000005c   0x0000005c   0x00000004   Code   RO          167    .revsh_text         stm32h7xx_hal_cortex.o
    0x00000060   0x00000060   0x00000004   Code   RO          195    .revsh_text         stm32h7xx_hal_flash.o
    0x00000064   0x00000064   0x00000004   Code   RO          225    .revsh_text         stm32h7xx_hal_flash_ex.o
    0x00000068   0x00000068   0x00000004   Code   RO          249    .revsh_text         stm32h7xx_hal_gpio.o
    0x0000006c   0x0000006c   0x00000004   Code   RO          273    .revsh_text         stm32h7xx_hal_mdma.o
    0x00000070   0x00000070   0x00000004   Code   RO          297    .revsh_text         stm32h7xx_hal_pwr.o
    0x00000074   0x00000074   0x00000004   Code   RO          321    .revsh_text         stm32h7xx_hal_pwr_ex.o
    0x00000078   0x00000078   0x00000004   Code   RO          345    .revsh_text         stm32h7xx_hal_qspi.o
    0x0000007c   0x0000007c   0x00000004   Code   RO          369    .revsh_text         stm32h7xx_hal_rcc.o
    0x00000080   0x00000080   0x00000004   Code   RO          393    .revsh_text         stm32h7xx_hal_rcc_ex.o
    0x00000084   0x00000084   0x00000004   Code   RO          417    .revsh_text         stm32h7xx_ll_delayblock.o
    0x00000088   0x00000088   0x00000004   Code   RO          441    .revsh_text         stm32h7xx_ll_gpio.o
    0x0000008c   0x0000008c   0x00000004   Code   RO          471    .revsh_text         stm32h7xx_ll_mdma.o
    0x00000090   0x00000090   0x00000004   Code   RO          503    .revsh_text         stm32h7xx_ll_pwr.o
    0x00000094   0x00000094   0x00000004   Code   RO          530    .revsh_text         stm32h7xx_ll_rcc.o
    0x00000098   0x00000098   0x00000004   Code   RO          563    .revsh_text         stm32h7xx_ll_utils.o
    0x0000009c   0x0000009c   0x00000004   Code   RO          600    .revsh_text         system_stm32h7xx.o
    0x000000a0   0x000000a0   0x00000004   Code   RO          631    .revsh_text         stm32h7xx_hal_spi.o
    0x000000a4   0x000000a4   0x00000004   Code   RO          655    .revsh_text         spi_flash.o
    0x000000a8   0x000000a8   0x00000006   Code   RO            3    .rrx_text           flashprg.o
    0x000000ae   0x000000ae   0x00000002   PAD
    0x000000b0   0x000000b0   0x00000006   Code   RO          134    .rrx_text           stm32h7xx_hal.o
    0x000000b6   0x000000b6   0x00000002   PAD
    0x000000b8   0x000000b8   0x00000006   Code   RO          168    .rrx_text           stm32h7xx_hal_cortex.o
    0x000000be   0x000000be   0x00000002   PAD
    0x000000c0   0x000000c0   0x00000006   Code   RO          196    .rrx_text           stm32h7xx_hal_flash.o
    0x000000c6   0x000000c6   0x00000002   PAD
    0x000000c8   0x000000c8   0x00000006   Code   RO          226    .rrx_text           stm32h7xx_hal_flash_ex.o
    0x000000ce   0x000000ce   0x00000002   PAD
    0x000000d0   0x000000d0   0x00000006   Code   RO          250    .rrx_text           stm32h7xx_hal_gpio.o
    0x000000d6   0x000000d6   0x00000002   PAD
    0x000000d8   0x000000d8   0x00000006   Code   RO          274    .rrx_text           stm32h7xx_hal_mdma.o
    0x000000de   0x000000de   0x00000002   PAD
    0x000000e0   0x000000e0   0x00000006   Code   RO          298    .rrx_text           stm32h7xx_hal_pwr.o
    0x000000e6   0x000000e6   0x00000002   PAD
    0x000000e8   0x000000e8   0x00000006   Code   RO          322    .rrx_text           stm32h7xx_hal_pwr_ex.o
    0x000000ee   0x000000ee   0x00000002   PAD
    0x000000f0   0x000000f0   0x00000006   Code   RO          346    .rrx_text           stm32h7xx_hal_qspi.o
    0x000000f6   0x000000f6   0x00000002   PAD
    0x000000f8   0x000000f8   0x00000006   Code   RO          370    .rrx_text           stm32h7xx_hal_rcc.o
    0x000000fe   0x000000fe   0x00000002   PAD
    0x00000100   0x00000100   0x00000006   Code   RO          394    .rrx_text           stm32h7xx_hal_rcc_ex.o
    0x00000106   0x00000106   0x00000002   PAD
    0x00000108   0x00000108   0x00000006   Code   RO          418    .rrx_text           stm32h7xx_ll_delayblock.o
    0x0000010e   0x0000010e   0x00000002   PAD
    0x00000110   0x00000110   0x00000006   Code   RO          442    .rrx_text           stm32h7xx_ll_gpio.o
    0x00000116   0x00000116   0x00000002   PAD
    0x00000118   0x00000118   0x00000006   Code   RO          472    .rrx_text           stm32h7xx_ll_mdma.o
    0x0000011e   0x0000011e   0x00000002   PAD
    0x00000120   0x00000120   0x00000006   Code   RO          504    .rrx_text           stm32h7xx_ll_pwr.o
    0x00000126   0x00000126   0x00000002   PAD
    0x00000128   0x00000128   0x00000006   Code   RO          531    .rrx_text           stm32h7xx_ll_rcc.o
    0x0000012e   0x0000012e   0x00000002   PAD
    0x00000130   0x00000130   0x00000006   Code   RO          564    .rrx_text           stm32h7xx_ll_utils.o
    0x00000136   0x00000136   0x00000002   PAD
    0x00000138   0x00000138   0x00000006   Code   RO          601    .rrx_text           system_stm32h7xx.o
    0x0000013e   0x0000013e   0x00000002   PAD
    0x00000140   0x00000140   0x00000006   Code   RO          632    .rrx_text           stm32h7xx_hal_spi.o
    0x00000146   0x00000146   0x00000002   PAD
    0x00000148   0x00000148   0x00000006   Code   RO          656    .rrx_text           spi_flash.o
    0x0000014e   0x0000014e   0x00000002   PAD
    0x00000150   0x00000150   0x0000049e   Code   RO            4    .text               flashprg.o
    0x000005ee   0x000005ee   0x00000002   PAD
    0x000005f0   0x000005f0   0x0000052c   Code   RO          135    .text               stm32h7xx_hal.o
    0x00000b1c   0x00000b1c   0x0000040c   Code   RO          169    .text               stm32h7xx_hal_cortex.o
    0x00000f28   0x00000f28   0x000007f8   Code   RO          197    .text               stm32h7xx_hal_flash.o
    0x00001720   0x00001720   0x000009ac   Code   RO          227    .text               stm32h7xx_hal_flash_ex.o
    0x000020cc   0x000020cc   0x000003c0   Code   RO          251    .text               stm32h7xx_hal_gpio.o
    0x0000248c   0x0000248c   0x00000c58   Code   RO          275    .text               stm32h7xx_hal_mdma.o
    0x000030e4   0x000030e4   0x00000258   Code   RO          299    .text               stm32h7xx_hal_pwr.o
    0x0000333c   0x0000333c   0x00000754   Code   RO          323    .text               stm32h7xx_hal_pwr_ex.o
    0x00003a90   0x00003a90   0x000013ec   Code   RO          347    .text               stm32h7xx_hal_qspi.o
    0x00004e7c   0x00004e7c   0x00001260   Code   RO          371    .text               stm32h7xx_hal_rcc.o
    0x000060dc   0x000060dc   0x00002534   Code   RO          395    .text               stm32h7xx_hal_rcc_ex.o
    0x00008610   0x00008610   0x000000b8   Code   RO          419    .text               stm32h7xx_ll_delayblock.o
    0x000086c8   0x000086c8   0x0000024c   Code   RO          443    .text               stm32h7xx_ll_gpio.o
    0x00008914   0x00008914   0x000003e8   Code   RO          473    .text               stm32h7xx_ll_mdma.o
    0x00008cfc   0x00008cfc   0x00000010   Code   RO          505    .text               stm32h7xx_ll_pwr.o
    0x00008d0c   0x00008d0c   0x00001334   Code   RO          532    .text               stm32h7xx_ll_rcc.o
    0x0000a040   0x0000a040   0x000005d4   Code   RO          565    .text               stm32h7xx_ll_utils.o
    0x0000a614   0x0000a614   0x0000032c   Code   RO          602    .text               system_stm32h7xx.o
    0x0000a940   0x0000a940   0x00001270   Code   RO          633    .text               stm32h7xx_hal_spi.o
    0x0000bbb0   0x0000bbb0   0x000003a4   Code   RO          657    .text               spi_flash.o
    0x0000bf54   0x0000bf54   0x0000004e   Code   RO          691    .text               c_we.l(rt_memclr_w.o)
    0x0000bfa2   0x0000bfa2   0x00000002   PAD
    0x0000bfa4   0x0000bfa4   0x00000040   Data   RO          474    .constdata          stm32h7xx_ll_mdma.o
    0x0000bfe4   0x0000bfe4   0x00000010   Data   RO          533    .constdata          stm32h7xx_ll_rcc.o
    0x0000bff4   0x0000bff4   0x00000010   Data   RO          603    .constdata          system_stm32h7xx.o


    Execution Region PrgData (Exec base: 0x0000c004, Load base: 0x0000c004, Size: 0x000010b4, Max: 0xffffffff, PI)

    Exec Addr    Load Addr    Size         Type   Attr      Idx    E Section Name        Object

    0x0000c004   0x0000c004   0x00000004   Data   RW          693    PDT$$ptr            anon$$obj.o
    0x0000c008   0x0000c008   0x00000009   Data   RW          136    .data               stm32h7xx_hal.o
    0x0000c011   0x0000c011   0x00000003   PAD
    0x0000c014   0x0000c014   0x00000008   Data   RW          604    .data               system_stm32h7xx.o
    0x0000c01c        -       0x0000001c   Zero   RW          198    .bss                stm32h7xx_hal_flash.o
    0x0000c038        -       0x00001080   Zero   RW          658    .bss                spi_flash.o



  Load Region DSCR (Base: 0x0000c01c, Size: 0x000010a0, Max: 0xffffffff, PI)

    Execution Region DevDscr (Exec base: 0x0000c01c, Load base: 0x0000c01c, Size: 0x000010a0, Max: 0xffffffff, PI)

    Exec Addr    Load Addr    Size         Type   Attr      Idx    E Section Name        Object

    0x0000c01c   0x0000c01c   0x000010a0   Data   RO          123    .constdata          flashdev.o


==============================================================================

Image component sizes


      Code (inc. data)   RO Data    RW Data    ZI Data      Debug   Object Name

         0          0       4256          0          0        446   flashdev.o
      1196         20          0          0          0    1290438   flashprg.o
       946         24          0          0       4224       5415   spi_flash.o
      1338         86          0          9          0      29601   stm32h7xx_hal.o
      1050         26          0          0          0      43749   stm32h7xx_hal_cortex.o
      2054         66          0          0         28      18098   stm32h7xx_hal_flash.o
      2490         44          0          0          0       9861   stm32h7xx_hal_flash_ex.o
       974         52          0          0          0       4783   stm32h7xx_hal_gpio.o
      3174         26          0          0          0      11460   stm32h7xx_hal_mdma.o
       614         18          0          0          0       5227   stm32h7xx_hal_pwr.o
      1890         26          0          0          0      10539   stm32h7xx_hal_pwr_ex.o
      5114        124          0          0          0      16182   stm32h7xx_hal_qspi.o
      4718        132          0          0          0       8455   stm32h7xx_hal_rcc.o
      9538        194          0          0          0      13649   stm32h7xx_hal_rcc_ex.o
      4734         64          0          0          0      11951   stm32h7xx_hal_spi.o
       198          0          0          0          0       3564   stm32h7xx_ll_delayblock.o
       602         50          0          0          0      19717   stm32h7xx_ll_gpio.o
      1014         38         64          0          0      43119   stm32h7xx_ll_mdma.o
        30          6          0          0          0       1932   stm32h7xx_ll_pwr.o
      4930        226         16          0          0      60522   stm32h7xx_ll_rcc.o
      1506         90          0          0          0      79150   stm32h7xx_ll_utils.o
       826         76         16          8          0       3933   system_stm32h7xx.o

    ----------------------------------------------------------------------
     48980       1388       4352         24       4252    1691791   Object Totals
         0          0          0          4          0          0   (incl. Generated)
        44          0          0          3          0          0   (incl. Padding)

    ----------------------------------------------------------------------

      Code (inc. data)   RO Data    RW Data    ZI Data      Debug   Library Member Name

        78          0          0          0          0         76   rt_memclr_w.o

    ----------------------------------------------------------------------
        80          0          0          0          0         76   Library Totals
         2          0          0          0          0          0   (incl. Padding)

    ----------------------------------------------------------------------

      Code (inc. data)   RO Data    RW Data    ZI Data      Debug   Library Name

        78          0          0          0          0         76   c_we.l

    ----------------------------------------------------------------------
        80          0          0          0          0         76   Library Totals

    ----------------------------------------------------------------------

==============================================================================


      Code (inc. data)   RO Data    RW Data    ZI Data      Debug   

     49060       1388       4352         24       4252    1679915   Grand Totals
     49060       1388       4352         24       4252    1679915   ELF Image Totals
     49060       1388       4352         24          0          0   ROM Totals

==============================================================================

    Total RO  Size (Code + RO Data)                53412 (  52.16kB)
    Total RW  Size (RW Data + ZI Data)              4276 (   4.18kB)
    Total ROM Size (Code + RO Data + RW Data)      53436 (  52.18kB)

==============================================================================

