<!doctype html public "-//w3c//dtd html 4.0 transitional//en">
<html><head>
<title>Static Call Graph - [.\OUTFILES\PROJECT.axf]</title></head>
<body><HR>
<H1>Static Call Graph for image .\OUTFILES\PROJECT.axf</H1><HR>
<BR><P>#&#060CALLGRAPH&#062# ARM Linker, 5060960: Last Updated: Sat Sep 19 14:28:12 2026
<BR><P>
<H3>Maximum Stack Usage =        608 bytes + Unknown(Functions without stacksize, Cycles, Untraceable Function Pointers)</H3><H3>
Call chain for Maximum Stack Depth:</H3>
main &rArr; usart1_dma_init &rArr; HAL_UART_Init &rArr; UART_SetConfig &rArr; __aeabi_uldivmod
<P>
<H3>
Functions with no stack information
</H3><UL>
 <LI><a href="#[a]">HardFault_Handler</a>
</UL>
</UL>
<P>
<H3>
Mutually Recursive functions
</H3> <LI><a href="#[89]">ADC3_IRQHandler</a>&nbsp;&nbsp;&nbsp;&rArr;&nbsp;&nbsp;&nbsp;<a href="#[89]">ADC3_IRQHandler</a><BR>
</UL>
<P>
<H3>
Function Pointers
</H3><UL>
 <LI><a href="#[89]">ADC3_IRQHandler</a> from startup_stm32h743xx.o(.text) referenced from startup_stm32h743xx.o(RESET)
 <LI><a href="#[24]">ADC_IRQHandler</a> from startup_stm32h743xx.o(.text) referenced from startup_stm32h743xx.o(RESET)
 <LI><a href="#[8b]">BDMA_Channel0_IRQHandler</a> from bdmamux_pwm.o(i.BDMA_Channel0_IRQHandler) referenced from startup_stm32h743xx.o(RESET)
 <LI><a href="#[8c]">BDMA_Channel1_IRQHandler</a> from startup_stm32h743xx.o(.text) referenced from startup_stm32h743xx.o(RESET)
 <LI><a href="#[8d]">BDMA_Channel2_IRQHandler</a> from startup_stm32h743xx.o(.text) referenced from startup_stm32h743xx.o(RESET)
 <LI><a href="#[8e]">BDMA_Channel3_IRQHandler</a> from startup_stm32h743xx.o(.text) referenced from startup_stm32h743xx.o(RESET)
 <LI><a href="#[8f]">BDMA_Channel4_IRQHandler</a> from startup_stm32h743xx.o(.text) referenced from startup_stm32h743xx.o(RESET)
 <LI><a href="#[90]">BDMA_Channel5_IRQHandler</a> from startup_stm32h743xx.o(.text) referenced from startup_stm32h743xx.o(RESET)
 <LI><a href="#[91]">BDMA_Channel6_IRQHandler</a> from startup_stm32h743xx.o(.text) referenced from startup_stm32h743xx.o(RESET)
 <LI><a href="#[92]">BDMA_Channel7_IRQHandler</a> from startup_stm32h743xx.o(.text) referenced from startup_stm32h743xx.o(RESET)
 <LI><a href="#[c]">BusFault_Handler</a> from stm32h7xx_it.o(i.BusFault_Handler) referenced from startup_stm32h743xx.o(RESET)
 <LI><a href="#[6a]">CEC_IRQHandler</a> from startup_stm32h743xx.o(.text) referenced from startup_stm32h743xx.o(RESET)
 <LI><a href="#[93]">COMP1_IRQHandler</a> from startup_stm32h743xx.o(.text) referenced from startup_stm32h743xx.o(RESET)
 <LI><a href="#[a7]">CO_HBcons_receive</a> from co_hbconsumer.o(i.CO_HBcons_receive) referenced from co_hbconsumer.o(i.CO_HBconsumer_initEntry)
 <LI><a href="#[a8]">CO_LSSslave_receive</a> from co_lssslave.o(i.CO_LSSslave_receive) referenced from co_lssslave.o(i.CO_LSSslave_init)
 <LI><a href="#[aa]">CO_NMT_receive</a> from co_nmt_heartbeat.o(i.CO_NMT_receive) referenced from co_nmt_heartbeat.o(i.CO_NMT_init)
 <LI><a href="#[ab]">CO_PDO_receive</a> from co_pdo.o(i.CO_PDO_receive) referenced from co_pdo.o(i.CO_RPDO_init)
 <LI><a href="#[ab]">CO_PDO_receive</a> from co_pdo.o(i.CO_PDO_receive) referenced from co_pdo.o(i.OD_write_14xx)
 <LI><a href="#[b0]">CO_SDO_receive</a> from co_sdoserver.o(i.CO_SDO_receive) referenced from co_sdoserver.o(i.CO_SDOserver_init_canRxTx)
 <LI><a href="#[b3]">CO_SYNC_receive</a> from co_sync.o(i.CO_SYNC_receive) referenced from co_sync.o(i.CO_SYNC_init)
 <LI><a href="#[b3]">CO_SYNC_receive</a> from co_sync.o(i.CO_SYNC_receive) referenced from co_sync.o(i.OD_write_1005)
 <LI><a href="#[b5]">CO_TIME_receive</a> from co_time.o(i.CO_TIME_receive) referenced from co_time.o(i.CO_TIME_init)
 <LI><a href="#[99]">CRS_IRQHandler</a> from startup_stm32h743xx.o(.text) referenced from startup_stm32h743xx.o(RESET)
 <LI><a href="#[5b]">DCMI_IRQHandler</a> from startup_stm32h743xx.o(.text) referenced from startup_stm32h743xx.o(RESET)
 <LI><a href="#[7a]">DFSDM1_FLT0_IRQHandler</a> from startup_stm32h743xx.o(.text) referenced from startup_stm32h743xx.o(RESET)
 <LI><a href="#[7b]">DFSDM1_FLT1_IRQHandler</a> from startup_stm32h743xx.o(.text) referenced from startup_stm32h743xx.o(RESET)
 <LI><a href="#[7c]">DFSDM1_FLT2_IRQHandler</a> from startup_stm32h743xx.o(.text) referenced from startup_stm32h743xx.o(RESET)
 <LI><a href="#[7d]">DFSDM1_FLT3_IRQHandler</a> from startup_stm32h743xx.o(.text) referenced from startup_stm32h743xx.o(RESET)
 <LI><a href="#[1d]">DMA1_Stream0_IRQHandler</a> from dma1mux_pwm.o(i.DMA1_Stream0_IRQHandler) referenced from startup_stm32h743xx.o(RESET)
 <LI><a href="#[1e]">DMA1_Stream1_IRQHandler</a> from drv_fmc_lcd.o(i.DMA1_Stream1_IRQHandler) referenced from startup_stm32h743xx.o(RESET)
 <LI><a href="#[1f]">DMA1_Stream2_IRQHandler</a> from usart1_dma.o(i.DMA1_Stream2_IRQHandler) referenced from startup_stm32h743xx.o(RESET)
 <LI><a href="#[20]">DMA1_Stream3_IRQHandler</a> from startup_stm32h743xx.o(.text) referenced from startup_stm32h743xx.o(RESET)
 <LI><a href="#[21]">DMA1_Stream4_IRQHandler</a> from spi_flash.o(i.DMA1_Stream4_IRQHandler) referenced from startup_stm32h743xx.o(RESET)
 <LI><a href="#[22]">DMA1_Stream5_IRQHandler</a> from spi_flash.o(i.DMA1_Stream5_IRQHandler) referenced from startup_stm32h743xx.o(RESET)
 <LI><a href="#[23]">DMA1_Stream6_IRQHandler</a> from startup_stm32h743xx.o(.text) referenced from startup_stm32h743xx.o(RESET)
 <LI><a href="#[40]">DMA1_Stream7_IRQHandler</a> from startup_stm32h743xx.o(.text) referenced from startup_stm32h743xx.o(RESET)
 <LI><a href="#[66]">DMA2D_IRQHandler</a> from startup_stm32h743xx.o(.text) referenced from startup_stm32h743xx.o(RESET)
 <LI><a href="#[49]">DMA2_Stream0_IRQHandler</a> from startup_stm32h743xx.o(.text) referenced from startup_stm32h743xx.o(RESET)
 <LI><a href="#[4a]">DMA2_Stream1_IRQHandler</a> from startup_stm32h743xx.o(.text) referenced from startup_stm32h743xx.o(RESET)
 <LI><a href="#[4b]">DMA2_Stream2_IRQHandler</a> from startup_stm32h743xx.o(.text) referenced from startup_stm32h743xx.o(RESET)
 <LI><a href="#[4c]">DMA2_Stream3_IRQHandler</a> from startup_stm32h743xx.o(.text) referenced from startup_stm32h743xx.o(RESET)
 <LI><a href="#[4d]">DMA2_Stream4_IRQHandler</a> from startup_stm32h743xx.o(.text) referenced from startup_stm32h743xx.o(RESET)
 <LI><a href="#[51]">DMA2_Stream5_IRQHandler</a> from startup_stm32h743xx.o(.text) referenced from startup_stm32h743xx.o(RESET)
 <LI><a href="#[52]">DMA2_Stream6_IRQHandler</a> from startup_stm32h743xx.o(.text) referenced from startup_stm32h743xx.o(RESET)
 <LI><a href="#[53]">DMA2_Stream7_IRQHandler</a> from startup_stm32h743xx.o(.text) referenced from startup_stm32h743xx.o(RESET)
 <LI><a href="#[72]">DMAMUX1_OVR_IRQHandler</a> from startup_stm32h743xx.o(.text) referenced from startup_stm32h743xx.o(RESET)
 <LI><a href="#[8a]">DMAMUX2_OVR_IRQHandler</a> from startup_stm32h743xx.o(.text) referenced from startup_stm32h743xx.o(RESET)
 <LI><a href="#[f]">DebugMon_Handler</a> from stm32h7xx_it.o(i.DebugMon_Handler) referenced from startup_stm32h743xx.o(RESET)
 <LI><a href="#[9a]">ECC_IRQHandler</a> from startup_stm32h743xx.o(.text) referenced from startup_stm32h743xx.o(RESET)
 <LI><a href="#[4e]">ETH_IRQHandler</a> from startup_stm32h743xx.o(.text) referenced from startup_stm32h743xx.o(RESET)
 <LI><a href="#[4f]">ETH_WKUP_IRQHandler</a> from startup_stm32h743xx.o(.text) referenced from startup_stm32h743xx.o(RESET)
 <LI><a href="#[18]">EXTI0_IRQHandler</a> from startup_stm32h743xx.o(.text) referenced from startup_stm32h743xx.o(RESET)
 <LI><a href="#[3a]">EXTI15_10_IRQHandler</a> from startup_stm32h743xx.o(.text) referenced from startup_stm32h743xx.o(RESET)
 <LI><a href="#[19]">EXTI1_IRQHandler</a> from startup_stm32h743xx.o(.text) referenced from startup_stm32h743xx.o(RESET)
 <LI><a href="#[1a]">EXTI2_IRQHandler</a> from startup_stm32h743xx.o(.text) referenced from startup_stm32h743xx.o(RESET)
 <LI><a href="#[1b]">EXTI3_IRQHandler</a> from startup_stm32h743xx.o(.text) referenced from startup_stm32h743xx.o(RESET)
 <LI><a href="#[1c]">EXTI4_IRQHandler</a> from startup_stm32h743xx.o(.text) referenced from startup_stm32h743xx.o(RESET)
 <LI><a href="#[29]">EXTI9_5_IRQHandler</a> from startup_stm32h743xx.o(.text) referenced from startup_stm32h743xx.o(RESET)
 <LI><a href="#[9e]">ExitRun0Mode</a> from system_stm32h7xx.o(i.ExitRun0Mode) referenced from startup_stm32h743xx.o(.text)
 <LI><a href="#[25]">FDCAN1_IT0_IRQHandler</a> from bx_can12_open.o(i.FDCAN1_IT0_IRQHandler) referenced from startup_stm32h743xx.o(RESET)
 <LI><a href="#[27]">FDCAN1_IT1_IRQHandler</a> from startup_stm32h743xx.o(.text) referenced from startup_stm32h743xx.o(RESET)
 <LI><a href="#[26]">FDCAN2_IT0_IRQHandler</a> from bx_can12_open.o(i.FDCAN2_IT0_IRQHandler) referenced from startup_stm32h743xx.o(RESET)
 <LI><a href="#[28]">FDCAN2_IT1_IRQHandler</a> from startup_stm32h743xx.o(.text) referenced from startup_stm32h743xx.o(RESET)
 <LI><a href="#[50]">FDCAN_CAL_IRQHandler</a> from bx_can12_open.o(i.FDCAN_CAL_IRQHandler) referenced from startup_stm32h743xx.o(RESET)
 <LI><a href="#[16]">FLASH_IRQHandler</a> from startup_stm32h743xx.o(.text) referenced from startup_stm32h743xx.o(RESET)
 <LI><a href="#[41]">FMC_IRQHandler</a> from startup_stm32h743xx.o(.text) referenced from startup_stm32h743xx.o(RESET)
 <LI><a href="#[5d]">FPU_IRQHandler</a> from startup_stm32h743xx.o(.text) referenced from startup_stm32h743xx.o(RESET)
 <LI><a href="#[bb]">HAL_FDCAN_ClockCalibrationCallback</a> from stm32h7xx_hal_fdcan.o(i.HAL_FDCAN_ClockCalibrationCallback) referenced from stm32h7xx_hal_fdcan.o(i.HAL_FDCAN_Init)
 <LI><a href="#[c6]">HAL_FDCAN_ErrorCallback</a> from stm32h7xx_hal_fdcan.o(i.HAL_FDCAN_ErrorCallback) referenced from stm32h7xx_hal_fdcan.o(i.HAL_FDCAN_Init)
 <LI><a href="#[c7]">HAL_FDCAN_ErrorStatusCallback</a> from stm32h7xx_hal_fdcan.o(i.HAL_FDCAN_ErrorStatusCallback) referenced from stm32h7xx_hal_fdcan.o(i.HAL_FDCAN_Init)
 <LI><a href="#[c3]">HAL_FDCAN_HighPriorityMessageCallback</a> from stm32h7xx_hal_fdcan.o(i.HAL_FDCAN_HighPriorityMessageCallback) referenced from stm32h7xx_hal_fdcan.o(i.HAL_FDCAN_Init)
 <LI><a href="#[cc]">HAL_FDCAN_MspInit</a> from stm32h7xx_hal_fdcan.o(i.HAL_FDCAN_MspInit) referenced from stm32h7xx_hal_fdcan.o(i.HAL_FDCAN_Init)
 <LI><a href="#[c2]">HAL_FDCAN_RxBufferNewMessageCallback</a> from stm32h7xx_hal_fdcan.o(i.HAL_FDCAN_RxBufferNewMessageCallback) referenced from stm32h7xx_hal_fdcan.o(i.HAL_FDCAN_Init)
 <LI><a href="#[bd]">HAL_FDCAN_RxFifo0Callback</a> from bx_can12_open.o(i.HAL_FDCAN_RxFifo0Callback) referenced from stm32h7xx_hal_fdcan.o(i.HAL_FDCAN_Init)
 <LI><a href="#[be]">HAL_FDCAN_RxFifo1Callback</a> from stm32h7xx_hal_fdcan.o(i.HAL_FDCAN_RxFifo1Callback) referenced from stm32h7xx_hal_fdcan.o(i.HAL_FDCAN_Init)
 <LI><a href="#[cb]">HAL_FDCAN_TT_GlobalTimeCallback</a> from stm32h7xx_hal_fdcan.o(i.HAL_FDCAN_TT_GlobalTimeCallback) referenced from stm32h7xx_hal_fdcan.o(i.HAL_FDCAN_Init)
 <LI><a href="#[c8]">HAL_FDCAN_TT_ScheduleSyncCallback</a> from stm32h7xx_hal_fdcan.o(i.HAL_FDCAN_TT_ScheduleSyncCallback) referenced from stm32h7xx_hal_fdcan.o(i.HAL_FDCAN_Init)
 <LI><a href="#[ca]">HAL_FDCAN_TT_StopWatchCallback</a> from stm32h7xx_hal_fdcan.o(i.HAL_FDCAN_TT_StopWatchCallback) referenced from stm32h7xx_hal_fdcan.o(i.HAL_FDCAN_Init)
 <LI><a href="#[c9]">HAL_FDCAN_TT_TimeMarkCallback</a> from stm32h7xx_hal_fdcan.o(i.HAL_FDCAN_TT_TimeMarkCallback) referenced from stm32h7xx_hal_fdcan.o(i.HAL_FDCAN_Init)
 <LI><a href="#[c5]">HAL_FDCAN_TimeoutOccurredCallback</a> from stm32h7xx_hal_fdcan.o(i.HAL_FDCAN_TimeoutOccurredCallback) referenced from stm32h7xx_hal_fdcan.o(i.HAL_FDCAN_Init)
 <LI><a href="#[c4]">HAL_FDCAN_TimestampWraparoundCallback</a> from stm32h7xx_hal_fdcan.o(i.HAL_FDCAN_TimestampWraparoundCallback) referenced from stm32h7xx_hal_fdcan.o(i.HAL_FDCAN_Init)
 <LI><a href="#[c1]">HAL_FDCAN_TxBufferAbortCallback</a> from stm32h7xx_hal_fdcan.o(i.HAL_FDCAN_TxBufferAbortCallback) referenced from stm32h7xx_hal_fdcan.o(i.HAL_FDCAN_Init)
 <LI><a href="#[c0]">HAL_FDCAN_TxBufferCompleteCallback</a> from stm32h7xx_hal_fdcan.o(i.HAL_FDCAN_TxBufferCompleteCallback) referenced from stm32h7xx_hal_fdcan.o(i.HAL_FDCAN_Init)
 <LI><a href="#[bc]">HAL_FDCAN_TxEventFifoCallback</a> from stm32h7xx_hal_fdcan.o(i.HAL_FDCAN_TxEventFifoCallback) referenced from stm32h7xx_hal_fdcan.o(i.HAL_FDCAN_Init)
 <LI><a href="#[bf]">HAL_FDCAN_TxFifoEmptyCallback</a> from stm32h7xx_hal_fdcan.o(i.HAL_FDCAN_TxFifoEmptyCallback) referenced from stm32h7xx_hal_fdcan.o(i.HAL_FDCAN_Init)
 <LI><a href="#[d5]">HAL_I2C_AbortCpltCallback</a> from stm32h7xx_hal_i2c.o(i.HAL_I2C_AbortCpltCallback) referenced from stm32h7xx_hal_i2c.o(i.HAL_I2C_Init)
 <LI><a href="#[d6]">HAL_I2C_AddrCallback</a> from stm32h7xx_hal_i2c.o(i.HAL_I2C_AddrCallback) referenced from stm32h7xx_hal_i2c.o(i.HAL_I2C_Init)
 <LI><a href="#[d4]">HAL_I2C_ErrorCallback</a> from stm32h7xx_hal_i2c.o(i.HAL_I2C_ErrorCallback) referenced from stm32h7xx_hal_i2c.o(i.HAL_I2C_Init)
 <LI><a href="#[d1]">HAL_I2C_ListenCpltCallback</a> from stm32h7xx_hal_i2c.o(i.HAL_I2C_ListenCpltCallback) referenced from stm32h7xx_hal_i2c.o(i.HAL_I2C_Init)
 <LI><a href="#[ce]">HAL_I2C_MasterRxCpltCallback</a> from stm32h7xx_hal_i2c.o(i.HAL_I2C_MasterRxCpltCallback) referenced from stm32h7xx_hal_i2c.o(i.HAL_I2C_Init)
 <LI><a href="#[cd]">HAL_I2C_MasterTxCpltCallback</a> from stm32h7xx_hal_i2c.o(i.HAL_I2C_MasterTxCpltCallback) referenced from stm32h7xx_hal_i2c.o(i.HAL_I2C_Init)
 <LI><a href="#[d3]">HAL_I2C_MemRxCpltCallback</a> from stm32h7xx_hal_i2c.o(i.HAL_I2C_MemRxCpltCallback) referenced from stm32h7xx_hal_i2c.o(i.HAL_I2C_Init)
 <LI><a href="#[d2]">HAL_I2C_MemTxCpltCallback</a> from stm32h7xx_hal_i2c.o(i.HAL_I2C_MemTxCpltCallback) referenced from stm32h7xx_hal_i2c.o(i.HAL_I2C_Init)
 <LI><a href="#[d7]">HAL_I2C_MspInit</a> from stm32h7xx_hal_i2c.o(i.HAL_I2C_MspInit) referenced from stm32h7xx_hal_i2c.o(i.HAL_I2C_Init)
 <LI><a href="#[d0]">HAL_I2C_SlaveRxCpltCallback</a> from stm32h7xx_hal_i2c.o(i.HAL_I2C_SlaveRxCpltCallback) referenced from stm32h7xx_hal_i2c.o(i.HAL_I2C_Init)
 <LI><a href="#[cf]">HAL_I2C_SlaveTxCpltCallback</a> from stm32h7xx_hal_i2c.o(i.HAL_I2C_SlaveTxCpltCallback) referenced from stm32h7xx_hal_i2c.o(i.HAL_I2C_Init)
 <LI><a href="#[e0]">HAL_SPI_AbortCpltCallback</a> from stm32h7xx_hal_spi.o(i.HAL_SPI_AbortCpltCallback) referenced from stm32h7xx_hal_spi.o(i.HAL_SPI_Init)
 <LI><a href="#[df]">HAL_SPI_ErrorCallback</a> from stm32h7xx_hal_spi.o(i.HAL_SPI_ErrorCallback) referenced from stm32h7xx_hal_spi.o(i.HAL_SPI_Init)
 <LI><a href="#[e2]">HAL_SPI_MspInit</a> from stm32h7xx_hal_spi.o(i.HAL_SPI_MspInit) referenced from stm32h7xx_hal_spi.o(i.HAL_SPI_Init)
 <LI><a href="#[da]">HAL_SPI_RxCpltCallback</a> from stm32h7xx_hal_spi.o(i.HAL_SPI_RxCpltCallback) referenced from stm32h7xx_hal_spi.o(i.HAL_SPI_Init)
 <LI><a href="#[dd]">HAL_SPI_RxHalfCpltCallback</a> from stm32h7xx_hal_spi.o(i.HAL_SPI_RxHalfCpltCallback) referenced from stm32h7xx_hal_spi.o(i.HAL_SPI_Init)
 <LI><a href="#[e1]">HAL_SPI_SuspendCallback</a> from stm32h7xx_hal_spi.o(i.HAL_SPI_SuspendCallback) referenced from stm32h7xx_hal_spi.o(i.HAL_SPI_Init)
 <LI><a href="#[d9]">HAL_SPI_TxCpltCallback</a> from stm32h7xx_hal_spi.o(i.HAL_SPI_TxCpltCallback) referenced from stm32h7xx_hal_spi.o(i.HAL_SPI_Init)
 <LI><a href="#[dc]">HAL_SPI_TxHalfCpltCallback</a> from stm32h7xx_hal_spi.o(i.HAL_SPI_TxHalfCpltCallback) referenced from stm32h7xx_hal_spi.o(i.HAL_SPI_Init)
 <LI><a href="#[db]">HAL_SPI_TxRxCpltCallback</a> from spi_flash.o(i.HAL_SPI_TxRxCpltCallback) referenced from stm32h7xx_hal_spi.o(i.HAL_SPI_Init)
 <LI><a href="#[de]">HAL_SPI_TxRxHalfCpltCallback</a> from stm32h7xx_hal_spi.o(i.HAL_SPI_TxRxHalfCpltCallback) referenced from stm32h7xx_hal_spi.o(i.HAL_SPI_Init)
 <LI><a href="#[f3]">HAL_UARTEx_RxEventCallback</a> from stm32h7xx_hal_uart.o(i.HAL_UARTEx_RxEventCallback) referenced from stm32h7xx_hal_uart.o(i.UART_InitCallbacksToDefault)
 <LI><a href="#[f1]">HAL_UARTEx_RxFifoFullCallback</a> from stm32h7xx_hal_uart_ex.o(i.HAL_UARTEx_RxFifoFullCallback) referenced from stm32h7xx_hal_uart.o(i.UART_InitCallbacksToDefault)
 <LI><a href="#[f2]">HAL_UARTEx_TxFifoEmptyCallback</a> from stm32h7xx_hal_uart_ex.o(i.HAL_UARTEx_TxFifoEmptyCallback) referenced from stm32h7xx_hal_uart.o(i.UART_InitCallbacksToDefault)
 <LI><a href="#[f0]">HAL_UARTEx_WakeupCallback</a> from stm32h7xx_hal_uart_ex.o(i.HAL_UARTEx_WakeupCallback) referenced from stm32h7xx_hal_uart.o(i.UART_InitCallbacksToDefault)
 <LI><a href="#[ed]">HAL_UART_AbortCpltCallback</a> from stm32h7xx_hal_uart.o(i.HAL_UART_AbortCpltCallback) referenced from stm32h7xx_hal_uart.o(i.UART_InitCallbacksToDefault)
 <LI><a href="#[ef]">HAL_UART_AbortReceiveCpltCallback</a> from stm32h7xx_hal_uart.o(i.HAL_UART_AbortReceiveCpltCallback) referenced from stm32h7xx_hal_uart.o(i.UART_InitCallbacksToDefault)
 <LI><a href="#[ee]">HAL_UART_AbortTransmitCpltCallback</a> from stm32h7xx_hal_uart.o(i.HAL_UART_AbortTransmitCpltCallback) referenced from stm32h7xx_hal_uart.o(i.UART_InitCallbacksToDefault)
 <LI><a href="#[ec]">HAL_UART_ErrorCallback</a> from stm32h7xx_hal_uart.o(i.HAL_UART_ErrorCallback) referenced from stm32h7xx_hal_uart.o(i.UART_InitCallbacksToDefault)
 <LI><a href="#[e3]">HAL_UART_MspInit</a> from stm32h7xx_hal_uart.o(i.HAL_UART_MspInit) referenced from stm32h7xx_hal_uart.o(i.HAL_UART_Init)
 <LI><a href="#[eb]">HAL_UART_RxCpltCallback</a> from stm32h7xx_hal_uart.o(i.HAL_UART_RxCpltCallback) referenced from stm32h7xx_hal_uart.o(i.UART_InitCallbacksToDefault)
 <LI><a href="#[ea]">HAL_UART_RxHalfCpltCallback</a> from stm32h7xx_hal_uart.o(i.HAL_UART_RxHalfCpltCallback) referenced from stm32h7xx_hal_uart.o(i.UART_InitCallbacksToDefault)
 <LI><a href="#[e9]">HAL_UART_TxCpltCallback</a> from stm32h7xx_hal_uart.o(i.HAL_UART_TxCpltCallback) referenced from stm32h7xx_hal_uart.o(i.UART_InitCallbacksToDefault)
 <LI><a href="#[e8]">HAL_UART_TxHalfCpltCallback</a> from stm32h7xx_hal_uart.o(i.HAL_UART_TxHalfCpltCallback) referenced from stm32h7xx_hal_uart.o(i.UART_InitCallbacksToDefault)
 <LI><a href="#[79]">HRTIM1_FLT_IRQHandler</a> from startup_stm32h743xx.o(.text) referenced from startup_stm32h743xx.o(RESET)
 <LI><a href="#[73]">HRTIM1_Master_IRQHandler</a> from startup_stm32h743xx.o(.text) referenced from startup_stm32h743xx.o(RESET)
 <LI><a href="#[74]">HRTIM1_TIMA_IRQHandler</a> from startup_stm32h743xx.o(.text) referenced from startup_stm32h743xx.o(RESET)
 <LI><a href="#[75]">HRTIM1_TIMB_IRQHandler</a> from startup_stm32h743xx.o(.text) referenced from startup_stm32h743xx.o(RESET)
 <LI><a href="#[76]">HRTIM1_TIMC_IRQHandler</a> from startup_stm32h743xx.o(.text) referenced from startup_stm32h743xx.o(RESET)
 <LI><a href="#[77]">HRTIM1_TIMD_IRQHandler</a> from startup_stm32h743xx.o(.text) referenced from startup_stm32h743xx.o(RESET)
 <LI><a href="#[78]">HRTIM1_TIME_IRQHandler</a> from startup_stm32h743xx.o(.text) referenced from startup_stm32h743xx.o(RESET)
 <LI><a href="#[88]">HSEM1_IRQHandler</a> from startup_stm32h743xx.o(.text) referenced from startup_stm32h743xx.o(RESET)
 <LI><a href="#[a]">HardFault_Handler</a> from hardfaulthandler.o(.text) referenced from startup_stm32h743xx.o(RESET)
 <LI><a href="#[32]">I2C1_ER_IRQHandler</a> from startup_stm32h743xx.o(.text) referenced from startup_stm32h743xx.o(RESET)
 <LI><a href="#[31]">I2C1_EV_IRQHandler</a> from startup_stm32h743xx.o(.text) referenced from startup_stm32h743xx.o(RESET)
 <LI><a href="#[34]">I2C2_ER_IRQHandler</a> from startup_stm32h743xx.o(.text) referenced from startup_stm32h743xx.o(RESET)
 <LI><a href="#[33]">I2C2_EV_IRQHandler</a> from startup_stm32h743xx.o(.text) referenced from startup_stm32h743xx.o(RESET)
 <LI><a href="#[56]">I2C3_ER_IRQHandler</a> from startup_stm32h743xx.o(.text) referenced from startup_stm32h743xx.o(RESET)
 <LI><a href="#[55]">I2C3_EV_IRQHandler</a> from startup_stm32h743xx.o(.text) referenced from startup_stm32h743xx.o(RESET)
 <LI><a href="#[6c]">I2C4_ER_IRQHandler</a> from startup_stm32h743xx.o(.text) referenced from startup_stm32h743xx.o(RESET)
 <LI><a href="#[6b]">I2C4_EV_IRQHandler</a> from startup_stm32h743xx.o(.text) referenced from startup_stm32h743xx.o(RESET)
 <LI><a href="#[85]">JPEG_IRQHandler</a> from startup_stm32h743xx.o(.text) referenced from startup_stm32h743xx.o(RESET)
 <LI><a href="#[69]">LPTIM1_IRQHandler</a> from startup_stm32h743xx.o(.text) referenced from startup_stm32h743xx.o(RESET)
 <LI><a href="#[94]">LPTIM2_IRQHandler</a> from startup_stm32h743xx.o(.text) referenced from startup_stm32h743xx.o(RESET)
 <LI><a href="#[95]">LPTIM3_IRQHandler</a> from startup_stm32h743xx.o(.text) referenced from startup_stm32h743xx.o(RESET)
 <LI><a href="#[96]">LPTIM4_IRQHandler</a> from startup_stm32h743xx.o(.text) referenced from startup_stm32h743xx.o(RESET)
 <LI><a href="#[97]">LPTIM5_IRQHandler</a> from startup_stm32h743xx.o(.text) referenced from startup_stm32h743xx.o(RESET)
 <LI><a href="#[98]">LPUART1_IRQHandler</a> from startup_stm32h743xx.o(.text) referenced from startup_stm32h743xx.o(RESET)
 <LI><a href="#[f5]">LSS_cfgStore_callback</a> from bx_can12_open_app.o(i.LSS_cfgStore_callback) referenced from bx_can12_open_app.o(i.bx_can12_open_app_init)
 <LI><a href="#[65]">LTDC_ER_IRQHandler</a> from startup_stm32h743xx.o(.text) referenced from startup_stm32h743xx.o(RESET)
 <LI><a href="#[64]">LTDC_IRQHandler</a> from startup_stm32h743xx.o(.text) referenced from startup_stm32h743xx.o(RESET)
 <LI><a href="#[84]">MDIOS_IRQHandler</a> from startup_stm32h743xx.o(.text) referenced from startup_stm32h743xx.o(RESET)
 <LI><a href="#[83]">MDIOS_WKUP_IRQHandler</a> from startup_stm32h743xx.o(.text) referenced from startup_stm32h743xx.o(RESET)
 <LI><a href="#[86]">MDMA_IRQHandler</a> from startup_stm32h743xx.o(.text) referenced from startup_stm32h743xx.o(RESET)
 <LI><a href="#[b]">MemManage_Handler</a> from stm32h7xx_it.o(.emb_text) referenced from startup_stm32h743xx.o(RESET)
 <LI><a href="#[9]">NMI_Handler</a> from stm32h7xx_it.o(i.NMI_Handler) referenced from startup_stm32h743xx.o(RESET)
 <LI><a href="#[e4]">OD_readDisabled</a> from co_odinterface.o(i.OD_readDisabled) referenced from co_odinterface.o(i.OD_getSub)
 <LI><a href="#[a5]">OD_readOriginal</a> from co_odinterface.o(i.OD_readOriginal) referenced from co_hbconsumer.o(i.CO_HBconsumer_init)
 <LI><a href="#[a5]">OD_readOriginal</a> from co_odinterface.o(i.OD_readOriginal) referenced from co_nmt_heartbeat.o(i.CO_NMT_init)
 <LI><a href="#[a5]">OD_readOriginal</a> from co_odinterface.o(i.OD_readOriginal) referenced from co_pdo.o(i.CO_RPDO_init)
 <LI><a href="#[a5]">OD_readOriginal</a> from co_odinterface.o(i.OD_readOriginal) referenced from co_sdoserver.o(i.CO_SDOserver_init)
 <LI><a href="#[a5]">OD_readOriginal</a> from co_odinterface.o(i.OD_readOriginal) referenced from co_sync.o(i.CO_SYNC_init)
 <LI><a href="#[a5]">OD_readOriginal</a> from co_odinterface.o(i.OD_readOriginal) referenced from co_time.o(i.CO_TIME_init)
 <LI><a href="#[a5]">OD_readOriginal</a> from co_odinterface.o(i.OD_readOriginal) referenced from co_pdo.o(i.CO_TPDO_init)
 <LI><a href="#[a5]">OD_readOriginal</a> from co_odinterface.o(i.OD_readOriginal) referenced from co_storage.o(i.CO_storage_init)
 <LI><a href="#[a5]">OD_readOriginal</a> from co_odinterface.o(i.OD_readOriginal) referenced from co_odinterface.o(i.OD_getSub)
 <LI><a href="#[a3]">OD_read_1003</a> from co_emergency.o(i.OD_read_1003) referenced from co_emergency.o(i.CO_EM_init)
 <LI><a href="#[a1]">OD_read_1014_default</a> from co_emergency.o(i.OD_read_1014_default) referenced from co_emergency.o(i.CO_EM_init)
 <LI><a href="#[ac]">OD_read_PDO_commParam</a> from co_pdo.o(i.OD_read_PDO_commParam) referenced from co_pdo.o(i.CO_RPDO_init)
 <LI><a href="#[ac]">OD_read_PDO_commParam</a> from co_pdo.o(i.OD_read_PDO_commParam) referenced from co_pdo.o(i.CO_TPDO_init)
 <LI><a href="#[e6]">OD_read_dummy</a> from co_pdo.o(i.OD_read_dummy) referenced from co_pdo.o(i.PDOconfigMap)
 <LI><a href="#[e5]">OD_writeDisabled</a> from co_odinterface.o(i.OD_writeDisabled) referenced from co_odinterface.o(i.OD_getSub)
 <LI><a href="#[a2]">OD_writeOriginal</a> from co_odinterface.o(i.OD_writeOriginal) referenced from co_emergency.o(i.CO_EM_init)
 <LI><a href="#[a2]">OD_writeOriginal</a> from co_odinterface.o(i.OD_writeOriginal) referenced from co_odinterface.o(i.OD_getSub)
 <LI><a href="#[a4]">OD_write_1003</a> from co_emergency.o(i.OD_write_1003) referenced from co_emergency.o(i.CO_EM_init)
 <LI><a href="#[b1]">OD_write_1005</a> from co_sync.o(i.OD_write_1005) referenced from co_sync.o(i.CO_SYNC_init)
 <LI><a href="#[b9]">OD_write_1010</a> from co_storage.o(i.OD_write_1010) referenced from co_storage.o(i.CO_storage_init)
 <LI><a href="#[ba]">OD_write_1011</a> from co_storage.o(i.OD_write_1011) referenced from co_storage.o(i.CO_storage_init)
 <LI><a href="#[b4]">OD_write_1012</a> from co_time.o(i.OD_write_1012) referenced from co_time.o(i.CO_TIME_init)
 <LI><a href="#[a6]">OD_write_1016</a> from co_hbconsumer.o(i.OD_write_1016) referenced from co_hbconsumer.o(i.CO_HBconsumer_init)
 <LI><a href="#[a9]">OD_write_1017</a> from co_nmt_heartbeat.o(i.OD_write_1017) referenced from co_nmt_heartbeat.o(i.CO_NMT_init)
 <LI><a href="#[b2]">OD_write_1019</a> from co_sync.o(i.OD_write_1019) referenced from co_sync.o(i.CO_SYNC_init)
 <LI><a href="#[af]">OD_write_1201_additional</a> from co_sdoserver.o(i.OD_write_1201_additional) referenced from co_sdoserver.o(i.CO_SDOserver_init)
 <LI><a href="#[ad]">OD_write_14xx</a> from co_pdo.o(i.OD_write_14xx) referenced from co_pdo.o(i.CO_RPDO_init)
 <LI><a href="#[b6]">OD_write_18xx</a> from co_pdo.o(i.OD_write_18xx) referenced from co_pdo.o(i.CO_TPDO_init)
 <LI><a href="#[ae]">OD_write_PDO_mapping</a> from co_pdo.o(i.OD_write_PDO_mapping) referenced from co_pdo.o(i.CO_RPDO_init)
 <LI><a href="#[ae]">OD_write_PDO_mapping</a> from co_pdo.o(i.OD_write_PDO_mapping) referenced from co_pdo.o(i.CO_TPDO_init)
 <LI><a href="#[e7]">OD_write_dummy</a> from co_pdo.o(i.OD_write_dummy) referenced from co_pdo.o(i.PDOconfigMap)
 <LI><a href="#[6f]">OTG_FS_EP1_IN_IRQHandler</a> from startup_stm32h743xx.o(.text) referenced from startup_stm32h743xx.o(RESET)
 <LI><a href="#[6e]">OTG_FS_EP1_OUT_IRQHandler</a> from startup_stm32h743xx.o(.text) referenced from startup_stm32h743xx.o(RESET)
 <LI><a href="#[71]">OTG_FS_IRQHandler</a> from startup_stm32h743xx.o(.text) referenced from startup_stm32h743xx.o(RESET)
 <LI><a href="#[70]">OTG_FS_WKUP_IRQHandler</a> from startup_stm32h743xx.o(.text) referenced from startup_stm32h743xx.o(RESET)
 <LI><a href="#[58]">OTG_HS_EP1_IN_IRQHandler</a> from startup_stm32h743xx.o(.text) referenced from startup_stm32h743xx.o(RESET)
 <LI><a href="#[57]">OTG_HS_EP1_OUT_IRQHandler</a> from startup_stm32h743xx.o(.text) referenced from startup_stm32h743xx.o(RESET)
 <LI><a href="#[5a]">OTG_HS_IRQHandler</a> from startup_stm32h743xx.o(.text) referenced from startup_stm32h743xx.o(RESET)
 <LI><a href="#[59]">OTG_HS_WKUP_IRQHandler</a> from startup_stm32h743xx.o(.text) referenced from startup_stm32h743xx.o(RESET)
 <LI><a href="#[13]">PVD_AVD_IRQHandler</a> from startup_stm32h743xx.o(.text) referenced from startup_stm32h743xx.o(RESET)
 <LI><a href="#[10]">PendSV_Handler</a> from stm32h7xx_it.o(i.PendSV_Handler) referenced from startup_stm32h743xx.o(RESET)
 <LI><a href="#[68]">QUADSPI_IRQHandler</a> from startup_stm32h743xx.o(.text) referenced from startup_stm32h743xx.o(RESET)
 <LI><a href="#[17]">RCC_IRQHandler</a> from startup_stm32h743xx.o(.text) referenced from startup_stm32h743xx.o(RESET)
 <LI><a href="#[5c]">RNG_IRQHandler</a> from startup_stm32h743xx.o(.text) referenced from startup_stm32h743xx.o(RESET)
 <LI><a href="#[3b]">RTC_Alarm_IRQHandler</a> from startup_stm32h743xx.o(.text) referenced from startup_stm32h743xx.o(RESET)
 <LI><a href="#[15]">RTC_WKUP_IRQHandler</a> from startup_stm32h743xx.o(.text) referenced from startup_stm32h743xx.o(RESET)
 <LI><a href="#[8]">Reset_Handler</a> from startup_stm32h743xx.o(.text) referenced from startup_stm32h743xx.o(RESET)
 <LI><a href="#[63]">SAI1_IRQHandler</a> from startup_stm32h743xx.o(.text) referenced from startup_stm32h743xx.o(RESET)
 <LI><a href="#[67]">SAI2_IRQHandler</a> from startup_stm32h743xx.o(.text) referenced from startup_stm32h743xx.o(RESET)
 <LI><a href="#[7e]">SAI3_IRQHandler</a> from startup_stm32h743xx.o(.text) referenced from startup_stm32h743xx.o(RESET)
 <LI><a href="#[9b]">SAI4_IRQHandler</a> from startup_stm32h743xx.o(.text) referenced from startup_stm32h743xx.o(RESET)
 <LI><a href="#[42]">SDMMC1_IRQHandler</a> from startup_stm32h743xx.o(.text) referenced from startup_stm32h743xx.o(RESET)
 <LI><a href="#[87]">SDMMC2_IRQHandler</a> from startup_stm32h743xx.o(.text) referenced from startup_stm32h743xx.o(RESET)
 <LI><a href="#[6d]">SPDIF_RX_IRQHandler</a> from startup_stm32h743xx.o(.text) referenced from startup_stm32h743xx.o(RESET)
 <LI><a href="#[35]">SPI1_IRQHandler</a> from spi_flash.o(i.SPI1_IRQHandler) referenced from startup_stm32h743xx.o(RESET)
 <LI><a href="#[36]">SPI2_IRQHandler</a> from startup_stm32h743xx.o(.text) referenced from startup_stm32h743xx.o(RESET)
 <LI><a href="#[44]">SPI3_IRQHandler</a> from startup_stm32h743xx.o(.text) referenced from startup_stm32h743xx.o(RESET)
 <LI><a href="#[60]">SPI4_IRQHandler</a> from startup_stm32h743xx.o(.text) referenced from startup_stm32h743xx.o(RESET)
 <LI><a href="#[61]">SPI5_IRQHandler</a> from startup_stm32h743xx.o(.text) referenced from startup_stm32h743xx.o(RESET)
 <LI><a href="#[62]">SPI6_IRQHandler</a> from startup_stm32h743xx.o(.text) referenced from startup_stm32h743xx.o(RESET)
 <LI><a href="#[d8]">SPI_DMAAbortOnError</a> from stm32h7xx_hal_spi.o(i.SPI_DMAAbortOnError) referenced from stm32h7xx_hal_spi.o(i.HAL_SPI_IRQHandler)
 <LI><a href="#[e]">SVC_Handler</a> from stm32h7xx_it.o(i.SVC_Handler) referenced from startup_stm32h743xx.o(RESET)
 <LI><a href="#[7f]">SWPMI1_IRQHandler</a> from startup_stm32h743xx.o(.text) referenced from startup_stm32h743xx.o(RESET)
 <LI><a href="#[11]">SysTick_Handler</a> from main.o(.ITCM_CODE) referenced from startup_stm32h743xx.o(RESET)
 <LI><a href="#[9f]">SystemInit</a> from system_stm32h7xx.o(i.SystemInit) referenced from startup_stm32h743xx.o(.text)
 <LI><a href="#[14]">TAMP_STAMP_IRQHandler</a> from startup_stm32h743xx.o(.text) referenced from startup_stm32h743xx.o(RESET)
 <LI><a href="#[80]">TIM15_IRQHandler</a> from startup_stm32h743xx.o(.text) referenced from startup_stm32h743xx.o(RESET)
 <LI><a href="#[81]">TIM16_IRQHandler</a> from startup_stm32h743xx.o(.text) referenced from startup_stm32h743xx.o(RESET)
 <LI><a href="#[82]">TIM17_IRQHandler</a> from startup_stm32h743xx.o(.text) referenced from startup_stm32h743xx.o(RESET)
 <LI><a href="#[2a]">TIM1_BRK_IRQHandler</a> from startup_stm32h743xx.o(.text) referenced from startup_stm32h743xx.o(RESET)
 <LI><a href="#[2d]">TIM1_CC_IRQHandler</a> from startup_stm32h743xx.o(.text) referenced from startup_stm32h743xx.o(RESET)
 <LI><a href="#[2c]">TIM1_TRG_COM_IRQHandler</a> from startup_stm32h743xx.o(.text) referenced from startup_stm32h743xx.o(RESET)
 <LI><a href="#[2b]">TIM1_UP_IRQHandler</a> from pwm_timer1.o(i.TIM1_UP_IRQHandler) referenced from startup_stm32h743xx.o(RESET)
 <LI><a href="#[2e]">TIM2_IRQHandler</a> from startup_stm32h743xx.o(.text) referenced from startup_stm32h743xx.o(RESET)
 <LI><a href="#[2f]">TIM3_IRQHandler</a> from startup_stm32h743xx.o(.text) referenced from startup_stm32h743xx.o(RESET)
 <LI><a href="#[30]">TIM4_IRQHandler</a> from startup_stm32h743xx.o(.text) referenced from startup_stm32h743xx.o(RESET)
 <LI><a href="#[43]">TIM5_IRQHandler</a> from pwm_in_timer5.o(i.TIM5_IRQHandler) referenced from startup_stm32h743xx.o(RESET)
 <LI><a href="#[47]">TIM6_DAC_IRQHandler</a> from startup_stm32h743xx.o(.text) referenced from startup_stm32h743xx.o(RESET)
 <LI><a href="#[48]">TIM7_IRQHandler</a> from startup_stm32h743xx.o(.text) referenced from startup_stm32h743xx.o(RESET)
 <LI><a href="#[3c]">TIM8_BRK_TIM12_IRQHandler</a> from startup_stm32h743xx.o(.text) referenced from startup_stm32h743xx.o(RESET)
 <LI><a href="#[3f]">TIM8_CC_IRQHandler</a> from startup_stm32h743xx.o(.text) referenced from startup_stm32h743xx.o(RESET)
 <LI><a href="#[3e]">TIM8_TRG_COM_TIM14_IRQHandler</a> from startup_stm32h743xx.o(.text) referenced from startup_stm32h743xx.o(RESET)
 <LI><a href="#[3d]">TIM8_UP_TIM13_IRQHandler</a> from startup_stm32h743xx.o(.text) referenced from startup_stm32h743xx.o(RESET)
 <LI><a href="#[45]">UART4_IRQHandler</a> from startup_stm32h743xx.o(.text) referenced from startup_stm32h743xx.o(RESET)
 <LI><a href="#[46]">UART5_IRQHandler</a> from startup_stm32h743xx.o(.text) referenced from startup_stm32h743xx.o(RESET)
 <LI><a href="#[5e]">UART7_IRQHandler</a> from startup_stm32h743xx.o(.text) referenced from startup_stm32h743xx.o(RESET)
 <LI><a href="#[5f]">UART8_IRQHandler</a> from startup_stm32h743xx.o(.text) referenced from startup_stm32h743xx.o(RESET)
 <LI><a href="#[37]">USART1_IRQHandler</a> from usart1_dma.o(i.USART1_IRQHandler) referenced from startup_stm32h743xx.o(RESET)
 <LI><a href="#[38]">USART2_IRQHandler</a> from startup_stm32h743xx.o(.text) referenced from startup_stm32h743xx.o(RESET)
 <LI><a href="#[39]">USART3_IRQHandler</a> from startup_stm32h743xx.o(.text) referenced from startup_stm32h743xx.o(RESET)
 <LI><a href="#[54]">USART6_IRQHandler</a> from startup_stm32h743xx.o(.text) referenced from startup_stm32h743xx.o(RESET)
 <LI><a href="#[d]">UsageFault_Handler</a> from stm32h7xx_it.o(i.UsageFault_Handler) referenced from startup_stm32h743xx.o(RESET)
 <LI><a href="#[9c]">WAKEUP_PIN_IRQHandler</a> from startup_stm32h743xx.o(.text) referenced from startup_stm32h743xx.o(RESET)
 <LI><a href="#[12]">WWDG_IRQHandler</a> from startup_stm32h743xx.o(.text) referenced from startup_stm32h743xx.o(RESET)
 <LI><a href="#[a0]">__main</a> from entry.o(.ARM.Collect$$$$00000000) referenced from startup_stm32h743xx.o(.text)
 <LI><a href="#[f4]">_snputc</a> from printfa.o(i._snputc) referenced from printfa.o(i.__0vsnprintf)
 <LI><a href="#[5]">drv_eeprom_init</a> from drv_eeprom.o(i.drv_eeprom_init) referenced 2 times from drvp_eeprom.o(.data)
 <LI><a href="#[7]">drv_eeprom_readbuf</a> from drv_eeprom.o(i.drv_eeprom_readbuf) referenced 2 times from drvp_eeprom.o(.data)
 <LI><a href="#[6]">drv_eeprom_writebuf</a> from drv_eeprom.o(i.drv_eeprom_writebuf) referenced 2 times from drvp_eeprom.o(.data)
 <LI><a href="#[f8]">drv_fmc_bl_ctrl</a> from drv_fmc_lcd.o(i.drv_fmc_bl_ctrl) referenced from drvp_fmc_lcd.o(i.drvp_fmc_lcd_init)
 <LI><a href="#[f6]">drv_fmc_lcd_init</a> from drv_fmc_lcd.o(i.drv_fmc_lcd_init) referenced from drvp_fmc_lcd.o(i.drvp_fmc_lcd_init)
 <LI><a href="#[f7]">drv_fmc_lcd_rst</a> from drv_fmc_lcd.o(i.drv_fmc_lcd_rst) referenced from drvp_fmc_lcd.o(i.drvp_fmc_lcd_init)
 <LI><a href="#[fb]">drv_fmc_read_data</a> from drv_fmc_lcd.o(i.drv_fmc_read_data) referenced from drvp_fmc_lcd.o(i.drvp_fmc_lcd_init)
 <LI><a href="#[f9]">drv_fmc_write_cmd</a> from drv_fmc_lcd.o(i.drv_fmc_write_cmd) referenced from drvp_fmc_lcd.o(i.drvp_fmc_lcd_init)
 <LI><a href="#[fa]">drv_fmc_write_data</a> from drv_fmc_lcd.o(i.drv_fmc_write_data) referenced from drvp_fmc_lcd.o(i.drvp_fmc_lcd_init)
 <LI><a href="#[3]">drv_key_init</a> from drv_key.o(i.drv_key_init) referenced 2 times from drvp_key.o(.data)
 <LI><a href="#[4]">drv_key_readmask</a> from drv_key.o(i.drv_key_readmask) referenced 2 times from drvp_key.o(.data)
 <LI><a href="#[0]">drv_led_init</a> from drv_led.o(i.drv_led_init) referenced 2 times from drvp_led.o(.data)
 <LI><a href="#[2]">drv_led_off</a> from drv_led.o(i.drv_led_off) referenced 2 times from drvp_led.o(.data)
 <LI><a href="#[1]">drv_led_on</a> from drv_led.o(i.drv_led_on) referenced 2 times from drvp_led.o(.data)
 <LI><a href="#[9d]">main</a> from main.o(i.main) referenced from entry9a.o(.ARM.Collect$$$$0000000B)
 <LI><a href="#[b7]">restoreEeprom</a> from co_storageeeprom.o(i.restoreEeprom) referenced from co_storageeeprom.o(i.CO_storageEeprom_init)
 <LI><a href="#[b8]">storeEeprom</a> from co_storageeeprom.o(i.storeEeprom) referenced from co_storageeeprom.o(i.CO_storageEeprom_init)
</UL>
<P>
<H3>
Global Symbols
</H3>
<P><STRONG><a name="[11]"></a>SysTick_Handler</STRONG> (Thumb, 40 bytes, Stack size 8 bytes, main.o(.ITCM_CODE))
<BR><BR>[Stack]<UL><LI>Max Depth = 56<LI>Call Chain = SysTick_Handler &rArr; drvp_key_prc_10ms &rArr; drvp_key_wfifo &rArr; circular_buffer_write
</UL>
<BR>[Calls]<UL><LI><a href="#[204]">&gt;&gt;</a>&nbsp;&nbsp;&nbsp;HAL_IncTick (via Veneer)
<LI><a href="#[206]">&gt;&gt;</a>&nbsp;&nbsp;&nbsp;bx_can12_open_app_prc_1ms (via Veneer)
<LI><a href="#[1f7]">&gt;&gt;</a>&nbsp;&nbsp;&nbsp;drvp_key_prc_10ms (via Veneer)
<LI><a href="#[205]">&gt;&gt;</a>&nbsp;&nbsp;&nbsp;drvp_led_prc_1ms (via Veneer)
</UL>
<BR>[Address Reference Count : 1]<UL><LI> startup_stm32h743xx.o(RESET)
</UL>
<P><STRONG><a name="[a0]"></a>__main</STRONG> (Thumb, 0 bytes, Stack size unknown bytes, entry.o(.ARM.Collect$$$$00000000))
<BR>[Address Reference Count : 1]<UL><LI> startup_stm32h743xx.o(.text)
</UL>
<P><STRONG><a name="[207]"></a>_main_stk</STRONG> (Thumb, 0 bytes, Stack size unknown bytes, entry2.o(.ARM.Collect$$$$00000001))

<P><STRONG><a name="[fc]"></a>_main_scatterload</STRONG> (Thumb, 0 bytes, Stack size unknown bytes, entry5.o(.ARM.Collect$$$$00000004))
<BR><BR>[Calls]<UL><LI><a href="#[fd]">&gt;&gt;</a>&nbsp;&nbsp;&nbsp;__scatterload
</UL>

<P><STRONG><a name="[10f]"></a>__main_after_scatterload</STRONG> (Thumb, 0 bytes, Stack size unknown bytes, entry5.o(.ARM.Collect$$$$00000004))
<BR><BR>[Called By]<UL><LI><a href="#[fd]">&gt;&gt;</a>&nbsp;&nbsp;&nbsp;__scatterload
</UL>

<P><STRONG><a name="[208]"></a>_main_clock</STRONG> (Thumb, 0 bytes, Stack size unknown bytes, entry7b.o(.ARM.Collect$$$$00000008))

<P><STRONG><a name="[209]"></a>_main_cpp_init</STRONG> (Thumb, 0 bytes, Stack size unknown bytes, entry8b.o(.ARM.Collect$$$$0000000A))

<P><STRONG><a name="[20a]"></a>_main_init</STRONG> (Thumb, 0 bytes, Stack size unknown bytes, entry9a.o(.ARM.Collect$$$$0000000B))

<P><STRONG><a name="[20b]"></a>__rt_lib_shutdown_fini</STRONG> (Thumb, 0 bytes, Stack size unknown bytes, entry12b.o(.ARM.Collect$$$$0000000E))

<P><STRONG><a name="[20c]"></a>__rt_final_cpp</STRONG> (Thumb, 0 bytes, Stack size unknown bytes, entry10a.o(.ARM.Collect$$$$0000000F))

<P><STRONG><a name="[20d]"></a>__rt_final_exit</STRONG> (Thumb, 0 bytes, Stack size unknown bytes, entry11a.o(.ARM.Collect$$$$00000011))

<P><STRONG><a name="[b]"></a>MemManage_Handler</STRONG> (Thumb, 18 bytes, Stack size 0 bytes, stm32h7xx_it.o(.emb_text))
<BR><BR>[Stack]<UL><LI>Max Depth = 48<LI>Call Chain = MemManage_Handler &rArr; MemManage_Handler_C
</UL>
<BR>[Calls]<UL><LI><a href="#[fe]">&gt;&gt;</a>&nbsp;&nbsp;&nbsp;MemManage_Handler_C
</UL>
<BR>[Address Reference Count : 1]<UL><LI> startup_stm32h743xx.o(RESET)
</UL>
<P><STRONG><a name="[20e]"></a>__asm___15_EventRecorder_c_e8d3082c__atomic_inc8</STRONG> (Thumb, 18 bytes, Stack size 0 bytes, eventrecorder.o(.emb_text), UNUSED)

<P><STRONG><a name="[178]"></a>__asm___15_EventRecorder_c_e8d3082c__atomic_inc32</STRONG> (Thumb, 18 bytes, Stack size 0 bytes, eventrecorder.o(.emb_text))
<BR><BR>[Called By]<UL><LI><a href="#[179]">&gt;&gt;</a>&nbsp;&nbsp;&nbsp;EventRecordItem
<LI><a href="#[175]">&gt;&gt;</a>&nbsp;&nbsp;&nbsp;EventGetTS
</UL>

<P><STRONG><a name="[177]"></a>__asm___15_EventRecorder_c_e8d3082c__atomic_xch32</STRONG> (Thumb, 16 bytes, Stack size 0 bytes, eventrecorder.o(.emb_text))
<BR><BR>[Called By]<UL><LI><a href="#[175]">&gt;&gt;</a>&nbsp;&nbsp;&nbsp;EventGetTS
</UL>

<P><STRONG><a name="[17a]"></a>__asm___15_EventRecorder_c_e8d3082c__LockRecord</STRONG> (Thumb, 34 bytes, Stack size 0 bytes, eventrecorder.o(.emb_text))
<BR><BR>[Called By]<UL><LI><a href="#[179]">&gt;&gt;</a>&nbsp;&nbsp;&nbsp;EventRecordItem
</UL>

<P><STRONG><a name="[17b]"></a>__asm___15_EventRecorder_c_e8d3082c__UnlockRecord</STRONG> (Thumb, 30 bytes, Stack size 0 bytes, eventrecorder.o(.emb_text))
<BR><BR>[Called By]<UL><LI><a href="#[179]">&gt;&gt;</a>&nbsp;&nbsp;&nbsp;EventRecordItem
</UL>

<P><STRONG><a name="[8]"></a>Reset_Handler</STRONG> (Thumb, 12 bytes, Stack size 0 bytes, startup_stm32h743xx.o(.text))
<BR>[Address Reference Count : 1]<UL><LI> startup_stm32h743xx.o(RESET)
</UL>
<P><STRONG><a name="[89]"></a>ADC3_IRQHandler</STRONG> (Thumb, 0 bytes, Stack size 0 bytes, startup_stm32h743xx.o(.text))
<BR><BR>[Calls]<UL><LI><a href="#[89]">&gt;&gt;</a>&nbsp;&nbsp;&nbsp;ADC3_IRQHandler
</UL>
<BR>[Called By]<UL><LI><a href="#[89]">&gt;&gt;</a>&nbsp;&nbsp;&nbsp;ADC3_IRQHandler
</UL>
<BR>[Address Reference Count : 1]<UL><LI> startup_stm32h743xx.o(RESET)
</UL>
<P><STRONG><a name="[24]"></a>ADC_IRQHandler</STRONG> (Thumb, 0 bytes, Stack size 0 bytes, startup_stm32h743xx.o(.text))
<BR>[Address Reference Count : 1]<UL><LI> startup_stm32h743xx.o(RESET)
</UL>
<P><STRONG><a name="[8c]"></a>BDMA_Channel1_IRQHandler</STRONG> (Thumb, 0 bytes, Stack size 0 bytes, startup_stm32h743xx.o(.text))
<BR>[Address Reference Count : 1]<UL><LI> startup_stm32h743xx.o(RESET)
</UL>
<P><STRONG><a name="[8d]"></a>BDMA_Channel2_IRQHandler</STRONG> (Thumb, 0 bytes, Stack size 0 bytes, startup_stm32h743xx.o(.text))
<BR>[Address Reference Count : 1]<UL><LI> startup_stm32h743xx.o(RESET)
</UL>
<P><STRONG><a name="[8e]"></a>BDMA_Channel3_IRQHandler</STRONG> (Thumb, 0 bytes, Stack size 0 bytes, startup_stm32h743xx.o(.text))
<BR>[Address Reference Count : 1]<UL><LI> startup_stm32h743xx.o(RESET)
</UL>
<P><STRONG><a name="[8f]"></a>BDMA_Channel4_IRQHandler</STRONG> (Thumb, 0 bytes, Stack size 0 bytes, startup_stm32h743xx.o(.text))
<BR>[Address Reference Count : 1]<UL><LI> startup_stm32h743xx.o(RESET)
</UL>
<P><STRONG><a name="[90]"></a>BDMA_Channel5_IRQHandler</STRONG> (Thumb, 0 bytes, Stack size 0 bytes, startup_stm32h743xx.o(.text))
<BR>[Address Reference Count : 1]<UL><LI> startup_stm32h743xx.o(RESET)
</UL>
<P><STRONG><a name="[91]"></a>BDMA_Channel6_IRQHandler</STRONG> (Thumb, 0 bytes, Stack size 0 bytes, startup_stm32h743xx.o(.text))
<BR>[Address Reference Count : 1]<UL><LI> startup_stm32h743xx.o(RESET)
</UL>
<P><STRONG><a name="[92]"></a>BDMA_Channel7_IRQHandler</STRONG> (Thumb, 0 bytes, Stack size 0 bytes, startup_stm32h743xx.o(.text))
<BR>[Address Reference Count : 1]<UL><LI> startup_stm32h743xx.o(RESET)
</UL>
<P><STRONG><a name="[6a]"></a>CEC_IRQHandler</STRONG> (Thumb, 0 bytes, Stack size 0 bytes, startup_stm32h743xx.o(.text))
<BR>[Address Reference Count : 1]<UL><LI> startup_stm32h743xx.o(RESET)
</UL>
<P><STRONG><a name="[93]"></a>COMP1_IRQHandler</STRONG> (Thumb, 0 bytes, Stack size 0 bytes, startup_stm32h743xx.o(.text))
<BR>[Address Reference Count : 1]<UL><LI> startup_stm32h743xx.o(RESET)
</UL>
<P><STRONG><a name="[99]"></a>CRS_IRQHandler</STRONG> (Thumb, 0 bytes, Stack size 0 bytes, startup_stm32h743xx.o(.text))
<BR>[Address Reference Count : 1]<UL><LI> startup_stm32h743xx.o(RESET)
</UL>
<P><STRONG><a name="[5b]"></a>DCMI_IRQHandler</STRONG> (Thumb, 0 bytes, Stack size 0 bytes, startup_stm32h743xx.o(.text))
<BR>[Address Reference Count : 1]<UL><LI> startup_stm32h743xx.o(RESET)
</UL>
<P><STRONG><a name="[7a]"></a>DFSDM1_FLT0_IRQHandler</STRONG> (Thumb, 0 bytes, Stack size 0 bytes, startup_stm32h743xx.o(.text))
<BR>[Address Reference Count : 1]<UL><LI> startup_stm32h743xx.o(RESET)
</UL>
<P><STRONG><a name="[7b]"></a>DFSDM1_FLT1_IRQHandler</STRONG> (Thumb, 0 bytes, Stack size 0 bytes, startup_stm32h743xx.o(.text))
<BR>[Address Reference Count : 1]<UL><LI> startup_stm32h743xx.o(RESET)
</UL>
<P><STRONG><a name="[7c]"></a>DFSDM1_FLT2_IRQHandler</STRONG> (Thumb, 0 bytes, Stack size 0 bytes, startup_stm32h743xx.o(.text))
<BR>[Address Reference Count : 1]<UL><LI> startup_stm32h743xx.o(RESET)
</UL>
<P><STRONG><a name="[7d]"></a>DFSDM1_FLT3_IRQHandler</STRONG> (Thumb, 0 bytes, Stack size 0 bytes, startup_stm32h743xx.o(.text))
<BR>[Address Reference Count : 1]<UL><LI> startup_stm32h743xx.o(RESET)
</UL>
<P><STRONG><a name="[20]"></a>DMA1_Stream3_IRQHandler</STRONG> (Thumb, 0 bytes, Stack size 0 bytes, startup_stm32h743xx.o(.text))
<BR>[Address Reference Count : 1]<UL><LI> startup_stm32h743xx.o(RESET)
</UL>
<P><STRONG><a name="[23]"></a>DMA1_Stream6_IRQHandler</STRONG> (Thumb, 0 bytes, Stack size 0 bytes, startup_stm32h743xx.o(.text))
<BR>[Address Reference Count : 1]<UL><LI> startup_stm32h743xx.o(RESET)
</UL>
<P><STRONG><a name="[40]"></a>DMA1_Stream7_IRQHandler</STRONG> (Thumb, 0 bytes, Stack size 0 bytes, startup_stm32h743xx.o(.text))
<BR>[Address Reference Count : 1]<UL><LI> startup_stm32h743xx.o(RESET)
</UL>
<P><STRONG><a name="[66]"></a>DMA2D_IRQHandler</STRONG> (Thumb, 0 bytes, Stack size 0 bytes, startup_stm32h743xx.o(.text))
<BR>[Address Reference Count : 1]<UL><LI> startup_stm32h743xx.o(RESET)
</UL>
<P><STRONG><a name="[49]"></a>DMA2_Stream0_IRQHandler</STRONG> (Thumb, 0 bytes, Stack size 0 bytes, startup_stm32h743xx.o(.text))
<BR>[Address Reference Count : 1]<UL><LI> startup_stm32h743xx.o(RESET)
</UL>
<P><STRONG><a name="[4a]"></a>DMA2_Stream1_IRQHandler</STRONG> (Thumb, 0 bytes, Stack size 0 bytes, startup_stm32h743xx.o(.text))
<BR>[Address Reference Count : 1]<UL><LI> startup_stm32h743xx.o(RESET)
</UL>
<P><STRONG><a name="[4b]"></a>DMA2_Stream2_IRQHandler</STRONG> (Thumb, 0 bytes, Stack size 0 bytes, startup_stm32h743xx.o(.text))
<BR>[Address Reference Count : 1]<UL><LI> startup_stm32h743xx.o(RESET)
</UL>
<P><STRONG><a name="[4c]"></a>DMA2_Stream3_IRQHandler</STRONG> (Thumb, 0 bytes, Stack size 0 bytes, startup_stm32h743xx.o(.text))
<BR>[Address Reference Count : 1]<UL><LI> startup_stm32h743xx.o(RESET)
</UL>
<P><STRONG><a name="[4d]"></a>DMA2_Stream4_IRQHandler</STRONG> (Thumb, 0 bytes, Stack size 0 bytes, startup_stm32h743xx.o(.text))
<BR>[Address Reference Count : 1]<UL><LI> startup_stm32h743xx.o(RESET)
</UL>
<P><STRONG><a name="[51]"></a>DMA2_Stream5_IRQHandler</STRONG> (Thumb, 0 bytes, Stack size 0 bytes, startup_stm32h743xx.o(.text))
<BR>[Address Reference Count : 1]<UL><LI> startup_stm32h743xx.o(RESET)
</UL>
<P><STRONG><a name="[52]"></a>DMA2_Stream6_IRQHandler</STRONG> (Thumb, 0 bytes, Stack size 0 bytes, startup_stm32h743xx.o(.text))
<BR>[Address Reference Count : 1]<UL><LI> startup_stm32h743xx.o(RESET)
</UL>
<P><STRONG><a name="[53]"></a>DMA2_Stream7_IRQHandler</STRONG> (Thumb, 0 bytes, Stack size 0 bytes, startup_stm32h743xx.o(.text))
<BR>[Address Reference Count : 1]<UL><LI> startup_stm32h743xx.o(RESET)
</UL>
<P><STRONG><a name="[72]"></a>DMAMUX1_OVR_IRQHandler</STRONG> (Thumb, 0 bytes, Stack size 0 bytes, startup_stm32h743xx.o(.text))
<BR>[Address Reference Count : 1]<UL><LI> startup_stm32h743xx.o(RESET)
</UL>
<P><STRONG><a name="[8a]"></a>DMAMUX2_OVR_IRQHandler</STRONG> (Thumb, 0 bytes, Stack size 0 bytes, startup_stm32h743xx.o(.text))
<BR>[Address Reference Count : 1]<UL><LI> startup_stm32h743xx.o(RESET)
</UL>
<P><STRONG><a name="[9a]"></a>ECC_IRQHandler</STRONG> (Thumb, 0 bytes, Stack size 0 bytes, startup_stm32h743xx.o(.text))
<BR>[Address Reference Count : 1]<UL><LI> startup_stm32h743xx.o(RESET)
</UL>
<P><STRONG><a name="[4e]"></a>ETH_IRQHandler</STRONG> (Thumb, 0 bytes, Stack size 0 bytes, startup_stm32h743xx.o(.text))
<BR>[Address Reference Count : 1]<UL><LI> startup_stm32h743xx.o(RESET)
</UL>
<P><STRONG><a name="[4f]"></a>ETH_WKUP_IRQHandler</STRONG> (Thumb, 0 bytes, Stack size 0 bytes, startup_stm32h743xx.o(.text))
<BR>[Address Reference Count : 1]<UL><LI> startup_stm32h743xx.o(RESET)
</UL>
<P><STRONG><a name="[18]"></a>EXTI0_IRQHandler</STRONG> (Thumb, 0 bytes, Stack size 0 bytes, startup_stm32h743xx.o(.text))
<BR>[Address Reference Count : 1]<UL><LI> startup_stm32h743xx.o(RESET)
</UL>
<P><STRONG><a name="[3a]"></a>EXTI15_10_IRQHandler</STRONG> (Thumb, 0 bytes, Stack size 0 bytes, startup_stm32h743xx.o(.text))
<BR>[Address Reference Count : 1]<UL><LI> startup_stm32h743xx.o(RESET)
</UL>
<P><STRONG><a name="[19]"></a>EXTI1_IRQHandler</STRONG> (Thumb, 0 bytes, Stack size 0 bytes, startup_stm32h743xx.o(.text))
<BR>[Address Reference Count : 1]<UL><LI> startup_stm32h743xx.o(RESET)
</UL>
<P><STRONG><a name="[1a]"></a>EXTI2_IRQHandler</STRONG> (Thumb, 0 bytes, Stack size 0 bytes, startup_stm32h743xx.o(.text))
<BR>[Address Reference Count : 1]<UL><LI> startup_stm32h743xx.o(RESET)
</UL>
<P><STRONG><a name="[1b]"></a>EXTI3_IRQHandler</STRONG> (Thumb, 0 bytes, Stack size 0 bytes, startup_stm32h743xx.o(.text))
<BR>[Address Reference Count : 1]<UL><LI> startup_stm32h743xx.o(RESET)
</UL>
<P><STRONG><a name="[1c]"></a>EXTI4_IRQHandler</STRONG> (Thumb, 0 bytes, Stack size 0 bytes, startup_stm32h743xx.o(.text))
<BR>[Address Reference Count : 1]<UL><LI> startup_stm32h743xx.o(RESET)
</UL>
<P><STRONG><a name="[29]"></a>EXTI9_5_IRQHandler</STRONG> (Thumb, 0 bytes, Stack size 0 bytes, startup_stm32h743xx.o(.text))
<BR>[Address Reference Count : 1]<UL><LI> startup_stm32h743xx.o(RESET)
</UL>
<P><STRONG><a name="[27]"></a>FDCAN1_IT1_IRQHandler</STRONG> (Thumb, 0 bytes, Stack size 0 bytes, startup_stm32h743xx.o(.text))
<BR>[Address Reference Count : 1]<UL><LI> startup_stm32h743xx.o(RESET)
</UL>
<P><STRONG><a name="[28]"></a>FDCAN2_IT1_IRQHandler</STRONG> (Thumb, 0 bytes, Stack size 0 bytes, startup_stm32h743xx.o(.text))
<BR>[Address Reference Count : 1]<UL><LI> startup_stm32h743xx.o(RESET)
</UL>
<P><STRONG><a name="[16]"></a>FLASH_IRQHandler</STRONG> (Thumb, 0 bytes, Stack size 0 bytes, startup_stm32h743xx.o(.text))
<BR>[Address Reference Count : 1]<UL><LI> startup_stm32h743xx.o(RESET)
</UL>
<P><STRONG><a name="[41]"></a>FMC_IRQHandler</STRONG> (Thumb, 0 bytes, Stack size 0 bytes, startup_stm32h743xx.o(.text))
<BR>[Address Reference Count : 1]<UL><LI> startup_stm32h743xx.o(RESET)
</UL>
<P><STRONG><a name="[5d]"></a>FPU_IRQHandler</STRONG> (Thumb, 0 bytes, Stack size 0 bytes, startup_stm32h743xx.o(.text))
<BR>[Address Reference Count : 1]<UL><LI> startup_stm32h743xx.o(RESET)
</UL>
<P><STRONG><a name="[79]"></a>HRTIM1_FLT_IRQHandler</STRONG> (Thumb, 0 bytes, Stack size 0 bytes, startup_stm32h743xx.o(.text))
<BR>[Address Reference Count : 1]<UL><LI> startup_stm32h743xx.o(RESET)
</UL>
<P><STRONG><a name="[73]"></a>HRTIM1_Master_IRQHandler</STRONG> (Thumb, 0 bytes, Stack size 0 bytes, startup_stm32h743xx.o(.text))
<BR>[Address Reference Count : 1]<UL><LI> startup_stm32h743xx.o(RESET)
</UL>
<P><STRONG><a name="[74]"></a>HRTIM1_TIMA_IRQHandler</STRONG> (Thumb, 0 bytes, Stack size 0 bytes, startup_stm32h743xx.o(.text))
<BR>[Address Reference Count : 1]<UL><LI> startup_stm32h743xx.o(RESET)
</UL>
<P><STRONG><a name="[75]"></a>HRTIM1_TIMB_IRQHandler</STRONG> (Thumb, 0 bytes, Stack size 0 bytes, startup_stm32h743xx.o(.text))
<BR>[Address Reference Count : 1]<UL><LI> startup_stm32h743xx.o(RESET)
</UL>
<P><STRONG><a name="[76]"></a>HRTIM1_TIMC_IRQHandler</STRONG> (Thumb, 0 bytes, Stack size 0 bytes, startup_stm32h743xx.o(.text))
<BR>[Address Reference Count : 1]<UL><LI> startup_stm32h743xx.o(RESET)
</UL>
<P><STRONG><a name="[77]"></a>HRTIM1_TIMD_IRQHandler</STRONG> (Thumb, 0 bytes, Stack size 0 bytes, startup_stm32h743xx.o(.text))
<BR>[Address Reference Count : 1]<UL><LI> startup_stm32h743xx.o(RESET)
</UL>
<P><STRONG><a name="[78]"></a>HRTIM1_TIME_IRQHandler</STRONG> (Thumb, 0 bytes, Stack size 0 bytes, startup_stm32h743xx.o(.text))
<BR>[Address Reference Count : 1]<UL><LI> startup_stm32h743xx.o(RESET)
</UL>
<P><STRONG><a name="[88]"></a>HSEM1_IRQHandler</STRONG> (Thumb, 0 bytes, Stack size 0 bytes, startup_stm32h743xx.o(.text))
<BR>[Address Reference Count : 1]<UL><LI> startup_stm32h743xx.o(RESET)
</UL>
<P><STRONG><a name="[32]"></a>I2C1_ER_IRQHandler</STRONG> (Thumb, 0 bytes, Stack size 0 bytes, startup_stm32h743xx.o(.text))
<BR>[Address Reference Count : 1]<UL><LI> startup_stm32h743xx.o(RESET)
</UL>
<P><STRONG><a name="[31]"></a>I2C1_EV_IRQHandler</STRONG> (Thumb, 0 bytes, Stack size 0 bytes, startup_stm32h743xx.o(.text))
<BR>[Address Reference Count : 1]<UL><LI> startup_stm32h743xx.o(RESET)
</UL>
<P><STRONG><a name="[34]"></a>I2C2_ER_IRQHandler</STRONG> (Thumb, 0 bytes, Stack size 0 bytes, startup_stm32h743xx.o(.text))
<BR>[Address Reference Count : 1]<UL><LI> startup_stm32h743xx.o(RESET)
</UL>
<P><STRONG><a name="[33]"></a>I2C2_EV_IRQHandler</STRONG> (Thumb, 0 bytes, Stack size 0 bytes, startup_stm32h743xx.o(.text))
<BR>[Address Reference Count : 1]<UL><LI> startup_stm32h743xx.o(RESET)
</UL>
<P><STRONG><a name="[56]"></a>I2C3_ER_IRQHandler</STRONG> (Thumb, 0 bytes, Stack size 0 bytes, startup_stm32h743xx.o(.text))
<BR>[Address Reference Count : 1]<UL><LI> startup_stm32h743xx.o(RESET)
</UL>
<P><STRONG><a name="[55]"></a>I2C3_EV_IRQHandler</STRONG> (Thumb, 0 bytes, Stack size 0 bytes, startup_stm32h743xx.o(.text))
<BR>[Address Reference Count : 1]<UL><LI> startup_stm32h743xx.o(RESET)
</UL>
<P><STRONG><a name="[6c]"></a>I2C4_ER_IRQHandler</STRONG> (Thumb, 0 bytes, Stack size 0 bytes, startup_stm32h743xx.o(.text))
<BR>[Address Reference Count : 1]<UL><LI> startup_stm32h743xx.o(RESET)
</UL>
<P><STRONG><a name="[6b]"></a>I2C4_EV_IRQHandler</STRONG> (Thumb, 0 bytes, Stack size 0 bytes, startup_stm32h743xx.o(.text))
<BR>[Address Reference Count : 1]<UL><LI> startup_stm32h743xx.o(RESET)
</UL>
<P><STRONG><a name="[85]"></a>JPEG_IRQHandler</STRONG> (Thumb, 0 bytes, Stack size 0 bytes, startup_stm32h743xx.o(.text))
<BR>[Address Reference Count : 1]<UL><LI> startup_stm32h743xx.o(RESET)
</UL>
<P><STRONG><a name="[69]"></a>LPTIM1_IRQHandler</STRONG> (Thumb, 0 bytes, Stack size 0 bytes, startup_stm32h743xx.o(.text))
<BR>[Address Reference Count : 1]<UL><LI> startup_stm32h743xx.o(RESET)
</UL>
<P><STRONG><a name="[94]"></a>LPTIM2_IRQHandler</STRONG> (Thumb, 0 bytes, Stack size 0 bytes, startup_stm32h743xx.o(.text))
<BR>[Address Reference Count : 1]<UL><LI> startup_stm32h743xx.o(RESET)
</UL>
<P><STRONG><a name="[95]"></a>LPTIM3_IRQHandler</STRONG> (Thumb, 0 bytes, Stack size 0 bytes, startup_stm32h743xx.o(.text))
<BR>[Address Reference Count : 1]<UL><LI> startup_stm32h743xx.o(RESET)
</UL>
<P><STRONG><a name="[96]"></a>LPTIM4_IRQHandler</STRONG> (Thumb, 0 bytes, Stack size 0 bytes, startup_stm32h743xx.o(.text))
<BR>[Address Reference Count : 1]<UL><LI> startup_stm32h743xx.o(RESET)
</UL>
<P><STRONG><a name="[97]"></a>LPTIM5_IRQHandler</STRONG> (Thumb, 0 bytes, Stack size 0 bytes, startup_stm32h743xx.o(.text))
<BR>[Address Reference Count : 1]<UL><LI> startup_stm32h743xx.o(RESET)
</UL>
<P><STRONG><a name="[98]"></a>LPUART1_IRQHandler</STRONG> (Thumb, 0 bytes, Stack size 0 bytes, startup_stm32h743xx.o(.text))
<BR>[Address Reference Count : 1]<UL><LI> startup_stm32h743xx.o(RESET)
</UL>
<P><STRONG><a name="[65]"></a>LTDC_ER_IRQHandler</STRONG> (Thumb, 0 bytes, Stack size 0 bytes, startup_stm32h743xx.o(.text))
<BR>[Address Reference Count : 1]<UL><LI> startup_stm32h743xx.o(RESET)
</UL>
<P><STRONG><a name="[64]"></a>LTDC_IRQHandler</STRONG> (Thumb, 0 bytes, Stack size 0 bytes, startup_stm32h743xx.o(.text))
<BR>[Address Reference Count : 1]<UL><LI> startup_stm32h743xx.o(RESET)
</UL>
<P><STRONG><a name="[84]"></a>MDIOS_IRQHandler</STRONG> (Thumb, 0 bytes, Stack size 0 bytes, startup_stm32h743xx.o(.text))
<BR>[Address Reference Count : 1]<UL><LI> startup_stm32h743xx.o(RESET)
</UL>
<P><STRONG><a name="[83]"></a>MDIOS_WKUP_IRQHandler</STRONG> (Thumb, 0 bytes, Stack size 0 bytes, startup_stm32h743xx.o(.text))
<BR>[Address Reference Count : 1]<UL><LI> startup_stm32h743xx.o(RESET)
</UL>
<P><STRONG><a name="[86]"></a>MDMA_IRQHandler</STRONG> (Thumb, 0 bytes, Stack size 0 bytes, startup_stm32h743xx.o(.text))
<BR>[Address Reference Count : 1]<UL><LI> startup_stm32h743xx.o(RESET)
</UL>
<P><STRONG><a name="[6f]"></a>OTG_FS_EP1_IN_IRQHandler</STRONG> (Thumb, 0 bytes, Stack size 0 bytes, startup_stm32h743xx.o(.text))
<BR>[Address Reference Count : 1]<UL><LI> startup_stm32h743xx.o(RESET)
</UL>
<P><STRONG><a name="[6e]"></a>OTG_FS_EP1_OUT_IRQHandler</STRONG> (Thumb, 0 bytes, Stack size 0 bytes, startup_stm32h743xx.o(.text))
<BR>[Address Reference Count : 1]<UL><LI> startup_stm32h743xx.o(RESET)
</UL>
<P><STRONG><a name="[71]"></a>OTG_FS_IRQHandler</STRONG> (Thumb, 0 bytes, Stack size 0 bytes, startup_stm32h743xx.o(.text))
<BR>[Address Reference Count : 1]<UL><LI> startup_stm32h743xx.o(RESET)
</UL>
<P><STRONG><a name="[70]"></a>OTG_FS_WKUP_IRQHandler</STRONG> (Thumb, 0 bytes, Stack size 0 bytes, startup_stm32h743xx.o(.text))
<BR>[Address Reference Count : 1]<UL><LI> startup_stm32h743xx.o(RESET)
</UL>
<P><STRONG><a name="[58]"></a>OTG_HS_EP1_IN_IRQHandler</STRONG> (Thumb, 0 bytes, Stack size 0 bytes, startup_stm32h743xx.o(.text))
<BR>[Address Reference Count : 1]<UL><LI> startup_stm32h743xx.o(RESET)
</UL>
<P><STRONG><a name="[57]"></a>OTG_HS_EP1_OUT_IRQHandler</STRONG> (Thumb, 0 bytes, Stack size 0 bytes, startup_stm32h743xx.o(.text))
<BR>[Address Reference Count : 1]<UL><LI> startup_stm32h743xx.o(RESET)
</UL>
<P><STRONG><a name="[5a]"></a>OTG_HS_IRQHandler</STRONG> (Thumb, 0 bytes, Stack size 0 bytes, startup_stm32h743xx.o(.text))
<BR>[Address Reference Count : 1]<UL><LI> startup_stm32h743xx.o(RESET)
</UL>
<P><STRONG><a name="[59]"></a>OTG_HS_WKUP_IRQHandler</STRONG> (Thumb, 0 bytes, Stack size 0 bytes, startup_stm32h743xx.o(.text))
<BR>[Address Reference Count : 1]<UL><LI> startup_stm32h743xx.o(RESET)
</UL>
<P><STRONG><a name="[13]"></a>PVD_AVD_IRQHandler</STRONG> (Thumb, 0 bytes, Stack size 0 bytes, startup_stm32h743xx.o(.text))
<BR>[Address Reference Count : 1]<UL><LI> startup_stm32h743xx.o(RESET)
</UL>
<P><STRONG><a name="[68]"></a>QUADSPI_IRQHandler</STRONG> (Thumb, 0 bytes, Stack size 0 bytes, startup_stm32h743xx.o(.text))
<BR>[Address Reference Count : 1]<UL><LI> startup_stm32h743xx.o(RESET)
</UL>
<P><STRONG><a name="[17]"></a>RCC_IRQHandler</STRONG> (Thumb, 0 bytes, Stack size 0 bytes, startup_stm32h743xx.o(.text))
<BR>[Address Reference Count : 1]<UL><LI> startup_stm32h743xx.o(RESET)
</UL>
<P><STRONG><a name="[5c]"></a>RNG_IRQHandler</STRONG> (Thumb, 0 bytes, Stack size 0 bytes, startup_stm32h743xx.o(.text))
<BR>[Address Reference Count : 1]<UL><LI> startup_stm32h743xx.o(RESET)
</UL>
<P><STRONG><a name="[3b]"></a>RTC_Alarm_IRQHandler</STRONG> (Thumb, 0 bytes, Stack size 0 bytes, startup_stm32h743xx.o(.text))
<BR>[Address Reference Count : 1]<UL><LI> startup_stm32h743xx.o(RESET)
</UL>
<P><STRONG><a name="[15]"></a>RTC_WKUP_IRQHandler</STRONG> (Thumb, 0 bytes, Stack size 0 bytes, startup_stm32h743xx.o(.text))
<BR>[Address Reference Count : 1]<UL><LI> startup_stm32h743xx.o(RESET)
</UL>
<P><STRONG><a name="[63]"></a>SAI1_IRQHandler</STRONG> (Thumb, 0 bytes, Stack size 0 bytes, startup_stm32h743xx.o(.text))
<BR>[Address Reference Count : 1]<UL><LI> startup_stm32h743xx.o(RESET)
</UL>
<P><STRONG><a name="[67]"></a>SAI2_IRQHandler</STRONG> (Thumb, 0 bytes, Stack size 0 bytes, startup_stm32h743xx.o(.text))
<BR>[Address Reference Count : 1]<UL><LI> startup_stm32h743xx.o(RESET)
</UL>
<P><STRONG><a name="[7e]"></a>SAI3_IRQHandler</STRONG> (Thumb, 0 bytes, Stack size 0 bytes, startup_stm32h743xx.o(.text))
<BR>[Address Reference Count : 1]<UL><LI> startup_stm32h743xx.o(RESET)
</UL>
<P><STRONG><a name="[9b]"></a>SAI4_IRQHandler</STRONG> (Thumb, 0 bytes, Stack size 0 bytes, startup_stm32h743xx.o(.text))
<BR>[Address Reference Count : 1]<UL><LI> startup_stm32h743xx.o(RESET)
</UL>
<P><STRONG><a name="[42]"></a>SDMMC1_IRQHandler</STRONG> (Thumb, 0 bytes, Stack size 0 bytes, startup_stm32h743xx.o(.text))
<BR>[Address Reference Count : 1]<UL><LI> startup_stm32h743xx.o(RESET)
</UL>
<P><STRONG><a name="[87]"></a>SDMMC2_IRQHandler</STRONG> (Thumb, 0 bytes, Stack size 0 bytes, startup_stm32h743xx.o(.text))
<BR>[Address Reference Count : 1]<UL><LI> startup_stm32h743xx.o(RESET)
</UL>
<P><STRONG><a name="[6d]"></a>SPDIF_RX_IRQHandler</STRONG> (Thumb, 0 bytes, Stack size 0 bytes, startup_stm32h743xx.o(.text))
<BR>[Address Reference Count : 1]<UL><LI> startup_stm32h743xx.o(RESET)
</UL>
<P><STRONG><a name="[36]"></a>SPI2_IRQHandler</STRONG> (Thumb, 0 bytes, Stack size 0 bytes, startup_stm32h743xx.o(.text))
<BR>[Address Reference Count : 1]<UL><LI> startup_stm32h743xx.o(RESET)
</UL>
<P><STRONG><a name="[44]"></a>SPI3_IRQHandler</STRONG> (Thumb, 0 bytes, Stack size 0 bytes, startup_stm32h743xx.o(.text))
<BR>[Address Reference Count : 1]<UL><LI> startup_stm32h743xx.o(RESET)
</UL>
<P><STRONG><a name="[60]"></a>SPI4_IRQHandler</STRONG> (Thumb, 0 bytes, Stack size 0 bytes, startup_stm32h743xx.o(.text))
<BR>[Address Reference Count : 1]<UL><LI> startup_stm32h743xx.o(RESET)
</UL>
<P><STRONG><a name="[61]"></a>SPI5_IRQHandler</STRONG> (Thumb, 0 bytes, Stack size 0 bytes, startup_stm32h743xx.o(.text))
<BR>[Address Reference Count : 1]<UL><LI> startup_stm32h743xx.o(RESET)
</UL>
<P><STRONG><a name="[62]"></a>SPI6_IRQHandler</STRONG> (Thumb, 0 bytes, Stack size 0 bytes, startup_stm32h743xx.o(.text))
<BR>[Address Reference Count : 1]<UL><LI> startup_stm32h743xx.o(RESET)
</UL>
<P><STRONG><a name="[7f]"></a>SWPMI1_IRQHandler</STRONG> (Thumb, 0 bytes, Stack size 0 bytes, startup_stm32h743xx.o(.text))
<BR>[Address Reference Count : 1]<UL><LI> startup_stm32h743xx.o(RESET)
</UL>
<P><STRONG><a name="[14]"></a>TAMP_STAMP_IRQHandler</STRONG> (Thumb, 0 bytes, Stack size 0 bytes, startup_stm32h743xx.o(.text))
<BR>[Address Reference Count : 1]<UL><LI> startup_stm32h743xx.o(RESET)
</UL>
<P><STRONG><a name="[80]"></a>TIM15_IRQHandler</STRONG> (Thumb, 0 bytes, Stack size 0 bytes, startup_stm32h743xx.o(.text))
<BR>[Address Reference Count : 1]<UL><LI> startup_stm32h743xx.o(RESET)
</UL>
<P><STRONG><a name="[81]"></a>TIM16_IRQHandler</STRONG> (Thumb, 0 bytes, Stack size 0 bytes, startup_stm32h743xx.o(.text))
<BR>[Address Reference Count : 1]<UL><LI> startup_stm32h743xx.o(RESET)
</UL>
<P><STRONG><a name="[82]"></a>TIM17_IRQHandler</STRONG> (Thumb, 0 bytes, Stack size 0 bytes, startup_stm32h743xx.o(.text))
<BR>[Address Reference Count : 1]<UL><LI> startup_stm32h743xx.o(RESET)
</UL>
<P><STRONG><a name="[2a]"></a>TIM1_BRK_IRQHandler</STRONG> (Thumb, 0 bytes, Stack size 0 bytes, startup_stm32h743xx.o(.text))
<BR>[Address Reference Count : 1]<UL><LI> startup_stm32h743xx.o(RESET)
</UL>
<P><STRONG><a name="[2d]"></a>TIM1_CC_IRQHandler</STRONG> (Thumb, 0 bytes, Stack size 0 bytes, startup_stm32h743xx.o(.text))
<BR>[Address Reference Count : 1]<UL><LI> startup_stm32h743xx.o(RESET)
</UL>
<P><STRONG><a name="[2c]"></a>TIM1_TRG_COM_IRQHandler</STRONG> (Thumb, 0 bytes, Stack size 0 bytes, startup_stm32h743xx.o(.text))
<BR>[Address Reference Count : 1]<UL><LI> startup_stm32h743xx.o(RESET)
</UL>
<P><STRONG><a name="[2e]"></a>TIM2_IRQHandler</STRONG> (Thumb, 0 bytes, Stack size 0 bytes, startup_stm32h743xx.o(.text))
<BR>[Address Reference Count : 1]<UL><LI> startup_stm32h743xx.o(RESET)
</UL>
<P><STRONG><a name="[2f]"></a>TIM3_IRQHandler</STRONG> (Thumb, 0 bytes, Stack size 0 bytes, startup_stm32h743xx.o(.text))
<BR>[Address Reference Count : 1]<UL><LI> startup_stm32h743xx.o(RESET)
</UL>
<P><STRONG><a name="[30]"></a>TIM4_IRQHandler</STRONG> (Thumb, 0 bytes, Stack size 0 bytes, startup_stm32h743xx.o(.text))
<BR>[Address Reference Count : 1]<UL><LI> startup_stm32h743xx.o(RESET)
</UL>
<P><STRONG><a name="[47]"></a>TIM6_DAC_IRQHandler</STRONG> (Thumb, 0 bytes, Stack size 0 bytes, startup_stm32h743xx.o(.text))
<BR>[Address Reference Count : 1]<UL><LI> startup_stm32h743xx.o(RESET)
</UL>
<P><STRONG><a name="[48]"></a>TIM7_IRQHandler</STRONG> (Thumb, 0 bytes, Stack size 0 bytes, startup_stm32h743xx.o(.text))
<BR>[Address Reference Count : 1]<UL><LI> startup_stm32h743xx.o(RESET)
</UL>
<P><STRONG><a name="[3c]"></a>TIM8_BRK_TIM12_IRQHandler</STRONG> (Thumb, 0 bytes, Stack size 0 bytes, startup_stm32h743xx.o(.text))
<BR>[Address Reference Count : 1]<UL><LI> startup_stm32h743xx.o(RESET)
</UL>
<P><STRONG><a name="[3f]"></a>TIM8_CC_IRQHandler</STRONG> (Thumb, 0 bytes, Stack size 0 bytes, startup_stm32h743xx.o(.text))
<BR>[Address Reference Count : 1]<UL><LI> startup_stm32h743xx.o(RESET)
</UL>
<P><STRONG><a name="[3e]"></a>TIM8_TRG_COM_TIM14_IRQHandler</STRONG> (Thumb, 0 bytes, Stack size 0 bytes, startup_stm32h743xx.o(.text))
<BR>[Address Reference Count : 1]<UL><LI> startup_stm32h743xx.o(RESET)
</UL>
<P><STRONG><a name="[3d]"></a>TIM8_UP_TIM13_IRQHandler</STRONG> (Thumb, 0 bytes, Stack size 0 bytes, startup_stm32h743xx.o(.text))
<BR>[Address Reference Count : 1]<UL><LI> startup_stm32h743xx.o(RESET)
</UL>
<P><STRONG><a name="[45]"></a>UART4_IRQHandler</STRONG> (Thumb, 0 bytes, Stack size 0 bytes, startup_stm32h743xx.o(.text))
<BR>[Address Reference Count : 1]<UL><LI> startup_stm32h743xx.o(RESET)
</UL>
<P><STRONG><a name="[46]"></a>UART5_IRQHandler</STRONG> (Thumb, 0 bytes, Stack size 0 bytes, startup_stm32h743xx.o(.text))
<BR>[Address Reference Count : 1]<UL><LI> startup_stm32h743xx.o(RESET)
</UL>
<P><STRONG><a name="[5e]"></a>UART7_IRQHandler</STRONG> (Thumb, 0 bytes, Stack size 0 bytes, startup_stm32h743xx.o(.text))
<BR>[Address Reference Count : 1]<UL><LI> startup_stm32h743xx.o(RESET)
</UL>
<P><STRONG><a name="[5f]"></a>UART8_IRQHandler</STRONG> (Thumb, 0 bytes, Stack size 0 bytes, startup_stm32h743xx.o(.text))
<BR>[Address Reference Count : 1]<UL><LI> startup_stm32h743xx.o(RESET)
</UL>
<P><STRONG><a name="[38]"></a>USART2_IRQHandler</STRONG> (Thumb, 0 bytes, Stack size 0 bytes, startup_stm32h743xx.o(.text))
<BR>[Address Reference Count : 1]<UL><LI> startup_stm32h743xx.o(RESET)
</UL>
<P><STRONG><a name="[39]"></a>USART3_IRQHandler</STRONG> (Thumb, 0 bytes, Stack size 0 bytes, startup_stm32h743xx.o(.text))
<BR>[Address Reference Count : 1]<UL><LI> startup_stm32h743xx.o(RESET)
</UL>
<P><STRONG><a name="[54]"></a>USART6_IRQHandler</STRONG> (Thumb, 0 bytes, Stack size 0 bytes, startup_stm32h743xx.o(.text))
<BR>[Address Reference Count : 1]<UL><LI> startup_stm32h743xx.o(RESET)
</UL>
<P><STRONG><a name="[9c]"></a>WAKEUP_PIN_IRQHandler</STRONG> (Thumb, 0 bytes, Stack size 0 bytes, startup_stm32h743xx.o(.text))
<BR>[Address Reference Count : 1]<UL><LI> startup_stm32h743xx.o(RESET)
</UL>
<P><STRONG><a name="[12]"></a>WWDG_IRQHandler</STRONG> (Thumb, 0 bytes, Stack size 0 bytes, startup_stm32h743xx.o(.text))
<BR>[Address Reference Count : 1]<UL><LI> startup_stm32h743xx.o(RESET)
</UL>
<P><STRONG><a name="[a]"></a>HardFault_Handler</STRONG> (Thumb, 0 bytes, Stack size unknown bytes, hardfaulthandler.o(.text))
<BR><BR>[Stack]<UL><LI>Max Depth = 400 + Unknown Stack Size
<LI>Call Chain = HardFault_Handler &rArr; HardFaultHandler &rArr; SEGGER_RTT_printf &rArr; SEGGER_RTT_vprintf &rArr; _PrintInt &rArr; _PrintUnsigned &rArr; _StoreChar &rArr; SEGGER_RTT_Write &rArr; SEGGER_RTT_WriteNoLock &rArr; _WriteBlocking &rArr; __aeabi_memcpy
</UL>
<BR>[Calls]<UL><LI><a href="#[ff]">&gt;&gt;</a>&nbsp;&nbsp;&nbsp;HardFaultHandler
</UL>
<BR>[Address Reference Count : 1]<UL><LI> startup_stm32h743xx.o(RESET)
</UL>
<P><STRONG><a name="[100]"></a>__aeabi_uldivmod</STRONG> (Thumb, 98 bytes, Stack size 40 bytes, uldiv.o(.text))
<BR><BR>[Stack]<UL><LI>Max Depth = 40<LI>Call Chain = __aeabi_uldivmod
</UL>
<BR>[Calls]<UL><LI><a href="#[101]">&gt;&gt;</a>&nbsp;&nbsp;&nbsp;__aeabi_llsr
<LI><a href="#[102]">&gt;&gt;</a>&nbsp;&nbsp;&nbsp;__aeabi_llsl
</UL>
<BR>[Called By]<UL><LI><a href="#[1b2]">&gt;&gt;</a>&nbsp;&nbsp;&nbsp;UART_SetConfig
<LI><a href="#[1d1]">&gt;&gt;</a>&nbsp;&nbsp;&nbsp;_printf_core
<LI><a href="#[1d2]">&gt;&gt;</a>&nbsp;&nbsp;&nbsp;_fp_digits
</UL>

<P><STRONG><a name="[20f]"></a>___aeabi_memcpy8$move</STRONG> (Thumb, 0 bytes, Stack size 8 bytes, memmovea.o(.text), UNUSED)

<P><STRONG><a name="[13d]"></a>__aeabi_memcpy</STRONG> (Thumb, 64 bytes, Stack size 8 bytes, memmovea.o(.text))
<BR><BR>[Stack]<UL><LI>Max Depth = 8<LI>Call Chain = __aeabi_memcpy
</UL>
<BR>[Called By]<UL><LI><a href="#[141]">&gt;&gt;</a>&nbsp;&nbsp;&nbsp;CO_SDOserver_process
<LI><a href="#[b0]">&gt;&gt;</a>&nbsp;&nbsp;&nbsp;CO_SDO_receive
<LI><a href="#[13c]">&gt;&gt;</a>&nbsp;&nbsp;&nbsp;CO_RPDO_process
<LI><a href="#[b6]">&gt;&gt;</a>&nbsp;&nbsp;&nbsp;OD_write_18xx
<LI><a href="#[ad]">&gt;&gt;</a>&nbsp;&nbsp;&nbsp;OD_write_14xx
<LI><a href="#[14f]">&gt;&gt;</a>&nbsp;&nbsp;&nbsp;CO_TPDOsend
<LI><a href="#[a5]">&gt;&gt;</a>&nbsp;&nbsp;&nbsp;OD_readOriginal
<LI><a href="#[a2]">&gt;&gt;</a>&nbsp;&nbsp;&nbsp;OD_writeOriginal
<LI><a href="#[1c2]">&gt;&gt;</a>&nbsp;&nbsp;&nbsp;_WriteNoCheck
<LI><a href="#[1c3]">&gt;&gt;</a>&nbsp;&nbsp;&nbsp;_WriteBlocking
</UL>

<P><STRONG><a name="[146]"></a>__aeabi_memcpy4</STRONG> (Thumb, 0 bytes, Stack size 8 bytes, memmovea.o(.text))
<BR><BR>[Stack]<UL><LI>Max Depth = 8<LI>Call Chain = __aeabi_memcpy4
</UL>
<BR>[Called By]<UL><LI><a href="#[18b]">&gt;&gt;</a>&nbsp;&nbsp;&nbsp;HAL_FDCAN_Init
<LI><a href="#[141]">&gt;&gt;</a>&nbsp;&nbsp;&nbsp;CO_SDOserver_process
<LI><a href="#[1bc]">&gt;&gt;</a>&nbsp;&nbsp;&nbsp;PDOconfigMap
<LI><a href="#[9d]">&gt;&gt;</a>&nbsp;&nbsp;&nbsp;main
<LI><a href="#[121]">&gt;&gt;</a>&nbsp;&nbsp;&nbsp;bx_can12_get_msg
</UL>

<P><STRONG><a name="[14d]"></a>__aeabi_memmove</STRONG> (Thumb, 0 bytes, Stack size 8 bytes, memmovea.o(.text))
<BR><BR>[Stack]<UL><LI>Max Depth = 8<LI>Call Chain = __aeabi_memmove
</UL>
<BR>[Called By]<UL><LI><a href="#[14c]">&gt;&gt;</a>&nbsp;&nbsp;&nbsp;CO_getUint32
<LI><a href="#[b2]">&gt;&gt;</a>&nbsp;&nbsp;&nbsp;OD_write_1019
<LI><a href="#[b1]">&gt;&gt;</a>&nbsp;&nbsp;&nbsp;OD_write_1005
<LI><a href="#[145]">&gt;&gt;</a>&nbsp;&nbsp;&nbsp;readFromOd
<LI><a href="#[af]">&gt;&gt;</a>&nbsp;&nbsp;&nbsp;OD_write_1201_additional
<LI><a href="#[15d]">&gt;&gt;</a>&nbsp;&nbsp;&nbsp;CO_getUint32
<LI><a href="#[16b]">&gt;&gt;</a>&nbsp;&nbsp;&nbsp;CO_setUint32
<LI><a href="#[15f]">&gt;&gt;</a>&nbsp;&nbsp;&nbsp;CO_getUint8
<LI><a href="#[15c]">&gt;&gt;</a>&nbsp;&nbsp;&nbsp;CO_getUint32
<LI><a href="#[15b]">&gt;&gt;</a>&nbsp;&nbsp;&nbsp;CO_getUint16
<LI><a href="#[a9]">&gt;&gt;</a>&nbsp;&nbsp;&nbsp;OD_write_1017
<LI><a href="#[a6]">&gt;&gt;</a>&nbsp;&nbsp;&nbsp;OD_write_1016
<LI><a href="#[a4]">&gt;&gt;</a>&nbsp;&nbsp;&nbsp;OD_write_1003
<LI><a href="#[a3]">&gt;&gt;</a>&nbsp;&nbsp;&nbsp;OD_read_1003
<LI><a href="#[16a]">&gt;&gt;</a>&nbsp;&nbsp;&nbsp;CO_setUint32
<LI><a href="#[15e]">&gt;&gt;</a>&nbsp;&nbsp;&nbsp;CO_getUint32
<LI><a href="#[14b]">&gt;&gt;</a>&nbsp;&nbsp;&nbsp;CO_TIME_process
</UL>

<P><STRONG><a name="[210]"></a>__aeabi_memmove4</STRONG> (Thumb, 0 bytes, Stack size 8 bytes, memmovea.o(.text), UNUSED)

<P><STRONG><a name="[211]"></a>__aeabi_memmove8</STRONG> (Thumb, 0 bytes, Stack size 8 bytes, memmovea.o(.text), UNUSED)

<P><STRONG><a name="[104]"></a>__aeabi_memset</STRONG> (Thumb, 14 bytes, Stack size 0 bytes, memseta.o(.text))
<BR><BR>[Called By]<UL><LI><a href="#[105]">&gt;&gt;</a>&nbsp;&nbsp;&nbsp;_memset$wrapper
<LI><a href="#[103]">&gt;&gt;</a>&nbsp;&nbsp;&nbsp;__aeabi_memclr
</UL>

<P><STRONG><a name="[212]"></a>__aeabi_memset4</STRONG> (Thumb, 0 bytes, Stack size 0 bytes, memseta.o(.text), UNUSED)

<P><STRONG><a name="[213]"></a>__aeabi_memset8</STRONG> (Thumb, 0 bytes, Stack size 0 bytes, memseta.o(.text), UNUSED)

<P><STRONG><a name="[103]"></a>__aeabi_memclr</STRONG> (Thumb, 4 bytes, Stack size 0 bytes, memseta.o(.text))
<BR><BR>[Calls]<UL><LI><a href="#[104]">&gt;&gt;</a>&nbsp;&nbsp;&nbsp;__aeabi_memset
</UL>
<BR>[Called By]<UL><LI><a href="#[e6]">&gt;&gt;</a>&nbsp;&nbsp;&nbsp;OD_read_dummy
<LI><a href="#[156]">&gt;&gt;</a>&nbsp;&nbsp;&nbsp;drvp_eeprom_init
<LI><a href="#[1e8]">&gt;&gt;</a>&nbsp;&nbsp;&nbsp;circular_buffer_init
<LI><a href="#[1fa]">&gt;&gt;</a>&nbsp;&nbsp;&nbsp;sram_d2_init
</UL>

<P><STRONG><a name="[124]"></a>__aeabi_memclr4</STRONG> (Thumb, 0 bytes, Stack size 0 bytes, memseta.o(.text))
<BR><BR>[Called By]<UL><LI><a href="#[11d]">&gt;&gt;</a>&nbsp;&nbsp;&nbsp;CO_SYNC_init
<LI><a href="#[120]">&gt;&gt;</a>&nbsp;&nbsp;&nbsp;CO_TPDO_init
<LI><a href="#[11f]">&gt;&gt;</a>&nbsp;&nbsp;&nbsp;CO_RPDO_init
<LI><a href="#[1bc]">&gt;&gt;</a>&nbsp;&nbsp;&nbsp;PDOconfigMap
<LI><a href="#[1bb]">&gt;&gt;</a>&nbsp;&nbsp;&nbsp;OD_set_value
<LI><a href="#[119]">&gt;&gt;</a>&nbsp;&nbsp;&nbsp;CO_NMT_init
<LI><a href="#[11a]">&gt;&gt;</a>&nbsp;&nbsp;&nbsp;CO_HBconsumer_init
<LI><a href="#[127]">&gt;&gt;</a>&nbsp;&nbsp;&nbsp;OD_get_value
<LI><a href="#[118]">&gt;&gt;</a>&nbsp;&nbsp;&nbsp;CO_EM_init
<LI><a href="#[1be]">&gt;&gt;</a>&nbsp;&nbsp;&nbsp;_DoInit
<LI><a href="#[17c]">&gt;&gt;</a>&nbsp;&nbsp;&nbsp;EventRecorderInitialize
<LI><a href="#[1d8]">&gt;&gt;</a>&nbsp;&nbsp;&nbsp;can12_borad_init
<LI><a href="#[131]">&gt;&gt;</a>&nbsp;&nbsp;&nbsp;CO_LSSslave_init
<LI><a href="#[11c]">&gt;&gt;</a>&nbsp;&nbsp;&nbsp;CO_TIME_init
<LI><a href="#[5]">&gt;&gt;</a>&nbsp;&nbsp;&nbsp;drv_eeprom_init
<LI><a href="#[1f6]">&gt;&gt;</a>&nbsp;&nbsp;&nbsp;drvp_key_init
<LI><a href="#[1fd]">&gt;&gt;</a>&nbsp;&nbsp;&nbsp;usart1_dma_init
<LI><a href="#[f6]">&gt;&gt;</a>&nbsp;&nbsp;&nbsp;drv_fmc_lcd_init
<LI><a href="#[1fe]">&gt;&gt;</a>&nbsp;&nbsp;&nbsp;spi_flash_w25q128_init
</UL>

<P><STRONG><a name="[214]"></a>__aeabi_memclr8</STRONG> (Thumb, 0 bytes, Stack size 0 bytes, memseta.o(.text), UNUSED)

<P><STRONG><a name="[105]"></a>_memset$wrapper</STRONG> (Thumb, 18 bytes, Stack size 8 bytes, memseta.o(.text), UNUSED)
<BR><BR>[Calls]<UL><LI><a href="#[104]">&gt;&gt;</a>&nbsp;&nbsp;&nbsp;__aeabi_memset
</UL>

<P><STRONG><a name="[1ff]"></a>strlen</STRONG> (Thumb, 14 bytes, Stack size 0 bytes, strlen.o(.text))
<BR><BR>[Called By]<UL><LI><a href="#[145]">&gt;&gt;</a>&nbsp;&nbsp;&nbsp;readFromOd
</UL>

<P><STRONG><a name="[215]"></a>__aeabi_uidiv</STRONG> (Thumb, 0 bytes, Stack size 12 bytes, uidiv.o(.text), UNUSED)

<P><STRONG><a name="[1d6]"></a>__aeabi_uidivmod</STRONG> (Thumb, 44 bytes, Stack size 12 bytes, uidiv.o(.text), UNUSED)
<BR><BR>[Called By]<UL><LI><a href="#[1d1]">&gt;&gt;</a>&nbsp;&nbsp;&nbsp;_printf_core
</UL>

<P><STRONG><a name="[102]"></a>__aeabi_llsl</STRONG> (Thumb, 30 bytes, Stack size 0 bytes, llshl.o(.text))
<BR><BR>[Called By]<UL><LI><a href="#[106]">&gt;&gt;</a>&nbsp;&nbsp;&nbsp;__aeabi_dadd
<LI><a href="#[10e]">&gt;&gt;</a>&nbsp;&nbsp;&nbsp;__aeabi_d2ulz
<LI><a href="#[100]">&gt;&gt;</a>&nbsp;&nbsp;&nbsp;__aeabi_uldivmod
<LI><a href="#[108]">&gt;&gt;</a>&nbsp;&nbsp;&nbsp;_double_epilogue
</UL>

<P><STRONG><a name="[216]"></a>_ll_shift_l</STRONG> (Thumb, 0 bytes, Stack size 0 bytes, llshl.o(.text), UNUSED)

<P><STRONG><a name="[101]"></a>__aeabi_llsr</STRONG> (Thumb, 32 bytes, Stack size 0 bytes, llushr.o(.text))
<BR><BR>[Called By]<UL><LI><a href="#[10e]">&gt;&gt;</a>&nbsp;&nbsp;&nbsp;__aeabi_d2ulz
<LI><a href="#[100]">&gt;&gt;</a>&nbsp;&nbsp;&nbsp;__aeabi_uldivmod
<LI><a href="#[108]">&gt;&gt;</a>&nbsp;&nbsp;&nbsp;_double_epilogue
</UL>

<P><STRONG><a name="[217]"></a>_ll_ushift_r</STRONG> (Thumb, 0 bytes, Stack size 0 bytes, llushr.o(.text), UNUSED)

<P><STRONG><a name="[218]"></a>__I$use$fp</STRONG> (Thumb, 0 bytes, Stack size 48 bytes, iusefp.o(.text), UNUSED)

<P><STRONG><a name="[106]"></a>__aeabi_dadd</STRONG> (Thumb, 322 bytes, Stack size 48 bytes, dadd.o(.text), UNUSED)
<BR><BR>[Calls]<UL><LI><a href="#[107]">&gt;&gt;</a>&nbsp;&nbsp;&nbsp;__aeabi_lasr
<LI><a href="#[109]">&gt;&gt;</a>&nbsp;&nbsp;&nbsp;_double_round
<LI><a href="#[108]">&gt;&gt;</a>&nbsp;&nbsp;&nbsp;_double_epilogue
<LI><a href="#[102]">&gt;&gt;</a>&nbsp;&nbsp;&nbsp;__aeabi_llsl
</UL>
<BR>[Called By]<UL><LI><a href="#[1d2]">&gt;&gt;</a>&nbsp;&nbsp;&nbsp;_fp_digits
<LI><a href="#[10b]">&gt;&gt;</a>&nbsp;&nbsp;&nbsp;__aeabi_drsub
<LI><a href="#[10a]">&gt;&gt;</a>&nbsp;&nbsp;&nbsp;__aeabi_dsub
</UL>

<P><STRONG><a name="[10a]"></a>__aeabi_dsub</STRONG> (Thumb, 6 bytes, Stack size 0 bytes, dadd.o(.text), UNUSED)
<BR><BR>[Calls]<UL><LI><a href="#[106]">&gt;&gt;</a>&nbsp;&nbsp;&nbsp;__aeabi_dadd
</UL>

<P><STRONG><a name="[10b]"></a>__aeabi_drsub</STRONG> (Thumb, 6 bytes, Stack size 0 bytes, dadd.o(.text), UNUSED)
<BR><BR>[Calls]<UL><LI><a href="#[106]">&gt;&gt;</a>&nbsp;&nbsp;&nbsp;__aeabi_dadd
</UL>

<P><STRONG><a name="[10c]"></a>__aeabi_dmul</STRONG> (Thumb, 228 bytes, Stack size 48 bytes, dmul.o(.text), UNUSED)
<BR><BR>[Calls]<UL><LI><a href="#[108]">&gt;&gt;</a>&nbsp;&nbsp;&nbsp;_double_epilogue
</UL>
<BR>[Called By]<UL><LI><a href="#[1d2]">&gt;&gt;</a>&nbsp;&nbsp;&nbsp;_fp_digits
</UL>

<P><STRONG><a name="[10d]"></a>__aeabi_ddiv</STRONG> (Thumb, 222 bytes, Stack size 32 bytes, ddiv.o(.text), UNUSED)
<BR><BR>[Calls]<UL><LI><a href="#[109]">&gt;&gt;</a>&nbsp;&nbsp;&nbsp;_double_round
</UL>
<BR>[Called By]<UL><LI><a href="#[1d2]">&gt;&gt;</a>&nbsp;&nbsp;&nbsp;_fp_digits
</UL>

<P><STRONG><a name="[10e]"></a>__aeabi_d2ulz</STRONG> (Thumb, 48 bytes, Stack size 0 bytes, dfixul.o(.text), UNUSED)
<BR><BR>[Calls]<UL><LI><a href="#[101]">&gt;&gt;</a>&nbsp;&nbsp;&nbsp;__aeabi_llsr
<LI><a href="#[102]">&gt;&gt;</a>&nbsp;&nbsp;&nbsp;__aeabi_llsl
</UL>
<BR>[Called By]<UL><LI><a href="#[1d2]">&gt;&gt;</a>&nbsp;&nbsp;&nbsp;_fp_digits
</UL>

<P><STRONG><a name="[1d3]"></a>__aeabi_cdrcmple</STRONG> (Thumb, 48 bytes, Stack size 0 bytes, cdrcmple.o(.text), UNUSED)
<BR><BR>[Called By]<UL><LI><a href="#[1d2]">&gt;&gt;</a>&nbsp;&nbsp;&nbsp;_fp_digits
</UL>

<P><STRONG><a name="[fd]"></a>__scatterload</STRONG> (Thumb, 28 bytes, Stack size 0 bytes, init.o(.text))
<BR><BR>[Calls]<UL><LI><a href="#[10f]">&gt;&gt;</a>&nbsp;&nbsp;&nbsp;__main_after_scatterload
</UL>
<BR>[Called By]<UL><LI><a href="#[fc]">&gt;&gt;</a>&nbsp;&nbsp;&nbsp;_main_scatterload
</UL>

<P><STRONG><a name="[219]"></a>__scatterload_rt2</STRONG> (Thumb, 0 bytes, Stack size 0 bytes, init.o(.text), UNUSED)

<P><STRONG><a name="[107]"></a>__aeabi_lasr</STRONG> (Thumb, 36 bytes, Stack size 0 bytes, llsshr.o(.text), UNUSED)
<BR><BR>[Called By]<UL><LI><a href="#[106]">&gt;&gt;</a>&nbsp;&nbsp;&nbsp;__aeabi_dadd
</UL>

<P><STRONG><a name="[21a]"></a>_ll_sshift_r</STRONG> (Thumb, 0 bytes, Stack size 0 bytes, llsshr.o(.text), UNUSED)

<P><STRONG><a name="[109]"></a>_double_round</STRONG> (Thumb, 30 bytes, Stack size 8 bytes, depilogue.o(.text), UNUSED)
<BR><BR>[Called By]<UL><LI><a href="#[10d]">&gt;&gt;</a>&nbsp;&nbsp;&nbsp;__aeabi_ddiv
<LI><a href="#[106]">&gt;&gt;</a>&nbsp;&nbsp;&nbsp;__aeabi_dadd
<LI><a href="#[108]">&gt;&gt;</a>&nbsp;&nbsp;&nbsp;_double_epilogue
</UL>

<P><STRONG><a name="[108]"></a>_double_epilogue</STRONG> (Thumb, 156 bytes, Stack size 32 bytes, depilogue.o(.text), UNUSED)
<BR><BR>[Calls]<UL><LI><a href="#[109]">&gt;&gt;</a>&nbsp;&nbsp;&nbsp;_double_round
<LI><a href="#[101]">&gt;&gt;</a>&nbsp;&nbsp;&nbsp;__aeabi_llsr
<LI><a href="#[102]">&gt;&gt;</a>&nbsp;&nbsp;&nbsp;__aeabi_llsl
</UL>
<BR>[Called By]<UL><LI><a href="#[10c]">&gt;&gt;</a>&nbsp;&nbsp;&nbsp;__aeabi_dmul
<LI><a href="#[106]">&gt;&gt;</a>&nbsp;&nbsp;&nbsp;__aeabi_dadd
</UL>

<P><STRONG><a name="[21b]"></a>__decompress</STRONG> (Thumb, 0 bytes, Stack size unknown bytes, __dczerorl2.o(.text), UNUSED)

<P><STRONG><a name="[21c]"></a>__decompress1</STRONG> (Thumb, 86 bytes, Stack size unknown bytes, __dczerorl2.o(.text), UNUSED)

<P><STRONG><a name="[8b]"></a>BDMA_Channel0_IRQHandler</STRONG> (Thumb, 112 bytes, Stack size 0 bytes, bdmamux_pwm.o(i.BDMA_Channel0_IRQHandler))
<BR>[Address Reference Count : 1]<UL><LI> startup_stm32h743xx.o(RESET)
</UL>
<P><STRONG><a name="[c]"></a>BusFault_Handler</STRONG> (Thumb, 4 bytes, Stack size 0 bytes, stm32h7xx_it.o(i.BusFault_Handler))
<BR>[Address Reference Count : 1]<UL><LI> startup_stm32h743xx.o(RESET)
</UL>
<P><STRONG><a name="[168]"></a>CO_CANclearPendingSyncPDOs</STRONG> (Thumb, 82 bytes, Stack size 8 bytes, co_driver.o(i.CO_CANclearPendingSyncPDOs))
<BR><BR>[Stack]<UL><LI>Max Depth = 8<LI>Call Chain = CO_CANclearPendingSyncPDOs
</UL>
<BR>[Called By]<UL><LI><a href="#[167]">&gt;&gt;</a>&nbsp;&nbsp;&nbsp;CO_process_SYNC
</UL>

<P><STRONG><a name="[110]"></a>CO_CANinit</STRONG> (Thumb, 54 bytes, Stack size 32 bytes, canopen.o(i.CO_CANinit))
<BR><BR>[Stack]<UL><LI>Max Depth = 56<LI>Call Chain = CO_CANinit &rArr; CO_CANmodule_init
</UL>
<BR>[Calls]<UL><LI><a href="#[111]">&gt;&gt;</a>&nbsp;&nbsp;&nbsp;CO_CANsetConfigurationMode
<LI><a href="#[112]">&gt;&gt;</a>&nbsp;&nbsp;&nbsp;CO_CANmodule_init
</UL>
<BR>[Called By]<UL><LI><a href="#[1df]">&gt;&gt;</a>&nbsp;&nbsp;&nbsp;bx_can12_open_app_init
</UL>

<P><STRONG><a name="[151]"></a>CO_CANmodule_disable</STRONG> (Thumb, 8 bytes, Stack size 0 bytes, co_driver.o(i.CO_CANmodule_disable))
[...]
<LI><a href="#[13d]">&gt;&gt;</a>&nbsp;&nbsp;&nbsp;__aeabi_memcpy
</UL>
<BR>[Address Reference Count : 1]<UL><LI> co_pdo.o(i.CO_RPDO_init)
</UL>
<P><STRONG><a name="[b6]"></a>OD_write_18xx</STRONG> (Thumb, 446 bytes, Stack size 64 bytes, co_pdo.o(i.OD_write_18xx))
<BR><BR>[Stack]<UL><LI>Max Depth = 112<LI>Call Chain = OD_write_18xx &rArr; OD_writeOriginal &rArr; __aeabi_memcpy
</UL>
<BR>[Calls]<UL><LI><a href="#[16b]">&gt;&gt;</a>&nbsp;&nbsp;&nbsp;CO_setUint32
<LI><a href="#[15f]">&gt;&gt;</a>&nbsp;&nbsp;&nbsp;CO_getUint8
<LI><a href="#[15c]">&gt;&gt;</a>&nbsp;&nbsp;&nbsp;CO_getUint32
<LI><a href="#[15b]">&gt;&gt;</a>&nbsp;&nbsp;&nbsp;CO_getUint16
<LI><a href="#[a2]">&gt;&gt;</a>&nbsp;&nbsp;&nbsp;OD_writeOriginal
<LI><a href="#[129]">&gt;&gt;</a>&nbsp;&nbsp;&nbsp;CO_CANtxBufferInit
<LI><a href="#[13d]">&gt;&gt;</a>&nbsp;&nbsp;&nbsp;__aeabi_memcpy
</UL>
<BR>[Address Reference Count : 1]<UL><LI> co_pdo.o(i.CO_TPDO_init)
</UL>
<P><STRONG><a name="[ae]"></a>OD_write_PDO_mapping</STRONG> (Thumb, 192 bytes, Stack size 40 bytes, co_pdo.o(i.OD_write_PDO_mapping))
<BR><BR>[Stack]<UL><LI>Max Depth = 168<LI>Call Chain = OD_write_PDO_mapping &rArr; PDOconfigMap &rArr; OD_getSub
</UL>
<BR>[Calls]<UL><LI><a href="#[1bc]">&gt;&gt;</a>&nbsp;&nbsp;&nbsp;PDOconfigMap
<LI><a href="#[15f]">&gt;&gt;</a>&nbsp;&nbsp;&nbsp;CO_getUint8
<LI><a href="#[15c]">&gt;&gt;</a>&nbsp;&nbsp;&nbsp;CO_getUint32
<LI><a href="#[a2]">&gt;&gt;</a>&nbsp;&nbsp;&nbsp;OD_writeOriginal
</UL>
<BR>[Address Reference Count : 2]<UL><LI> co_pdo.o(i.CO_TPDO_init)
<LI> co_pdo.o(i.CO_RPDO_init)
</UL>
<P><STRONG><a name="[e7]"></a>OD_write_dummy</STRONG> (Thumb, 12 bytes, Stack size 8 bytes, co_pdo.o(i.OD_write_dummy))
<BR><BR>[Stack]<UL><LI>Max Depth = 8<LI>Call Chain = OD_write_dummy
</UL>
<BR>[Address Reference Count : 1]<UL><LI> co_pdo.o(i.PDOconfigMap)
</UL>
<P><STRONG><a name="[136]"></a>PDO_initMapping</STRONG> (Thumb, 242 bytes, Stack size 64 bytes, co_pdo.o(i.PDO_initMapping))
<BR><BR>[Stack]<UL><LI>Max Depth = 192<LI>Call Chain = PDO_initMapping &rArr; PDOconfigMap &rArr; OD_getSub
</UL>
<BR>[Calls]<UL><LI><a href="#[1bc]">&gt;&gt;</a>&nbsp;&nbsp;&nbsp;PDOconfigMap
<LI><a href="#[139]">&gt;&gt;</a>&nbsp;&nbsp;&nbsp;OD_get_u8
<LI><a href="#[137]">&gt;&gt;</a>&nbsp;&nbsp;&nbsp;OD_get_u32
<LI><a href="#[138]">&gt;&gt;</a>&nbsp;&nbsp;&nbsp;OD_getIndex
</UL>
<BR>[Called By]<UL><LI><a href="#[120]">&gt;&gt;</a>&nbsp;&nbsp;&nbsp;CO_TPDO_init
<LI><a href="#[11f]">&gt;&gt;</a>&nbsp;&nbsp;&nbsp;CO_RPDO_init
</UL>

<P><STRONG><a name="[1bc]"></a>PDOconfigMap</STRONG> (Thumb, 244 bytes, Stack size 104 bytes, co_pdo.o(i.PDOconfigMap))
<BR><BR>[Stack]<UL><LI>Max Depth = 128<LI>Call Chain = PDOconfigMap &rArr; OD_getSub
</UL>
<BR>[Calls]<UL><LI><a href="#[143]">&gt;&gt;</a>&nbsp;&nbsp;&nbsp;OD_getSub
<LI><a href="#[142]">&gt;&gt;</a>&nbsp;&nbsp;&nbsp;OD_find
<LI><a href="#[124]">&gt;&gt;</a>&nbsp;&nbsp;&nbsp;__aeabi_memclr4
<LI><a href="#[146]">&gt;&gt;</a>&nbsp;&nbsp;&nbsp;__aeabi_memcpy4
</UL>
<BR>[Called By]<UL><LI><a href="#[136]">&gt;&gt;</a>&nbsp;&nbsp;&nbsp;PDO_initMapping
<LI><a href="#[ae]">&gt;&gt;</a>&nbsp;&nbsp;&nbsp;OD_write_PDO_mapping
</UL>

<P><STRONG><a name="[b0]"></a>CO_SDO_receive</STRONG> (Thumb, 146 bytes, Stack size 24 bytes, co_sdoserver.o(i.CO_SDO_receive))
<BR><BR>[Stack]<UL><LI>Max Depth = 32<LI>Call Chain = CO_SDO_receive &rArr; __aeabi_memcpy
</UL>
<BR>[Calls]<UL><LI><a href="#[13d]">&gt;&gt;</a>&nbsp;&nbsp;&nbsp;__aeabi_memcpy
</UL>
<BR>[Address Reference Count : 1]<UL><LI> co_sdoserver.o(i.CO_SDOserver_init_canRxTx)
</UL>
<P><STRONG><a name="[140]"></a>CO_SDOserver_init_canRxTx</STRONG> (Thumb, 160 bytes, Stack size 64 bytes, co_sdoserver.o(i.CO_SDOserver_init_canRxTx))
<BR><BR>[Stack]<UL><LI>Max Depth = 92<LI>Call Chain = CO_SDOserver_init_canRxTx &rArr; CO_CANrxBufferInit
</UL>
<BR>[Calls]<UL><LI><a href="#[12e]">&gt;&gt;</a>&nbsp;&nbsp;&nbsp;CO_CANrxBufferInit
<LI><a href="#[129]">&gt;&gt;</a>&nbsp;&nbsp;&nbsp;CO_CANtxBufferInit
</UL>
<BR>[Called By]<UL><LI><a href="#[11b]">&gt;&gt;</a>&nbsp;&nbsp;&nbsp;CO_SDOserver_init
<LI><a href="#[af]">&gt;&gt;</a>&nbsp;&nbsp;&nbsp;OD_write_1201_additional
</UL>

<P><STRONG><a name="[15d]"></a>CO_getUint32</STRONG> (Thumb, 18 bytes, Stack size 16 bytes, co_sdoserver.o(i.CO_getUint32))
<BR><BR>[Stack]<UL><LI>Max Depth = 24<LI>Call Chain = CO_getUint32 &rArr; __aeabi_memmove
</UL>
<BR>[Calls]<UL><LI><a href="#[14d]">&gt;&gt;</a>&nbsp;&nbsp;&nbsp;__aeabi_memmove
</UL>
<BR>[Called By]<UL><LI><a href="#[af]">&gt;&gt;</a>&nbsp;&nbsp;&nbsp;OD_write_1201_additional
</UL>

<P><STRONG><a name="[13f]"></a>OD_get_u32</STRONG> (Thumb, 26 bytes, Stack size 24 bytes, co_sdoserver.o(i.OD_get_u32))
<BR><BR>[Stack]<UL><LI>Max Depth = 120<LI>Call Chain = OD_get_u32 &rArr; OD_get_value &rArr; OD_getSub
</UL>
<BR>[Calls]<UL><LI><a href="#[127]">&gt;&gt;</a>&nbsp;&nbsp;&nbsp;OD_get_value
</UL>
<BR>[Called By]<UL><LI><a href="#[11b]">&gt;&gt;</a>&nbsp;&nbsp;&nbsp;CO_SDOserver_init
</UL>

<P><STRONG><a name="[13e]"></a>OD_set_u32</STRONG> (Thumb, 28 bytes, Stack size 40 bytes, co_sdoserver.o(i.OD_set_u32))
<BR><BR>[Stack]<UL><LI>Max Depth = 136<LI>Call Chain = OD_set_u32 &rArr; OD_set_value &rArr; OD_getSub
</UL>
<BR>[Calls]<UL><LI><a href="#[1bb]">&gt;&gt;</a>&nbsp;&nbsp;&nbsp;OD_set_value
</UL>
<BR>[Called By]<UL><LI><a href="#[11b]">&gt;&gt;</a>&nbsp;&nbsp;&nbsp;CO_SDOserver_init
</UL>

<P><STRONG><a name="[af]"></a>OD_write_1201_additional</STRONG> (Thumb, 404 bytes, Stack size 48 bytes, co_sdoserver.o(i.OD_write_1201_additional))
<BR><BR>[Stack]<UL><LI>Max Depth = 140<LI>Call Chain = OD_write_1201_additional &rArr; CO_SDOserver_init_canRxTx &rArr; CO_CANrxBufferInit
</UL>
<BR>[Calls]<UL><LI><a href="#[15d]">&gt;&gt;</a>&nbsp;&nbsp;&nbsp;CO_getUint32
<LI><a href="#[140]">&gt;&gt;</a>&nbsp;&nbsp;&nbsp;CO_SDOserver_init_canRxTx
<LI><a href="#[a2]">&gt;&gt;</a>&nbsp;&nbsp;&nbsp;OD_writeOriginal
<LI><a href="#[14d]">&gt;&gt;</a>&nbsp;&nbsp;&nbsp;__aeabi_memmove
</UL>
<BR>[Address Reference Count : 1]<UL><LI> co_sdoserver.o(i.CO_SDOserver_init)
</UL>
<P><STRONG><a name="[145]"></a>readFromOd</STRONG> (Thumb, 230 bytes, Stack size 40 bytes, co_sdoserver.o(i.readFromOd))
<BR><BR>[Stack]<UL><LI>Max Depth = 48<LI>Call Chain = readFromOd &rArr; __aeabi_memmove
</UL>
<BR>[Calls]<UL><LI><a href="#[144]">&gt;&gt;</a>&nbsp;&nbsp;&nbsp;OD_getSDOabCode
<LI><a href="#[1ff]">&gt;&gt;</a>&nbsp;&nbsp;&nbsp;strlen
<LI><a href="#[14d]">&gt;&gt;</a>&nbsp;&nbsp;&nbsp;__aeabi_memmove
</UL>
<BR>[Called By]<UL><LI><a href="#[141]">&gt;&gt;</a>&nbsp;&nbsp;&nbsp;CO_SDOserver_process
</UL>

<P><STRONG><a name="[147]"></a>validateAndWriteToOD</STRONG> (Thumb, 326 bytes, Stack size 40 bytes, co_sdoserver.o(i.validateAndWriteToOD))
<BR><BR>[Stack]<UL><LI>Max Depth = 40<LI>Call Chain = validateAndWriteToOD
</UL>
<BR>[Calls]<UL><LI><a href="#[144]">&gt;&gt;</a>&nbsp;&nbsp;&nbsp;OD_getSDOabCode
</UL>
<BR>[Called By]<UL><LI><a href="#[141]">&gt;&gt;</a>&nbsp;&nbsp;&nbsp;CO_SDOserver_process
</UL>

<P><STRONG><a name="[b3]"></a>CO_SYNC_receive</STRONG> (Thumb, 182 bytes, Stack size 20 bytes, co_sync.o(i.CO_SYNC_receive))
<BR><BR>[Stack]<UL><LI>Max Depth = 20<LI>Call Chain = CO_SYNC_receive
</UL>
<BR>[Address Reference Count : 2]<UL><LI> co_sync.o(i.OD_write_1005)
<LI> co_sync.o(i.CO_SYNC_init)
</UL>
<P><STRONG><a name="[149]"></a>OD_extension_init</STRONG> (Thumb, 14 bytes, Stack size 0 bytes, co_sync.o(i.OD_extension_init))
<BR><BR>[Called By]<UL><LI><a href="#[11d]">&gt;&gt;</a>&nbsp;&nbsp;&nbsp;CO_SYNC_init
</UL>

<P><STRONG><a name="[148]"></a>OD_getIndex</STRONG> (Thumb, 12 bytes, Stack size 0 bytes, co_sync.o(i.OD_getIndex))
<BR><BR>[Called By]<UL><LI><a href="#[11d]">&gt;&gt;</a>&nbsp;&nbsp;&nbsp;CO_SYNC_init
</UL>

<P><STRONG><a name="[b1]"></a>OD_write_1005</STRONG> (Thumb, 278 bytes, Stack size 56 bytes, co_sync.o(i.OD_write_1005))
<BR><BR>[Stack]<UL><LI>Max Depth = 104<LI>Call Chain = OD_write_1005 &rArr; OD_writeOriginal &rArr; __aeabi_memcpy
</UL>
<BR>[Calls]<UL><LI><a href="#[12e]">&gt;&gt;</a>&nbsp;&nbsp;&nbsp;CO_CANrxBufferInit
<LI><a href="#[a2]">&gt;&gt;</a>&nbsp;&nbsp;&nbsp;OD_writeOriginal
<LI><a href="#[129]">&gt;&gt;</a>&nbsp;&nbsp;&nbsp;CO_CANtxBufferInit
<LI><a href="#[14d]">&gt;&gt;</a>&nbsp;&nbsp;&nbsp;__aeabi_memmove
</UL>
<BR>[Address Reference Count : 1]<UL><LI> co_sync.o(i.CO_SYNC_init)
</UL>
<P><STRONG><a name="[b2]"></a>OD_write_1019</STRONG> (Thumb, 140 bytes, Stack size 40 bytes, co_sync.o(i.OD_write_1019))
<BR><BR>[Stack]<UL><LI>Max Depth = 88<LI>Call Chain = OD_write_1019 &rArr; OD_writeOriginal &rArr; __aeabi_memcpy
</UL>
<BR>[Calls]<UL><LI><a href="#[a2]">&gt;&gt;</a>&nbsp;&nbsp;&nbsp;OD_writeOriginal
<LI><a href="#[129]">&gt;&gt;</a>&nbsp;&nbsp;&nbsp;CO_CANtxBufferInit
<LI><a href="#[14d]">&gt;&gt;</a>&nbsp;&nbsp;&nbsp;__aeabi_memmove
</UL>
<BR>[Address Reference Count : 1]<UL><LI> co_sync.o(i.CO_SYNC_init)
</UL>
<P><STRONG><a name="[b5]"></a>CO_TIME_receive</STRONG> (Thumb, 140 bytes, Stack size 20 bytes, co_time.o(i.CO_TIME_receive))
<BR><BR>[Stack]<UL><LI>Max Depth = 20<LI>Call Chain = CO_TIME_receive
</UL>
<BR>[Address Reference Count : 1]<UL><LI> co_time.o(i.CO_TIME_init)
</UL>
<P><STRONG><a name="[14c]"></a>CO_getUint32</STRONG> (Thumb, 18 bytes, Stack size 16 bytes, co_time.o(i.CO_getUint32))
<BR><BR>[Stack]<UL><LI>Max Depth = 24<LI>Call Chain = CO_getUint32 &rArr; __aeabi_memmove
</UL>
<BR>[Calls]<UL><LI><a href="#[14d]">&gt;&gt;</a>&nbsp;&nbsp;&nbsp;__aeabi_memmove
</UL>
<BR>[Called By]<UL><LI><a href="#[b4]">&gt;&gt;</a>&nbsp;&nbsp;&nbsp;OD_write_1012
<LI><a href="#[14b]">&gt;&gt;</a>&nbsp;&nbsp;&nbsp;CO_TIME_process
</UL>

<P><STRONG><a name="[b4]"></a>OD_write_1012</STRONG> (Thumb, 152 bytes, Stack size 32 bytes, co_time.o(i.OD_write_1012))
<BR><BR>[Stack]<UL><LI>Max Depth = 80<LI>Call Chain = OD_write_1012 &rArr; OD_writeOriginal &rArr; __aeabi_memcpy
</UL>
<BR>[Calls]<UL><LI><a href="#[14c]">&gt;&gt;</a>&nbsp;&nbsp;&nbsp;CO_getUint32
<LI><a href="#[a2]">&gt;&gt;</a>&nbsp;&nbsp;&nbsp;OD_writeOriginal
</UL>
<BR>[Address Reference Count : 1]<UL><LI> co_time.o(i.CO_TIME_init)
</UL>
<P><STRONG><a name="[a8]"></a>CO_LSSslave_receive</STRONG> (Thumb, 508 bytes, Stack size 48 bytes, co_lssslave.o(i.CO_LSSslave_receive))
<BR><BR>[Stack]<UL><LI>Max Depth = 48<LI>Call Chain = CO_LSSslave_receive
</UL>
<BR>[Address Reference Count : 1]<UL><LI> co_lssslave.o(i.CO_LSSslave_init)
</UL>
<P><STRONG><a name="[15e]"></a>CO_getUint32</STRONG> (Thumb, 18 bytes, Stack size 16 bytes, co_storage.o(i.CO_getUint32))
<BR><BR>[Stack]<UL><LI>Max Depth = 24<LI>Call Chain = CO_getUint32 &rArr; __aeabi_memmove
</UL>
<BR>[Calls]<UL><LI><a href="#[14d]">&gt;&gt;</a>&nbsp;&nbsp;&nbsp;__aeabi_memmove
</UL>
<BR>[Called By]<UL><LI><a href="#[ba]">&gt;&gt;</a>&nbsp;&nbsp;&nbsp;OD_write_1011
<LI><a href="#[b9]">&gt;&gt;</a>&nbsp;&nbsp;&nbsp;OD_write_1010
</UL>

<P><STRONG><a name="[171]"></a>OD_extension_init</STRONG> (Thumb, 14 bytes, Stack size 0 bytes, co_storage.o(i.OD_extension_init))
<BR><BR>[Called By]<UL><LI><a href="#[16e]">&gt;&gt;</a>&nbsp;&nbsp;&nbsp;CO_storage_init
</UL>

<P><STRONG><a name="[b9]"></a>OD_write_1010</STRONG> (Thumb, 192 bytes, Stack size 64 bytes, co_storage.o(i.OD_write_1010))
<BR><BR>[Stack]<UL><LI>Max Depth = 88<LI>Call Chain = OD_write_1010 &rArr; CO_getUint32 &rArr; __aeabi_memmove
</UL>
<BR>[Calls]<UL><LI><a href="#[15e]">&gt;&gt;</a>&nbsp;&nbsp;&nbsp;CO_getUint32
</UL>
<BR>[Address Reference Count : 1]<UL><LI> co_storage.o(i.CO_storage_init)
</UL>
<P><STRONG><a name="[ba]"></a>OD_write_1011</STRONG> (Thumb, 192 bytes, Stack size 64 bytes, co_storage.o(i.OD_write_1011))
<BR><BR>[Stack]<UL><LI>Max Depth = 88<LI>Call Chain = OD_write_1011 &rArr; CO_getUint32 &rArr; __aeabi_memmove
</UL>
<BR>[Calls]<UL><LI><a href="#[15e]">&gt;&gt;</a>&nbsp;&nbsp;&nbsp;CO_getUint32
</UL>
<BR>[Address Reference Count : 1]<UL><LI> co_storage.o(i.CO_storage_init)
</UL>
<P><STRONG><a name="[b7]"></a>restoreEeprom</STRONG> (Thumb, 56 bytes, Stack size 24 bytes, co_storageeeprom.o(i.restoreEeprom))
<BR><BR>[Stack]<UL><LI>Max Depth = 80<LI>Call Chain = restoreEeprom &rArr; CO_eeprom_writeBlock &rArr; drvp_eeprom_writebytes
</UL>
<BR>[Calls]<UL><LI><a href="#[15a]">&gt;&gt;</a>&nbsp;&nbsp;&nbsp;CO_eeprom_writeBlock
<LI><a href="#[157]">&gt;&gt;</a>&nbsp;&nbsp;&nbsp;CO_eeprom_readBlock
</UL>
<BR>[Address Reference Count : 1]<UL><LI> co_storageeeprom.o(i.CO_storageEeprom_init)
</UL>
<P><STRONG><a name="[b8]"></a>storeEeprom</STRONG> (Thumb, 116 bytes, Stack size 32 bytes, co_storageeeprom.o(i.storeEeprom))
<BR><BR>[Stack]<UL><LI>Max Depth = 108<LI>Call Chain = storeEeprom &rArr; CO_eeprom_getCrcBlock &rArr; drvp_eeprom_readbytes
</UL>
<BR>[Calls]<UL><LI><a href="#[15a]">&gt;&gt;</a>&nbsp;&nbsp;&nbsp;CO_eeprom_writeBlock
<LI><a href="#[157]">&gt;&gt;</a>&nbsp;&nbsp;&nbsp;CO_eeprom_readBlock
<LI><a href="#[153]">&gt;&gt;</a>&nbsp;&nbsp;&nbsp;CO_eeprom_getCrcBlock
<LI><a href="#[170]">&gt;&gt;</a>&nbsp;&nbsp;&nbsp;crc16_ccitt
</UL>
<BR>[Address Reference Count : 1]<UL><LI> co_storageeeprom.o(i.CO_storageEeprom_init)
</UL>
<P><STRONG><a name="[163]"></a>CO_NMT_getInternalState</STRONG> (Thumb, 14 bytes, Stack size 0 bytes, canopen.o(i.CO_NMT_getInternalState))
<BR><BR>[Called By]<UL><LI><a href="#[169]">&gt;&gt;</a>&nbsp;&nbsp;&nbsp;CO_process_TPDO
<LI><a href="#[167]">&gt;&gt;</a>&nbsp;&nbsp;&nbsp;CO_process_SYNC
<LI><a href="#[166]">&gt;&gt;</a>&nbsp;&nbsp;&nbsp;CO_process_RPDO
<LI><a href="#[162]">&gt;&gt;</a>&nbsp;&nbsp;&nbsp;CO_process
</UL>

<P><STRONG><a name="[164]"></a>CO_isError</STRONG> (Thumb, 36 bytes, Stack size 12 bytes, canopen.o(i.CO_isError))
<BR><BR>[Stack]<UL><LI>Max Depth = 12<LI>Call Chain = CO_isError
</UL>
<BR>[Called By]<UL><LI><a href="#[162]">&gt;&gt;</a>&nbsp;&nbsp;&nbsp;CO_process
</UL>

<P><STRONG><a name="[114]"></a>CO_CANrx_process</STRONG> (Thumb, 96 bytes, Stack size 72 bytes, co_driver.o(i.CO_CANrx_process))
<BR><BR>[Stack]<UL><LI>Max Depth = 96<LI>Call Chain = CO_CANrx_process &rArr; bx_can12_get_msg &rArr; __aeabi_memcpy4
</UL>
<BR>[Calls]<UL><LI><a href="#[121]">&gt;&gt;</a>&nbsp;&nbsp;&nbsp;bx_can12_get_msg
</UL>
<BR>[Called By]<UL><LI><a href="#[113]">&gt;&gt;</a>&nbsp;&nbsp;&nbsp;CO_CANmodule_process
</UL>

<P><STRONG><a name="[115]"></a>CO_CANtx_process</STRONG> (Thumb, 112 bytes, Stack size 32 bytes, co_driver.o(i.CO_CANtx_process))
<BR><BR>[Stack]<UL><LI>Max Depth = 112<LI>Call Chain = CO_CANtx_process &rArr; bx_can12_send_msg_std &rArr; HAL_FDCAN_AddMessageToTxFifoQ &rArr; FDCAN_CopyMessageToRAM
</UL>
<BR>[Calls]<UL><LI><a href="#[123]">&gt;&gt;</a>&nbsp;&nbsp;&nbsp;bx_can12_send_msg_std
</UL>
<BR>[Called By]<UL><LI><a href="#[113]">&gt;&gt;</a>&nbsp;&nbsp;&nbsp;CO_CANmodule_process
</UL>

<P><STRONG><a name="[1d9]"></a>bx_can12_init_filter</STRONG> (Thumb, 58 bytes, Stack size 48 bytes, bx_can12_open.o(i.bx_can12_init_filter))
<BR><BR>[Stack]<UL><LI>Max Depth = 68<LI>Call Chain = bx_can12_init_filter &rArr; HAL_FDCAN_ConfigFilter
</UL>
<BR>[Calls]<UL><LI><a href="#[1de]">&gt;&gt;</a>&nbsp;&nbsp;&nbsp;HAL_FDCAN_ConfigGlobalFilter
<LI><a href="#[1dd]">&gt;&gt;</a>&nbsp;&nbsp;&nbsp;HAL_FDCAN_ConfigFilter
</UL>
<BR>[Called By]<UL><LI><a href="#[1d7]">&gt;&gt;</a>&nbsp;&nbsp;&nbsp;bx_can12_init
</UL>

<P><STRONG><a name="[1d8]"></a>can12_borad_init</STRONG> (Thumb, 306 bytes, Stack size 232 bytes, bx_can12_open.o(i.can12_borad_init))
<BR><BR>[Stack]<UL><LI>Max Depth = 280<LI>Call Chain = can12_borad_init &rArr; HAL_NVIC_SetPriority &rArr; __NVIC_SetPriority
</UL>
<BR>[Calls]<UL><LI><a href="#[1e6]">&gt;&gt;</a>&nbsp;&nbsp;&nbsp;HAL_GPIO_Init
<LI><a href="#[19d]">&gt;&gt;</a>&nbsp;&nbsp;&nbsp;HAL_NVIC_SetPriority
<LI><a href="#[1e7]">&gt;&gt;</a>&nbsp;&nbsp;&nbsp;HAL_NVIC_EnableIRQ
<LI><a href="#[1a2]">&gt;&gt;</a>&nbsp;&nbsp;&nbsp;HAL_RCCEx_PeriphCLKConfig
<LI><a href="#[124]">&gt;&gt;</a>&nbsp;&nbsp;&nbsp;__aeabi_memclr4
</UL>
<BR>[Called By]<UL><LI><a href="#[1d7]">&gt;&gt;</a>&nbsp;&nbsp;&nbsp;bx_can12_init
</UL>

<P><STRONG><a name="[1e0]"></a>Error_Handler</STRONG> (Thumb, 4 bytes, Stack size 0 bytes, bx_can12_open_app.o(i.Error_Handler))
<BR><BR>[Called By]<UL><LI><a href="#[1df]">&gt;&gt;</a>&nbsp;&nbsp;&nbsp;bx_can12_open_app_init
</UL>

<P><STRONG><a name="[f5]"></a>LSS_cfgStore_callback</STRONG> (Thumb, 10 bytes, Stack size 0 bytes, bx_can12_open_app.o(i.LSS_cfgStore_callback))
<BR>[Address Reference Count : 1]<UL><LI> bx_can12_open_app.o(i.bx_can12_open_app_init)
</UL>
<P><STRONG><a name="[175]"></a>EventGetTS</STRONG> (Thumb, 56 bytes, Stack size 16 bytes, eventrecorder.o(i.EventGetTS))
<BR><BR>[Stack]<UL><LI>Max Depth = 16<LI>Call Chain = EventGetTS
</UL>
<BR>[Calls]<UL><LI><a href="#[176]">&gt;&gt;</a>&nbsp;&nbsp;&nbsp;EventRecorderTimerGetCount
<LI><a href="#[177]">&gt;&gt;</a>&nbsp;&nbsp;&nbsp;__asm___15_EventRecorder_c_e8d3082c__atomic_xch32
<LI><a href="#[178]">&gt;&gt;</a>&nbsp;&nbsp;&nbsp;__asm___15_EventRecorder_c_e8d3082c__atomic_inc32
</UL>
<BR>[Called By]<UL><LI><a href="#[180]">&gt;&gt;</a>&nbsp;&nbsp;&nbsp;EventRecorderStart
<LI><a href="#[17c]">&gt;&gt;</a>&nbsp;&nbsp;&nbsp;EventRecorderInitialize
</UL>

<P><STRONG><a name="[179]"></a>EventRecordItem</STRONG> (Thumb, 206 bytes, Stack size 56 bytes, eventrecorder.o(i.EventRecordItem))
<BR><BR>[Stack]<UL><LI>Max Depth = 56<LI>Call Chain = EventRecordItem
</UL>
<BR>[Calls]<UL><LI><a href="#[17b]">&gt;&gt;</a>&nbsp;&nbsp;&nbsp;__asm___15_EventRecorder_c_e8d3082c__UnlockRecord
<LI><a href="#[17a]">&gt;&gt;</a>&nbsp;&nbsp;&nbsp;__asm___15_EventRecorder_c_e8d3082c__LockRecord
<LI><a href="#[178]">&gt;&gt;</a>&nbsp;&nbsp;&nbsp;__asm___15_EventRecorder_c_e8d3082c__atomic_inc32
</UL>
<BR>[Called By]<UL><LI><a href="#[180]">&gt;&gt;</a>&nbsp;&nbsp;&nbsp;EventRecorderStart
<LI><a href="#[17c]">&gt;&gt;</a>&nbsp;&nbsp;&nbsp;EventRecorderInitialize
</UL>

<P><STRONG><a name="[17d]"></a>crc16_ccitt</STRONG> (Thumb, 66 bytes, Stack size 12 bytes, eventrecorder.o(i.crc16_ccitt))
<BR><BR>[Stack]<UL><LI>Max Depth = 12<LI>Call Chain = crc16_ccitt
</UL>
<BR>[Called By]<UL><LI><a href="#[17c]">&gt;&gt;</a>&nbsp;&nbsp;&nbsp;EventRecorderInitialize
</UL>

<P><STRONG><a name="[1d2]"></a>_fp_digits</STRONG> (Thumb, 366 bytes, Stack size 64 bytes, printfa.o(i._fp_digits), UNUSED)
<BR><BR>[Calls]<UL><LI><a href="#[10c]">&gt;&gt;</a>&nbsp;&nbsp;&nbsp;__aeabi_dmul
<LI><a href="#[10d]">&gt;&gt;</a>&nbsp;&nbsp;&nbsp;__aeabi_ddiv
<LI><a href="#[106]">&gt;&gt;</a>&nbsp;&nbsp;&nbsp;__aeabi_dadd
<LI><a href="#[10e]">&gt;&gt;</a>&nbsp;&nbsp;&nbsp;__aeabi_d2ulz
<LI><a href="#[1d3]">&gt;&gt;</a>&nbsp;&nbsp;&nbsp;__aeabi_cdrcmple
<LI><a href="#[100]">&gt;&gt;</a>&nbsp;&nbsp;&nbsp;__aeabi_uldivmod
</UL>
<BR>[Called By]<UL><LI><a href="#[1d1]">&gt;&gt;</a>&nbsp;&nbsp;&nbsp;_printf_core
</UL>

<P><STRONG><a name="[1d1]"></a>_printf_core</STRONG> (Thumb, 1704 bytes, Stack size 136 bytes, printfa.o(i._printf_core), UNUSED)
<BR><BR>[Calls]<UL><LI><a href="#[1d4]">&gt;&gt;</a>&nbsp;&nbsp;&nbsp;_printf_pre_padding
<LI><a href="#[1d5]">&gt;&gt;</a>&nbsp;&nbsp;&nbsp;_printf_post_padding
<LI><a href="#[1d2]">&gt;&gt;</a>&nbsp;&nbsp;&nbsp;_fp_digits
<LI><a href="#[100]">&gt;&gt;</a>&nbsp;&nbsp;&nbsp;__aeabi_uldivmod
<LI><a href="#[1d6]">&gt;&gt;</a>&nbsp;&nbsp;&nbsp;__aeabi_uidivmod
</UL>
<BR>[Called By]<UL><LI><a href="#[1d0]">&gt;&gt;</a>&nbsp;&nbsp;&nbsp;__0vsnprintf
</UL>

<P><STRONG><a name="[1d5]"></a>_printf_post_padding</STRONG> (Thumb, 36 bytes, Stack size 24 bytes, printfa.o(i._printf_post_padding), UNUSED)
<BR><BR>[Called By]<UL><LI><a href="#[1d1]">&gt;&gt;</a>&nbsp;&nbsp;&nbsp;_printf_core
</UL>

<P><STRONG><a name="[1d4]"></a>_printf_pre_padding</STRONG> (Thumb, 46 bytes, Stack size 24 bytes, printfa.o(i._printf_pre_padding), UNUSED)
<BR><BR>[Called By]<UL><LI><a href="#[1d1]">&gt;&gt;</a>&nbsp;&nbsp;&nbsp;_printf_core
</UL>

<P><STRONG><a name="[f4]"></a>_snputc</STRONG> (Thumb, 22 bytes, Stack size 0 bytes, printfa.o(i._snputc))
<BR>[Address Reference Count : 1]<UL><LI> printfa.o(i.__0vsnprintf)
</UL><P>
<H3>
Undefined Global Symbols
</H3><HR></body></html>
