Component: ARM Compiler 5.06 update 7 (build 960) Tool: armlink [4d3601]

==============================================================================

Image Symbol Table

    Local Symbols

    Symbol Name                              Value     Ov Type        Size  Object(Section)

    .rev16_text                              0x00000000   Section        4  flashprg.o(.rev16_text)
    $v0                                      0x00000000   Number         0  flashprg.o(.rev16_text)
    ../clib/memcpset.s                       0x00000000   Number         0  rt_memclr_w.o ABSOLUTE
    FlashDev.c                               0x00000000   Number         0  flashdev.o ABSOLUTE
    FlashPrg.c                               0x00000000   Number         0  flashprg.o ABSOLUTE
    FlashPrg.c                               0x00000000   Number         0  flashprg.o ABSOLUTE
    QSPI_Driver\\qspi_flash.c                0x00000000   Number         0  qspi_flash.o ABSOLUTE
    QSPI_Driver\qspi_flash.c                 0x00000000   Number         0  qspi_flash.o ABSOLUTE
    ST_SDK\CMSIS\Device\ST\STM32H7xx\Source\Templates\system_stm32h7xx.c 0x00000000   Number         0  system_stm32h7xx.o ABSOLUTE
    ST_SDK\STM32H7xx_HAL_Driver\Src\stm32h7xx_hal.c 0x00000000   Number         0  stm32h7xx_hal.o ABSOLUTE
    ST_SDK\STM32H7xx_HAL_Driver\Src\stm32h7xx_hal_cortex.c 0x00000000   Number         0  stm32h7xx_hal_cortex.o ABSOLUTE
    ST_SDK\STM32H7xx_HAL_Driver\Src\stm32h7xx_hal_flash.c 0x00000000   Number         0  stm32h7xx_hal_flash.o ABSOLUTE
    ST_SDK\STM32H7xx_HAL_Driver\Src\stm32h7xx_hal_flash_ex.c 0x00000000   Number         0  stm32h7xx_hal_flash_ex.o ABSOLUTE
    ST_SDK\STM32H7xx_HAL_Driver\Src\stm32h7xx_hal_gpio.c 0x00000000   Number         0  stm32h7xx_hal_gpio.o ABSOLUTE
    ST_SDK\STM32H7xx_HAL_Driver\Src\stm32h7xx_hal_mdma.c 0x00000000   Number         0  stm32h7xx_hal_mdma.o ABSOLUTE
    ST_SDK\STM32H7xx_HAL_Driver\Src\stm32h7xx_hal_pwr.c 0x00000000   Number         0  stm32h7xx_hal_pwr.o ABSOLUTE
    ST_SDK\STM32H7xx_HAL_Driver\Src\stm32h7xx_hal_pwr_ex.c 0x00000000   Number         0  stm32h7xx_hal_pwr_ex.o ABSOLUTE
    ST_SDK\STM32H7xx_HAL_Driver\Src\stm32h7xx_hal_qspi.c 0x00000000   Number         0  stm32h7xx_hal_qspi.o ABSOLUTE
    ST_SDK\STM32H7xx_HAL_Driver\Src\stm32h7xx_hal_rcc.c 0x00000000   Number         0  stm32h7xx_hal_rcc.o ABSOLUTE
    ST_SDK\STM32H7xx_HAL_Driver\Src\stm32h7xx_hal_rcc_ex.c 0x00000000   Number         0  stm32h7xx_hal_rcc_ex.o ABSOLUTE
    ST_SDK\STM32H7xx_HAL_Driver\Src\stm32h7xx_ll_delayblock.c 0x00000000   Number         0  stm32h7xx_ll_delayblock.o ABSOLUTE
    ST_SDK\STM32H7xx_HAL_Driver\Src\stm32h7xx_ll_gpio.c 0x00000000   Number         0  stm32h7xx_ll_gpio.o ABSOLUTE
    ST_SDK\STM32H7xx_HAL_Driver\Src\stm32h7xx_ll_mdma.c 0x00000000   Number         0  stm32h7xx_ll_mdma.o ABSOLUTE
    ST_SDK\STM32H7xx_HAL_Driver\Src\stm32h7xx_ll_pwr.c 0x00000000   Number         0  stm32h7xx_ll_pwr.o ABSOLUTE
    ST_SDK\STM32H7xx_HAL_Driver\Src\stm32h7xx_ll_rcc.c 0x00000000   Number         0  stm32h7xx_ll_rcc.o ABSOLUTE
    ST_SDK\STM32H7xx_HAL_Driver\Src\stm32h7xx_ll_utils.c 0x00000000   Number         0  stm32h7xx_ll_utils.o ABSOLUTE
    ST_SDK\\CMSIS\\Device\\ST\\STM32H7xx\\Source\\Templates\\system_stm32h7xx.c 0x00000000   Number         0  system_stm32h7xx.o ABSOLUTE
    ST_SDK\\STM32H7xx_HAL_Driver\\Src\\stm32h7xx_hal.c 0x00000000   Number         0  stm32h7xx_hal.o ABSOLUTE
    ST_SDK\\STM32H7xx_HAL_Driver\\Src\\stm32h7xx_hal_cortex.c 0x00000000   Number         0  stm32h7xx_hal_cortex.o ABSOLUTE
    ST_SDK\\STM32H7xx_HAL_Driver\\Src\\stm32h7xx_hal_flash.c 0x00000000   Number         0  stm32h7xx_hal_flash.o ABSOLUTE
    ST_SDK\\STM32H7xx_HAL_Driver\\Src\\stm32h7xx_hal_flash_ex.c 0x00000000   Number         0  stm32h7xx_hal_flash_ex.o ABSOLUTE
    ST_SDK\\STM32H7xx_HAL_Driver\\Src\\stm32h7xx_hal_gpio.c 0x00000000   Number         0  stm32h7xx_hal_gpio.o ABSOLUTE
    ST_SDK\\STM32H7xx_HAL_Driver\\Src\\stm32h7xx_hal_mdma.c 0x00000000   Number         0  stm32h7xx_hal_mdma.o ABSOLUTE
    ST_SDK\\STM32H7xx_HAL_Driver\\Src\\stm32h7xx_hal_pwr.c 0x00000000   Number         0  stm32h7xx_hal_pwr.o ABSOLUTE
    ST_SDK\\STM32H7xx_HAL_Driver\\Src\\stm32h7xx_hal_pwr_ex.c 0x00000000   Number         0  stm32h7xx_hal_pwr_ex.o ABSOLUTE
    ST_SDK\\STM32H7xx_HAL_Driver\\Src\\stm32h7xx_hal_qspi.c 0x00000000   Number         0  stm32h7xx_hal_qspi.o ABSOLUTE
    ST_SDK\\STM32H7xx_HAL_Driver\\Src\\stm32h7xx_hal_rcc.c 0x00000000   Number         0  stm32h7xx_hal_rcc.o ABSOLUTE
    ST_SDK\\STM32H7xx_HAL_Driver\\Src\\stm32h7xx_hal_rcc_ex.c 0x00000000   Number         0  stm32h7xx_hal_rcc_ex.o ABSOLUTE
    ST_SDK\\STM32H7xx_HAL_Driver\\Src\\stm32h7xx_ll_delayblock.c 0x00000000   Number         0  stm32h7xx_ll_delayblock.o ABSOLUTE
    ST_SDK\\STM32H7xx_HAL_Driver\\Src\\stm32h7xx_ll_gpio.c 0x00000000   Number         0  stm32h7xx_ll_gpio.o ABSOLUTE
    ST_SDK\\STM32H7xx_HAL_Driver\\Src\\stm32h7xx_ll_mdma.c 0x00000000   Number         0  stm32h7xx_ll_mdma.o ABSOLUTE
    ST_SDK\\STM32H7xx_HAL_Driver\\Src\\stm32h7xx_ll_pwr.c 0x00000000   Number         0  stm32h7xx_ll_pwr.o ABSOLUTE
    ST_SDK\\STM32H7xx_HAL_Driver\\Src\\stm32h7xx_ll_rcc.c 0x00000000   Number         0  stm32h7xx_ll_rcc.o ABSOLUTE
    ST_SDK\\STM32H7xx_HAL_Driver\\Src\\stm32h7xx_ll_utils.c 0x00000000   Number         0  stm32h7xx_ll_utils.o ABSOLUTE
    dc.s                                     0x00000000   Number         0  dc.o ABSOLUTE
    .rev16_text                              0x00000004   Section        4  stm32h7xx_hal.o(.rev16_text)
    $v0                                      0x00000004   Number         0  stm32h7xx_hal.o(.rev16_text)
    .rev16_text                              0x00000008   Section        4  stm32h7xx_hal_cortex.o(.rev16_text)
    $v0                                      0x00000008   Number         0  stm32h7xx_hal_cortex.o(.rev16_text)
    .rev16_text                              0x0000000c   Section        4  stm32h7xx_hal_flash.o(.rev16_text)
    $v0                                      0x0000000c   Number         0  stm32h7xx_hal_flash.o(.rev16_text)
    .rev16_text                              0x00000010   Section        4  stm32h7xx_hal_flash_ex.o(.rev16_text)
    $v0                                      0x00000010   Number         0  stm32h7xx_hal_flash_ex.o(.rev16_text)
    .rev16_text                              0x00000014   Section        4  stm32h7xx_hal_gpio.o(.rev16_text)
    $v0                                      0x00000014   Number         0  stm32h7xx_hal_gpio.o(.rev16_text)
    .rev16_text                              0x00000018   Section        4  stm32h7xx_hal_mdma.o(.rev16_text)
    $v0                                      0x00000018   Number         0  stm32h7xx_hal_mdma.o(.rev16_text)
    .rev16_text                              0x0000001c   Section        4  stm32h7xx_hal_pwr.o(.rev16_text)
    $v0                                      0x0000001c   Number         0  stm32h7xx_hal_pwr.o(.rev16_text)
    .rev16_text                              0x00000020   Section        4  stm32h7xx_hal_pwr_ex.o(.rev16_text)
    $v0                                      0x00000020   Number         0  stm32h7xx_hal_pwr_ex.o(.rev16_text)
    .rev16_text                              0x00000024   Section        4  stm32h7xx_hal_qspi.o(.rev16_text)
    $v0                                      0x00000024   Number         0  stm32h7xx_hal_qspi.o(.rev16_text)
    .rev16_text                              0x00000028   Section        4  stm32h7xx_hal_rcc.o(.rev16_text)
    $v0                                      0x00000028   Number         0  stm32h7xx_hal_rcc.o(.rev16_text)
    .rev16_text                              0x0000002c   Section        4  stm32h7xx_hal_rcc_ex.o(.rev16_text)
    $v0                                      0x0000002c   Number         0  stm32h7xx_hal_rcc_ex.o(.rev16_text)
    .rev16_text                              0x00000030   Section        4  stm32h7xx_ll_delayblock.o(.rev16_text)
    $v0                                      0x00000030   Number         0  stm32h7xx_ll_delayblock.o(.rev16_text)
    .rev16_text                              0x00000034   Section        4  stm32h7xx_ll_gpio.o(.rev16_text)
    $v0                                      0x00000034   Number         0  stm32h7xx_ll_gpio.o(.rev16_text)
    .rev16_text                              0x00000038   Section        4  stm32h7xx_ll_mdma.o(.rev16_text)
    $v0                                      0x00000038   Number         0  stm32h7xx_ll_mdma.o(.rev16_text)
    .rev16_text                              0x0000003c   Section        4  stm32h7xx_ll_pwr.o(.rev16_text)
    $v0                                      0x0000003c   Number         0  stm32h7xx_ll_pwr.o(.rev16_text)
    .rev16_text                              0x00000040   Section        4  stm32h7xx_ll_rcc.o(.rev16_text)
    $v0                                      0x00000040   Number         0  stm32h7xx_ll_rcc.o(.rev16_text)
    .rev16_text                              0x00000044   Section        4  stm32h7xx_ll_utils.o(.rev16_text)
    $v0                                      0x00000044   Number         0  stm32h7xx_ll_utils.o(.rev16_text)
    .rev16_text                              0x00000048   Section        4  system_stm32h7xx.o(.rev16_text)
    $v0                                      0x00000048   Number         0  system_stm32h7xx.o(.rev16_text)
    .rev16_text                              0x0000004c   Section        4  qspi_flash.o(.rev16_text)
    $v0                                      0x0000004c   Number         0  qspi_flash.o(.rev16_text)
    .revsh_text                              0x00000050   Section        4  flashprg.o(.revsh_text)
    $v0                                      0x00000050   Number         0  flashprg.o(.revsh_text)
    .revsh_text                              0x00000054   Section        4  stm32h7xx_hal.o(.revsh_text)
    $v0                                      0x00000054   Number         0  stm32h7xx_hal.o(.revsh_text)
    .revsh_text                              0x00000058   Section        4  stm32h7xx_hal_cortex.o(.revsh_text)
    $v0                                      0x00000058   Number         0  stm32h7xx_hal_cortex.o(.revsh_text)
    .revsh_text                              0x0000005c   Section        4  stm32h7xx_hal_flash.o(.revsh_text)
    $v0                                      0x0000005c   Number         0  stm32h7xx_hal_flash.o(.revsh_text)
    .revsh_text                              0x00000060   Section        4  stm32h7xx_hal_flash_ex.o(.revsh_text)
    $v0                                      0x00000060   Number         0  stm32h7xx_hal_flash_ex.o(.revsh_text)
    .revsh_text                              0x00000064   Section        4  stm32h7xx_hal_gpio.o(.revsh_text)
    $v0                                      0x00000064   Number         0  stm32h7xx_hal_gpio.o(.revsh_text)
    .revsh_text                              0x00000068   Section        4  stm32h7xx_hal_mdma.o(.revsh_text)
    $v0                                      0x00000068   Number         0  stm32h7xx_hal_mdma.o(.revsh_text)
    .revsh_text                              0x0000006c   Section        4  stm32h7xx_hal_pwr.o(.revsh_text)
    $v0                                      0x0000006c   Number         0  stm32h7xx_hal_pwr.o(.revsh_text)
    .revsh_text                              0x00000070   Section        4  stm32h7xx_hal_pwr_ex.o(.revsh_text)
    $v0                                      0x00000070   Number         0  stm32h7xx_hal_pwr_ex.o(.revsh_text)
    .revsh_text                              0x00000074   Section        4  stm32h7xx_hal_qspi.o(.revsh_text)
    $v0                                      0x00000074   Number         0  stm32h7xx_hal_qspi.o(.revsh_text)
    .revsh_text                              0x00000078   Section        4  stm32h7xx_hal_rcc.o(.revsh_text)
    $v0                                      0x00000078   Number         0  stm32h7xx_hal_rcc.o(.revsh_text)
    .revsh_text                              0x0000007c   Section        4  stm32h7xx_hal_rcc_ex.o(.revsh_text)
    $v0                                      0x0000007c   Number         0  stm32h7xx_hal_rcc_ex.o(.revsh_text)
    .revsh_text                              0x00000080   Section        4  stm32h7xx_ll_delayblock.o(.revsh_text)
    $v0                                      0x00000080   Number         0  stm32h7xx_ll_delayblock.o(.revsh_text)
    .revsh_text                              0x00000084   Section        4  stm32h7xx_ll_gpio.o(.revsh_text)
    $v0                                      0x00000084   Number         0  stm32h7xx_ll_gpio.o(.revsh_text)
    .revsh_text                              0x00000088   Section        4  stm32h7xx_ll_mdma.o(.revsh_text)
    $v0                                      0x00000088   Number         0  stm32h7xx_ll_mdma.o(.revsh_text)
    .revsh_text                              0x0000008c   Section        4  stm32h7xx_ll_pwr.o(.revsh_text)
    $v0                                      0x0000008c   Number         0  stm32h7xx_ll_pwr.o(.revsh_text)
    .revsh_text                              0x00000090   Section        4  stm32h7xx_ll_rcc.o(.revsh_text)
    $v0                                      0x00000090   Number         0  stm32h7xx_ll_rcc.o(.revsh_text)
    .revsh_text                              0x00000094   Section        4  stm32h7xx_ll_utils.o(.revsh_text)
    $v0                                      0x00000094   Number         0  stm32h7xx_ll_utils.o(.revsh_text)
    .revsh_text                              0x00000098   Section        4  system_stm32h7xx.o(.revsh_text)
    $v0                                      0x00000098   Number         0  system_stm32h7xx.o(.revsh_text)
    .revsh_text                              0x0000009c   Section        4  qspi_flash.o(.revsh_text)
    $v0                                      0x0000009c   Number         0  qspi_flash.o(.revsh_text)
    .rrx_text                                0x000000a0   Section        6  flashprg.o(.rrx_text)
    $v0                                      0x000000a0   Number         0  flashprg.o(.rrx_text)
    .rrx_text                                0x000000a8   Section        6  stm32h7xx_hal.o(.rrx_text)
    $v0                                      0x000000a8   Number         0  stm32h7xx_hal.o(.rrx_text)
    .rrx_text                                0x000000b0   Section        6  stm32h7xx_hal_cortex.o(.rrx_text)
    $v0                                      0x000000b0   Number         0  stm32h7xx_hal_cortex.o(.rrx_text)
    .rrx_text                                0x000000b8   Section        6  stm32h7xx_hal_flash.o(.rrx_text)
    $v0                                      0x000000b8   Number         0  stm32h7xx_hal_flash.o(.rrx_text)
    .rrx_text                                0x000000c0   Section        6  stm32h7xx_hal_flash_ex.o(.rrx_text)
    $v0                                      0x000000c0   Number         0  stm32h7xx_hal_flash_ex.o(.rrx_text)
    .rrx_text                                0x000000c8   Section        6  stm32h7xx_hal_gpio.o(.rrx_text)
    $v0                                      0x000000c8   Number         0  stm32h7xx_hal_gpio.o(.rrx_text)
    .rrx_text                                0x000000d0   Section        6  stm32h7xx_hal_mdma.o(.rrx_text)
    $v0                                      0x000000d0   Number         0  stm32h7xx_hal_mdma.o(.rrx_text)
    .rrx_text                                0x000000d8   Section        6  stm32h7xx_hal_pwr.o(.rrx_text)
    $v0                                      0x000000d8   Number         0  stm32h7xx_hal_pwr.o(.rrx_text)
    .rrx_text                                0x000000e0   Section        6  stm32h7xx_hal_pwr_ex.o(.rrx_text)
    $v0                                      0x000000e0   Number         0  stm32h7xx_hal_pwr_ex.o(.rrx_text)
    .rrx_text                                0x000000e8   Section        6  stm32h7xx_hal_qspi.o(.rrx_text)
    $v0                                      0x000000e8   Number         0  stm32h7xx_hal_qspi.o(.rrx_text)
    .rrx_text                                0x000000f0   Section        6  stm32h7xx_hal_rcc.o(.rrx_text)
    $v0                                      0x000000f0   Number         0  stm32h7xx_hal_rcc.o(.rrx_text)
    .rrx_text                                0x000000f8   Section        6  stm32h7xx_hal_rcc_ex.o(.rrx_text)
    $v0                                      0x000000f8   Number         0  stm32h7xx_hal_rcc_ex.o(.rrx_text)
    .rrx_text                                0x00000100   Section        6  stm32h7xx_ll_delayblock.o(.rrx_text)
    $v0                                      0x00000100   Number         0  stm32h7xx_ll_delayblock.o(.rrx_text)
    .rrx_text                                0x00000108   Section        6  stm32h7xx_ll_gpio.o(.rrx_text)
    $v0                                      0x00000108   Number         0  stm32h7xx_ll_gpio.o(.rrx_text)
    .rrx_text                                0x00000110   Section        6  stm32h7xx_ll_mdma.o(.rrx_text)
    $v0                                      0x00000110   Number         0  stm32h7xx_ll_mdma.o(.rrx_text)
    .rrx_text                                0x00000118   Section        6  stm32h7xx_ll_pwr.o(.rrx_text)
    $v0                                      0x00000118   Number         0  stm32h7xx_ll_pwr.o(.rrx_text)
    .rrx_text                                0x00000120   Section        6  stm32h7xx_ll_rcc.o(.rrx_text)
    $v0                                      0x00000120   Number         0  stm32h7xx_ll_rcc.o(.rrx_text)
    .rrx_text                                0x00000128   Section        6  stm32h7xx_ll_utils.o(.rrx_text)
    $v0                                      0x00000128   Number         0  stm32h7xx_ll_utils.o(.rrx_text)
    .rrx_text                                0x00000130   Section        6  system_stm32h7xx.o(.rrx_text)
    $v0                                      0x00000130   Number         0  system_stm32h7xx.o(.rrx_text)
    .rrx_text                                0x00000138   Section        6  qspi_flash.o(.rrx_text)
    $v0                                      0x00000138   Number         0  qspi_flash.o(.rrx_text)
    .text                                    0x00000140   Section        0  flashprg.o(.text)
    Error_Handler                            0x00000141   Thumb Code     4  flashprg.o(.text)
    SystemClock_Config                       0x00000145   Thumb Code   342  flashprg.o(.text)
    CPU_CACHE_Enable                         0x0000029b   Thumb Code   294  flashprg.o(.text)
    MPU_Config                               0x000003c1   Thumb Code   142  flashprg.o(.text)
    .text                                    0x000004e4   Section        0  stm32h7xx_hal.o(.text)
    .text                                    0x00000a10   Section        0  stm32h7xx_hal_cortex.o(.text)
    __NVIC_SetPriority                       0x00000a11   Thumb Code    32  stm32h7xx_hal_cortex.o(.text)
    __NVIC_GetPriorityGrouping               0x00000e0d   Thumb Code    10  stm32h7xx_hal_cortex.o(.text)
    .text                                    0x00000e1c   Section        0  stm32h7xx_hal_flash.o(.text)
    .text                                    0x00001614   Section        0  stm32h7xx_hal_flash_ex.o(.text)
    FLASH_MassErase                          0x0000166d   Thumb Code   150  stm32h7xx_hal_flash_ex.o(.text)
    FLASH_OB_SecureAreaConfig                0x0000192f   Thumb Code    68  stm32h7xx_hal_flash_ex.o(.text)
    FLASH_OB_BootAddConfig                   0x00001973   Thumb Code    46  stm32h7xx_hal_flash_ex.o(.text)
    FLASH_OB_BOR_LevelConfig                 0x000019a1   Thumb Code    16  stm32h7xx_hal_flash_ex.o(.text)
    FLASH_OB_PCROPConfig                     0x000019b1   Thumb Code    60  stm32h7xx_hal_flash_ex.o(.text)
    FLASH_OB_UserConfig                      0x000019ed   Thumb Code   178  stm32h7xx_hal_flash_ex.o(.text)
    FLASH_OB_RDPConfig                       0x00001a9f   Thumb Code    16  stm32h7xx_hal_flash_ex.o(.text)
    FLASH_OB_DisableWRP                      0x00001aaf   Thumb Code    42  stm32h7xx_hal_flash_ex.o(.text)
    FLASH_OB_EnableWRP                       0x00001ad9   Thumb Code    42  stm32h7xx_hal_flash_ex.o(.text)
    FLASH_OB_GetBootAdd                      0x00001be7   Thumb Code    16  stm32h7xx_hal_flash_ex.o(.text)
    FLASH_OB_GetSecureArea                   0x00001bf7   Thumb Code    64  stm32h7xx_hal_flash_ex.o(.text)
    FLASH_OB_GetPCROP                        0x00001c37   Thumb Code    64  stm32h7xx_hal_flash_ex.o(.text)
    FLASH_OB_GetWRP                          0x00001c77   Thumb Code    44  stm32h7xx_hal_flash_ex.o(.text)
    FLASH_OB_GetBOR                          0x00001ca3   Thumb Code    10  stm32h7xx_hal_flash_ex.o(.text)
    FLASH_OB_GetUser                         0x00001cad   Thumb Code    12  stm32h7xx_hal_flash_ex.o(.text)
    FLASH_OB_GetRDP                          0x00001cb9   Thumb Code    30  stm32h7xx_hal_flash_ex.o(.text)
    FLASH_CRC_SelectAddress                  0x00001dbb   Thumb Code    26  stm32h7xx_hal_flash_ex.o(.text)
    FLASH_CRC_AddSector                      0x00001dd5   Thumb Code    68  stm32h7xx_hal_flash_ex.o(.text)
    .text                                    0x00001fc0   Section        0  stm32h7xx_hal_gpio.o(.text)
    .text                                    0x00002380   Section        0  stm32h7xx_hal_mdma.o(.text)
    MDMA_Init                                0x00002381   Thumb Code   196  stm32h7xx_hal_mdma.o(.text)
    MDMA_SetConfig                           0x000029d9   Thumb Code   130  stm32h7xx_hal_mdma.o(.text)
    .text                                    0x00002fd8   Section        0  stm32h7xx_hal_pwr.o(.text)
    .text                                    0x00003230   Section        0  stm32h7xx_hal_pwr_ex.o(.text)
    .text                                    0x00003984   Section        0  stm32h7xx_hal_qspi.o(.text)
    QSPI_WaitFlagStateUntilTimeout           0x00003985   Thumb Code    50  stm32h7xx_hal_qspi.o(.text)
    QSPI_DMAAbortCplt                        0x00003ae3   Thumb Code    66  stm32h7xx_hal_qspi.o(.text)
    QSPI_Config                              0x00003da5   Thumb Code   568  stm32h7xx_hal_qspi.o(.text)
    QSPI_DMAError                            0x000044af   Thumb Code    40  stm32h7xx_hal_qspi.o(.text)
    QSPI_DMATxCplt                           0x000044d7   Thumb Code    22  stm32h7xx_hal_qspi.o(.text)
    QSPI_DMARxCplt                           0x0000464b   Thumb Code    22  stm32h7xx_hal_qspi.o(.text)
    .text                                    0x00004d70   Section        0  stm32h7xx_hal_rcc.o(.text)
    .text                                    0x00005fd0   Section        0  stm32h7xx_hal_rcc_ex.o(.text)
    RCCEx_PLL3_Config                        0x00005fd1   Thumb Code   350  stm32h7xx_hal_rcc_ex.o(.text)
    RCCEx_PLL2_Config                        0x0000612f   Thumb Code   350  stm32h7xx_hal_rcc_ex.o(.text)
    .text                                    0x00008504   Section        0  stm32h7xx_ll_delayblock.o(.text)
    .text                                    0x000085bc   Section        0  stm32h7xx_ll_gpio.o(.text)
    LL_AHB4_GRP1_ForceReset                  0x000087bf   Thumb Code    12  stm32h7xx_ll_gpio.o(.text)
    LL_AHB4_GRP1_ReleaseReset                0x000087cb   Thumb Code    12  stm32h7xx_ll_gpio.o(.text)
    .text                                    0x00008808   Section        0  stm32h7xx_ll_mdma.o(.text)
    .text                                    0x00008bf0   Section        0  stm32h7xx_ll_pwr.o(.text)
    .text                                    0x00008c00   Section        0  stm32h7xx_ll_rcc.o(.text)
    LL_RCC_GetClockSource                    0x00008c01   Thumb Code    34  stm32h7xx_ll_rcc.o(.text)
    RCC_GetPCLK4ClockFreq                    0x00008d25   Thumb Code    32  stm32h7xx_ll_rcc.o(.text)
    RCC_GetPCLK3ClockFreq                    0x00008d45   Thumb Code    34  stm32h7xx_ll_rcc.o(.text)
    RCC_GetPCLK2ClockFreq                    0x00008d67   Thumb Code    34  stm32h7xx_ll_rcc.o(.text)
    RCC_GetPCLK1ClockFreq                    0x00008d89   Thumb Code    34  stm32h7xx_ll_rcc.o(.text)
    RCC_GetHCLKClockFreq                     0x00008dab   Thumb Code    32  stm32h7xx_ll_rcc.o(.text)
    RCC_GetSystemClockFreq                   0x00008f55   Thumb Code    72  stm32h7xx_ll_rcc.o(.text)
    LL_RCC_HSE_IsReady                       0x00009e9b   Thumb Code    12  stm32h7xx_ll_rcc.o(.text)
    LL_RCC_HSI_IsReady                       0x00009ea7   Thumb Code    12  stm32h7xx_ll_rcc.o(.text)
    LL_RCC_HSI_GetDivider                    0x00009eb3   Thumb Code    12  stm32h7xx_ll_rcc.o(.text)
    LL_RCC_CSI_IsReady                       0x00009ebf   Thumb Code    12  stm32h7xx_ll_rcc.o(.text)
    LL_RCC_HSI48_IsReady                     0x00009ecb   Thumb Code    12  stm32h7xx_ll_rcc.o(.text)
    LL_RCC_LSE_IsReady                       0x00009ed7   Thumb Code    12  stm32h7xx_ll_rcc.o(.text)
    LL_RCC_LSI_IsReady                       0x00009ee3   Thumb Code    12  stm32h7xx_ll_rcc.o(.text)
    LL_RCC_GetSysPrescaler                   0x00009eef   Thumb Code    12  stm32h7xx_ll_rcc.o(.text)
    LL_RCC_PLL1_IsReady                      0x00009efb   Thumb Code    12  stm32h7xx_ll_rcc.o(.text)
    LL_RCC_PLL2_IsReady                      0x00009f07   Thumb Code    12  stm32h7xx_ll_rcc.o(.text)
    LL_RCC_PLL3_IsReady                      0x00009f13   Thumb Code    12  stm32h7xx_ll_rcc.o(.text)
    .text                                    0x00009f34   Section        0  stm32h7xx_ll_utils.o(.text)
    UTILS_EnablePLLAndSwitchSystem           0x0000a095   Thumb Code   266  stm32h7xx_ll_utils.o(.text)
    UTILS_CalcPLLClockFreq                   0x0000a19f   Thumb Code    86  stm32h7xx_ll_utils.o(.text)
    UTILS_GetPLLOutputFrequency              0x0000a1f5   Thumb Code    28  stm32h7xx_ll_utils.o(.text)
    UTILS_IsPLLsReady                        0x0000a211   Thumb Code    44  stm32h7xx_ll_utils.o(.text)
    LL_RCC_HSE_IsReady                       0x0000a3d5   Thumb Code    10  stm32h7xx_ll_utils.o(.text)
    LL_RCC_HSI_IsReady                       0x0000a3df   Thumb Code    10  stm32h7xx_ll_utils.o(.text)
    LL_RCC_SetAPB1Prescaler                  0x0000a3e9   Thumb Code    20  stm32h7xx_ll_utils.o(.text)
    LL_RCC_SetAPB2Prescaler                  0x0000a3fd   Thumb Code    20  stm32h7xx_ll_utils.o(.text)
    LL_RCC_SetAPB3Prescaler                  0x0000a411   Thumb Code    20  stm32h7xx_ll_utils.o(.text)
    LL_RCC_SetAPB4Prescaler                  0x0000a425   Thumb Code    20  stm32h7xx_ll_utils.o(.text)
    LL_RCC_PLL_SetSource                     0x0000a439   Thumb Code    20  stm32h7xx_ll_utils.o(.text)
    LL_RCC_PLL1_IsReady                      0x0000a44d   Thumb Code    10  stm32h7xx_ll_utils.o(.text)
    LL_RCC_PLL1P_Enable                      0x0000a457   Thumb Code    18  stm32h7xx_ll_utils.o(.text)
    LL_RCC_PLL1FRACN_Enable                  0x0000a469   Thumb Code    18  stm32h7xx_ll_utils.o(.text)
    LL_RCC_PLL1_SetVCOOutputRange            0x0000a47b   Thumb Code    22  stm32h7xx_ll_utils.o(.text)
    LL_RCC_PLL1_SetVCOInputRange             0x0000a491   Thumb Code    22  stm32h7xx_ll_utils.o(.text)
    LL_RCC_PLL1_SetN                         0x0000a4a7   Thumb Code    22  stm32h7xx_ll_utils.o(.text)
    LL_RCC_PLL1_SetM                         0x0000a4bd   Thumb Code    22  stm32h7xx_ll_utils.o(.text)
    LL_RCC_PLL1_SetP                         0x0000a4d3   Thumb Code    24  stm32h7xx_ll_utils.o(.text)
    LL_RCC_PLL1_SetFRACN                     0x0000a4eb   Thumb Code    24  stm32h7xx_ll_utils.o(.text)
    .text                                    0x0000a508   Section        0  system_stm32h7xx.o(.text)
    .text                                    0x0000a834   Section        0  qspi_flash.o(.text)
    qspi_flash_w25q128_wcmd                  0x0000a835   Thumb Code    84  qspi_flash.o(.text)
    qspi_flash_w25q128_wStateReg             0x0000a889   Thumb Code   102  qspi_flash.o(.text)
    qspi_flash_w25q128_waitStateReg          0x0000a8ef   Thumb Code   136  qspi_flash.o(.text)
    qspi_flash_w25q128_wEnable               0x0000a977   Thumb Code    14  qspi_flash.o(.text)
    qspi_flash_w25q128_enterQSPIMODE         0x0000a985   Thumb Code    84  qspi_flash.o(.text)
    qspi_flash_w25q128_wDisable              0x0000ab57   Thumb Code    14  qspi_flash.o(.text)
    qspi_flash_page_write                    0x0000ae2b   Thumb Code   130  qspi_flash.o(.text)
    .text                                    0x0000af6c   Section       78  rt_memclr_w.o(.text)
    .constdata                               0x0000afbc   Section       64  stm32h7xx_ll_mdma.o(.constdata)
    LL_MDMA_CH_OFFSET_TAB                    0x0000afbc   Data          64  stm32h7xx_ll_mdma.o(.constdata)
    .constdata                               0x0000affc   Section       16  stm32h7xx_ll_rcc.o(.constdata)
    .constdata                               0x0000b00c   Section       16  system_stm32h7xx.o(.constdata)
    .data                                    0x0000b020   Section        9  stm32h7xx_hal.o(.data)
    .data                                    0x0000b02c   Section        8  system_stm32h7xx.o(.data)
    .bss                                     0x0000b034   Section       28  stm32h7xx_hal_flash.o(.bss)
    .constdata                               0x0000b034   Section     4256  flashdev.o(.constdata)
    .bss                                     0x0000b050   Section      116  qspi_flash.o(.bss)
    qspi_handle                              0x0000b050   Data         116  qspi_flash.o(.bss)

    Global Symbols

    Symbol Name                              Value     Ov Type        Size  Object(Section)

    BuildAttributes$$THM_ISAv4$E$P$D$K$B$S$7EM$VFPv5_D16$PE$PLD8$A:L22UL41UL21$X:L11$S22US41US21$IEEE1$IW$RWPI$~STKCKD$USESV7$~SHL$OSPACE$ROPI$EBA8$STANDARDLIB$REQ8$PRES8$EABIv2 0x00000000   Number         0  anon$$obj.o ABSOLUTE
    __asm___10_FlashPrg_c_Init____REV16      0x00000001   Thumb Code     4  flashprg.o(.rev16_text)
    __asm___15_stm32h7xx_hal_c_3da258af____REV16 0x00000005   Thumb Code     4  stm32h7xx_hal.o(.rev16_text)
    __asm___22_stm32h7xx_hal_cortex_c_2992dbc0____REV16 0x00000009   Thumb Code     4  stm32h7xx_hal_cortex.o(.rev16_text)
    __asm___21_stm32h7xx_hal_flash_c_48aa8f3e____REV16 0x0000000d   Thumb Code     4  stm32h7xx_hal_flash.o(.rev16_text)
    __asm___24_stm32h7xx_hal_flash_ex_c_6648b60e____REV16 0x00000011   Thumb Code     4  stm32h7xx_hal_flash_ex.o(.rev16_text)
    __asm___20_stm32h7xx_hal_gpio_c_ea787061____REV16 0x00000015   Thumb Code     4  stm32h7xx_hal_gpio.o(.rev16_text)
    __asm___20_stm32h7xx_hal_mdma_c_49e2804d____REV16 0x00000019   Thumb Code     4  stm32h7xx_hal_mdma.o(.rev16_text)
    __asm___19_stm32h7xx_hal_pwr_c_f2cfe8be____REV16 0x0000001d   Thumb Code     4  stm32h7xx_hal_pwr.o(.rev16_text)
    __asm___22_stm32h7xx_hal_pwr_ex_c_75a25fd4____REV16 0x00000021   Thumb Code     4  stm32h7xx_hal_pwr_ex.o(.rev16_text)
    __asm___20_stm32h7xx_hal_qspi_c_9f327679____REV16 0x00000025   Thumb Code     4  stm32h7xx_hal_qspi.o(.rev16_text)
    __asm___19_stm32h7xx_hal_rcc_c_b7071a4b____REV16 0x00000029   Thumb Code     4  stm32h7xx_hal_rcc.o(.rev16_text)
    __asm___22_stm32h7xx_hal_rcc_ex_c_bed13b44____REV16 0x0000002d   Thumb Code     4  stm32h7xx_hal_rcc_ex.o(.rev16_text)
    __asm___25_stm32h7xx_ll_delayblock_c_5187913b____REV16 0x00000031   Thumb Code     4  stm32h7xx_ll_delayblock.o(.rev16_text)
    __asm___19_stm32h7xx_ll_gpio_c_4040a040____REV16 0x00000035   Thumb Code     4  stm32h7xx_ll_gpio.o(.rev16_text)
    __asm___19_stm32h7xx_ll_mdma_c_c4cc9a68____REV16 0x00000039   Thumb Code     4  stm32h7xx_ll_mdma.o(.rev16_text)
    __asm___18_stm32h7xx_ll_pwr_c_19cc5e42____REV16 0x0000003d   Thumb Code     4  stm32h7xx_ll_pwr.o(.rev16_text)
    __asm___18_stm32h7xx_ll_rcc_c_650563eb____REV16 0x00000041   Thumb Code     4  stm32h7xx_ll_rcc.o(.rev16_text)
    __asm___20_stm32h7xx_ll_utils_c_fa0b8999____REV16 0x00000045   Thumb Code     4  stm32h7xx_ll_utils.o(.rev16_text)
    __asm___18_system_stm32h7xx_c_5d646a67____REV16 0x00000049   Thumb Code     4  system_stm32h7xx.o(.rev16_text)
    __asm___12_qspi_flash_c_4b5bbcc5____REV16 0x0000004d   Thumb Code     4  qspi_flash.o(.rev16_text)
    __asm___10_FlashPrg_c_Init____REVSH      0x00000051   Thumb Code     4  flashprg.o(.revsh_text)
    __asm___15_stm32h7xx_hal_c_3da258af____REVSH 0x00000055   Thumb Code     4  stm32h7xx_hal.o(.revsh_text)
    __asm___22_stm32h7xx_hal_cortex_c_2992dbc0____REVSH 0x00000059   Thumb Code     4  stm32h7xx_hal_cortex.o(.revsh_text)
    __asm___21_stm32h7xx_hal_flash_c_48aa8f3e____REVSH 0x0000005d   Thumb Code     4  stm32h7xx_hal_flash.o(.revsh_text)
    __asm___24_stm32h7xx_hal_flash_ex_c_6648b60e____REVSH 0x00000061   Thumb Code     4  stm32h7xx_hal_flash_ex.o(.revsh_text)
    __asm___20_stm32h7xx_hal_gpio_c_ea787061____REVSH 0x00000065   Thumb Code     4  stm32h7xx_hal_gpio.o(.revsh_text)
    __asm___20_stm32h7xx_hal_mdma_c_49e2804d____REVSH 0x00000069   Thumb Code     4  stm32h7xx_hal_mdma.o(.revsh_text)
    __asm___19_stm32h7xx_hal_pwr_c_f2cfe8be____REVSH 0x0000006d   Thumb Code     4  stm32h7xx_hal_pwr.o(.revsh_text)
    __asm___22_stm32h7xx_hal_pwr_ex_c_75a25fd4____REVSH 0x00000071   Thumb Code     4  stm32h7xx_hal_pwr_ex.o(.revsh_text)
    __asm___20_stm32h7xx_hal_qspi_c_9f327679____REVSH 0x00000075   Thumb Code     4  stm32h7xx_hal_qspi.o(.revsh_text)
    __asm___19_stm32h7xx_hal_rcc_c_b7071a4b____REVSH 0x00000079   Thumb Code     4  stm32h7xx_hal_rcc.o(.revsh_text)
    __asm___22_stm32h7xx_hal_rcc_ex_c_bed13b44____REVSH 0x0000007d   Thumb Code     4  stm32h7xx_hal_rcc_ex.o(.revsh_text)
    __asm___25_stm32h7xx_ll_delayblock_c_5187913b____REVSH 0x00000081   Thumb Code     4  stm32h7xx_ll_delayblock.o(.revsh_text)
    __asm___19_stm32h7xx_ll_gpio_c_4040a040____REVSH 0x00000085   Thumb Code     4  stm32h7xx_ll_gpio.o(.revsh_text)
    __asm___19_stm32h7xx_ll_mdma_c_c4cc9a68____REVSH 0x00000089   Thumb Code     4  stm32h7xx_ll_mdma.o(.revsh_text)
    __asm___18_stm32h7xx_ll_pwr_c_19cc5e42____REVSH 0x0000008d   Thumb Code     4  stm32h7xx_ll_pwr.o(.revsh_text)
    __asm___18_stm32h7xx_ll_rcc_c_650563eb____REVSH 0x00000091   Thumb Code     4  stm32h7xx_ll_rcc.o(.revsh_text)
    __asm___20_stm32h7xx_ll_utils_c_fa0b8999____REVSH 0x00000095   Thumb Code     4  stm32h7xx_ll_utils.o(.revsh_text)
    __asm___18_system_stm32h7xx_c_5d646a67____REVSH 0x00000099   Thumb Code     4  system_stm32h7xx.o(.revsh_text)
    __asm___12_qspi_flash_c_4b5bbcc5____REVSH 0x0000009d   Thumb Code     4  qspi_flash.o(.revsh_text)
    __asm___10_FlashPrg_c_Init____RRX        0x000000a1   Thumb Code     6  flashprg.o(.rrx_text)
    __asm___15_stm32h7xx_hal_c_3da258af____RRX 0x000000a9   Thumb Code     6  stm32h7xx_hal.o(.rrx_text)
    __asm___22_stm32h7xx_hal_cortex_c_2992dbc0____RRX 0x000000b1   Thumb Code     6  stm32h7xx_hal_cortex.o(.rrx_text)
    __asm___21_stm32h7xx_hal_flash_c_48aa8f3e____RRX 0x000000b9   Thumb Code     6  stm32h7xx_hal_flash.o(.rrx_text)
    __asm___24_stm32h7xx_hal_flash_ex_c_6648b60e____RRX 0x000000c1   Thumb Code     6  stm32h7xx_hal_flash_ex.o(.rrx_text)
    __asm___20_stm32h7xx_hal_gpio_c_ea787061____RRX 0x000000c9   Thumb Code     6  stm32h7xx_hal_gpio.o(.rrx_text)
    __asm___20_stm32h7xx_hal_mdma_c_49e2804d____RRX 0x000000d1   Thumb Code     6  stm32h7xx_hal_mdma.o(.rrx_text)
    __asm___19_stm32h7xx_hal_pwr_c_f2cfe8be____RRX 0x000000d9   Thumb Code     6  stm32h7xx_hal_pwr.o(.rrx_text)
    __asm___22_stm32h7xx_hal_pwr_ex_c_75a25fd4____RRX 0x000000e1   Thumb Code     6  stm32h7xx_hal_pwr_ex.o(.rrx_text)
    __asm___20_stm32h7xx_hal_qspi_c_9f327679____RRX 0x000000e9   Thumb Code     6  stm32h7xx_hal_qspi.o(.rrx_text)
    __asm___19_stm32h7xx_hal_rcc_c_b7071a4b____RRX 0x000000f1   Thumb Code     6  stm32h7xx_hal_rcc.o(.rrx_text)
    __asm___22_stm32h7xx_hal_rcc_ex_c_bed13b44____RRX 0x000000f9   Thumb Code     6  stm32h7xx_hal_rcc_ex.o(.rrx_text)
    __asm___25_stm32h7xx_ll_delayblock_c_5187913b____RRX 0x00000101   Thumb Code     6  stm32h7xx_ll_delayblock.o(.rrx_text)
    __asm___19_stm32h7xx_ll_gpio_c_4040a040____RRX 0x00000109   Thumb Code     6  stm32h7xx_ll_gpio.o(.rrx_text)
    __asm___19_stm32h7xx_ll_mdma_c_c4cc9a68____RRX 0x00000111   Thumb Code     6  stm32h7xx_ll_mdma.o(.rrx_text)
    __asm___18_stm32h7xx_ll_pwr_c_19cc5e42____RRX 0x00000119   Thumb Code     6  stm32h7xx_ll_pwr.o(.rrx_text)
    __asm___18_stm32h7xx_ll_rcc_c_650563eb____RRX 0x00000121   Thumb Code     6  stm32h7xx_ll_rcc.o(.rrx_text)
    __asm___20_stm32h7xx_ll_utils_c_fa0b8999____RRX 0x00000129   Thumb Code     6  stm32h7xx_ll_utils.o(.rrx_text)
    __asm___18_system_stm32h7xx_c_5d646a67____RRX 0x00000131   Thumb Code     6  system_stm32h7xx.o(.rrx_text)
    __asm___12_qspi_flash_c_4b5bbcc5____RRX  0x00000139   Thumb Code     6  qspi_flash.o(.rrx_text)
    Init                                     0x0000044f   Thumb Code    40  flashprg.o(.text)
    UnInit                                   0x00000477   Thumb Code    16  flashprg.o(.text)
    EraseChip                                0x00000487   Thumb Code    18  flashprg.o(.text)
    EraseSector                              0x00000499   Thumb Code    24  flashprg.o(.text)
    ProgramPage                              0x000004b1   Thumb Code    32  flashprg.o(.text)
    HAL_Init                                 0x000004e5   Thumb Code    64  stm32h7xx_hal.o(.text)
    HAL_MspDeInit                            0x00000525   Thumb Code     2  stm32h7xx_hal.o(.text)
    HAL_DeInit                               0x00000527   Thumb Code   106  stm32h7xx_hal.o(.text)
    HAL_MspInit                              0x00000591   Thumb Code     2  stm32h7xx_hal.o(.text)
    HAL_InitTick                             0x00000593   Thumb Code     6  stm32h7xx_hal.o(.text)
    HAL_IncTick                              0x00000599   Thumb Code     2  stm32h7xx_hal.o(.text)
    HAL_GetTick                              0x0000059b   Thumb Code     8  stm32h7xx_hal.o(.text)
    HAL_GetTickPrio                          0x000005a3   Thumb Code     8  stm32h7xx_hal.o(.text)
    HAL_SetTickFreq                          0x000005ab   Thumb Code    48  stm32h7xx_hal.o(.text)
    HAL_GetTickFreq                          0x000005db   Thumb Code     8  stm32h7xx_hal.o(.text)
    HAL_Delay                                0x000005e3   Thumb Code     2  stm32h7xx_hal.o(.text)
    HAL_SuspendTick                          0x000005e5   Thumb Code     2  stm32h7xx_hal.o(.text)
    HAL_ResumeTick                           0x000005e7   Thumb Code     2  stm32h7xx_hal.o(.text)
    HAL_GetHalVersion                        0x000005e9   Thumb Code     4  stm32h7xx_hal.o(.text)
    HAL_GetREVID                             0x000005ed   Thumb Code     8  stm32h7xx_hal.o(.text)
    HAL_GetDEVID                             0x000005f5   Thumb Code    10  stm32h7xx_hal.o(.text)
    HAL_GetUIDw0                             0x000005ff   Thumb Code     6  stm32h7xx_hal.o(.text)
    HAL_GetUIDw1                             0x00000605   Thumb Code     8  stm32h7xx_hal.o(.text)
    HAL_GetUIDw2                             0x0000060d   Thumb Code     8  stm32h7xx_hal.o(.text)
    HAL_SYSCFG_VREFBUF_VoltageScalingConfig  0x00000615   Thumb Code    16  stm32h7xx_hal.o(.text)
    HAL_SYSCFG_VREFBUF_HighImpedanceConfig   0x00000625   Thumb Code    16  stm32h7xx_hal.o(.text)
    HAL_SYSCFG_VREFBUF_TrimmingConfig        0x00000635   Thumb Code    20  stm32h7xx_hal.o(.text)
    HAL_SYSCFG_EnableVREFBUF                 0x00000649   Thumb Code    52  stm32h7xx_hal.o(.text)
    HAL_SYSCFG_DisableVREFBUF                0x0000067d   Thumb Code    14  stm32h7xx_hal.o(.text)
    HAL_SYSCFG_ETHInterfaceSelect            0x0000068b   Thumb Code    16  stm32h7xx_hal.o(.text)
    HAL_SYSCFG_AnalogSwitchConfig            0x0000069b   Thumb Code    14  stm32h7xx_hal.o(.text)
    HAL_SYSCFG_EnableBOOST                   0x000006a9   Thumb Code    14  stm32h7xx_hal.o(.text)
    HAL_SYSCFG_DisableBOOST                  0x000006b7   Thumb Code    14  stm32h7xx_hal.o(.text)
    HAL_SYSCFG_CM7BootAddConfig              0x000006c5   Thumb Code    40  stm32h7xx_hal.o(.text)
    HAL_EnableCompensationCell               0x000006ed   Thumb Code    18  stm32h7xx_hal.o(.text)
    HAL_DisableCompensationCell              0x000006ff   Thumb Code    18  stm32h7xx_hal.o(.text)
    HAL_SYSCFG_EnableIOSpeedOptimize         0x00000711   Thumb Code    18  stm32h7xx_hal.o(.text)
    HAL_SYSCFG_DisableIOSpeedOptimize        0x00000723   Thumb Code    18  stm32h7xx_hal.o(.text)
    HAL_SYSCFG_CompensationCodeSelect        0x00000735   Thumb Code    20  stm32h7xx_hal.o(.text)
    HAL_SYSCFG_CompensationCodeConfig        0x00000749   Thumb Code    24  stm32h7xx_hal.o(.text)
    HAL_DBGMCU_EnableDBGSleepMode            0x00000761   Thumb Code    14  stm32h7xx_hal.o(.text)
    HAL_DBGMCU_DisableDBGSleepMode           0x0000076f   Thumb Code    14  stm32h7xx_hal.o(.text)
    HAL_DBGMCU_EnableDBGStopMode             0x0000077d   Thumb Code    14  stm32h7xx_hal.o(.text)
    HAL_DBGMCU_DisableDBGStopMode            0x0000078b   Thumb Code    14  stm32h7xx_hal.o(.text)
    HAL_DBGMCU_EnableDBGStandbyMode          0x00000799   Thumb Code    14  stm32h7xx_hal.o(.text)
    HAL_DBGMCU_DisableDBGStandbyMode         0x000007a7   Thumb Code    14  stm32h7xx_hal.o(.text)
    HAL_SetFMCMemorySwappingConfig           0x000007b5   Thumb Code    16  stm32h7xx_hal.o(.text)
    HAL_GetFMCMemorySwappingConfig           0x000007c5   Thumb Code    10  stm32h7xx_hal.o(.text)
    HAL_EXTI_EdgeConfig                      0x000007cf   Thumb Code   144  stm32h7xx_hal.o(.text)
    HAL_EXTI_GenerateSWInterrupt             0x0000085f   Thumb Code    32  stm32h7xx_hal.o(.text)
    HAL_EXTI_D1_ClearFlag                    0x0000087f   Thumb Code    22  stm32h7xx_hal.o(.text)
    HAL_EXTI_D1_EventInputConfig             0x00000895   Thumb Code   250  stm32h7xx_hal.o(.text)
    HAL_EXTI_D3_EventInputConfig             0x0000098f   Thumb Code   124  stm32h7xx_hal.o(.text)
    HAL_NVIC_SetPriorityGrouping             0x00000a31   Thumb Code    36  stm32h7xx_hal_cortex.o(.text)
    HAL_NVIC_SetPriority                     0x00000a55   Thumb Code   122  stm32h7xx_hal_cortex.o(.text)
    HAL_NVIC_EnableIRQ                       0x00000acf   Thumb Code    40  stm32h7xx_hal_cortex.o(.text)
    HAL_NVIC_DisableIRQ                      0x00000af7   Thumb Code    62  stm32h7xx_hal_cortex.o(.text)
    HAL_NVIC_SystemReset                     0x00000b35   Thumb Code    64  stm32h7xx_hal_cortex.o(.text)
    HAL_SYSTICK_Config                       0x00000b75   Thumb Code    52  stm32h7xx_hal_cortex.o(.text)
    HAL_MPU_Disable                          0x00000ba9   Thumb Code    42  stm32h7xx_hal_cortex.o(.text)
    HAL_MPU_Enable                           0x00000bd3   Thumb Code    60  stm32h7xx_hal_cortex.o(.text)
    HAL_MPU_EnableRegion                     0x00000c0f   Thumb Code    24  stm32h7xx_hal_cortex.o(.text)
    HAL_MPU_DisableRegion                    0x00000c27   Thumb Code    24  stm32h7xx_hal_cortex.o(.text)
    HAL_MPU_ConfigRegion                     0x00000c3f   Thumb Code    88  stm32h7xx_hal_cortex.o(.text)
    HAL_NVIC_GetPriorityGrouping             0x00000c97   Thumb Code     8  stm32h7xx_hal_cortex.o(.text)
    HAL_NVIC_GetPriority                     0x00000c9f   Thumb Code   138  stm32h7xx_hal_cortex.o(.text)
    HAL_NVIC_SetPendingIRQ                   0x00000d29   Thumb Code    32  stm32h7xx_hal_cortex.o(.text)
    HAL_NVIC_GetPendingIRQ                   0x00000d49   Thumb Code    46  stm32h7xx_hal_cortex.o(.text)
    HAL_NVIC_ClearPendingIRQ                 0x00000d77   Thumb Code    30  stm32h7xx_hal_cortex.o(.text)
    HAL_NVIC_GetActive                       0x00000d95   Thumb Code    46  stm32h7xx_hal_cortex.o(.text)
    HAL_SYSTICK_CLKSourceConfig              0x00000dc3   Thumb Code    40  stm32h7xx_hal_cortex.o(.text)
    HAL_SYSTICK_Callback                     0x00000deb   Thumb Code     2  stm32h7xx_hal_cortex.o(.text)
    HAL_SYSTICK_IRQHandler                   0x00000ded   Thumb Code    28  stm32h7xx_hal_cortex.o(.text)
    HAL_GetCurrentCPUID                      0x00000e09   Thumb Code     4  stm32h7xx_hal_cortex.o(.text)
    FLASH_WaitForLastOperation               0x00000e1d   Thumb Code   234  stm32h7xx_hal_flash.o(.text)
    HAL_FLASH_Program                        0x00000f07   Thumb Code   296  stm32h7xx_hal_flash.o(.text)
    HAL_FLASH_Program_IT                     0x0000102f   Thumb Code   290  stm32h7xx_hal_flash.o(.text)
    HAL_FLASH_OperationErrorCallback         0x00001151   Thumb Code     2  stm32h7xx_hal_flash.o(.text)
    HAL_FLASH_EndOfOperationCallback         0x00001153   Thumb Code     2  stm32h7xx_hal_flash.o(.text)
    HAL_FLASH_IRQHandler                     0x00001155   Thumb Code   608  stm32h7xx_hal_flash.o(.text)
    HAL_FLASH_Unlock                         0x000013b5   Thumb Code    82  stm32h7xx_hal_flash.o(.text)
    HAL_FLASH_Lock                           0x00001407   Thumb Code    62  stm32h7xx_hal_flash.o(.text)
    HAL_FLASH_OB_Unlock                      0x00001445   Thumb Code    38  stm32h7xx_hal_flash.o(.text)
    HAL_FLASH_OB_Lock                        0x0000146b   Thumb Code    30  stm32h7xx_hal_flash.o(.text)
    FLASH_OB_WaitForLastOperation            0x00001489   Thumb Code    90  stm32h7xx_hal_flash.o(.text)
    FLASH_CRC_WaitForLastOperation           0x000014e3   Thumb Code   196  stm32h7xx_hal_flash.o(.text)
    HAL_FLASH_OB_Launch                      0x000015a7   Thumb Code    64  stm32h7xx_hal_flash.o(.text)
    HAL_FLASH_GetError                       0x000015e7   Thumb Code     8  stm32h7xx_hal_flash.o(.text)
    FLASH_Erase_Sector                       0x00001615   Thumb Code    88  stm32h7xx_hal_flash_ex.o(.text)
    HAL_FLASHEx_Erase                        0x00001703   Thumb Code   308  stm32h7xx_hal_flash_ex.o(.text)
    HAL_FLASHEx_Erase_IT                     0x00001837   Thumb Code   248  stm32h7xx_hal_flash_ex.o(.text)
    HAL_FLASHEx_OBProgram                    0x00001b03   Thumb Code   228  stm32h7xx_hal_flash_ex.o(.text)
    HAL_FLASHEx_OBGetConfig                  0x00001cd7   Thumb Code   106  stm32h7xx_hal_flash_ex.o(.text)
    HAL_FLASHEx_Unlock_Bank1                 0x00001d41   Thumb Code    38  stm32h7xx_hal_flash_ex.o(.text)
    HAL_FLASHEx_Lock_Bank1                   0x00001d67   Thumb Code    16  stm32h7xx_hal_flash_ex.o(.text)
    HAL_FLASHEx_Unlock_Bank2                 0x00001d77   Thumb Code    48  stm32h7xx_hal_flash_ex.o(.text)
    HAL_FLASHEx_Lock_Bank2                   0x00001da7   Thumb Code    20  stm32h7xx_hal_flash_ex.o(.text)
    HAL_FLASHEx_ComputeCRC                   0x00001e19   Thumb Code   412  stm32h7xx_hal_flash_ex.o(.text)
    HAL_GPIO_Init                            0x00001fc1   Thumb Code   456  stm32h7xx_hal_gpio.o(.text)
    HAL_GPIO_DeInit                          0x00002189   Thumb Code   328  stm32h7xx_hal_gpio.o(.text)
    HAL_GPIO_ReadPin                         0x000022d1   Thumb Code    16  stm32h7xx_hal_gpio.o(.text)
    HAL_GPIO_WritePin                        0x000022e1   Thumb Code    12  stm32h7xx_hal_gpio.o(.text)
    HAL_GPIO_TogglePin                       0x000022ed   Thumb Code    20  stm32h7xx_hal_gpio.o(.text)
    HAL_GPIO_LockPin                         0x00002301   Thumb Code    46  stm32h7xx_hal_gpio.o(.text)
    HAL_GPIO_EXTI_Callback                   0x0000232f   Thumb Code     2  stm32h7xx_hal_gpio.o(.text)
    HAL_GPIO_EXTI_IRQHandler                 0x00002331   Thumb Code    28  stm32h7xx_hal_gpio.o(.text)
    HAL_MDMA_Init                            0x00002445   Thumb Code   108  stm32h7xx_hal_mdma.o(.text)
    HAL_MDMA_DeInit                          0x000024b1   Thumb Code    94  stm32h7xx_hal_mdma.o(.text)
    HAL_MDMA_ConfigPostRequestMask           0x0000250f   Thumb Code   110  stm32h7xx_hal_mdma.o(.text)
    HAL_MDMA_RegisterCallback                0x0000257d   Thumb Code   100  stm32h7xx_hal_mdma.o(.text)
    HAL_MDMA_UnRegisterCallback              0x000025e1   Thumb Code   130  stm32h7xx_hal_mdma.o(.text)
    HAL_MDMA_LinkedList_CreateNode           0x00002663   Thumb Code   266  stm32h7xx_hal_mdma.o(.text)
    HAL_MDMA_LinkedList_AddNode              0x0000276d   Thumb Code   228  stm32h7xx_hal_mdma.o(.text)
    HAL_MDMA_LinkedList_RemoveNode           0x00002851   Thumb Code   216  stm32h7xx_hal_mdma.o(.text)
    HAL_MDMA_LinkedList_EnableCircularMode   0x00002929   Thumb Code    88  stm32h7xx_hal_mdma.o(.text)
    HAL_MDMA_LinkedList_DisableCircularMode  0x00002981   Thumb Code    88  stm32h7xx_hal_mdma.o(.text)
    HAL_MDMA_Start                           0x00002a5b   Thumb Code   152  stm32h7xx_hal_mdma.o(.text)
    HAL_MDMA_Start_IT                        0x00002af3   Thumb Code   204  stm32h7xx_hal_mdma.o(.text)
    HAL_MDMA_Abort                           0x00002bbf   Thumb Code   144  stm32h7xx_hal_mdma.o(.text)
    HAL_MDMA_Abort_IT                        0x00002c4f   Thumb Code    46  stm32h7xx_hal_mdma.o(.text)
    HAL_MDMA_PollForTransfer                 0x00002c7d   Thumb Code   290  stm32h7xx_hal_mdma.o(.text)
    HAL_MDMA_GenerateSWRequest               0x00002d9f   Thumb Code    72  stm32h7xx_hal_mdma.o(.text)
    HAL_MDMA_IRQHandler                      0x00002de7   Thumb Code   478  stm32h7xx_hal_mdma.o(.text)
    HAL_MDMA_GetState                        0x00002fc5   Thumb Code     8  stm32h7xx_hal_mdma.o(.text)
    HAL_MDMA_GetError                        0x00002fcd   Thumb Code     6  stm32h7xx_hal_mdma.o(.text)
    HAL_PWR_DeInit                           0x00002fd9   Thumb Code     2  stm32h7xx_hal_pwr.o(.text)
    HAL_PWR_EnableBkUpAccess                 0x00002fdb   Thumb Code    14  stm32h7xx_hal_pwr.o(.text)
    HAL_PWR_DisableBkUpAccess                0x00002fe9   Thumb Code    14  stm32h7xx_hal_pwr.o(.text)
    HAL_PWR_ConfigPVD                        0x00002ff7   Thumb Code   178  stm32h7xx_hal_pwr.o(.text)
    HAL_PWR_EnablePVD                        0x000030a9   Thumb Code    14  stm32h7xx_hal_pwr.o(.text)
    HAL_PWR_DisablePVD                       0x000030b7   Thumb Code    14  stm32h7xx_hal_pwr.o(.text)
    HAL_PWR_EnableWakeUpPin                  0x000030c5   Thumb Code    20  stm32h7xx_hal_pwr.o(.text)
    HAL_PWR_DisableWakeUpPin                 0x000030d9   Thumb Code    20  stm32h7xx_hal_pwr.o(.text)
    HAL_PWR_EnterSLEEPMode                   0x000030ed   Thumb Code    24  stm32h7xx_hal_pwr.o(.text)
    HAL_PWR_EnterSTOPMode                    0x00003105   Thumb Code   108  stm32h7xx_hal_pwr.o(.text)
    HAL_PWR_EnterSTANDBYMode                 0x00003171   Thumb Code    78  stm32h7xx_hal_pwr.o(.text)
    HAL_PWR_EnableSleepOnExit                0x000031bf   Thumb Code    14  stm32h7xx_hal_pwr.o(.text)
    HAL_PWR_DisableSleepOnExit               0x000031cd   Thumb Code    14  stm32h7xx_hal_pwr.o(.text)
    HAL_PWR_EnableSEVOnPend                  0x000031db   Thumb Code    14  stm32h7xx_hal_pwr.o(.text)
    HAL_PWR_DisableSEVOnPend                 0x000031e9   Thumb Code    14  stm32h7xx_hal_pwr.o(.text)
    HAL_PWR_PVDCallback                      0x000031f7   Thumb Code     2  stm32h7xx_hal_pwr.o(.text)
    HAL_PWR_PVD_IRQHandler                   0x000031f9   Thumb Code    38  stm32h7xx_hal_pwr.o(.text)
    HAL_PWREx_ConfigSupply                   0x00003231   Thumb Code    90  stm32h7xx_hal_pwr_ex.o(.text)
    HAL_PWREx_GetSupplyConfig                0x0000328b   Thumb Code    10  stm32h7xx_hal_pwr_ex.o(.text)
    HAL_PWREx_ControlVoltageScaling          0x00003295   Thumb Code   244  stm32h7xx_hal_pwr_ex.o(.text)
    HAL_PWREx_GetVoltageRange                0x00003389   Thumb Code    12  stm32h7xx_hal_pwr_ex.o(.text)
    HAL_PWREx_ControlStopModeVoltageScaling  0x00003395   Thumb Code    24  stm32h7xx_hal_pwr_ex.o(.text)
    HAL_PWREx_GetStopModeVoltageRange        0x000033ad   Thumb Code    12  stm32h7xx_hal_pwr_ex.o(.text)
    HAL_PWREx_EnterSTOPMode                  0x000033b9   Thumb Code   146  stm32h7xx_hal_pwr_ex.o(.text)
    HAL_PWREx_ClearPendingEvent              0x0000344b   Thumb Code     4  stm32h7xx_hal_pwr_ex.o(.text)
    HAL_PWREx_EnterSTANDBYMode               0x0000344f   Thumb Code    78  stm32h7xx_hal_pwr_ex.o(.text)
    HAL_PWREx_ConfigD3Domain                 0x0000349d   Thumb Code    20  stm32h7xx_hal_pwr_ex.o(.text)
    HAL_PWREx_EnableFlashPowerDown           0x000034b1   Thumb Code    18  stm32h7xx_hal_pwr_ex.o(.text)
    HAL_PWREx_DisableFlashPowerDown          0x000034c3   Thumb Code    18  stm32h7xx_hal_pwr_ex.o(.text)
    HAL_PWREx_EnableWakeUpPin                0x000034d5   Thumb Code   142  stm32h7xx_hal_pwr_ex.o(.text)
    HAL_PWREx_DisableWakeUpPin               0x00003563   Thumb Code    16  stm32h7xx_hal_pwr_ex.o(.text)
    HAL_PWREx_GetWakeupFlag                  0x00003573   Thumb Code    12  stm32h7xx_hal_pwr_ex.o(.text)
    HAL_PWREx_ClearWakeupFlag                0x0000357f   Thumb Code    32  stm32h7xx_hal_pwr_ex.o(.text)
    HAL_PWREx_WKUP6_Callback                 0x0000359f   Thumb Code     2  stm32h7xx_hal_pwr_ex.o(.text)
    HAL_PWREx_WKUP5_Callback                 0x000035a1   Thumb Code     2  stm32h7xx_hal_pwr_ex.o(.text)
    HAL_PWREx_WKUP4_Callback                 0x000035a3   Thumb Code     2  stm32h7xx_hal_pwr_ex.o(.text)
    HAL_PWREx_WKUP3_Callback                 0x000035a5   Thumb Code     2  stm32h7xx_hal_pwr_ex.o(.text)
    HAL_PWREx_WKUP2_Callback                 0x000035a7   Thumb Code     2  stm32h7xx_hal_pwr_ex.o(.text)
    HAL_PWREx_WKUP1_Callback                 0x000035a9   Thumb Code     2  stm32h7xx_hal_pwr_ex.o(.text)
    HAL_PWREx_WAKEUP_PIN_IRQHandler          0x000035ab   Thumb Code   208  stm32h7xx_hal_pwr_ex.o(.text)
    HAL_PWREx_EnableBkUpReg                  0x0000367b   Thumb Code    60  stm32h7xx_hal_pwr_ex.o(.text)
    HAL_PWREx_DisableBkUpReg                 0x000036b7   Thumb Code    60  stm32h7xx_hal_pwr_ex.o(.text)
    HAL_PWREx_EnableUSBReg                   0x000036f3   Thumb Code    60  stm32h7xx_hal_pwr_ex.o(.text)
    HAL_PWREx_DisableUSBReg                  0x0000372f   Thumb Code    60  stm32h7xx_hal_pwr_ex.o(.text)
    HAL_PWREx_EnableUSBVoltageDetector       0x0000376b   Thumb Code    18  stm32h7xx_hal_pwr_ex.o(.text)
    HAL_PWREx_DisableUSBVoltageDetector      0x0000377d   Thumb Code    18  stm32h7xx_hal_pwr_ex.o(.text)
    HAL_PWREx_EnableBatteryCharging          0x0000378f   Thumb Code    30  stm32h7xx_hal_pwr_ex.o(.text)
    HAL_PWREx_DisableBatteryCharging         0x000037ad   Thumb Code    18  stm32h7xx_hal_pwr_ex.o(.text)
    HAL_PWREx_EnableMonitoring               0x000037bf   Thumb Code    18  stm32h7xx_hal_pwr_ex.o(.text)
    HAL_PWREx_DisableMonitoring              0x000037d1   Thumb Code    18  stm32h7xx_hal_pwr_ex.o(.text)
    HAL_PWREx_GetTemperatureLevel            0x000037e3   Thumb Code    38  stm32h7xx_hal_pwr_ex.o(.text)
    HAL_PWREx_GetVBATLevel                   0x00003809   Thumb Code    38  stm32h7xx_hal_pwr_ex.o(.text)
    HAL_PWREx_ConfigAVD                      0x0000382f   Thumb Code   176  stm32h7xx_hal_pwr_ex.o(.text)
    HAL_PWREx_EnableAVD                      0x000038df   Thumb Code    18  stm32h7xx_hal_pwr_ex.o(.text)
    HAL_PWREx_DisableAVD                     0x000038f1   Thumb Code    18  stm32h7xx_hal_pwr_ex.o(.text)
    HAL_PWREx_AVDCallback                    0x00003903   Thumb Code     2  stm32h7xx_hal_pwr_ex.o(.text)
    HAL_PWREx_PVD_AVD_IRQHandler             0x00003905   Thumb Code   120  stm32h7xx_hal_pwr_ex.o(.text)
    HAL_QSPI_SetTimeout                      0x000039b7   Thumb Code     4  stm32h7xx_hal_qspi.o(.text)
    HAL_QSPI_MspInit                         0x000039bb   Thumb Code     2  stm32h7xx_hal_qspi.o(.text)
    HAL_QSPI_TimeOutCallback                 0x000039bd   Thumb Code     2  stm32h7xx_hal_qspi.o(.text)
    HAL_QSPI_StatusMatchCallback             0x000039bf   Thumb Code     2  stm32h7xx_hal_qspi.o(.text)
    HAL_QSPI_TxCpltCallback                  0x000039c1   Thumb Code     2  stm32h7xx_hal_qspi.o(.text)
    HAL_QSPI_RxCpltCallback                  0x000039c3   Thumb Code     2  stm32h7xx_hal_qspi.o(.text)
    HAL_QSPI_CmdCpltCallback                 0x000039c5   Thumb Code     2  stm32h7xx_hal_qspi.o(.text)
    HAL_QSPI_FifoThresholdCallback           0x000039c7   Thumb Code     2  stm32h7xx_hal_qspi.o(.text)
    HAL_QSPI_AbortCpltCallback               0x000039c9   Thumb Code     2  stm32h7xx_hal_qspi.o(.text)
    HAL_QSPI_ErrorCallback                   0x000039cb   Thumb Code     2  stm32h7xx_hal_qspi.o(.text)
    HAL_QSPI_Init                            0x000039cd   Thumb Code   226  stm32h7xx_hal_qspi.o(.text)
    HAL_QSPI_MspDeInit                       0x00003aaf   Thumb Code     2  stm32h7xx_hal_qspi.o(.text)
    HAL_QSPI_DeInit                          0x00003ab1   Thumb Code    50  stm32h7xx_hal_qspi.o(.text)
    HAL_QSPI_IRQHandler                      0x00003b25   Thumb Code   640  stm32h7xx_hal_qspi.o(.text)
    HAL_QSPI_Command                         0x00003fdd   Thumb Code   164  stm32h7xx_hal_qspi.o(.text)
    HAL_QSPI_Command_IT                      0x00004081   Thumb Code   180  stm32h7xx_hal_qspi.o(.text)
    HAL_QSPI_Transmit                        0x00004135   Thumb Code   212  stm32h7xx_hal_qspi.o(.text)
    HAL_QSPI_Receive                         0x00004209   Thumb Code   228  stm32h7xx_hal_qspi.o(.text)
    HAL_QSPI_Transmit_IT                     0x000042ed   Thumb Code   144  stm32h7xx_hal_qspi.o(.text)
    HAL_QSPI_Receive_IT                      0x0000437d   Thumb Code   156  stm32h7xx_hal_qspi.o(.text)
    HAL_QSPI_Abort_IT                        0x00004419   Thumb Code   150  stm32h7xx_hal_qspi.o(.text)
    HAL_QSPI_Transmit_DMA                    0x000044ed   Thumb Code   350  stm32h7xx_hal_qspi.o(.text)
    HAL_QSPI_Receive_DMA                     0x00004661   Thumb Code   372  stm32h7xx_hal_qspi.o(.text)
    HAL_QSPI_AutoPolling                     0x000047d5   Thumb Code   224  stm32h7xx_hal_qspi.o(.text)
    HAL_QSPI_AutoPolling_IT                  0x000048b5   Thumb Code   206  stm32h7xx_hal_qspi.o(.text)
    HAL_QSPI_MemoryMapped                    0x00004983   Thumb Code   172  stm32h7xx_hal_qspi.o(.text)
    HAL_QSPI_RegisterCallback                0x00004a2f   Thumb Code   204  stm32h7xx_hal_qspi.o(.text)
    HAL_QSPI_UnRegisterCallback              0x00004afb   Thumb Code   242  stm32h7xx_hal_qspi.o(.text)
    HAL_QSPI_GetState                        0x00004bed   Thumb Code     8  stm32h7xx_hal_qspi.o(.text)
    HAL_QSPI_GetError                        0x00004bf5   Thumb Code     6  stm32h7xx_hal_qspi.o(.text)
    HAL_QSPI_Abort                           0x00004bfb   Thumb Code   174  stm32h7xx_hal_qspi.o(.text)
    HAL_QSPI_SetFifoThreshold                0x00004ca9   Thumb Code    76  stm32h7xx_hal_qspi.o(.text)
    HAL_QSPI_GetFifoThreshold                0x00004cf5   Thumb Code    14  stm32h7xx_hal_qspi.o(.text)
    HAL_QSPI_SetFlashID                      0x00004d03   Thumb Code    70  stm32h7xx_hal_qspi.o(.text)
    HAL_RCC_DeInit                           0x00004d71   Thumb Code   522  stm32h7xx_hal_rcc.o(.text)
    HAL_RCC_OscConfig                        0x00004f7b   Thumb Code  1884  stm32h7xx_hal_rcc.o(.text)
    HAL_RCC_GetSysClockFreq                  0x000056d7   Thumb Code   524  stm32h7xx_hal_rcc.o(.text)
    HAL_RCC_ClockConfig                      0x000058e3   Thumb Code   842  stm32h7xx_hal_rcc.o(.text)
    HAL_RCC_MCOConfig                        0x00005c2d   Thumb Code   182  stm32h7xx_hal_rcc.o(.text)
    HAL_RCC_EnableCSS                        0x00005ce3   Thumb Code    18  stm32h7xx_hal_rcc.o(.text)
    HAL_RCC_DisableCSS                       0x00005cf5   Thumb Code    18  stm32h7xx_hal_rcc.o(.text)
    HAL_RCC_GetHCLKFreq                      0x00005d07   Thumb Code    70  stm32h7xx_hal_rcc.o(.text)
    HAL_RCC_GetPCLK1Freq                     0x00005d4d   Thumb Code    30  stm32h7xx_hal_rcc.o(.text)
    HAL_RCC_GetPCLK2Freq                     0x00005d6b   Thumb Code    30  stm32h7xx_hal_rcc.o(.text)
    HAL_RCC_GetOscConfig                     0x00005d89   Thumb Code   440  stm32h7xx_hal_rcc.o(.text)
    HAL_RCC_GetClockConfig                   0x00005f41   Thumb Code   100  stm32h7xx_hal_rcc.o(.text)
    HAL_RCC_CSSCallback                      0x00005fa5   Thumb Code     2  stm32h7xx_hal_rcc.o(.text)
    HAL_RCC_NMI_IRQHandler                   0x00005fa7   Thumb Code    34  stm32h7xx_hal_rcc.o(.text)
    HAL_RCCEx_PeriphCLKConfig                0x0000628d   Thumb Code  3448  stm32h7xx_hal_rcc_ex.o(.text)
    HAL_RCCEx_GetPeriphCLKConfig             0x00007005   Thumb Code   644  stm32h7xx_hal_rcc_ex.o(.text)
    HAL_RCCEx_GetPLL2ClockFreq               0x00007289   Thumb Code   556  stm32h7xx_hal_rcc_ex.o(.text)
    HAL_RCCEx_GetPLL1ClockFreq               0x000074b5   Thumb Code   540  stm32h7xx_hal_rcc_ex.o(.text)
    HAL_RCCEx_GetPLL3ClockFreq               0x000076d1   Thumb Code   538  stm32h7xx_hal_rcc_ex.o(.text)
    HAL_RCCEx_GetD3PCLK1Freq                 0x000078eb   Thumb Code    30  stm32h7xx_hal_rcc_ex.o(.text)
    HAL_RCCEx_GetPeriphCLKFreq               0x00007909   Thumb Code  2172  stm32h7xx_hal_rcc_ex.o(.text)
    HAL_RCCEx_GetD1PCLK1Freq                 0x00008185   Thumb Code    30  stm32h7xx_hal_rcc_ex.o(.text)
    HAL_RCCEx_GetD1SysClockFreq              0x000081a3   Thumb Code    70  stm32h7xx_hal_rcc_ex.o(.text)
    HAL_RCCEx_EnableLSECSS                   0x000081e9   Thumb Code    18  stm32h7xx_hal_rcc_ex.o(.text)
    HAL_RCCEx_DisableLSECSS                  0x000081fb   Thumb Code    34  stm32h7xx_hal_rcc_ex.o(.text)
    HAL_RCCEx_EnableLSECSS_IT                0x0000821d   Thumb Code    60  stm32h7xx_hal_rcc_ex.o(.text)
    HAL_RCCEx_WakeUpStopCLKConfig            0x00008259   Thumb Code    20  stm32h7xx_hal_rcc_ex.o(.text)
    HAL_RCCEx_KerWakeUpStopCLKConfig         0x0000826d   Thumb Code    20  stm32h7xx_hal_rcc_ex.o(.text)
    HAL_RCCEx_WWDGxSysResetConfig            0x00008281   Thumb Code    16  stm32h7xx_hal_rcc_ex.o(.text)
    HAL_RCCEx_CRSConfig                      0x00008291   Thumb Code   118  stm32h7xx_hal_rcc_ex.o(.text)
    HAL_RCCEx_CRSSoftwareSynchronizationGenerate 0x00008307   Thumb Code    18  stm32h7xx_hal_rcc_ex.o(.text)
    HAL_RCCEx_CRSGetSynchronizationInfo      0x00008319   Thumb Code    44  stm32h7xx_hal_rcc_ex.o(.text)
    HAL_RCCEx_CRSWaitSynchronization         0x00008345   Thumb Code   252  stm32h7xx_hal_rcc_ex.o(.text)
    HAL_RCCEx_CRS_ErrorCallback              0x00008441   Thumb Code     2  stm32h7xx_hal_rcc_ex.o(.text)
    HAL_RCCEx_CRS_ExpectedSyncCallback       0x00008443   Thumb Code     2  stm32h7xx_hal_rcc_ex.o(.text)
    HAL_RCCEx_CRS_SyncWarnCallback           0x00008445   Thumb Code     2  stm32h7xx_hal_rcc_ex.o(.text)
    HAL_RCCEx_CRS_SyncOkCallback             0x00008447   Thumb Code     2  stm32h7xx_hal_rcc_ex.o(.text)
    HAL_RCCEx_CRS_IRQHandler                 0x00008449   Thumb Code   144  stm32h7xx_hal_rcc_ex.o(.text)
    HAL_RCCEx_LSECSS_Callback                0x000084d9   Thumb Code     2  stm32h7xx_hal_rcc_ex.o(.text)
    HAL_RCCEx_LSECSS_IRQHandler              0x000084db   Thumb Code    32  stm32h7xx_hal_rcc_ex.o(.text)
    DelayBlock_Enable                        0x00008505   Thumb Code   152  stm32h7xx_ll_delayblock.o(.text)
    DelayBlock_Disable                       0x0000859d   Thumb Code     8  stm32h7xx_ll_delayblock.o(.text)
    DelayBlock_Configure                     0x000085a5   Thumb Code    24  stm32h7xx_ll_delayblock.o(.text)
    LL_GPIO_DeInit                           0x000085bd   Thumb Code   244  stm32h7xx_ll_gpio.o(.text)
    LL_GPIO_Init                             0x000086b1   Thumb Code   248  stm32h7xx_ll_gpio.o(.text)
    LL_GPIO_StructInit                       0x000087a9   Thumb Code    22  stm32h7xx_ll_gpio.o(.text)
    LL_MDMA_DeInit                           0x00008809   Thumb Code   252  stm32h7xx_ll_mdma.o(.text)
    LL_MDMA_Init                             0x00008905   Thumb Code   490  stm32h7xx_ll_mdma.o(.text)
    LL_MDMA_StructInit                       0x00008aef   Thumb Code    68  stm32h7xx_ll_mdma.o(.text)
    LL_MDMA_CreateLinkNode                   0x00008b33   Thumb Code   142  stm32h7xx_ll_mdma.o(.text)
    LL_MDMA_ConnectLinkNode                  0x00008bc1   Thumb Code     4  stm32h7xx_ll_mdma.o(.text)
    LL_MDMA_DisconnectNextLinkNode           0x00008bc5   Thumb Code     6  stm32h7xx_ll_mdma.o(.text)
    LL_PWR_DeInit                            0x00008bf1   Thumb Code    10  stm32h7xx_ll_pwr.o(.text)
    LL_RCC_DeInit                            0x00008c23   Thumb Code   258  stm32h7xx_ll_rcc.o(.text)
    LL_RCC_CalcPLLClockFreq                  0x00008dcb   Thumb Code    86  stm32h7xx_ll_rcc.o(.text)
    LL_RCC_GetPLL1ClockFreq                  0x00008e21   Thumb Code   308  stm32h7xx_ll_rcc.o(.text)
    LL_RCC_GetSystemClocksFreq               0x00008f9d   Thumb Code    52  stm32h7xx_ll_rcc.o(.text)
    LL_RCC_GetPLL2ClockFreq                  0x00008fd1   Thumb Code   352  stm32h7xx_ll_rcc.o(.text)
    LL_RCC_GetPLL3ClockFreq                  0x00009131   Thumb Code   310  stm32h7xx_ll_rcc.o(.text)
    LL_RCC_GetUSARTClockFreq                 0x00009267   Thumb Code   302  stm32h7xx_ll_rcc.o(.text)
    LL_RCC_GetLPUARTClockFreq                0x00009395   Thumb Code   198  stm32h7xx_ll_rcc.o(.text)
    LL_RCC_GetI2CClockFreq                   0x0000945b   Thumb Code   228  stm32h7xx_ll_rcc.o(.text)
    LL_RCC_GetCLKPClockFreq                  0x0000953f   Thumb Code    80  stm32h7xx_ll_rcc.o(.text)
    LL_RCC_GetLPTIMClockFreq                 0x0000958f   Thumb Code   380  stm32h7xx_ll_rcc.o(.text)
    LL_RCC_GetSAIClockFreq                   0x0000970b   Thumb Code   302  stm32h7xx_ll_rcc.o(.text)
    LL_RCC_GetADCClockFreq                   0x00009839   Thumb Code   160  stm32h7xx_ll_rcc.o(.text)
    LL_RCC_GetSDMMCClockFreq                 0x000098d9   Thumb Code    66  stm32h7xx_ll_rcc.o(.text)
    LL_RCC_GetRNGClockFreq                   0x0000991b   Thumb Code    98  stm32h7xx_ll_rcc.o(.text)
    LL_RCC_GetCECClockFreq                   0x0000997d   Thumb Code    78  stm32h7xx_ll_rcc.o(.text)
    LL_RCC_GetUSBClockFreq                   0x000099cb   Thumb Code    92  stm32h7xx_ll_rcc.o(.text)
    LL_RCC_GetDFSDMClockFreq                 0x00009a27   Thumb Code    90  stm32h7xx_ll_rcc.o(.text)
    LL_RCC_GetSPDIFClockFreq                 0x00009a81   Thumb Code   116  stm32h7xx_ll_rcc.o(.text)
    LL_RCC_GetSPIClockFreq                   0x00009af5   Thumb Code   448  stm32h7xx_ll_rcc.o(.text)
    LL_RCC_GetSWPClockFreq                   0x00009cb5   Thumb Code   154  stm32h7xx_ll_rcc.o(.text)
    LL_RCC_GetFDCANClockFreq                 0x00009d4f   Thumb Code    82  stm32h7xx_ll_rcc.o(.text)
    LL_RCC_GetFMCClockFreq                   0x00009da1   Thumb Code   126  stm32h7xx_ll_rcc.o(.text)
    LL_RCC_GetQSPIClockFreq                  0x00009e1f   Thumb Code   124  stm32h7xx_ll_rcc.o(.text)
    LL_Init1msTick                           0x00009f35   Thumb Code    28  stm32h7xx_ll_utils.o(.text)
    LL_mDelay                                0x00009f51   Thumb Code    44  stm32h7xx_ll_utils.o(.text)
    LL_SetSystemCoreClock                    0x00009f7d   Thumb Code     8  stm32h7xx_ll_utils.o(.text)
    LL_SetFlashLatency                       0x00009f85   Thumb Code   272  stm32h7xx_ll_utils.o(.text)
    LL_PLL_ConfigSystemClock_HSI             0x0000a23d   Thumb Code   148  stm32h7xx_ll_utils.o(.text)
    LL_PLL_ConfigSystemClock_HSE             0x0000a2d1   Thumb Code   260  stm32h7xx_ll_utils.o(.text)
    SystemInit                               0x0000a509   Thumb Code   212  system_stm32h7xx.o(.text)
    SystemCoreClockUpdate                    0x0000a5dd   Thumb Code   522  system_stm32h7xx.o(.text)
    ExitRun0Mode                             0x0000a7e7   Thumb Code     2  system_stm32h7xx.o(.text)
    qspi_flash_w25q128_init                  0x0000a9d9   Thumb Code   382  qspi_flash.o(.text)
    qspi_flash_w25q128_read_id               0x0000ab65   Thumb Code   134  qspi_flash.o(.text)
    qspi_flash_erase_sector                  0x0000abeb   Thumb Code   136  qspi_flash.o(.text)
    qspi_flash_erase_half_block              0x0000ac73   Thumb Code   106  qspi_flash.o(.text)
    qspi_flash_erase_block                   0x0000acdd   Thumb Code   106  qspi_flash.o(.text)
    qspi_flash_erase_chip                    0x0000ad47   Thumb Code   102  qspi_flash.o(.text)
    qspi_flash_read                          0x0000adad   Thumb Code   126  qspi_flash.o(.text)
    qspi_flash_write                         0x0000aead   Thumb Code    54  qspi_flash.o(.text)
    qspi_flash_Enter_Mmap                    0x0000aee3   Thumb Code   106  qspi_flash.o(.text)
    qspi_flash_Exit_Mmap                     0x0000af4d   Thumb Code    28  qspi_flash.o(.text)
    __aeabi_memclr4                          0x0000af6d   Thumb Code     0  rt_memclr_w.o(.text)
    __aeabi_memclr8                          0x0000af6d   Thumb Code     0  rt_memclr_w.o(.text)
    __rt_memclr_w                            0x0000af6d   Thumb Code    78  rt_memclr_w.o(.text)
    _memset_w                                0x0000af71   Thumb Code     0  rt_memclr_w.o(.text)
    LL_RCC_PrescTable                        0x0000affc   Data          16  stm32h7xx_ll_rcc.o(.constdata)
    D1CorePrescTable                         0x0000b00c   Data          16  system_stm32h7xx.o(.constdata)
    uwTick                                   0x0000b020   Data           4  stm32h7xx_hal.o(.data)
    uwTickPrio                               0x0000b024   Data           4  stm32h7xx_hal.o(.data)
    uwTickFreq                               0x0000b028   Data           1  stm32h7xx_hal.o(.data)
    SystemCoreClock                          0x0000b02c   Data           4  system_stm32h7xx.o(.data)
    SystemD2Clock                            0x0000b030   Data           4  system_stm32h7xx.o(.data)
    FlashDevice                              0x0000b034   Data        4256  flashdev.o(.constdata)
    pFlash                                   0x0000b034   Data          28  stm32h7xx_hal_flash.o(.bss)



==============================================================================

Memory Map of the image

  Image entry point : Not specified.

  Load Region PRG (Base: 0x00000000, Size: 0x0000b034, Max: 0xffffffff, PI)

    Execution Region PrgCode (Exec base: 0x00000000, Load base: 0x00000000, Size: 0x0000b01c, Max: 0xffffffff, PI)

    Exec Addr    Load Addr    Size         Type   Attr      Idx    E Section Name        Object

    0x00000000   0x00000000   0x00000004   Code   RO            1    .rev16_text         flashprg.o
    0x00000004   0x00000004   0x00000004   Code   RO          132    .rev16_text         stm32h7xx_hal.o
    0x00000008   0x00000008   0x00000004   Code   RO          234    .rev16_text         stm32h7xx_hal_cortex.o
    0x0000000c   0x0000000c   0x00000004   Code   RO          266    .rev16_text         stm32h7xx_hal_flash.o
    0x00000010   0x00000010   0x00000004   Code   RO          296    .rev16_text         stm32h7xx_hal_flash_ex.o
    0x00000014   0x00000014   0x00000004   Code   RO          320    .rev16_text         stm32h7xx_hal_gpio.o
    0x00000018   0x00000018   0x00000004   Code   RO          344    .rev16_text         stm32h7xx_hal_mdma.o
    0x0000001c   0x0000001c   0x00000004   Code   RO          368    .rev16_text         stm32h7xx_hal_pwr.o
    0x00000020   0x00000020   0x00000004   Code   RO          392    .rev16_text         stm32h7xx_hal_pwr_ex.o
    0x00000024   0x00000024   0x00000004   Code   RO          416    .rev16_text         stm32h7xx_hal_qspi.o
    0x00000028   0x00000028   0x00000004   Code   RO          444    .rev16_text         stm32h7xx_hal_rcc.o
    0x0000002c   0x0000002c   0x00000004   Code   RO          468    .rev16_text         stm32h7xx_hal_rcc_ex.o
    0x00000030   0x00000030   0x00000004   Code   RO          492    .rev16_text         stm32h7xx_ll_delayblock.o
    0x00000034   0x00000034   0x00000004   Code   RO          516    .rev16_text         stm32h7xx_ll_gpio.o
    0x00000038   0x00000038   0x00000004   Code   RO          546    .rev16_text         stm32h7xx_ll_mdma.o
    0x0000003c   0x0000003c   0x00000004   Code   RO          578    .rev16_text         stm32h7xx_ll_pwr.o
    0x00000040   0x00000040   0x00000004   Code   RO          605    .rev16_text         stm32h7xx_ll_rcc.o
    0x00000044   0x00000044   0x00000004   Code   RO          638    .rev16_text         stm32h7xx_ll_utils.o
    0x00000048   0x00000048   0x00000004   Code   RO          675    .rev16_text         system_stm32h7xx.o
    0x0000004c   0x0000004c   0x00000004   Code   RO          706    .rev16_text         qspi_flash.o
    0x00000050   0x00000050   0x00000004   Code   RO            2    .revsh_text         flashprg.o
    0x00000054   0x00000054   0x00000004   Code   RO          133    .revsh_text         stm32h7xx_hal.o
    0x00000058   0x00000058   0x00000004   Code   RO          235    .revsh_text         stm32h7xx_hal_cortex.o
    0x0000005c   0x0000005c   0x00000004   Code   RO          267    .revsh_text         stm32h7xx_hal_flash.o
    0x00000060   0x00000060   0x00000004   Code   RO          297    .revsh_text         stm32h7xx_hal_flash_ex.o
    0x00000064   0x00000064   0x00000004   Code   RO          321    .revsh_text         stm32h7xx_hal_gpio.o
    0x00000068   0x00000068   0x00000004   Code   RO          345    .revsh_text         stm32h7xx_hal_mdma.o
    0x0000006c   0x0000006c   0x00000004   Code   RO          369    .revsh_text         stm32h7xx_hal_pwr.o
    0x00000070   0x00000070   0x00000004   Code   RO          393    .revsh_text         stm32h7xx_hal_pwr_ex.o
    0x00000074   0x00000074   0x00000004   Code   RO          417    .revsh_text         stm32h7xx_hal_qspi.o
    0x00000078   0x00000078   0x00000004   Code   RO          445    .revsh_text         stm32h7xx_hal_rcc.o
    0x0000007c   0x0000007c   0x00000004   Code   RO          469    .revsh_text         stm32h7xx_hal_rcc_ex.o
    0x00000080   0x00000080   0x00000004   Code   RO          493    .revsh_text         stm32h7xx_ll_delayblock.o
    0x00000084   0x00000084   0x00000004   Code   RO          517    .revsh_text         stm32h7xx_ll_gpio.o
    0x00000088   0x00000088   0x00000004   Code   RO          547    .revsh_text         stm32h7xx_ll_mdma.o
    0x0000008c   0x0000008c   0x00000004   Code   RO          579    .revsh_text         stm32h7xx_ll_pwr.o
    0x00000090   0x00000090   0x00000004   Code   RO          606    .revsh_text         stm32h7xx_ll_rcc.o
    0x00000094   0x00000094   0x00000004   Code   RO          639    .revsh_text         stm32h7xx_ll_utils.o
    0x00000098   0x00000098   0x00000004   Code   RO          676    .revsh_text         system_stm32h7xx.o
    0x0000009c   0x0000009c   0x00000004   Code   RO          707    .revsh_text         qspi_flash.o
    0x000000a0   0x000000a0   0x00000006   Code   RO            3    .rrx_text           flashprg.o
    0x000000a6   0x000000a6   0x00000002   PAD
    0x000000a8   0x000000a8   0x00000006   Code   RO          134    .rrx_text           stm32h7xx_hal.o
    0x000000ae   0x000000ae   0x00000002   PAD
    0x000000b0   0x000000b0   0x00000006   Code   RO          236    .rrx_text           stm32h7xx_hal_cortex.o
    0x000000b6   0x000000b6   0x00000002   PAD
    0x000000b8   0x000000b8   0x00000006   Code   RO          268    .rrx_text           stm32h7xx_hal_flash.o
    0x000000be   0x000000be   0x00000002   PAD
    0x000000c0   0x000000c0   0x00000006   Code   RO          298    .rrx_text           stm32h7xx_hal_flash_ex.o
    0x000000c6   0x000000c6   0x00000002   PAD
    0x000000c8   0x000000c8   0x00000006   Code   RO          322    .rrx_text           stm32h7xx_hal_gpio.o
    0x000000ce   0x000000ce   0x00000002   PAD
    0x000000d0   0x000000d0   0x00000006   Code   RO          346    .rrx_text           stm32h7xx_hal_mdma.o
    0x000000d6   0x000000d6   0x00000002   PAD
    0x000000d8   0x000000d8   0x00000006   Code   RO          370    .rrx_text           stm32h7xx_hal_pwr.o
    0x000000de   0x000000de   0x00000002   PAD
    0x000000e0   0x000000e0   0x00000006   Code   RO          394    .rrx_text           stm32h7xx_hal_pwr_ex.o
    0x000000e6   0x000000e6   0x00000002   PAD
    0x000000e8   0x000000e8   0x00000006   Code   RO          418    .rrx_text           stm32h7xx_hal_qspi.o
    0x000000ee   0x000000ee   0x00000002   PAD
    0x000000f0   0x000000f0   0x00000006   Code   RO          446    .rrx_text           stm32h7xx_hal_rcc.o
    0x000000f6   0x000000f6   0x00000002   PAD
    0x000000f8   0x000000f8   0x00000006   Code   RO          470    .rrx_text           stm32h7xx_hal_rcc_ex.o
    0x000000fe   0x000000fe   0x00000002   PAD
    0x00000100   0x00000100   0x00000006   Code   RO          494    .rrx_text           stm32h7xx_ll_delayblock.o
    0x00000106   0x00000106   0x00000002   PAD
    0x00000108   0x00000108   0x00000006   Code   RO          518    .rrx_text           stm32h7xx_ll_gpio.o
    0x0000010e   0x0000010e   0x00000002   PAD
    0x00000110   0x00000110   0x00000006   Code   RO          548    .rrx_text           stm32h7xx_ll_mdma.o
    0x00000116   0x00000116   0x00000002   PAD
    0x00000118   0x00000118   0x00000006   Code   RO          580    .rrx_text           stm32h7xx_ll_pwr.o
    0x0000011e   0x0000011e   0x00000002   PAD
    0x00000120   0x00000120   0x00000006   Code   RO          607    .rrx_text           stm32h7xx_ll_rcc.o
    0x00000126   0x00000126   0x00000002   PAD
    0x00000128   0x00000128   0x00000006   Code   RO          640    .rrx_text           stm32h7xx_ll_utils.o
    0x0000012e   0x0000012e   0x00000002   PAD
    0x00000130   0x00000130   0x00000006   Code   RO          677    .rrx_text           system_stm32h7xx.o
    0x00000136   0x00000136   0x00000002   PAD
    0x00000138   0x00000138   0x00000006   Code   RO          708    .rrx_text           qspi_flash.o
    0x0000013e   0x0000013e   0x00000002   PAD
    0x00000140   0x00000140   0x000003a4   Code   RO            4    .text               flashprg.o
    0x000004e4   0x000004e4   0x0000052c   Code   RO          135    .text               stm32h7xx_hal.o
    0x00000a10   0x00000a10   0x0000040c   Code   RO          237    .text               stm32h7xx_hal_cortex.o
    0x00000e1c   0x00000e1c   0x000007f8   Code   RO          269    .text               stm32h7xx_hal_flash.o
    0x00001614   0x00001614   0x000009ac   Code   RO          299    .text               stm32h7xx_hal_flash_ex.o
    0x00001fc0   0x00001fc0   0x000003c0   Code   RO          323    .text               stm32h7xx_hal_gpio.o
    0x00002380   0x00002380   0x00000c58   Code   RO          347    .text               stm32h7xx_hal_mdma.o
    0x00002fd8   0x00002fd8   0x00000258   Code   RO          371    .text               stm32h7xx_hal_pwr.o
    0x00003230   0x00003230   0x00000754   Code   RO          395    .text               stm32h7xx_hal_pwr_ex.o
    0x00003984   0x00003984   0x000013ec   Code   RO          419    .text               stm32h7xx_hal_qspi.o
    0x00004d70   0x00004d70   0x00001260   Code   RO          447    .text               stm32h7xx_hal_rcc.o
    0x00005fd0   0x00005fd0   0x00002534   Code   RO          471    .text               stm32h7xx_hal_rcc_ex.o
    0x00008504   0x00008504   0x000000b8   Code   RO          495    .text               stm32h7xx_ll_delayblock.o
    0x000085bc   0x000085bc   0x0000024c   Code   RO          519    .text               stm32h7xx_ll_gpio.o
    0x00008808   0x00008808   0x000003e8   Code   RO          549    .text               stm32h7xx_ll_mdma.o
    0x00008bf0   0x00008bf0   0x00000010   Code   RO          581    .text               stm32h7xx_ll_pwr.o
    0x00008c00   0x00008c00   0x00001334   Code   RO          608    .text               stm32h7xx_ll_rcc.o
    0x00009f34   0x00009f34   0x000005d4   Code   RO          641    .text               stm32h7xx_ll_utils.o
    0x0000a508   0x0000a508   0x0000032c   Code   RO          678    .text               system_stm32h7xx.o
    0x0000a834   0x0000a834   0x00000738   Code   RO          709    .text               qspi_flash.o
    0x0000af6c   0x0000af6c   0x0000004e   Code   RO          743    .text               c_we.l(rt_memclr_w.o)
    0x0000afba   0x0000afba   0x00000002   PAD
    0x0000afbc   0x0000afbc   0x00000040   Data   RO          550    .constdata          stm32h7xx_ll_mdma.o
    0x0000affc   0x0000affc   0x00000010   Data   RO          609    .constdata          stm32h7xx_ll_rcc.o
    0x0000b00c   0x0000b00c   0x00000010   Data   RO          679    .constdata          system_stm32h7xx.o


    Execution Region PrgData (Exec base: 0x0000b01c, Load base: 0x0000b01c, Size: 0x000000a8, Max: 0xffffffff, PI)

    Exec Addr    Load Addr    Size         Type   Attr      Idx    E Section Name        Object

    0x0000b01c   0x0000b01c   0x00000004   Data   RW          745    PDT$$ptr            anon$$obj.o
    0x0000b020   0x0000b020   0x00000009   Data   RW          136    .data               stm32h7xx_hal.o
    0x0000b029   0x0000b029   0x00000003   PAD
    0x0000b02c   0x0000b02c   0x00000008   Data   RW          680    .data               system_stm32h7xx.o
    0x0000b034        -       0x0000001c   Zero   RW          270    .bss                stm32h7xx_hal_flash.o
    0x0000b050        -       0x00000074   Zero   RW          710    .bss                qspi_flash.o



  Load Region DSCR (Base: 0x0000b034, Size: 0x000010a0, Max: 0xffffffff, PI)

    Execution Region DevDscr (Exec base: 0x0000b034, Load base: 0x0000b034, Size: 0x000010a0, Max: 0xffffffff, PI)

    Exec Addr    Load Addr    Size         Type   Attr      Idx    E Section Name        Object

    0x0000b034   0x0000b034   0x000010a0   Data   RO          120    .constdata          flashdev.o


==============================================================================

Image component sizes


      Code (inc. data)   RO Data    RW Data    ZI Data      Debug   Object Name

         0          0       4256          0          0       1134   flashdev.o
       946         20          0          0          0    1200886   flashprg.o
      1862         32          0          0        116       7498   qspi_flash.o
      1338         86          0          9          0    1242757   stm32h7xx_hal.o
      1050         26          0          0          0      43753   stm32h7xx_hal_cortex.o
      2054         66          0          0         28      18066   stm32h7xx_hal_flash.o
      2490         44          0          0          0       9837   stm32h7xx_hal_flash_ex.o
       974         52          0          0          0       4763   stm32h7xx_hal_gpio.o
      3174         26          0          0          0      11440   stm32h7xx_hal_mdma.o
       614         18          0          0          0       5203   stm32h7xx_hal_pwr.o
      1890         26          0          0          0      10515   stm32h7xx_hal_pwr_ex.o
      5114        124          0          0          0      16254   stm32h7xx_hal_qspi.o
      4718        132          0          0          0       8431   stm32h7xx_hal_rcc.o
      9538        194          0          0          0      13629   stm32h7xx_hal_rcc_ex.o
       198          0          0          0          0       3544   stm32h7xx_ll_delayblock.o
       602         50          0          0          0      19681   stm32h7xx_ll_gpio.o
      1014         38         64          0          0      43071   stm32h7xx_ll_mdma.o
        30          6          0          0          0       1912   stm32h7xx_ll_pwr.o
      4930        226         16          0          0      60518   stm32h7xx_ll_rcc.o
      1506         90          0          0          0      79134   stm32h7xx_ll_utils.o
       826         76         16          8          0       3937   system_stm32h7xx.o

    ----------------------------------------------------------------------
     44908       1332       4352         24        144    2805963   Object Totals
         0          0          0          4          0          0   (incl. Generated)
        40          0          0          3          0          0   (incl. Padding)

    ----------------------------------------------------------------------

      Code (inc. data)   RO Data    RW Data    ZI Data      Debug   Library Member Name

        78          0          0          0          0         76   rt_memclr_w.o

    ----------------------------------------------------------------------
        80          0          0          0          0         76   Library Totals
         2          0          0          0          0          0   (incl. Padding)

    ----------------------------------------------------------------------

      Code (inc. data)   RO Data    RW Data    ZI Data      Debug   Library Name

        78          0          0          0          0         76   c_we.l

    ----------------------------------------------------------------------
        80          0          0          0          0         76   Library Totals

    ----------------------------------------------------------------------

==============================================================================


      Code (inc. data)   RO Data    RW Data    ZI Data      Debug   

     44988       1332       4352         24        144    2794675   Grand Totals
     44988       1332       4352         24        144    2794675   ELF Image Totals
     44988       1332       4352         24          0          0   ROM Totals

==============================================================================

    Total RO  Size (Code + RO Data)                49340 (  48.18kB)
    Total RW  Size (RW Data + ZI Data)               168 (   0.16kB)
    Total ROM Size (Code + RO Data + RW Data)      49364 (  48.21kB)

==============================================================================

