


ARM Macro Assembler    Page 1 


    1 00000000                 AREA             |.text|, CODE, READONLY
    2 00000000                 THUMB
    3 00000000         
    4 00000000                 IMPORT           HardFaultHandler
    5 00000000                 EXPORT           HardFault_Handler
    6 00000000         
    7 00000000         HardFault_Handler
    8 00000000 F01E 0F04       tst              LR, #4
    9 00000004 BF0C            ite              EQ
   10 00000006 F3EF 8008       mrseq            R0, MSP
   11 0000000A F3EF 8009       mrsne            R0, PSP
   12 0000000E F7FF BFFE       b                HardFaultHandler
   13 00000012         
   14 00000012 00 00           ALIGN
   15 00000014                 END
Command Line: --debug --xref --diag_suppress=9931 --cpu=Cortex-M7.fp.dp --apcs=
interwork --depend=.\outfiles\hardfaulthandler.d -o.\outfiles\hardfaulthandler.
o -I.\RTE\Compiler -I.\RTE\_PROJECT -ID:\Keil5\ARM\PACK\Keil\ARM_Compiler\1.6.3
\Include --predefine="__MICROLIB SETA 1" --predefine="__UVISION_VERSION SETA 53
5" --predefine="_RTE_ SETA 1" --predefine="STM32H743xx SETA 1" --predefine="_RT
E_ SETA 1" --list=.\listings\hardfaulthandler.lst HardFaultHandler\HardFaultHan
dler.s



ARM Macro Assembler    Page 1 Alphabetic symbol ordering
Relocatable symbols

.text 00000000

Symbol: .text
   Definitions
      At line 1 in file HardFaultHandler\HardFaultHandler.s
   Uses
      None
Comment: .text unused
HardFault_Handler 00000000

Symbol: HardFault_Handler
   Definitions
      At line 7 in file HardFaultHandler\HardFaultHandler.s
   Uses
      At line 5 in file HardFaultHandler\HardFaultHandler.s
Comment: HardFault_Handler used once
2 symbols



ARM Macro Assembler    Page 1 Alphabetic symbol ordering
External symbols

HardFaultHandler 00000000

Symbol: HardFaultHandler
   Definitions
      At line 4 in file HardFaultHandler\HardFaultHandler.s
   Uses
      At line 12 in file HardFaultHandler\HardFaultHandler.s
Comment: HardFaultHandler used once
1 symbol
338 symbols in table
