Component: ARM Compiler 5.06 update 7 (build 960) Tool: armlink [4d3601]

==============================================================================

Section Cross References

    startup_stm32h743xx.o(RESET) refers to startup_stm32h743xx.o(STACK) for __initial_sp
    startup_stm32h743xx.o(RESET) refers to startup_stm32h743xx.o(.text) for Reset_Handler
    startup_stm32h743xx.o(RESET) refers to stm32h7xx_it.o(i.NMI_Handler) for NMI_Handler
    startup_stm32h743xx.o(RESET) refers to hardfaulthandler.o(.text) for HardFault_Handler
    startup_stm32h743xx.o(RESET) refers to stm32h7xx_it.o(.emb_text) for MemManage_Handler
    startup_stm32h743xx.o(RESET) refers to stm32h7xx_it.o(i.BusFault_Handler) for BusFault_Handler
    startup_stm32h743xx.o(RESET) refers to stm32h7xx_it.o(i.UsageFault_Handler) for UsageFault_Handler
    startup_stm32h743xx.o(RESET) refers to stm32h7xx_it.o(i.SVC_Handler) for SVC_Handler
    startup_stm32h743xx.o(RESET) refers to stm32h7xx_it.o(i.DebugMon_Handler) for DebugMon_Handler
    startup_stm32h743xx.o(RESET) refers to stm32h7xx_it.o(i.PendSV_Handler) for PendSV_Handler
    startup_stm32h743xx.o(RESET) refers to main.o(.ITCM_CODE) for SysTick_Handler
    startup_stm32h743xx.o(RESET) refers to dma1mux_pwm.o(i.DMA1_Stream0_IRQHandler) for DMA1_Stream0_IRQHandler
    startup_stm32h743xx.o(RESET) refers to drv_fmc_lcd.o(i.DMA1_Stream1_IRQHandler) for DMA1_Stream1_IRQHandler
    startup_stm32h743xx.o(RESET) refers to usart1_dma.o(i.DMA1_Stream2_IRQHandler) for DMA1_Stream2_IRQHandler
    startup_stm32h743xx.o(RESET) refers to pwm_timer1.o(i.TIM1_UP_IRQHandler) for TIM1_UP_IRQHandler
    startup_stm32h743xx.o(RESET) refers to drv_eeprom.o(i.I2C2_EV_IRQHandler) for I2C2_EV_IRQHandler
    startup_stm32h743xx.o(RESET) refers to drv_eeprom.o(i.I2C2_ER_IRQHandler) for I2C2_ER_IRQHandler
    startup_stm32h743xx.o(RESET) refers to pwm_in_timer5.o(i.TIM5_IRQHandler) for TIM5_IRQHandler
    startup_stm32h743xx.o(RESET) refers to bdmamux_pwm.o(i.BDMA_Channel0_IRQHandler) for BDMA_Channel0_IRQHandler
    startup_stm32h743xx.o(.text) refers to system_stm32h7xx.o(i.ExitRun0Mode) for ExitRun0Mode
    startup_stm32h743xx.o(.text) refers to system_stm32h7xx.o(i.SystemInit) for SystemInit
    startup_stm32h743xx.o(.text) refers to entry.o(.ARM.Collect$$$$00000000) for __main
    system_stm32h7xx.o(i.SystemCoreClockUpdate) refers to system_stm32h7xx.o(.constdata) for D1CorePrescTable
    system_stm32h7xx.o(i.SystemCoreClockUpdate) refers to system_stm32h7xx.o(.data) for SystemD2Clock
    stm32h7xx_hal.o(i.HAL_DeInit) refers to stm32h7xx_hal_msp_template.o(i.HAL_MspDeInit) for HAL_MspDeInit
    stm32h7xx_hal.o(i.HAL_Delay) refers to stm32h7xx_hal.o(i.HAL_GetTick) for HAL_GetTick
    stm32h7xx_hal.o(i.HAL_Delay) refers to stm32h7xx_hal.o(.data) for uwTickFreq
    stm32h7xx_hal.o(i.HAL_GetTick) refers to stm32h7xx_hal.o(.data) for uwTick
    stm32h7xx_hal.o(i.HAL_GetTickFreq) refers to stm32h7xx_hal.o(.data) for uwTickFreq
    stm32h7xx_hal.o(i.HAL_GetTickPrio) refers to stm32h7xx_hal.o(.data) for uwTickPrio
    stm32h7xx_hal.o(i.HAL_IncTick) refers to stm32h7xx_hal.o(.data) for uwTick
    stm32h7xx_hal.o(i.HAL_Init) refers to stm32h7xx_hal_cortex.o(i.HAL_NVIC_SetPriorityGrouping) for HAL_NVIC_SetPriorityGrouping
    stm32h7xx_hal.o(i.HAL_Init) refers to stm32h7xx_hal_rcc.o(i.HAL_RCC_GetSysClockFreq) for HAL_RCC_GetSysClockFreq
    stm32h7xx_hal.o(i.HAL_Init) refers to stm32h7xx_hal.o(i.HAL_InitTick) for HAL_InitTick
    stm32h7xx_hal.o(i.HAL_Init) refers to stm32h7xx_hal_msp_template.o(i.HAL_MspInit) for HAL_MspInit
    stm32h7xx_hal.o(i.HAL_Init) refers to system_stm32h7xx.o(.constdata) for D1CorePrescTable
    stm32h7xx_hal.o(i.HAL_Init) refers to system_stm32h7xx.o(.data) for SystemD2Clock
    stm32h7xx_hal.o(i.HAL_InitTick) refers to stm32h7xx_hal_cortex.o(i.HAL_SYSTICK_Config) for HAL_SYSTICK_Config
    stm32h7xx_hal.o(i.HAL_InitTick) refers to stm32h7xx_hal_cortex.o(i.HAL_NVIC_SetPriority) for HAL_NVIC_SetPriority
    stm32h7xx_hal.o(i.HAL_InitTick) refers to stm32h7xx_hal.o(.data) for uwTickFreq
    stm32h7xx_hal.o(i.HAL_InitTick) refers to system_stm32h7xx.o(.data) for SystemCoreClock
    stm32h7xx_hal.o(i.HAL_SYSCFG_EnableVREFBUF) refers to stm32h7xx_hal.o(i.HAL_GetTick) for HAL_GetTick
    stm32h7xx_hal.o(i.HAL_SetTickFreq) refers to stm32h7xx_hal.o(i.HAL_InitTick) for HAL_InitTick
    stm32h7xx_hal.o(i.HAL_SetTickFreq) refers to stm32h7xx_hal.o(.data) for uwTickFreq
    stm32h7xx_hal_adc.o(i.ADC_ConfigureBoostMode) refers to stm32h7xx_hal_rcc.o(i.HAL_RCC_GetHCLKFreq) for HAL_RCC_GetHCLKFreq
    stm32h7xx_hal_adc.o(i.ADC_ConfigureBoostMode) refers to stm32h7xx_hal_rcc_ex.o(i.HAL_RCCEx_GetPeriphCLKFreq) for HAL_RCCEx_GetPeriphCLKFreq
    stm32h7xx_hal_adc.o(i.ADC_ConfigureBoostMode) refers to stm32h7xx_hal.o(i.HAL_GetREVID) for HAL_GetREVID
    stm32h7xx_hal_adc.o(i.ADC_ConversionStop) refers to stm32h7xx_hal_adc.o(i.LL_ADC_REG_IsConversionOngoing) for LL_ADC_REG_IsConversionOngoing
[...]
    i.I2C_Slave_ISR_DMA                      0x900054f8   Section        0  stm32h7xx_hal_i2c.o(i.I2C_Slave_ISR_DMA)
    I2C_Slave_ISR_DMA                        0x900054f9   Thumb Code   724  stm32h7xx_hal_i2c.o(i.I2C_Slave_ISR_DMA)
    i.I2C_Slave_ISR_IT                       0x900057d4   Section        0  stm32h7xx_hal_i2c.o(i.I2C_Slave_ISR_IT)
    I2C_Slave_ISR_IT                         0x900057d5   Thumb Code   330  stm32h7xx_hal_i2c.o(i.I2C_Slave_ISR_IT)
    i.I2C_TransferConfig                     0x9000591e   Section        0  stm32h7xx_hal_i2c.o(i.I2C_TransferConfig)
    I2C_TransferConfig                       0x9000591f   Thumb Code    56  stm32h7xx_hal_i2c.o(i.I2C_TransferConfig)
    i.I2C_TreatErrorCallback                 0x90005956   Section        0  stm32h7xx_hal_i2c.o(i.I2C_TreatErrorCallback)
    I2C_TreatErrorCallback                   0x90005957   Thumb Code    58  stm32h7xx_hal_i2c.o(i.I2C_TreatErrorCallback)
    i.MPU_Config                             0x90005990   Section        0  main.o(i.MPU_Config)
    MPU_Config                               0x90005991   Thumb Code   422  main.o(i.MPU_Config)
    i.MemManage_Handler_C                    0x90005b38   Section        0  stm32h7xx_it.o(i.MemManage_Handler_C)
    i.NMI_Handler                            0x90005b80   Section        0  stm32h7xx_it.o(i.NMI_Handler)
    i.PendSV_Handler                         0x90005b82   Section        0  stm32h7xx_it.o(i.PendSV_Handler)
    i.SEGGER_RTT_Init                        0x90005b84   Section        0  segger_rtt.o(i.SEGGER_RTT_Init)
    i.SEGGER_RTT_Write                       0x90005b8c   Section        0  segger_rtt.o(i.SEGGER_RTT_Write)
    i.SEGGER_RTT_WriteNoLock                 0x90005bd8   Section        0  segger_rtt.o(i.SEGGER_RTT_WriteNoLock)
    i.SEGGER_RTT_printf                      0x90005c5c   Section        0  segger_rtt_printf.o(i.SEGGER_RTT_printf)
    i.SEGGER_RTT_vprintf                     0x90005c80   Section        0  segger_rtt_printf.o(i.SEGGER_RTT_vprintf)
    i.SVC_Handler                            0x90005ed0   Section        0  stm32h7xx_it.o(i.SVC_Handler)
    i.SystemClock_Config                     0x90005ed4   Section        0  main.o(i.SystemClock_Config)
    SystemClock_Config                       0x90005ed5   Thumb Code   342  main.o(i.SystemClock_Config)
    i.SystemInit                             0x90006038   Section        0  system_stm32h7xx.o(i.SystemInit)
    i.TIM1_UP_IRQHandler                     0x90006134   Section        0  pwm_timer1.o(i.TIM1_UP_IRQHandler)
    i.TIM5_IRQHandler                        0x90006144   Section        0  pwm_in_timer5.o(i.TIM5_IRQHandler)
    i.UART_AdvFeatureConfig                  0x90006154   Section        0  stm32h7xx_hal_uart.o(i.UART_AdvFeatureConfig)
    i.UART_CheckIdleState                    0x9000624c   Section        0  stm32h7xx_hal_uart.o(i.UART_CheckIdleState)
    i.UART_EndRxTransfer                     0x90006338   Section        0  stm32h7xx_hal_uart.o(i.UART_EndRxTransfer)
    UART_EndRxTransfer                       0x90006339   Thumb Code   104  stm32h7xx_hal_uart.o(i.UART_EndRxTransfer)
    i.UART_InitCallbacksToDefault            0x900063a4   Section        0  stm32h7xx_hal_uart.o(i.UART_InitCallbacksToDefault)
    i.UART_SetConfig                         0x9000640c   Section        0  stm32h7xx_hal_uart.o(i.UART_SetConfig)
    i.UART_WaitOnFlagUntilTimeout            0x90006998   Section        0  stm32h7xx_hal_uart.o(i.UART_WaitOnFlagUntilTimeout)
    i.UsageFault_Handler                     0x90006a44   Section        0  stm32h7xx_it.o(i.UsageFault_Handler)
    i._DoInit                                0x90006a48   Section        0  segger_rtt.o(i._DoInit)
    _DoInit                                  0x90006a49   Thumb Code    82  segger_rtt.o(i._DoInit)
    i._GetAvailWriteSpace                    0x90006ab8   Section        0  segger_rtt.o(i._GetAvailWriteSpace)
    _GetAvailWriteSpace                      0x90006ab9   Thumb Code    28  segger_rtt.o(i._GetAvailWriteSpace)
    i._PrintInt                              0x90006ad4   Section        0  segger_rtt_printf.o(i._PrintInt)
    _PrintInt                                0x90006ad5   Thumb Code   236  segger_rtt_printf.o(i._PrintInt)
    i._PrintUnsigned                         0x90006bc0   Section        0  segger_rtt_printf.o(i._PrintUnsigned)
    _PrintUnsigned                           0x90006bc1   Thumb Code   230  segger_rtt_printf.o(i._PrintUnsigned)
    i._StoreChar                             0x90006cac   Section        0  segger_rtt_printf.o(i._StoreChar)
    _StoreChar                               0x90006cad   Thumb Code    68  segger_rtt_printf.o(i._StoreChar)
    i._WriteBlocking                         0x90006cf0   Section        0  segger_rtt.o(i._WriteBlocking)
    _WriteBlocking                           0x90006cf1   Thumb Code   118  segger_rtt.o(i._WriteBlocking)
    i._WriteNoCheck                          0x90006d66   Section        0  segger_rtt.o(i._WriteNoCheck)
    _WriteNoCheck                            0x90006d67   Thumb Code    88  segger_rtt.o(i._WriteNoCheck)
    i.__0vsnprintf                           0x90006dc0   Section        0  printfa.o(i.__0vsnprintf)
    i.__NVIC_GetPriorityGrouping             0x90006df4   Section        0  stm32h7xx_hal_cortex.o(i.__NVIC_GetPriorityGrouping)
    __NVIC_GetPriorityGrouping               0x90006df5   Thumb Code    10  stm32h7xx_hal_cortex.o(i.__NVIC_GetPriorityGrouping)
    i.__NVIC_SetPriority                     0x90006e04   Section        0  stm32h7xx_hal_cortex.o(i.__NVIC_SetPriority)
    __NVIC_SetPriority                       0x90006e05   Thumb Code    32  stm32h7xx_hal_cortex.o(i.__NVIC_SetPriority)
    i.__scatterload_copy                     0x90006e2c   Section       14  handlers.o(i.__scatterload_copy)
    i.__scatterload_null                     0x90006e3a   Section        2  handlers.o(i.__scatterload_null)
    i.__scatterload_zeroinit                 0x90006e3c   Section       14  handlers.o(i.__scatterload_zeroinit)
    i._fp_digits                             0x90006e4c   Section        0  printfa.o(i._fp_digits)
    _fp_digits                               0x90006e4d   Thumb Code   366  printfa.o(i._fp_digits)
    i._printf_core                           0x90006fd0   Section        0  printfa.o(i._printf_core)
    _printf_core                             0x90006fd1   Thumb Code  1704  printfa.o(i._printf_core)
    i._printf_post_padding                   0x90007684   Section        0  printfa.o(i._printf_post_padding)
    _printf_post_padding                     0x90007685   Thumb Code    36  printfa.o(i._printf_post_padding)
    i._printf_pre_padding                    0x900076a8   Section        0  printfa.o(i._printf_pre_padding)
    _printf_pre_padding                      0x900076a9   Thumb Code    46  printfa.o(i._printf_pre_padding)
    i._snputc                                0x900076d6   Section        0  printfa.o(i._snputc)
    _snputc                                  0x900076d7   Thumb Code    22  printfa.o(i._snputc)
    i.blk_raw_size                           0x900076ec   Section        0  sram_d2_malloc.o(i.blk_raw_size)
    blk_raw_size                             0x900076ed   Thumb Code    10  sram_d2_malloc.o(i.blk_raw_size)
    i.circular_buffer_init                   0x900076f6   Section        0  circular_buffer.o(i.circular_buffer_init)
    i.circular_buffer_write                  0x90007742   Section        0  circular_buffer.o(i.circular_buffer_write)
    i.crc16_ccitt                            0x900077ac   Section        0  eventrecorder.o(i.crc16_ccitt)
    crc16_ccitt                              0x900077ad   Thumb Code    66  eventrecorder.o(i.crc16_ccitt)
    i.dma1mux_fill_buf                       0x900077ee   Section        0  dma1mux_pwm.o(i.dma1mux_fill_buf)
    dma1mux_fill_buf                         0x900077ef   Thumb Code    62  dma1mux_pwm.o(i.dma1mux_fill_buf)
    i.drv_eeprom_clrerrflag                  0x9000782c   Section        0  drv_eeprom.o(i.drv_eeprom_clrerrflag)
    i.drv_eeprom_clrrflag                    0x90007838   Section        0  drv_eeprom.o(i.drv_eeprom_clrrflag)
    i.drv_eeprom_clrwflag                    0x90007844   Section        0  drv_eeprom.o(i.drv_eeprom_clrwflag)
    i.drv_eeprom_init                        0x90007850   Section        0  drv_eeprom.o(i.drv_eeprom_init)
    i.drv_eeprom_readbuf                     0x90007914   Section        0  drv_eeprom.o(i.drv_eeprom_readbuf)
    i.drv_eeprom_reterrflag                  0x90007944   Section        0  drv_eeprom.o(i.drv_eeprom_reterrflag)
    i.drv_eeprom_retrflag                    0x90007950   Section        0  drv_eeprom.o(i.drv_eeprom_retrflag)
    i.drv_eeprom_retwflag                    0x9000795c   Section        0  drv_eeprom.o(i.drv_eeprom_retwflag)
    i.drv_eeprom_writebuf                    0x90007968   Section        0  drv_eeprom.o(i.drv_eeprom_writebuf)
    i.drv_fmc_bl_ctrl                        0x90007998   Section        0  drv_fmc_lcd.o(i.drv_fmc_bl_ctrl)
    i.drv_fmc_lcd_init                       0x900079ac   Section        0  drv_fmc_lcd.o(i.drv_fmc_lcd_init)
    i.drv_fmc_lcd_rst                        0x90007ad4   Section        0  drv_fmc_lcd.o(i.drv_fmc_lcd_rst)
    i.drv_fmc_read_data                      0x90007b0c   Section        0  drv_fmc_lcd.o(i.drv_fmc_read_data)
    i.drv_fmc_write_cmd                      0x90007b18   Section        0  drv_fmc_lcd.o(i.drv_fmc_write_cmd)
    i.drv_fmc_write_data                     0x90007b20   Section        0  drv_fmc_lcd.o(i.drv_fmc_write_data)
    i.drv_key_init                           0x90007b2c   Section        0  drv_key.o(i.drv_key_init)
    i.drv_key_readmask                       0x90007bdc   Section        0  drv_key.o(i.drv_key_readmask)
    i.drv_led_init                           0x90007c2c   Section        0  drv_led.o(i.drv_led_init)
    i.drv_led_off                            0x90007cdc   Section        0  drv_led.o(i.drv_led_off)
    i.drv_led_on                             0x90007d04   Section        0  drv_led.o(i.drv_led_on)
    i.drvp_eeprom_init                       0x90007d2c   Section        0  drvp_eeprom.o(i.drvp_eeprom_init)
    i.drvp_eeprom_prc_10ms                   0x90007d94   Section        0  drvp_eeprom.o(i.drvp_eeprom_prc_10ms)
    i.drvp_fmc_lcd_init                      0x90007ea0   Section        0  drvp_fmc_lcd.o(i.drvp_fmc_lcd_init)
    i.drvp_fmc_lcd_set_axis_scan             0x90008188   Section        0  drvp_fmc_lcd.o(i.drvp_fmc_lcd_set_axis_scan)
    i.drvp_fmc_lcd_set_wid                   0x90008214   Section        0  drvp_fmc_lcd.o(i.drvp_fmc_lcd_set_wid)
    i.drvp_fmc_lcd_writesigle                0x9000828c   Section        0  drvp_fmc_lcd.o(i.drvp_fmc_lcd_writesigle)
    i.drvp_key_init                          0x900082b8   Section        0  drvp_key.o(i.drvp_key_init)
    i.drvp_key_prc_10ms                      0x900082dc   Section        0  drvp_key.o(i.drvp_key_prc_10ms)
    i.drvp_key_wfifo                         0x90008490   Section        0  drvp_key.o(i.drvp_key_wfifo)
    drvp_key_wfifo                           0x90008491   Thumb Code    24  drvp_key.o(i.drvp_key_wfifo)
    i.drvp_led_init                          0x900084ac   Section        0  drvp_led.o(i.drvp_led_init)
    i.drvp_led_prc_1ms                       0x900084bc   Section        0  drvp_led.o(i.drvp_led_prc_1ms)
    i.free_get_next                          0x900085d0   Section        0  sram_d2_malloc.o(i.free_get_next)
    free_get_next                            0x900085d1   Thumb Code     6  sram_d2_malloc.o(i.free_get_next)
    i.free_set_next                          0x900085d6   Section        0  sram_d2_malloc.o(i.free_set_next)
    free_set_next                            0x900085d7   Thumb Code     4  sram_d2_malloc.o(i.free_set_next)
    i.is_power_of_two                        0x900085da   Section        0  circular_buffer.o(i.is_power_of_two)
    is_power_of_two                          0x900085db   Thumb Code    18  circular_buffer.o(i.is_power_of_two)
    i.main                                   0x900085ec   Section        0  main.o(i.main)
    i.mutex_init                             0x90008718   Section        0  port.o(i.mutex_init)
    i.mutex_lock                             0x9000871e   Section        0  port.o(i.mutex_lock)
    i.mutex_unlock                           0x90008720   Section        0  port.o(i.mutex_unlock)
    i.sram_d2_free                           0x90008724   Section        0  sram_d2_malloc.o(i.sram_d2_free)
    i.sram_d2_init                           0x90008800   Section        0  sram_d2_malloc.o(i.sram_d2_init)
    i.sram_d2_malloc                         0x90008840   Section        0  sram_d2_malloc.o(i.sram_d2_malloc)
    i.usart1_dma_init                        0x90008928   Section        0  usart1_dma.o(i.usart1_dma_init)
    i.usart1_my_printf                       0x90008a68   Section        0  usart1_dma.o(i.usart1_my_printf)
    .constdata                               0x90008ac8   Section       16  system_stm32h7xx.o(.constdata)
    .constdata                               0x90008ad8   Section        8  stm32h7xx_hal_dma.o(.constdata)
    flagBitshiftOffset                       0x90008ad8   Data           8  stm32h7xx_hal_dma.o(.constdata)
    .constdata                               0x90008ae0   Section       24  stm32h7xx_hal_uart.o(.constdata)
    .constdata                               0x90008af8   Section       40  drv_led.o(.constdata)
    drv_led                                  0x90008af8   Data          40  drv_led.o(.constdata)
    .constdata                               0x90008b20   Section       12  drvp_led.o(.constdata)
    drv_led                                  0x90008b20   Data          12  drvp_led.o(.constdata)
    .constdata                               0x90008b2c   Section       96  drv_key.o(.constdata)
    drv_key                                  0x90008b2c   Data          96  drv_key.o(.constdata)
    .constdata                               0x90008b8c   Section        8  drvp_key.o(.constdata)
    drv_key                                  0x90008b8c   Data           8  drvp_key.o(.constdata)
    .constdata                               0x90008b94   Section       36  drvp_eeprom.o(.constdata)
    drv_eeprom                               0x90008b94   Data          36  drvp_eeprom.o(.constdata)
    .constdata                               0x90008bb8   Section       33  segger_rtt.o(.constdata)
    _aTerminalId                             0x90008bb8   Data          16  segger_rtt.o(.constdata)
    _aInitStr                                0x90008bc8   Data          17  segger_rtt.o(.constdata)
    .constdata                               0x90008bd9   Section       16  segger_rtt_printf.o(.constdata)
    _aV2C                                    0x90008bd9   Data          16  segger_rtt_printf.o(.constdata)
    .constdata                               0x90008bec   Section       24  eventrecorder.o(.constdata)
    __tagsym$$used                           0x90008bec   Number         0  eventrecorder.o(.constdata)

    Global Symbols

    Symbol Name                              Value     Ov Type        Size  Object(Section)

    BuildAttributes$$THM_ISAv4$E$P$D$K$B$S$7EM$VFPv5_D16$PE$PLD8$A:L22UL41UL21$X:L11$S22US41US21$IEEE1$IW$USESV6$~STKCKD$USESV7$~SHL$OSPACE$ROPI$EBA8$MICROLIB$REQ8$PRES8$EABIv2 0x00000000   Number         0  anon$$obj.o ABSOLUTE
    SysTick_Handler                          0x00000001   Thumb Code    60  main.o(.ITCM_CODE)
    __ARM_use_no_argv                        0x00000000   Number         0  main.o ABSOLUTE
    __arm_fini_                               - Undefined Weak Reference
    __cpp_initialize__aeabi_                  - Undefined Weak Reference
    __cxa_finalize                            - Undefined Weak Reference
    _clock_init                               - Undefined Weak Reference
    _microlib_exit                            - Undefined Weak Reference
    Long Thumb to Thumb Veneer to HAL_IncTick 0x00000045   Thumb Code    10  anon$$obj.o(Veneer$$Code)
    Long Thumb to Thumb Veneer to drvp_led_prc_1ms 0x0000004f   Thumb Code    10  anon$$obj.o(Veneer$$Code)
    Long Thumb to Thumb Veneer to drvp_key_prc_10ms 0x00000059   Thumb Code    10  anon$$obj.o(Veneer$$Code)
    Long Thumb to Thumb Veneer to drvp_eeprom_prc_10ms 0x00000063   Thumb Code    10  anon$$obj.o(Veneer$$Code)
    __Vectors_Size                           0x00000298   Number         0  startup_stm32h743xx.o ABSOLUTE
    SystemCoreClock                          0x20000400   Data           4  system_stm32h7xx.o(.data)
    SystemD2Clock                            0x20000404   Data           4  system_stm32h7xx.o(.data)
    uwTick                                   0x20000408   Data           4  stm32h7xx_hal.o(.data)
    uwTickPrio                               0x2000040c   Data           4  stm32h7xx_hal.o(.data)
    uwTickFreq                               0x20000410   Data           1  stm32h7xx_hal.o(.data)
    _SEGGER_RTT                              0x20000420   Data         168  segger_rtt.o(.bss)
    __initial_sp                             0x200019e8   Data           0  startup_stm32h743xx.o(STACK)
    tim5_handle                              0x3000005c   Data         188  pwm_in_timer5.o(.RAM_D2)
    tim1_handle                              0x30000118   Data         188  pwm_timer1.o(.RAM_D2)
    eepromwendflag                           0x30000278   Data           1  drv_eeprom.o(.RAM_D2)
    eepromrendflag                           0x30000279   Data           1  drv_eeprom.o(.RAM_D2)
    eepromerrflag                            0x3000027a   Data           1  drv_eeprom.o(.RAM_D2)
    tim12_cfg                                0x3000041c   Data         188  dma1mux_pwm.o(.RAM_D2)
    dma1_ctrl_buf                            0x300004d8   Data          64  dma1mux_pwm.o(.RAM_D2)
    dma1_cfg                                 0x30000518   Data         120  dma1mux_pwm.o(.RAM_D2)
    target_cnt                               0x30000590   Data           1  dma1mux_pwm.o(.RAM_D2)
    current_cnt                              0x30000591   Data           1  dma1mux_pwm.o(.RAM_D2)
    bdma_ctrl_buf                            0x38000000   Data          32  bdmamux_pwm.o(.RAM_D3)
    __Vectors                                0x90000000   Data           4  startup_stm32h743xx.o(RESET)
    __Vectors_End                            0x90000298   Data           0  startup_stm32h743xx.o(RESET)
    __main                                   0x90000299   Thumb Code     0  entry.o(.ARM.Collect$$$$00000000)
    _main_stk                                0x90000299   Thumb Code     0  entry2.o(.ARM.Collect$$$$00000001)
    _main_scatterload                        0x9000029d   Thumb Code     0  entry5.o(.ARM.Collect$$$$00000004)
    __main_after_scatterload                 0x900002a1   Thumb Code     0  entry5.o(.ARM.Collect$$$$00000004)
    _main_clock                              0x900002a1   Thumb Code     0  entry7b.o(.ARM.Collect$$$$00000008)
    _main_cpp_init                           0x900002a1   Thumb Code     0  entry8b.o(.ARM.Collect$$$$0000000A)
    _main_init                               0x900002a1   Thumb Code     0  entry9a.o(.ARM.Collect$$$$0000000B)
    __rt_lib_shutdown_fini                   0x900002a9   Thumb Code     0  entry12b.o(.ARM.Collect$$$$0000000E)
    __rt_final_cpp                           0x900002ad   Thumb Code     0  entry10a.o(.ARM.Collect$$$$0000000F)
    __rt_final_exit                          0x900002ad   Thumb Code     0  entry11a.o(.ARM.Collect$$$$00000011)
    MemManage_Handler                        0x900002b1   Thumb Code    18  stm32h7xx_it.o(.emb_text)
    __asm___15_EventRecorder_c_e8d3082c__atomic_inc8 0x900002c5   Thumb Code    18  eventrecorder.o(.emb_text)
    __asm___15_EventRecorder_c_e8d3082c__atomic_inc32 0x900002d7   Thumb Code    18  eventrecorder.o(.emb_text)
    __asm___15_EventRecorder_c_e8d3082c__atomic_xch32 0x900002e9   Thumb Code    16  eventrecorder.o(.emb_text)
    __asm___15_EventRecorder_c_e8d3082c__LockRecord 0x900002f9   Thumb Code    34  eventrecorder.o(.emb_text)
    __asm___15_EventRecorder_c_e8d3082c__UnlockRecord 0x9000031b   Thumb Code    30  eventrecorder.o(.emb_text)
    Reset_Handler                            0x90000339   Thumb Code    12  startup_stm32h743xx.o(.text)
    ADC3_IRQHandler                          0x90000357   Thumb Code     0  startup_stm32h743xx.o(.text)
    ADC_IRQHandler                           0x90000357   Thumb Code     0  startup_stm32h743xx.o(.text)
    BDMA_Channel1_IRQHandler                 0x90000357   Thumb Code     0  startup_stm32h743xx.o(.text)
    BDMA_Channel2_IRQHandler                 0x90000357   Thumb Code     0  startup_stm32h743xx.o(.text)
    BDMA_Channel3_IRQHandler                 0x90000357   Thumb Code     0  startup_stm32h743xx.o(.text)
    BDMA_Channel4_IRQHandler                 0x90000357   Thumb Code     0  startup_stm32h743xx.o(.text)
    BDMA_Channel5_IRQHandler                 0x90000357   Thumb Code     0  startup_stm32h743xx.o(.text)
    BDMA_Channel6_IRQHandler                 0x90000357   Thumb Code     0  startup_stm32h743xx.o(.text)
    BDMA_Channel7_IRQHandler                 0x90000357   Thumb Code     0  startup_stm32h743xx.o(.text)
    CEC_IRQHandler                           0x90000357   Thumb Code     0  startup_stm32h743xx.o(.text)
    COMP1_IRQHandler                         0x90000357   Thumb Code     0  startup_stm32h743xx.o(.text)
    CRS_IRQHandler                           0x90000357   Thumb Code     0  startup_stm32h743xx.o(.text)
    DCMI_IRQHandler                          0x90000357   Thumb Code     0  startup_stm32h743xx.o(.text)
    DFSDM1_FLT0_IRQHandler                   0x90000357   Thumb Code     0  startup_stm32h743xx.o(.text)
    DFSDM1_FLT1_IRQHandler                   0x90000357   Thumb Code     0  startup_stm32h743xx.o(.text)
    DFSDM1_FLT2_IRQHandler                   0x90000357   Thumb Code     0  startup_stm32h743xx.o(.text)
    DFSDM1_FLT3_IRQHandler                   0x90000357   Thumb Code     0  startup_stm32h743xx.o(.text)
    DMA1_Stream3_IRQHandler                  0x90000357   Thumb Code     0  startup_stm32h743xx.o(.text)
    DMA1_Stream4_IRQHandler                  0x90000357   Thumb Code     0  startup_stm32h743xx.o(.text)
    DMA1_Stream5_IRQHandler                  0x90000357   Thumb Code     0  startup_stm32h743xx.o(.text)
    DMA1_Stream6_IRQHandler                  0x90000357   Thumb Code     0  startup_stm32h743xx.o(.text)
    DMA1_Stream7_IRQHandler                  0x90000357   Thumb Code     0  startup_stm32h743xx.o(.text)
    DMA2D_IRQHandler                         0x90000357   Thumb Code     0  startup_stm32h743xx.o(.text)
    DMA2_Stream0_IRQHandler                  0x90000357   Thumb Code     0  startup_stm32h743xx.o(.text)
    DMA2_Stream1_IRQHandler                  0x90000357   Thumb Code     0  startup_stm32h743xx.o(.text)
    DMA2_Stream2_IRQHandler                  0x90000357   Thumb Code     0  startup_stm32h743xx.o(.text)
    DMA2_Stream3_IRQHandler                  0x90000357   Thumb Code     0  startup_stm32h743xx.o(.text)
    DMA2_Stream4_IRQHandler                  0x90000357   Thumb Code     0  startup_stm32h743xx.o(.text)
    DMA2_Stream5_IRQHandler                  0x90000357   Thumb Code     0  startup_stm32h743xx.o(.text)
    DMA2_Stream6_IRQHandler                  0x90000357   Thumb Code     0  startup_stm32h743xx.o(.text)
    DMA2_Stream7_IRQHandler                  0x90000357   Thumb Code     0  startup_stm32h743xx.o(.text)
    DMAMUX1_OVR_IRQHandler                   0x90000357   Thumb Code     0  startup_stm32h743xx.o(.text)
    DMAMUX2_OVR_IRQHandler                   0x90000357   Thumb Code     0  startup_stm32h743xx.o(.text)
    ECC_IRQHandler                           0x90000357   Thumb Code     0  startup_stm32h743xx.o(.text)
    ETH_IRQHandler                           0x90000357   Thumb Code     0  startup_stm32h743xx.o(.text)
    ETH_WKUP_IRQHandler                      0x90000357   Thumb Code     0  startup_stm32h743xx.o(.text)
    EXTI0_IRQHandler                         0x90000357   Thumb Code     0  startup_stm32h743xx.o(.text)
    EXTI15_10_IRQHandler                     0x90000357   Thumb Code     0  startup_stm32h743xx.o(.text)
    EXTI1_IRQHandler                         0x90000357   Thumb Code     0  startup_stm32h743xx.o(.text)
    EXTI2_IRQHandler                         0x90000357   Thumb Code     0  startup_stm32h743xx.o(.text)
    EXTI3_IRQHandler                         0x90000357   Thumb Code     0  startup_stm32h743xx.o(.text)
    EXTI4_IRQHandler                         0x90000357   Thumb Code     0  startup_stm32h743xx.o(.text)
    EXTI9_5_IRQHandler                       0x90000357   Thumb Code     0  startup_stm32h743xx.o(.text)
    FDCAN1_IT0_IRQHandler                    0x90000357   Thumb Code     0  startup_stm32h743xx.o(.text)
    FDCAN1_IT1_IRQHandler                    0x90000357   Thumb Code     0  startup_stm32h743xx.o(.text)
    FDCAN2_IT0_IRQHandler                    0x90000357   Thumb Code     0  startup_stm32h743xx.o(.text)
    FDCAN2_IT1_IRQHandler                    0x90000357   Thumb Code     0  startup_stm32h743xx.o(.text)
    FDCAN_CAL_IRQHandler                     0x90000357   Thumb Code     0  startup_stm32h743xx.o(.text)
    FLASH_IRQHandler                         0x90000357   Thumb Code     0  startup_stm32h743xx.o(.text)
    FMC_IRQHandler                           0x90000357   Thumb Code     0  startup_stm32h743xx.o(.text)
    FPU_IRQHandler                           0x90000357   Thumb Code     0  startup_stm32h743xx.o(.text)
    HRTIM1_FLT_IRQHandler                    0x90000357   Thumb Code     0  startup_stm32h743xx.o(.text)
    HRTIM1_Master_IRQHandler                 0x90000357   Thumb Code     0  startup_stm32h743xx.o(.text)
    HRTIM1_TIMA_IRQHandler                   0x90000357   Thumb Code     0  startup_stm32h743xx.o(.text)
    HRTIM1_TIMB_IRQHandler                   0x90000357   Thumb Code     0  startup_stm32h743xx.o(.text)
    HRTIM1_TIMC_IRQHandler                   0x90000357   Thumb Code     0  startup_stm32h743xx.o(.text)
    HRTIM1_TIMD_IRQHandler                   0x90000357   Thumb Code     0  startup_stm32h743xx.o(.text)
    HRTIM1_TIME_IRQHandler                   0x90000357   Thumb Code     0  startup_stm32h743xx.o(.text)
    HSEM1_IRQHandler                         0x90000357   Thumb Code     0  startup_stm32h743xx.o(.text)
    I2C1_ER_IRQHandler                       0x90000357   Thumb Code     0  startup_stm32h743xx.o(.text)
    I2C1_EV_IRQHandler                       0x90000357   Thumb Code     0  startup_stm32h743xx.o(.text)
    I2C3_ER_IRQHandler                       0x90000357   Thumb Code     0  startup_stm32h743xx.o(.text)
    I2C3_EV_IRQHandler                       0x90000357   Thumb Code     0  startup_stm32h743xx.o(.text)
    I2C4_ER_IRQHandler                       0x90000357   Thumb Code     0  startup_stm32h743xx.o(.text)
    I2C4_EV_IRQHandler                       0x90000357   Thumb Code     0  startup_stm32h743xx.o(.text)
    JPEG_IRQHandler                          0x90000357   Thumb Code     0  startup_stm32h743xx.o(.text)
    LPTIM1_IRQHandler                        0x90000357   Thumb Code     0  startup_stm32h743xx.o(.text)
    LPTIM2_IRQHandler                        0x90000357   Thumb Code     0  startup_stm32h743xx.o(.text)
    LPTIM3_IRQHandler                        0x90000357   Thumb Code     0  startup_stm32h743xx.o(.text)
    LPTIM4_IRQHandler                        0x90000357   Thumb Code     0  startup_stm32h743xx.o(.text)
    LPTIM5_IRQHandler                        0x90000357   Thumb Code     0  startup_stm32h743xx.o(.text)
    LPUART1_IRQHandler                       0x90000357   Thumb Code     0  startup_stm32h743xx.o(.text)
    LTDC_ER_IRQHandler                       0x90000357   Thumb Code     0  startup_stm32h743xx.o(.text)
    LTDC_IRQHandler                          0x90000357   Thumb Code     0  startup_stm32h743xx.o(.text)
    MDIOS_IRQHandler                         0x90000357   Thumb Code     0  startup_stm32h743xx.o(.text)
    MDIOS_WKUP_IRQHandler                    0x90000357   Thumb Code     0  startup_stm32h743xx.o(.text)
    MDMA_IRQHandler                          0x90000357   Thumb Code     0  startup_stm32h743xx.o(.text)
    OTG_FS_EP1_IN_IRQHandler                 0x90000357   Thumb Code     0  startup_stm32h743xx.o(.text)
    OTG_FS_EP1_OUT_IRQHandler                0x90000357   Thumb Code     0  startup_stm32h743xx.o(.text)
    OTG_FS_IRQHandler                        0x90000357   Thumb Code     0  startup_stm32h743xx.o(.text)
    OTG_FS_WKUP_IRQHandler                   0x90000357   Thumb Code     0  startup_stm32h743xx.o(.text)
    OTG_HS_EP1_IN_IRQHandler                 0x90000357   Thumb Code     0  startup_stm32h743xx.o(.text)
    OTG_HS_EP1_OUT_IRQHandler                0x90000357   Thumb Code     0  startup_stm32h743xx.o(.text)
    OTG_HS_IRQHandler                        0x90000357   Thumb Code     0  startup_stm32h743xx.o(.text)
    OTG_HS_WKUP_IRQHandler                   0x90000357   Thumb Code     0  startup_stm32h743xx.o(.text)
    PVD_AVD_IRQHandler                       0x90000357   Thumb Code     0  startup_stm32h743xx.o(.text)
    QUADSPI_IRQHandler                       0x90000357   Thumb Code     0  startup_stm32h743xx.o(.text)
    RCC_IRQHandler                           0x90000357   Thumb Code     0  startup_stm32h743xx.o(.text)
    RNG_IRQHandler                           0x90000357   Thumb Code     0  startup_stm32h743xx.o(.text)
    RTC_Alarm_IRQHandler                     0x90000357   Thumb Code     0  startup_stm32h743xx.o(.text)
    RTC_WKUP_IRQHandler                      0x90000357   Thumb Code     0  startup_stm32h743xx.o(.text)
    SAI1_IRQHandler                          0x90000357   Thumb Code     0  startup_stm32h743xx.o(.text)
    SAI2_IRQHandler                          0x90000357   Thumb Code     0  startup_stm32h743xx.o(.text)
    SAI3_IRQHandler                          0x90000357   Thumb Code     0  startup_stm32h743xx.o(.text)
    SAI4_IRQHandler                          0x90000357   Thumb Code     0  startup_stm32h743xx.o(.text)
    SDMMC1_IRQHandler                        0x90000357   Thumb Code     0  startup_stm32h743xx.o(.text)
    SDMMC2_IRQHandler                        0x90000357   Thumb Code     0  startup_stm32h743xx.o(.text)
    SPDIF_RX_IRQHandler                      0x90000357   Thumb Code     0  startup_stm32h743xx.o(.text)
    SPI1_IRQHandler                          0x90000357   Thumb Code     0  startup_stm32h743xx.o(.text)
    SPI2_IRQHandler                          0x90000357   Thumb Code     0  startup_stm32h743xx.o(.text)
    SPI3_IRQHandler                          0x90000357   Thumb Code     0  startup_stm32h743xx.o(.text)
    SPI4_IRQHandler                          0x90000357   Thumb Code     0  startup_stm32h743xx.o(.text)
    SPI5_IRQHandler                          0x90000357   Thumb Code     0  startup_stm32h743xx.o(.text)
    SPI6_IRQHandler                          0x90000357   Thumb Code     0  startup_stm32h743xx.o(.text)
    SWPMI1_IRQHandler                        0x90000357   Thumb Code     0  startup_stm32h743xx.o(.text)
    TAMP_STAMP_IRQHandler                    0x90000357   Thumb Code     0  startup_stm32h743xx.o(.text)
    TIM15_IRQHandler                         0x90000357   Thumb Code     0  startup_stm32h743xx.o(.text)
    TIM16_IRQHandler                         0x90000357   Thumb Code     0  startup_stm32h743xx.o(.text)
    TIM17_IRQHandler                         0x90000357   Thumb Code     0  startup_stm32h743xx.o(.text)
    TIM1_BRK_IRQHandler                      0x90000357   Thumb Code     0  startup_stm32h743xx.o(.text)
    TIM1_CC_IRQHandler                       0x90000357   Thumb Code     0  startup_stm32h743xx.o(.text)
    TIM1_TRG_COM_IRQHandler                  0x90000357   Thumb Code     0  startup_stm32h743xx.o(.text)
    TIM2_IRQHandler                          0x90000357   Thumb Code     0  startup_stm32h743xx.o(.text)
    TIM3_IRQHandler                          0x90000357   Thumb Code     0  startup_stm32h743xx.o(.text)
    TIM4_IRQHandler                          0x90000357   Thumb Code     0  startup_stm32h743xx.o(.text)
    TIM6_DAC_IRQHandler                      0x90000357   Thumb Code     0  startup_stm32h743xx.o(.text)
    TIM7_IRQHandler                          0x90000357   Thumb Code     0  startup_stm32h743xx.o(.text)
    TIM8_BRK_TIM12_IRQHandler                0x90000357   Thumb Code     0  startup_stm32h743xx.o(.text)
    TIM8_CC_IRQHandler                       0x90000357   Thumb Code     0  startup_stm32h743xx.o(.text)
    TIM8_TRG_COM_TIM14_IRQHandler            0x90000357   Thumb Code     0  startup_stm32h743xx.o(.text)
    TIM8_UP_TIM13_IRQHandler                 0x90000357   Thumb Code     0  startup_stm32h743xx.o(.text)
    UART4_IRQHandler                         0x90000357   Thumb Code     0  startup_stm32h743xx.o(.text)
    UART5_IRQHandler                         0x90000357   Thumb Code     0  startup_stm32h743xx.o(.text)
    UART7_IRQHandler                         0x90000357   Thumb Code     0  startup_stm32h743xx.o(.text)
    UART8_IRQHandler                         0x90000357   Thumb Code     0  startup_stm32h743xx.o(.text)
    USART1_IRQHandler                        0x90000357   Thumb Code     0  startup_stm32h743xx.o(.text)
    USART2_IRQHandler                        0x90000357   Thumb Code     0  startup_stm32h743xx.o(.text)
    USART3_IRQHandler                        0x90000357   Thumb Code     0  startup_stm32h743xx.o(.text)
    USART6_IRQHandler                        0x90000357   Thumb Code     0  startup_stm32h743xx.o(.text)
    WAKEUP_PIN_IRQHandler                    0x90000357   Thumb Code     0  startup_stm32h743xx.o(.text)
    WWDG_IRQHandler                          0x90000357   Thumb Code     0  startup_stm32h743xx.o(.text)
    HardFault_Handler                        0x90000365   Thumb Code     0  hardfaulthandler.o(.text)
    __aeabi_uldivmod                         0x90000379   Thumb Code    98  uldiv.o(.text)
    __aeabi_memcpy                           0x900003db   Thumb Code    36  memcpya.o(.text)
    __aeabi_memcpy4                          0x900003db   Thumb Code     0  memcpya.o(.text)
    __aeabi_memcpy8                          0x900003db   Thumb Code     0  memcpya.o(.text)
    __aeabi_memset                           0x900003ff   Thumb Code    14  memseta.o(.text)
    __aeabi_memset4                          0x900003ff   Thumb Code     0  memseta.o(.text)
    __aeabi_memset8                          0x900003ff   Thumb Code     0  memseta.o(.text)
    __aeabi_memclr                           0x9000040d   Thumb Code     4  memseta.o(.text)
    __aeabi_memclr4                          0x9000040d   Thumb Code     0  memseta.o(.text)
    __aeabi_memclr8                          0x9000040d   Thumb Code     0  memseta.o(.text)
    _memset$wrapper                          0x90000411   Thumb Code    18  memseta.o(.text)
    __aeabi_uidiv                            0x90000423   Thumb Code     0  uidiv.o(.text)
    __aeabi_uidivmod                         0x90000423   Thumb Code    44  uidiv.o(.text)
    __aeabi_llsl                             0x9000044f   Thumb Code    30  llshl.o(.text)
    _ll_shift_l                              0x9000044f   Thumb Code     0  llshl.o(.text)
    __aeabi_llsr                             0x9000046d   Thumb Code    32  llushr.o(.text)
    _ll_ushift_r                             0x9000046d   Thumb Code     0  llushr.o(.text)
    __I$use$fp                               0x9000048d   Thumb Code     0  iusefp.o(.text)
    __aeabi_dadd                             0x9000048d   Thumb Code   322  dadd.o(.text)
    __aeabi_dsub                             0x900005cf   Thumb Code     6  dadd.o(.text)
    __aeabi_drsub                            0x900005d5   Thumb Code     6  dadd.o(.text)
    __aeabi_dmul                             0x900005db   Thumb Code   228  dmul.o(.text)
    __aeabi_ddiv                             0x900006bf   Thumb Code   222  ddiv.o(.text)
    __aeabi_d2ulz                            0x9000079d   Thumb Code    48  dfixul.o(.text)
    __aeabi_cdrcmple                         0x900007cd   Thumb Code    48  cdrcmple.o(.text)
    __scatterload                            0x900007fd   Thumb Code    28  init.o(.text)
    __scatterload_rt2                        0x900007fd   Thumb Code     0  init.o(.text)
    __aeabi_lasr                             0x90000821   Thumb Code    36  llsshr.o(.text)
    _ll_sshift_r                             0x90000821   Thumb Code     0  llsshr.o(.text)
    _double_round                            0x90000845   Thumb Code    30  depilogue.o(.text)
    _double_epilogue                         0x90000863   Thumb Code   156  depilogue.o(.text)
    __decompress                             0x900008ff   Thumb Code     0  __dczerorl2.o(.text)
    __decompress1                            0x900008ff   Thumb Code    86  __dczerorl2.o(.text)
    BDMA_Channel0_IRQHandler                 0x90000955   Thumb Code   112  bdmamux_pwm.o(i.BDMA_Channel0_IRQHandler)
    BusFault_Handler                         0x900009cd   Thumb Code     4  stm32h7xx_it.o(i.BusFault_Handler)
    DMA1_Stream0_IRQHandler                  0x90000b01   Thumb Code   144  dma1mux_pwm.o(i.DMA1_Stream0_IRQHandler)
    DMA1_Stream1_IRQHandler                  0x90000ba5   Thumb Code    10  drv_fmc_lcd.o(i.DMA1_Stream1_IRQHandler)
    DMA1_Stream2_IRQHandler                  0x90000bb5   Thumb Code    40  usart1_dma.o(i.DMA1_Stream2_IRQHandler)
    DebugMon_Handler                         0x90000edb   Thumb Code     2  stm32h7xx_it.o(i.DebugMon_Handler)
    EventRecorderEnable                      0x90000ff5   Thumb Code    88  eventrecorder.o(i.EventRecorderEnable)
    EventRecorderInitialize                  0x90001051   Thumb Code   268  eventrecorder.o(i.EventRecorderInitialize)
    EventRecorderStart                       0x90001179   Thumb Code    40  eventrecorder.o(i.EventRecorderStart)
    EventRecorderTimerGetCount               0x900011a9   Thumb Code     6  eventrecorder.o(i.EventRecorderTimerGetCount)
    EventRecorderTimerSetup                  0x900011b5   Thumb Code    28  eventrecorder.o(i.EventRecorderTimerSetup)
    ExitRun0Mode                             0x900011d9   Thumb Code     2  system_stm32h7xx.o(i.ExitRun0Mode)
    FMC_NORSRAM_Init                         0x900011dd   Thumb Code   160  stm32h7xx_ll_fmc.o(i.FMC_NORSRAM_Init)
    FMC_NORSRAM_Timing_Init                  0x90001281   Thumb Code    90  stm32h7xx_ll_fmc.o(i.FMC_NORSRAM_Timing_Init)
    HAL_DMA_Abort_IT                         0x900012dd   Thumb Code   906  stm32h7xx_hal_dma.o(i.HAL_DMA_Abort_IT)
    HAL_DMA_GetState                         0x90001675   Thumb Code     8  stm32h7xx_hal_dma.o(i.HAL_DMA_GetState)
    HAL_DMA_IRQHandler                       0x9000167d   Thumb Code  2798  stm32h7xx_hal_dma.o(i.HAL_DMA_IRQHandler)
    HAL_DMA_Init                             0x90002175   Thumb Code  1304  stm32h7xx_hal_dma.o(i.HAL_DMA_Init)
    HAL_Delay                                0x90002695   Thumb Code    36  stm32h7xx_hal.o(i.HAL_Delay)
    HAL_EnableCompensationCell               0x900026bd   Thumb Code    14  stm32h7xx_hal.o(i.HAL_EnableCompensationCell)
    HAL_GPIO_Init                            0x900026d1   Thumb Code   456  stm32h7xx_hal_gpio.o(i.HAL_GPIO_Init)
    HAL_GPIO_ReadPin                         0x900028cd   Thumb Code    16  stm32h7xx_hal_gpio.o(i.HAL_GPIO_ReadPin)
    HAL_GPIO_WritePin                        0x900028dd   Thumb Code    12  stm32h7xx_hal_gpio.o(i.HAL_GPIO_WritePin)
    HAL_GetREVID                             0x900028e9   Thumb Code     8  stm32h7xx_hal.o(i.HAL_GetREVID)
    HAL_GetTick                              0x900028f5   Thumb Code     6  stm32h7xx_hal.o(i.HAL_GetTick)
    HAL_I2C_AbortCpltCallback                0x90002901   Thumb Code     2  stm32h7xx_hal_i2c.o(i.HAL_I2C_AbortCpltCallback)
    HAL_I2C_AddrCallback                     0x90002903   Thumb Code     2  stm32h7xx_hal_i2c.o(i.HAL_I2C_AddrCallback)
    HAL_I2C_DeInit                           0x90002905   Thumb Code    74  stm32h7xx_hal_i2c.o(i.HAL_I2C_DeInit)
    HAL_I2C_ER_IRQHandler                    0x90002955   Thumb Code   118  stm32h7xx_hal_i2c.o(i.HAL_I2C_ER_IRQHandler)
    HAL_I2C_EV_IRQHandler                    0x900029cb   Thumb Code    28  stm32h7xx_hal_i2c.o(i.HAL_I2C_EV_IRQHandler)
    HAL_I2C_ErrorCallback                    0x900029e9   Thumb Code    64  drv_eeprom.o(i.HAL_I2C_ErrorCallback)
    HAL_I2C_Init                             0x90002a39   Thumb Code   260  stm32h7xx_hal_i2c.o(i.HAL_I2C_Init)
    HAL_I2C_ListenCpltCallback               0x90002b6d   Thumb Code     2  stm32h7xx_hal_i2c.o(i.HAL_I2C_ListenCpltCallback)
    HAL_I2C_MasterRxCpltCallback             0x90002b6f   Thumb Code     2  stm32h7xx_hal_i2c.o(i.HAL_I2C_MasterRxCpltCallback)
    HAL_I2C_MasterTxCpltCallback             0x90002b71   Thumb Code     2  stm32h7xx_hal_i2c.o(i.HAL_I2C_MasterTxCpltCallback)
    HAL_I2C_MemRxCpltCallback                0x90002b75   Thumb Code    16  drv_eeprom.o(i.HAL_I2C_MemRxCpltCallback)
    HAL_I2C_MemTxCpltCallback                0x90002b8d   Thumb Code    16  drv_eeprom.o(i.HAL_I2C_MemTxCpltCallback)
    HAL_I2C_Mem_Read_IT                      0x90002ba5   Thumb Code   188  stm32h7xx_hal_i2c.o(i.HAL_I2C_Mem_Read_IT)
    HAL_I2C_Mem_Write_IT                     0x90002c6d   Thumb Code   190  stm32h7xx_hal_i2c.o(i.HAL_I2C_Mem_Write_IT)
    HAL_I2C_MspDeInit                        0x90002d39   Thumb Code     2  stm32h7xx_hal_i2c.o(i.HAL_I2C_MspDeInit)
    HAL_I2C_MspInit                          0x90002d3b   Thumb Code     2  stm32h7xx_hal_i2c.o(i.HAL_I2C_MspInit)
    HAL_I2C_SlaveRxCpltCallback              0x90002d3d   Thumb Code     2  stm32h7xx_hal_i2c.o(i.HAL_I2C_SlaveRxCpltCallback)
    HAL_I2C_SlaveTxCpltCallback              0x90002d3f   Thumb Code     2  stm32h7xx_hal_i2c.o(i.HAL_I2C_SlaveTxCpltCallback)
    HAL_IncTick                              0x90002d41   Thumb Code    16  stm32h7xx_hal.o(i.HAL_IncTick)
    HAL_Init                                 0x90002d59   Thumb Code    80  stm32h7xx_hal.o(i.HAL_Init)
    HAL_InitTick                             0x90002db9   Thumb Code    74  stm32h7xx_hal.o(i.HAL_InitTick)
    HAL_MPU_ConfigRegion                     0x90002e11   Thumb Code    86  stm32h7xx_hal_cortex.o(i.HAL_MPU_ConfigRegion)
    HAL_MPU_Disable                          0x90002e6d   Thumb Code    38  stm32h7xx_hal_cortex.o(i.HAL_MPU_Disable)
    HAL_MPU_Enable                           0x90002e99   Thumb Code    58  stm32h7xx_hal_cortex.o(i.HAL_MPU_Enable)
    HAL_MspInit                              0x90002ed9   Thumb Code     2  stm32h7xx_hal_msp_template.o(i.HAL_MspInit)
    HAL_NVIC_EnableIRQ                       0x90002edb   Thumb Code    40  stm32h7xx_hal_cortex.o(i.HAL_NVIC_EnableIRQ)
    HAL_NVIC_SetPriority                     0x90002f03   Thumb Code   122  stm32h7xx_hal_cortex.o(i.HAL_NVIC_SetPriority)
    HAL_NVIC_SetPriorityGrouping             0x90002f7d   Thumb Code    32  stm32h7xx_hal_cortex.o(i.HAL_NVIC_SetPriorityGrouping)
    HAL_RCCEx_GetD3PCLK1Freq                 0x90002fa5   Thumb Code    26  stm32h7xx_hal_rcc_ex.o(i.HAL_RCCEx_GetD3PCLK1Freq)
    HAL_RCCEx_GetPLL2ClockFreq               0x90002fc9   Thumb Code   536  stm32h7xx_hal_rcc_ex.o(i.HAL_RCCEx_GetPLL2ClockFreq)
    HAL_RCCEx_GetPLL3ClockFreq               0x900031f9   Thumb Code   536  stm32h7xx_hal_rcc_ex.o(i.HAL_RCCEx_GetPLL3ClockFreq)
    HAL_RCC_ClockConfig                      0x90003429   Thumb Code   774  stm32h7xx_hal_rcc.o(i.HAL_RCC_ClockConfig)
    HAL_RCC_GetHCLKFreq                      0x90003749   Thumb Code    60  stm32h7xx_hal_rcc.o(i.HAL_RCC_GetHCLKFreq)
    HAL_RCC_GetPCLK1Freq                     0x90003795   Thumb Code    26  stm32h7xx_hal_rcc.o(i.HAL_RCC_GetPCLK1Freq)
    HAL_RCC_GetPCLK2Freq                     0x900037b9   Thumb Code    26  stm32h7xx_hal_rcc.o(i.HAL_RCC_GetPCLK2Freq)
    HAL_RCC_GetSysClockFreq                  0x900037dd   Thumb Code   524  stm32h7xx_hal_rcc.o(i.HAL_RCC_GetSysClockFreq)
    HAL_RCC_OscConfig                        0x90003a09   Thumb Code  2130  stm32h7xx_hal_rcc.o(i.HAL_RCC_OscConfig)
    HAL_SYSTICK_Config                       0x90004261   Thumb Code    52  stm32h7xx_hal_cortex.o(i.HAL_SYSTICK_Config)
    HAL_TIM_Base_Stop                        0x90004295   Thumb Code    50  stm32h7xx_hal_tim.o(i.HAL_TIM_Base_Stop)
    HAL_TIM_IRQHandler                       0x900042c7   Thumb Code   442  stm32h7xx_hal_tim.o(i.HAL_TIM_IRQHandler)
    HAL_UARTEx_RxEventCallback               0x90004481   Thumb Code     2  stm32h7xx_hal_uart.o(i.HAL_UARTEx_RxEventCallback)
    HAL_UARTEx_RxFifoFullCallback            0x90004483   Thumb Code     2  stm32h7xx_hal_uart_ex.o(i.HAL_UARTEx_RxFifoFullCallback)
    HAL_UARTEx_TxFifoEmptyCallback           0x90004485   Thumb Code     2  stm32h7xx_hal_uart_ex.o(i.HAL_UARTEx_TxFifoEmptyCallback)
    HAL_UARTEx_WakeupCallback                0x90004487   Thumb Code     2  stm32h7xx_hal_uart_ex.o(i.HAL_UARTEx_WakeupCallback)
    HAL_UART_AbortCpltCallback               0x90004489   Thumb Code     2  stm32h7xx_hal_uart.o(i.HAL_UART_AbortCpltCallback)
    HAL_UART_AbortReceiveCpltCallback        0x9000448b   Thumb Code     2  stm32h7xx_hal_uart.o(i.HAL_UART_AbortReceiveCpltCallback)
    HAL_UART_AbortTransmitCpltCallback       0x9000448d   Thumb Code     2  stm32h7xx_hal_uart.o(i.HAL_UART_AbortTransmitCpltCallback)
    HAL_UART_ErrorCallback                   0x9000448f   Thumb Code     2  stm32h7xx_hal_uart.o(i.HAL_UART_ErrorCallback)
    HAL_UART_Init                            0x90004491   Thumb Code   140  stm32h7xx_hal_uart.o(i.HAL_UART_Init)
    HAL_UART_MspInit                         0x90004521   Thumb Code     2  stm32h7xx_hal_uart.o(i.HAL_UART_MspInit)
    HAL_UART_RxCpltCallback                  0x90004523   Thumb Code     2  stm32h7xx_hal_uart.o(i.HAL_UART_RxCpltCallback)
    HAL_UART_RxHalfCpltCallback              0x90004525   Thumb Code     2  stm32h7xx_hal_uart.o(i.HAL_UART_RxHalfCpltCallback)
    HAL_UART_TxCpltCallback                  0x90004527   Thumb Code     2  stm32h7xx_hal_uart.o(i.HAL_UART_TxCpltCallback)
    HAL_UART_TxHalfCpltCallback              0x90004529   Thumb Code     2  stm32h7xx_hal_uart.o(i.HAL_UART_TxHalfCpltCallback)
    HardFaultHandler                         0x9000452d   Thumb Code   242  segger_hardfaulthandler.o(i.HardFaultHandler)
    I2C2_ER_IRQHandler                       0x9000468d   Thumb Code    10  drv_eeprom.o(i.I2C2_ER_IRQHandler)
    I2C2_EV_IRQHandler                       0x9000469d   Thumb Code    10  drv_eeprom.o(i.I2C2_EV_IRQHandler)
    MemManage_Handler_C                      0x90005b39   Thumb Code    68  stm32h7xx_it.o(i.MemManage_Handler_C)
    NMI_Handler                              0x90005b81   Thumb Code     2  stm32h7xx_it.o(i.NMI_Handler)
    PendSV_Handler                           0x90005b83   Thumb Code     2  stm32h7xx_it.o(i.PendSV_Handler)
    SEGGER_RTT_Init                          0x90005b85   Thumb Code     8  segger_rtt.o(i.SEGGER_RTT_Init)
    SEGGER_RTT_Write                         0x90005b8d   Thumb Code    70  segger_rtt.o(i.SEGGER_RTT_Write)
    SEGGER_RTT_WriteNoLock                   0x90005bd9   Thumb Code   126  segger_rtt.o(i.SEGGER_RTT_WriteNoLock)
    SEGGER_RTT_printf                        0x90005c5d   Thumb Code    34  segger_rtt_printf.o(i.SEGGER_RTT_printf)
    SEGGER_RTT_vprintf                       0x90005c81   Thumb Code   582  segger_rtt_printf.o(i.SEGGER_RTT_vprintf)
    SVC_Handler                              0x90005ed1   Thumb Code     2  stm32h7xx_it.o(i.SVC_Handler)
    SystemInit                               0x90006039   Thumb Code   212  system_stm32h7xx.o(i.SystemInit)
    TIM1_UP_IRQHandler                       0x90006135   Thumb Code    10  pwm_timer1.o(i.TIM1_UP_IRQHandler)
    TIM5_IRQHandler                          0x90006145   Thumb Code    10  pwm_in_timer5.o(i.TIM5_IRQHandler)
    UART_AdvFeatureConfig                    0x90006155   Thumb Code   248  stm32h7xx_hal_uart.o(i.UART_AdvFeatureConfig)
    UART_CheckIdleState                      0x9000624d   Thumb Code   234  stm32h7xx_hal_uart.o(i.UART_CheckIdleState)
    UART_InitCallbacksToDefault              0x900063a5   Thumb Code    54  stm32h7xx_hal_uart.o(i.UART_InitCallbacksToDefault)
    UART_SetConfig                           0x9000640d   Thumb Code  1402  stm32h7xx_hal_uart.o(i.UART_SetConfig)
    UART_WaitOnFlagUntilTimeout              0x90006999   Thumb Code   172  stm32h7xx_hal_uart.o(i.UART_WaitOnFlagUntilTimeout)
    UsageFault_Handler                       0x90006a45   Thumb Code     4  stm32h7xx_it.o(i.UsageFault_Handler)
    __0vsnprintf                             0x90006dc1   Thumb Code    46  printfa.o(i.__0vsnprintf)
    __1vsnprintf                             0x90006dc1   Thumb Code     0  printfa.o(i.__0vsnprintf)
    __2vsnprintf                             0x90006dc1   Thumb Code     0  printfa.o(i.__0vsnprintf)
    __c89vsnprintf                           0x90006dc1   Thumb Code     0  printfa.o(i.__0vsnprintf)
    vsnprintf                                0x90006dc1   Thumb Code     0  printfa.o(i.__0vsnprintf)
    __scatterload_copy                       0x90006e2d   Thumb Code    14  handlers.o(i.__scatterload_copy)
    __scatterload_null                       0x90006e3b   Thumb Code     2  handlers.o(i.__scatterload_null)
    __scatterload_zeroinit                   0x90006e3d   Thumb Code    14  handlers.o(i.__scatterload_zeroinit)
    circular_buffer_init                     0x900076f7   Thumb Code    76  circular_buffer.o(i.circular_buffer_init)
    circular_buffer_write                    0x90007743   Thumb Code   106  circular_buffer.o(i.circular_buffer_write)
    drv_eeprom_clrerrflag                    0x9000782d   Thumb Code     8  drv_eeprom.o(i.drv_eeprom_clrerrflag)
    drv_eeprom_clrrflag                      0x90007839   Thumb Code     8  drv_eeprom.o(i.drv_eeprom_clrrflag)
    drv_eeprom_clrwflag                      0x90007845   Thumb Code     8  drv_eeprom.o(i.drv_eeprom_clrwflag)
    drv_eeprom_init                          0x90007851   Thumb Code   176  drv_eeprom.o(i.drv_eeprom_init)
    drv_eeprom_readbuf                       0x90007915   Thumb Code    38  drv_eeprom.o(i.drv_eeprom_readbuf)
    drv_eeprom_reterrflag                    0x90007945   Thumb Code     6  drv_eeprom.o(i.drv_eeprom_reterrflag)
    drv_eeprom_retrflag                      0x90007951   Thumb Code     6  drv_eeprom.o(i.drv_eeprom_retrflag)
    drv_eeprom_retwflag                      0x9000795d   Thumb Code     6  drv_eeprom.o(i.drv_eeprom_retwflag)
    drv_eeprom_writebuf                      0x90007969   Thumb Code    38  drv_eeprom.o(i.drv_eeprom_writebuf)
    drv_fmc_bl_ctrl                          0x90007999   Thumb Code    16  drv_fmc_lcd.o(i.drv_fmc_bl_ctrl)
    drv_fmc_lcd_init                         0x900079ad   Thumb Code   278  drv_fmc_lcd.o(i.drv_fmc_lcd_init)
    drv_fmc_lcd_rst                          0x90007ad5   Thumb Code    52  drv_fmc_lcd.o(i.drv_fmc_lcd_rst)
    drv_fmc_read_data                        0x90007b0d   Thumb Code     6  drv_fmc_lcd.o(i.drv_fmc_read_data)
    drv_fmc_write_cmd                        0x90007b19   Thumb Code     8  drv_fmc_lcd.o(i.drv_fmc_write_cmd)
    drv_fmc_write_data                       0x90007b21   Thumb Code     6  drv_fmc_lcd.o(i.drv_fmc_write_data)
    drv_key_init                             0x90007b2d   Thumb Code   168  drv_key.o(i.drv_key_init)
    drv_key_readmask                         0x90007bdd   Thumb Code    74  drv_key.o(i.drv_key_readmask)
    drv_led_init                             0x90007c2d   Thumb Code   168  drv_led.o(i.drv_led_init)
    drv_led_off                              0x90007cdd   Thumb Code    34  drv_led.o(i.drv_led_off)
    drv_led_on                               0x90007d05   Thumb Code    34  drv_led.o(i.drv_led_on)
    drvp_eeprom_init                         0x90007d2d   Thumb Code    90  drvp_eeprom.o(i.drvp_eeprom_init)
    drvp_eeprom_prc_10ms                     0x90007d95   Thumb Code   260  drvp_eeprom.o(i.drvp_eeprom_prc_10ms)
    drvp_fmc_lcd_init                        0x90007ea1   Thumb Code   710  drvp_fmc_lcd.o(i.drvp_fmc_lcd_init)
    drvp_fmc_lcd_set_axis_scan               0x90008189   Thumb Code   136  drvp_fmc_lcd.o(i.drvp_fmc_lcd_set_axis_scan)
    drvp_fmc_lcd_set_wid                     0x90008215   Thumb Code   116  drvp_fmc_lcd.o(i.drvp_fmc_lcd_set_wid)
    drvp_fmc_lcd_writesigle                  0x9000828d   Thumb Code    38  drvp_fmc_lcd.o(i.drvp_fmc_lcd_writesigle)
    drvp_key_init                            0x900082b9   Thumb Code    28  drvp_key.o(i.drvp_key_init)
    drvp_key_prc_10ms                        0x900082dd   Thumb Code   424  drvp_key.o(i.drvp_key_prc_10ms)
    drvp_led_init                            0x900084ad   Thumb Code    10  drvp_led.o(i.drvp_led_init)
    drvp_led_prc_1ms                         0x900084bd   Thumb Code   266  drvp_led.o(i.drvp_led_prc_1ms)
    main                                     0x900085ed   Thumb Code   204  main.o(i.main)
    mutex_init                               0x90008719   Thumb Code     6  port.o(i.mutex_init)
    mutex_lock                               0x9000871f   Thumb Code     2  port.o(i.mutex_lock)
    mutex_unlock                             0x90008721   Thumb Code     2  port.o(i.mutex_unlock)
    sram_d2_free                             0x90008725   Thumb Code   214  sram_d2_malloc.o(i.sram_d2_free)
    sram_d2_init                             0x90008801   Thumb Code    54  sram_d2_malloc.o(i.sram_d2_init)
    sram_d2_malloc                           0x90008841   Thumb Code   228  sram_d2_malloc.o(i.sram_d2_malloc)
    usart1_dma_init                          0x90008929   Thumb Code   298  usart1_dma.o(i.usart1_dma_init)
    usart1_my_printf                         0x90008a69   Thumb Code    78  usart1_dma.o(i.usart1_my_printf)
    D1CorePrescTable                         0x90008ac8   Data          16  system_stm32h7xx.o(.constdata)
    UARTPrescTable                           0x90008ae0   Data          24  stm32h7xx_hal_uart.o(.constdata)
    EventRecorderInfo                        0x90008bec   Data          24  eventrecorder.o(.constdata)
    Region$$Table$$Base                      0x90008c04   Number         0  anon$$obj.o(Region$$Table)
    Region$$Table$$Limit                     0x90008c74   Number         0  anon$$obj.o(Region$$Table)



==============================================================================

Memory Map of the image

  Image Entry point : 0x90000299

  Load Region LR_IROM1 (Base: 0x90000000, Size: 0x0000ef04, Max: 0x01000000, ABSOLUTE, COMPRESSED[0x00008dec])

    Execution Region ER_ITCM (Exec base: 0x00000000, Load base: 0x90008c74, Size: 0x0000006c, Max: 0x00010000, ABSOLUTE)

    Exec Addr    Load Addr    Size         Type   Attr      Idx    E Section Name        Object

    0x00000000   0x90008c74   0x00000044   Code   RO        19071    .ITCM_CODE          main.o
    0x00000044   0x90008cb8   0x0000000a   Ven    RO        20204    Veneer$$Code        anon$$obj.o
    0x0000004e   0x90008cc2   0x0000000a   Ven    RO        20205    Veneer$$Code        anon$$obj.o
    0x00000058   0x90008ccc   0x0000000a   Ven    RO        20206    Veneer$$Code        anon$$obj.o
    0x00000062   0x90008cd6   0x0000000a   Ven    RO        20207    Veneer$$Code        anon$$obj.o


    Execution Region RW_IRAM_RESET (Exec base: 0x20000000, Load base: 0x90008ce0, Size: 0x00000400, Max: 0x00000400, ABSOLUTE, COMPRESSED[0x0000000c])

    Exec Addr    Load Addr    Size         Type   Attr      Idx    E Section Name        Object

    0x20000000   COMPRESSED   0x00000400   Data   RW        19077    .RamVecTable        main.o


    Execution Region RW_IRAM1 (Exec base: 0x20000400, Load base: 0x90008cec, Size: 0x000015e8, Max: 0x0001fc00, ABSOLUTE)

    Exec Addr    Load Addr    Size         Type   Attr      Idx    E Section Name        Object

    0x20000400   0x90008cec   0x00000008   Data   RW           17    .data               system_stm32h7xx.o
    0x20000408   0x90008cf4   0x00000009   Data   RW          425    .data               stm32h7xx_hal.o
    0x20000411   0x90008cfd   0x00000003   PAD
    0x20000414   0x90008d00   0x00000004   Data   RW        18116    .data               drvp_key.o
    0x20000418   0x90008d04   0x00000002   Data   RW        19078    .data               main.o
    0x2000041a   0x90008d06   0x00000002   PAD
    0x2000041c   0x90008d08   0x00000004   Data   RW        19527    .data               segger_hardfaulthandler.o
    0x20000420        -       0x000000a8   Zero   RW        19279    .bss                segger_rtt.o
    0x200004c8        -       0x00000040   Zero   RW        19526    .bss                segger_hardfaulthandler.o
    0x20000508   0x90008d0c   0x00000038   PAD
    0x20000540        -       0x000004a4   Zero   RW        19938    .bss.noinit         eventrecorder.o
    0x200009e4   0x90008d0c   0x00000004   PAD
    0x200009e8        -       0x00001000   Zero   RW            1    STACK               startup_stm32h743xx.o


    Execution Region RW_IRAM2 (Exec base: 0x24000000, Load base: 0x90008d0c, Size: 0x00000000, Max: 0x00080000, ABSOLUTE)

    **** No section assigned to this execution region ****


    Execution Region RW_IRAM3 (Exec base: 0x30000000, Load base: 0x90008d0c, Size: 0x00000de4, Max: 0x0003b000, ABSOLUTE, COMPRESSED[0x0000001c])

    Exec Addr    Load Addr    Size         Type   Attr      Idx    E Section Name        Object

    0x30000000   COMPRESSED   0x00000020   Data   RW        18013    .RAM_D2             drvp_led.o
    0x30000020   COMPRESSED   0x0000003c   Data   RW        18114    .RAM_D2             drvp_key.o
    0x3000005c   COMPRESSED   0x000000bc   Data   RW        18210    .RAM_D2             pwm_in_timer5.o
    0x30000118   COMPRESSED   0x000000da   Data   RW        18259    .RAM_D2             pwm_timer1.o
    0x300001f2   COMPRESSED   0x00000002   PAD
    0x300001f4   COMPRESSED   0x00000087   Data   RW        18317    .RAM_D2             drv_eeprom.o
    0x3000027b   COMPRESSED   0x00000001   PAD
    0x3000027c   COMPRESSED   0x0000010a   Data   RW        18415    .RAM_D2             drvp_eeprom.o
    0x30000386   COMPRESSED   0x00000002   PAD
    0x30000388   COMPRESSED   0x00000078   Data   RW        18615    .RAM_D2             drv_fmc_lcd.o
    0x30000400   COMPRESSED   0x0000001c   Data   RW        18692    .RAM_D2             drvp_fmc_lcd.o
    0x3000041c   COMPRESSED   0x00000176   Data   RW        18807    .RAM_D2             dma1mux_pwm.o
    0x30000592   COMPRESSED   0x0000000e   PAD
    0x300005a0   COMPRESSED   0x00000420   Data   RW        18857    .RAM_D2             usart1_dma.o
    0x300009c0   COMPRESSED   0x00000010   Data   RW        19013    .RAM_D2             sram_d2_malloc.o
    0x300009d0   COMPRESSED   0x00000411   Data   RW        19278    .RAM_D2             segger_rtt.o


    Execution Region RW_IRAM_MALLOC (Exec base: 0x3003b000, Load base: 0x90008d28, Size: 0x00005000, Max: 0x00005000, ABSOLUTE, COMPRESSED[0x000000a4])

    Exec Addr    Load Addr    Size         Type   Attr      Idx    E Section Name        Object

    0x3003b000   COMPRESSED   0x00005000   Data   RW        19014    .RAM_MALLOC         sram_d2_malloc.o


    Execution Region RW_IRAM5 (Exec base: 0x30040000, Load base: 0x90008dcc, Size: 0x00000000, Max: 0x00008000, ABSOLUTE)

    **** No section assigned to this execution region ****


    Execution Region RW_IRAM4 (Exec base: 0x38000000, Load base: 0x90008dcc, Size: 0x00000020, Max: 0x00010000, ABSOLUTE)

    Exec Addr    Load Addr    Size         Type   Attr      Idx    E Section Name        Object

    0x38000000   0x90008dcc   0x00000020   Data   RW        18764    .RAM_D3             bdmamux_pwm.o


    Execution Region ER_IROM1 (Exec base: 0x90000000, Load base: 0x90000000, Size: 0x00008c74, Max: 0x01000000, ABSOLUTE)

    Exec Addr    Load Addr    Size         Type   Attr      Idx    E Section Name        Object

    0x90000000   0x90000000   0x00000298   Data   RO            3    RESET               startup_stm32h743xx.o
    0x90000298   0x90000298   0x00000000   Code   RO        20104  * .ARM.Collect$$$$00000000  mc_w.l(entry.o)
    0x90000298   0x90000298   0x00000004   Code   RO        20155    .ARM.Collect$$$$00000001  mc_w.l(entry2.o)
    0x9000029c   0x9000029c   0x00000004   Code   RO        20158    .ARM.Collect$$$$00000004  mc_w.l(entry5.o)
    0x900002a0   0x900002a0   0x00000000   Code   RO        20160    .ARM.Collect$$$$00000008  mc_w.l(entry7b.o)
    0x900002a0   0x900002a0   0x00000000   Code   RO        20162    .ARM.Collect$$$$0000000A  mc_w.l(entry8b.o)
    0x900002a0   0x900002a0   0x00000008   Code   RO        20163    .ARM.Collect$$$$0000000B  mc_w.l(entry9a.o)
    0x900002a8   0x900002a8   0x00000004   Code   RO        20170    .ARM.Collect$$$$0000000E  mc_w.l(entry12b.o)
    0x900002ac   0x900002ac   0x00000000   Code   RO        20165    .ARM.Collect$$$$0000000F  mc_w.l(entry10a.o)
    0x900002ac   0x900002ac   0x00000000   Code   RO        20167    .ARM.Collect$$$$00000011  mc_w.l(entry11a.o)
    0x900002ac   0x900002ac   0x00000004   Code   RO        20156    .ARM.Collect$$$$00002712  mc_w.l(entry2.o)
    0x900002b0   0x900002b0   0x00000012   Code   RO        19177    .emb_text           stm32h7xx_it.o
    0x900002c2   0x900002c2   0x00000002   PAD
    0x900002c4   0x900002c4   0x00000074   Code   RO        19920    .emb_text           eventrecorder.o
    0x90000338   0x90000338   0x0000002c   Code   RO            4    .text               startup_stm32h743xx.o
    0x90000364   0x90000364   0x00000014   Code   RO        19519    .text               hardfaulthandler.o
    0x90000378   0x90000378   0x00000062   Code   RO        20113    .text               mc_w.l(uldiv.o)
    0x900003da   0x900003da   0x00000024   Code   RO        20115    .text               mc_w.l(memcpya.o)
    0x900003fe   0x900003fe   0x00000024   Code   RO        20117    .text               mc_w.l(memseta.o)
    0x90000422   0x90000422   0x0000002c   Code   RO        20171    .text               mc_w.l(uidiv.o)
    0x9000044e   0x9000044e   0x0000001e   Code   RO        20173    .text               mc_w.l(llshl.o)
    0x9000046c   0x9000046c   0x00000020   Code   RO        20175    .text               mc_w.l(llushr.o)
    0x9000048c   0x9000048c   0x00000000   Code   RO        20177    .text               mc_w.l(iusefp.o)
    0x9000048c   0x9000048c   0x0000014e   Code   RO        20178    .text               mf_w.l(dadd.o)
    0x900005da   0x900005da   0x000000e4   Code   RO        20180    .text               mf_w.l(dmul.o)
    0x900006be   0x900006be   0x000000de   Code   RO        20182    .text               mf_w.l(ddiv.o)
    0x9000079c   0x9000079c   0x00000030   Code   RO        20184    .text               mf_w.l(dfixul.o)
    0x900007cc   0x900007cc   0x00000030   Code   RO        20186    .text               mf_w.l(cdrcmple.o)
    0x900007fc   0x900007fc   0x00000024   Code   RO        20188    .text               mc_w.l(init.o)
    0x90000820   0x90000820   0x00000024   Code   RO        20190    .text               mc_w.l(llsshr.o)
    0x90000844   0x90000844   0x000000ba   Code   RO        20192    .text               mf_w.l(depilogue.o)
    0x900008fe   0x900008fe   0x00000056   Code   RO        20202    .text               mc_w.l(__dczerorl2.o)
    0x90000954   0x90000954   0x00000078   Code   RO        18760    i.BDMA_Channel0_IRQHandler  bdmamux_pwm.o
    0x900009cc   0x900009cc   0x00000004   Code   RO        19178    i.BusFault_Handler  stm32h7xx_it.o
    0x900009d0   0x900009d0   0x00000130   Code   RO        19072    i.CPU_CACHE_Enable  main.o
    0x90000b00   0x90000b00   0x000000a4   Code   RO        18802    i.DMA1_Stream0_IRQHandler  dma1mux_pwm.o
    0x90000ba4   0x90000ba4   0x00000010   Code   RO        18606    i.DMA1_Stream1_IRQHandler  drv_fmc_lcd.o
    0x90000bb4   0x90000bb4   0x00000030   Code   RO        18854    i.DMA1_Stream2_IRQHandler  usart1_dma.o
    0x90000be4   0x90000be4   0x000000ec   Code   RO         2591    i.DMA_CalcBaseAndBitshift  stm32h7xx_hal_dma.o
    0x90000cd0   0x90000cd0   0x000000c4   Code   RO         2592    i.DMA_CalcDMAMUXChannelBaseAndMask  stm32h7xx_hal_dma.o
    0x90000d94   0x90000d94   0x00000098   Code   RO         2593    i.DMA_CalcDMAMUXRequestGenBaseAndMask  stm32h7xx_hal_dma.o
    0x90000e2c   0x90000e2c   0x000000ae   Code   RO         2594    i.DMA_CheckFifoParam  stm32h7xx_hal_dma.o
    0x90000eda   0x90000eda   0x00000002   Code   RO        19179    i.DebugMon_Handler  stm32h7xx_it.o
    0x90000edc   0x90000edc   0x00000004   Code   RO        19073    i.Error_Handler     main.o
    0x90000ee0   0x90000ee0   0x0000003c   Code   RO        19922    i.EventGetTS        eventrecorder.o
    0x90000f1c   0x90000f1c   0x000000d8   Code   RO        19926    i.EventRecordItem   eventrecorder.o
    0x90000ff4   0x90000ff4   0x0000005c   Code   RO        19929    i.EventRecorderEnable  eventrecorder.o
    0x90001050   0x90001050   0x00000128   Code   RO        19930    i.EventRecorderInitialize  eventrecorder.o
    0x90001178   0x90001178   0x00000030   Code   RO        19931    i.EventRecorderStart  eventrecorder.o
    0x900011a8   0x900011a8   0x0000000c   Code   RO        19933    i.EventRecorderTimerGetCount  eventrecorder.o
    0x900011b4   0x900011b4   0x00000024   Code   RO        19935    i.EventRecorderTimerSetup  eventrecorder.o
    0x900011d8   0x900011d8   0x00000002   Code   RO           13    i.ExitRun0Mode      system_stm32h7xx.o
    0x900011da   0x900011da   0x00000002   PAD
    0x900011dc   0x900011dc   0x000000a4   Code   RO        15754    i.FMC_NORSRAM_Init  stm32h7xx_ll_fmc.o
    0x90001280   0x90001280   0x0000005a   Code   RO        15755    i.FMC_NORSRAM_Timing_Init  stm32h7xx_ll_fmc.o
    0x900012da   0x900012da   0x00000002   PAD
    0x900012dc   0x900012dc   0x00000398   Code   RO         2597    i.HAL_DMA_Abort_IT  stm32h7xx_hal_dma.o
    0x90001674   0x90001674   0x00000008   Code   RO         2600    i.HAL_DMA_GetState  stm32h7xx_hal_dma.o
    0x9000167c   0x9000167c   0x00000af8   Code   RO         2601    i.HAL_DMA_IRQHandler  stm32h7xx_hal_dma.o
    0x90002174   0x90002174   0x00000520   Code   RO         2602    i.HAL_DMA_Init      stm32h7xx_hal_dma.o
    0x90002694   0x90002694   0x00000028   Code   RO          384    i.HAL_Delay         stm32h7xx_hal.o
    0x900026bc   0x900026bc   0x00000014   Code   RO          391    i.HAL_EnableCompensationCell  stm32h7xx_hal.o
    0x900026d0   0x900026d0   0x000001fc   Code   RO         4522    i.HAL_GPIO_Init     stm32h7xx_hal_gpio.o
    0x900028cc   0x900028cc   0x00000010   Code   RO         4524    i.HAL_GPIO_ReadPin  stm32h7xx_hal_gpio.o
    0x900028dc   0x900028dc   0x0000000c   Code   RO         4526    i.HAL_GPIO_WritePin  stm32h7xx_hal_gpio.o
    0x900028e8   0x900028e8   0x0000000c   Code   RO          395    i.HAL_GetREVID      stm32h7xx_hal.o
    0x900028f4   0x900028f4   0x0000000c   Code   RO          396    i.HAL_GetTick       stm32h7xx_hal.o
    0x90002900   0x90002900   0x00000002   Code   RO         5625    i.HAL_I2C_AbortCpltCallback  stm32h7xx_hal_i2c.o
    0x90002902   0x90002902   0x00000002   Code   RO         5626    i.HAL_I2C_AddrCallback  stm32h7xx_hal_i2c.o
    0x90002904   0x90002904   0x00000050   Code   RO         5627    i.HAL_I2C_DeInit    stm32h7xx_hal_i2c.o
    0x90002954   0x90002954   0x00000076   Code   RO         5629    i.HAL_I2C_ER_IRQHandler  stm32h7xx_hal_i2c.o
    0x900029ca   0x900029ca   0x0000001c   Code   RO         5630    i.HAL_I2C_EV_IRQHandler  stm32h7xx_hal_i2c.o
    0x900029e6   0x900029e6   0x00000002   PAD
    0x900029e8   0x900029e8   0x00000050   Code   RO        18303    i.HAL_I2C_ErrorCallback  drv_eeprom.o
    0x90002a38   0x90002a38   0x00000134   Code   RO         5636    i.HAL_I2C_Init      stm32h7xx_hal_i2c.o
    0x90002b6c   0x90002b6c   0x00000002   Code   RO         5638    i.HAL_I2C_ListenCpltCallback  stm32h7xx_hal_i2c.o
    0x90002b6e   0x90002b6e   0x00000002   Code   RO         5639    i.HAL_I2C_MasterRxCpltCallback  stm32h7xx_hal_i2c.o
    0x90002b70   0x90002b70   0x00000002   Code   RO         5640    i.HAL_I2C_MasterTxCpltCallback  stm32h7xx_hal_i2c.o
    0x90002b72   0x90002b72   0x00000002   PAD
    0x90002b74   0x90002b74   0x00000018   Code   RO        18304    i.HAL_I2C_MemRxCpltCallback  drv_eeprom.o
    0x90002b8c   0x90002b8c   0x00000018   Code   RO        18305    i.HAL_I2C_MemTxCpltCallback  drv_eeprom.o
    0x90002ba4   0x90002ba4   0x000000c8   Code   RO         5656    i.HAL_I2C_Mem_Read_IT  stm32h7xx_hal_i2c.o
    0x90002c6c   0x90002c6c   0x000000cc   Code   RO         5659    i.HAL_I2C_Mem_Write_IT  stm32h7xx_hal_i2c.o
    0x90002d38   0x90002d38   0x00000002   Code   RO         5660    i.HAL_I2C_MspDeInit  stm32h7xx_hal_i2c.o
    0x90002d3a   0x90002d3a   0x00000002   Code   RO         5661    i.HAL_I2C_MspInit   stm32h7xx_hal_i2c.o
    0x90002d3c   0x90002d3c   0x00000002   Code   RO         5664    i.HAL_I2C_SlaveRxCpltCallback  stm32h7xx_hal_i2c.o
    0x90002d3e   0x90002d3e   0x00000002   Code   RO         5665    i.HAL_I2C_SlaveTxCpltCallback  stm32h7xx_hal_i2c.o
    0x90002d40   0x90002d40   0x00000018   Code   RO          402    i.HAL_IncTick       stm32h7xx_hal.o
    0x90002d58   0x90002d58   0x00000060   Code   RO          403    i.HAL_Init          stm32h7xx_hal.o
    0x90002db8   0x90002db8   0x00000058   Code   RO          404    i.HAL_InitTick      stm32h7xx_hal.o
    0x90002e10   0x90002e10   0x0000005c   Code   RO         1432    i.HAL_MPU_ConfigRegion  stm32h7xx_hal_cortex.o
    0x90002e6c   0x90002e6c   0x0000002c   Code   RO         1433    i.HAL_MPU_Disable   stm32h7xx_hal_cortex.o
    0x90002e98   0x90002e98   0x00000040   Code   RO         1435    i.HAL_MPU_Enable    stm32h7xx_hal_cortex.o
    0x90002ed8   0x90002ed8   0x00000002   Code   RO         8263    i.HAL_MspInit       stm32h7xx_hal_msp_template.o
    0x90002eda   0x90002eda   0x00000028   Code   RO         1439    i.HAL_NVIC_EnableIRQ  stm32h7xx_hal_cortex.o
    0x90002f02   0x90002f02   0x0000007a   Code   RO         1445    i.HAL_NVIC_SetPriority  stm32h7xx_hal_cortex.o
    0x90002f7c   0x90002f7c   0x00000028   Code   RO         1446    i.HAL_NVIC_SetPriorityGrouping  stm32h7xx_hal_cortex.o
    0x90002fa4   0x90002fa4   0x00000024   Code   RO         9931    i.HAL_RCCEx_GetD3PCLK1Freq  stm32h7xx_hal_rcc_ex.o
    0x90002fc8   0x90002fc8   0x00000230   Code   RO         9933    i.HAL_RCCEx_GetPLL2ClockFreq  stm32h7xx_hal_rcc_ex.o
    0x900031f8   0x900031f8   0x00000230   Code   RO         9934    i.HAL_RCCEx_GetPLL3ClockFreq  stm32h7xx_hal_rcc_ex.o
    0x90003428   0x90003428   0x00000320   Code   RO         9816    i.HAL_RCC_ClockConfig  stm32h7xx_hal_rcc.o
    0x90003748   0x90003748   0x0000004c   Code   RO         9821    i.HAL_RCC_GetHCLKFreq  stm32h7xx_hal_rcc.o
    0x90003794   0x90003794   0x00000024   Code   RO         9823    i.HAL_RCC_GetPCLK1Freq  stm32h7xx_hal_rcc.o
    0x900037b8   0x900037b8   0x00000024   Code   RO         9824    i.HAL_RCC_GetPCLK2Freq  stm32h7xx_hal_rcc.o
    0x900037dc   0x900037dc   0x0000022c   Code   RO         9825    i.HAL_RCC_GetSysClockFreq  stm32h7xx_hal_rcc.o
    0x90003a08   0x90003a08   0x00000858   Code   RO         9828    i.HAL_RCC_OscConfig  stm32h7xx_hal_rcc.o
    0x90004260   0x90004260   0x00000034   Code   RO         1450    i.HAL_SYSTICK_Config  stm32h7xx_hal_cortex.o
    0x90004294   0x90004294   0x00000032   Code   RO        13086    i.HAL_TIM_Base_Stop  stm32h7xx_hal_tim.o
    0x900042c6   0x900042c6   0x000001ba   Code   RO        13128    i.HAL_TIM_IRQHandler  stm32h7xx_hal_tim.o
    0x90004480   0x90004480   0x00000002   Code   RO        14123    i.HAL_UARTEx_RxEventCallback  stm32h7xx_hal_uart.o
    0x90004482   0x90004482   0x00000002   Code   RO        14577    i.HAL_UARTEx_RxFifoFullCallback  stm32h7xx_hal_uart_ex.o
    0x90004484   0x90004484   0x00000002   Code   RO        14581    i.HAL_UARTEx_TxFifoEmptyCallback  stm32h7xx_hal_uart_ex.o
    0x90004486   0x90004486   0x00000002   Code   RO        14582    i.HAL_UARTEx_WakeupCallback  stm32h7xx_hal_uart_ex.o
    0x90004488   0x90004488   0x00000002   Code   RO        14125    i.HAL_UART_AbortCpltCallback  stm32h7xx_hal_uart.o
    0x9000448a   0x9000448a   0x00000002   Code   RO        14127    i.HAL_UART_AbortReceiveCpltCallback  stm32h7xx_hal_uart.o
    0x9000448c   0x9000448c   0x00000002   Code   RO        14130    i.HAL_UART_AbortTransmitCpltCallback  stm32h7xx_hal_uart.o
    0x9000448e   0x9000448e   0x00000002   Code   RO        14139    i.HAL_UART_ErrorCallback  stm32h7xx_hal_uart.o
    0x90004490   0x90004490   0x00000090   Code   RO        14143    i.HAL_UART_Init     stm32h7xx_hal_uart.o
    0x90004520   0x90004520   0x00000002   Code   RO        14145    i.HAL_UART_MspInit  stm32h7xx_hal_uart.o
    0x90004522   0x90004522   0x00000002   Code   RO        14152    i.HAL_UART_RxCpltCallback  stm32h7xx_hal_uart.o
    0x90004524   0x90004524   0x00000002   Code   RO        14153    i.HAL_UART_RxHalfCpltCallback  stm32h7xx_hal_uart.o
    0x90004526   0x90004526   0x00000002   Code   RO        14157    i.HAL_UART_TxCpltCallback  stm32h7xx_hal_uart.o
    0x90004528   0x90004528   0x00000002   Code   RO        14158    i.HAL_UART_TxHalfCpltCallback  stm32h7xx_hal_uart.o
    0x9000452a   0x9000452a   0x00000002   PAD
    0x9000452c   0x9000452c   0x00000160   Code   RO        19525    i.HardFaultHandler  segger_hardfaulthandler.o
    0x9000468c   0x9000468c   0x00000010   Code   RO        18306    i.I2C2_ER_IRQHandler  drv_eeprom.o
    0x9000469c   0x9000469c   0x00000010   Code   RO        18307    i.I2C2_EV_IRQHandler  drv_eeprom.o
    0x900046ac   0x900046ac   0x00000022   Code   RO         5679    i.I2C_DMAAbort      stm32h7xx_hal_i2c.o
    0x900046ce   0x900046ce   0x0000006e   Code   RO         5685    i.I2C_Disable_IRQ   stm32h7xx_hal_i2c.o
    0x9000473c   0x9000473c   0x000000a8   Code   RO         5686    i.I2C_Enable_IRQ    stm32h7xx_hal_i2c.o
    0x900047e4   0x900047e4   0x00000028   Code   RO         5687    i.I2C_Flush_TXDR    stm32h7xx_hal_i2c.o
    0x9000480c   0x9000480c   0x000000ce   Code   RO         5688    i.I2C_ITAddrCplt    stm32h7xx_hal_i2c.o
    0x900048da   0x900048da   0x00000002   PAD
    0x900048dc   0x900048dc   0x00000154   Code   RO         5689    i.I2C_ITError       stm32h7xx_hal_i2c.o
    0x90004a30   0x90004a30   0x00000070   Code   RO         5690    i.I2C_ITListenCplt  stm32h7xx_hal_i2c.o
    0x90004aa0   0x90004aa0   0x00000128   Code   RO         5691    i.I2C_ITMasterCplt  stm32h7xx_hal_i2c.o
    0x90004bc8   0x90004bc8   0x00000062   Code   RO         5692    i.I2C_ITMasterSeqCplt  stm32h7xx_hal_i2c.o
    0x90004c2a   0x90004c2a   0x00000002   PAD
    0x90004c2c   0x90004c2c   0x00000390   Code   RO         5693    i.I2C_ITSlaveCplt   stm32h7xx_hal_i2c.o
    0x90004fbc   0x90004fbc   0x0000008c   Code   RO         5694    i.I2C_ITSlaveSeqCplt  stm32h7xx_hal_i2c.o
    0x90005048   0x90005048   0x00000160   Code   RO         5696    i.I2C_Master_ISR_DMA  stm32h7xx_hal_i2c.o
    0x900051a8   0x900051a8   0x000001b4   Code   RO         5698    i.I2C_Mem_ISR_DMA   stm32h7xx_hal_i2c.o
    0x9000535c   0x9000535c   0x0000019c   Code   RO         5699    i.I2C_Mem_ISR_IT    stm32h7xx_hal_i2c.o
    0x900054f8   0x900054f8   0x000002dc   Code   RO         5702    i.I2C_Slave_ISR_DMA  stm32h7xx_hal_i2c.o
    0x900057d4   0x900057d4   0x0000014a   Code   RO         5703    i.I2C_Slave_ISR_IT  stm32h7xx_hal_i2c.o
    0x9000591e   0x9000591e   0x00000038   Code   RO         5704    i.I2C_TransferConfig  stm32h7xx_hal_i2c.o
    0x90005956   0x90005956   0x0000003a   Code   RO         5705    i.I2C_TreatErrorCallback  stm32h7xx_hal_i2c.o
    0x90005990   0x90005990   0x000001a6   Code   RO        19074    i.MPU_Config        main.o
    0x90005b36   0x90005b36   0x00000002   PAD
    0x90005b38   0x90005b38   0x00000048   Code   RO        19180    i.MemManage_Handler_C  stm32h7xx_it.o
    0x90005b80   0x90005b80   0x00000002   Code   RO        19181    i.NMI_Handler       stm32h7xx_it.o
    0x90005b82   0x90005b82   0x00000002   Code   RO        19182    i.PendSV_Handler    stm32h7xx_it.o
    0x90005b84   0x90005b84   0x00000008   Code   RO        19251    i.SEGGER_RTT_Init   segger_rtt.o
    0x90005b8c   0x90005b8c   0x0000004c   Code   RO        19266    i.SEGGER_RTT_Write  segger_rtt.o
    0x90005bd8   0x90005bd8   0x00000084   Code   RO        19269    i.SEGGER_RTT_WriteNoLock  segger_rtt.o
    0x90005c5c   0x90005c5c   0x00000022   Code   RO        19481    i.SEGGER_RTT_printf  segger_rtt_printf.o
    0x90005c7e   0x90005c7e   0x00000002   PAD
    0x90005c80   0x90005c80   0x00000250   Code   RO        19482    i.SEGGER_RTT_vprintf  segger_rtt_printf.o
    0x90005ed0   0x90005ed0   0x00000002   Code   RO        19183    i.SVC_Handler       stm32h7xx_it.o
    0x90005ed2   0x90005ed2   0x00000002   PAD
    0x90005ed4   0x90005ed4   0x00000164   Code   RO        19075    i.SystemClock_Config  main.o
    0x90006038   0x90006038   0x000000fc   Code   RO           15    i.SystemInit        system_stm32h7xx.o
    0x90006134   0x90006134   0x00000010   Code   RO        18256    i.TIM1_UP_IRQHandler  pwm_timer1.o
    0x90006144   0x90006144   0x00000010   Code   RO        18207    i.TIM5_IRQHandler   pwm_in_timer5.o
    0x90006154   0x90006154   0x000000f8   Code   RO        14161    i.UART_AdvFeatureConfig  stm32h7xx_hal_uart.o
    0x9000624c   0x9000624c   0x000000ea   Code   RO        14162    i.UART_CheckIdleState  stm32h7xx_hal_uart.o
    0x90006336   0x90006336   0x00000002   PAD
    0x90006338   0x90006338   0x0000006c   Code   RO        14173    i.UART_EndRxTransfer  stm32h7xx_hal_uart.o
    0x900063a4   0x900063a4   0x00000068   Code   RO        14176    i.UART_InitCallbacksToDefault  stm32h7xx_hal_uart.o
    0x9000640c   0x9000640c   0x0000058c   Code   RO        14181    i.UART_SetConfig    stm32h7xx_hal_uart.o
    0x90006998   0x90006998   0x000000ac   Code   RO        14188    i.UART_WaitOnFlagUntilTimeout  stm32h7xx_hal_uart.o
    0x90006a44   0x90006a44   0x00000004   Code   RO        19184    i.UsageFault_Handler  stm32h7xx_it.o
    0x90006a48   0x90006a48   0x00000070   Code   RO        19273    i._DoInit           segger_rtt.o
    0x90006ab8   0x90006ab8   0x0000001c   Code   RO        19274    i._GetAvailWriteSpace  segger_rtt.o
    0x90006ad4   0x90006ad4   0x000000ec   Code   RO        19483    i._PrintInt         segger_rtt_printf.o
    0x90006bc0   0x90006bc0   0x000000ec   Code   RO        19484    i._PrintUnsigned    segger_rtt_printf.o
    0x90006cac   0x90006cac   0x00000044   Code   RO        19485    i._StoreChar        segger_rtt_printf.o
    0x90006cf0   0x90006cf0   0x00000076   Code   RO        19276    i._WriteBlocking    segger_rtt.o
    0x90006d66   0x90006d66   0x00000058   Code   RO        19277    i._WriteNoCheck     segger_rtt.o
    0x90006dbe   0x90006dbe   0x00000002   PAD
    0x90006dc0   0x90006dc0   0x00000034   Code   RO        20133    i.__0vsnprintf      mc_w.l(printfa.o)
    0x90006df4   0x90006df4   0x00000010   Code   RO         1452    i.__NVIC_GetPriorityGrouping  stm32h7xx_hal_cortex.o
    0x90006e04   0x90006e04   0x00000028   Code   RO         1453    i.__NVIC_SetPriority  stm32h7xx_hal_cortex.o
    0x90006e2c   0x90006e2c   0x0000000e   Code   RO        20196    i.__scatterload_copy  mc_w.l(handlers.o)
    0x90006e3a   0x90006e3a   0x00000002   Code   RO        20197    i.__scatterload_null  mc_w.l(handlers.o)
    0x90006e3c   0x90006e3c   0x0000000e   Code   RO        20198    i.__scatterload_zeroinit  mc_w.l(handlers.o)
    0x90006e4a   0x90006e4a   0x00000002   PAD
    0x90006e4c   0x90006e4c   0x00000184   Code   RO        20135    i._fp_digits        mc_w.l(printfa.o)
    0x90006fd0   0x90006fd0   0x000006b4   Code   RO        20136    i._printf_core      mc_w.l(printfa.o)
    0x90007684   0x90007684   0x00000024   Code   RO        20137    i._printf_post_padding  mc_w.l(printfa.o)
    0x900076a8   0x900076a8   0x0000002e   Code   RO        20138    i._printf_pre_padding  mc_w.l(printfa.o)
    0x900076d6   0x900076d6   0x00000016   Code   RO        20139    i._snputc           mc_w.l(printfa.o)
    0x900076ec   0x900076ec   0x0000000a   Code   RO        19005    i.blk_raw_size      sram_d2_malloc.o
    0x900076f6   0x900076f6   0x0000004c   Code   RO        18940    i.circular_buffer_init  circular_buffer.o
    0x90007742   0x90007742   0x0000006a   Code   RO        18945    i.circular_buffer_write  circular_buffer.o
    0x900077ac   0x900077ac   0x00000042   Code   RO        19937    i.crc16_ccitt       eventrecorder.o
    0x900077ee   0x900077ee   0x0000003e   Code   RO        18803    i.dma1mux_fill_buf  dma1mux_pwm.o
    0x9000782c   0x9000782c   0x0000000c   Code   RO        18308    i.drv_eeprom_clrerrflag  drv_eeprom.o
    0x90007838   0x90007838   0x0000000c   Code   RO        18309    i.drv_eeprom_clrrflag  drv_eeprom.o
    0x90007844   0x90007844   0x0000000c   Code   RO        18310    i.drv_eeprom_clrwflag  drv_eeprom.o
    0x90007850   0x90007850   0x000000c4   Code   RO        18311    i.drv_eeprom_init   drv_eeprom.o
    0x90007914   0x90007914   0x00000030   Code   RO        18312    i.drv_eeprom_readbuf  drv_eeprom.o
    0x90007944   0x90007944   0x0000000c   Code   RO        18313    i.drv_eeprom_reterrflag  drv_eeprom.o
    0x90007950   0x90007950   0x0000000c   Code   RO        18314    i.drv_eeprom_retrflag  drv_eeprom.o
    0x9000795c   0x9000795c   0x0000000c   Code   RO        18315    i.drv_eeprom_retwflag  drv_eeprom.o
    0x90007968   0x90007968   0x00000030   Code   RO        18316    i.drv_eeprom_writebuf  drv_eeprom.o
    0x90007998   0x90007998   0x00000014   Code   RO        18607    i.drv_fmc_bl_ctrl   drv_fmc_lcd.o
    0x900079ac   0x900079ac   0x00000128   Code   RO        18610    i.drv_fmc_lcd_init  drv_fmc_lcd.o
    0x90007ad4   0x90007ad4   0x00000038   Code   RO        18611    i.drv_fmc_lcd_rst   drv_fmc_lcd.o
    0x90007b0c   0x90007b0c   0x0000000c   Code   RO        18612    i.drv_fmc_read_data  drv_fmc_lcd.o
    0x90007b18   0x90007b18   0x00000008   Code   RO        18613    i.drv_fmc_write_cmd  drv_fmc_lcd.o
    0x90007b20   0x90007b20   0x0000000c   Code   RO        18614    i.drv_fmc_write_data  drv_fmc_lcd.o
    0x90007b2c   0x90007b2c   0x000000b0   Code   RO        18075    i.drv_key_init      drv_key.o
    0x90007bdc   0x90007bdc   0x00000050   Code   RO        18076    i.drv_key_readmask  drv_key.o
    0x90007c2c   0x90007c2c   0x000000b0   Code   RO        17965    i.drv_led_init      drv_led.o
    0x90007cdc   0x90007cdc   0x00000028   Code   RO        17966    i.drv_led_off       drv_led.o
    0x90007d04   0x90007d04   0x00000028   Code   RO        17967    i.drv_led_on        drv_led.o
    0x90007d2c   0x90007d2c   0x00000068   Code   RO        18411    i.drvp_eeprom_init  drvp_eeprom.o
    0x90007d94   0x90007d94   0x0000010c   Code   RO        18412    i.drvp_eeprom_prc_10ms  drvp_eeprom.o
    0x90007ea0   0x90007ea0   0x000002e8   Code   RO        18685    i.drvp_fmc_lcd_init  drvp_fmc_lcd.o
    0x90008188   0x90008188   0x0000008c   Code   RO        18688    i.drvp_fmc_lcd_set_axis_scan  drvp_fmc_lcd.o
    0x90008214   0x90008214   0x00000078   Code   RO        18689    i.drvp_fmc_lcd_set_wid  drvp_fmc_lcd.o
    0x9000828c   0x9000828c   0x0000002c   Code   RO        18691    i.drvp_fmc_lcd_writesigle  drvp_fmc_lcd.o
    0x900082b8   0x900082b8   0x00000024   Code   RO        18110    i.drvp_key_init     drvp_key.o
    0x900082dc   0x900082dc   0x000001b4   Code   RO        18111    i.drvp_key_prc_10ms  drvp_key.o
    0x90008490   0x90008490   0x0000001c   Code   RO        18113    i.drvp_key_wfifo    drvp_key.o
    0x900084ac   0x900084ac   0x00000010   Code   RO        18006    i.drvp_led_init     drvp_led.o
    0x900084bc   0x900084bc   0x00000114   Code   RO        18009    i.drvp_led_prc_1ms  drvp_led.o
    0x900085d0   0x900085d0   0x00000006   Code   RO        19006    i.free_get_next     sram_d2_malloc.o
    0x900085d6   0x900085d6   0x00000004   Code   RO        19007    i.free_set_next     sram_d2_malloc.o
    0x900085da   0x900085da   0x00000012   Code   RO        18946    i.is_power_of_two   circular_buffer.o
    0x900085ec   0x900085ec   0x0000012c   Code   RO        19076    i.main              main.o
    0x90008718   0x90008718   0x00000006   Code   RO        18900    i.mutex_init        port.o
    0x9000871e   0x9000871e   0x00000002   Code   RO        18901    i.mutex_lock        port.o
    0x90008720   0x90008720   0x00000002   Code   RO        18902    i.mutex_unlock      port.o
    0x90008722   0x90008722   0x00000002   PAD
    0x90008724   0x90008724   0x000000dc   Code   RO        19008    i.sram_d2_free      sram_d2_malloc.o
    0x90008800   0x90008800   0x00000040   Code   RO        19011    i.sram_d2_init      sram_d2_malloc.o
    0x90008840   0x90008840   0x000000e8   Code   RO        19012    i.sram_d2_malloc    sram_d2_malloc.o
    0x90008928   0x90008928   0x00000140   Code   RO        18855    i.usart1_dma_init   usart1_dma.o
    0x90008a68   0x90008a68   0x00000060   Code   RO        18856    i.usart1_my_printf  usart1_dma.o
    0x90008ac8   0x90008ac8   0x00000010   Data   RO           16    .constdata          system_stm32h7xx.o
    0x90008ad8   0x90008ad8   0x00000008   Data   RO         2608    .constdata          stm32h7xx_hal_dma.o
    0x90008ae0   0x90008ae0   0x00000018   Data   RO        14189    .constdata          stm32h7xx_hal_uart.o
    0x90008af8   0x90008af8   0x00000028   Data   RO        17968    .constdata          drv_led.o
    0x90008b20   0x90008b20   0x0000000c   Data   RO        18014    .constdata          drvp_led.o
    0x90008b2c   0x90008b2c   0x00000060   Data   RO        18077    .constdata          drv_key.o
    0x90008b8c   0x90008b8c   0x00000008   Data   RO        18115    .constdata          drvp_key.o
    0x90008b94   0x90008b94   0x00000024   Data   RO        18416    .constdata          drvp_eeprom.o
    0x90008bb8   0x90008bb8   0x00000021   Data   RO        19280    .constdata          segger_rtt.o
    0x90008bd9   0x90008bd9   0x00000010   Data   RO        19486    .constdata          segger_rtt_printf.o
    0x90008be9   0x90008be9   0x00000003   PAD
    0x90008bec   0x90008bec   0x00000018   Data   RO        19939    .constdata          eventrecorder.o
    0x90008c04   0x90008c04   0x00000070   Data   RO        20194    Region$$Table       anon$$obj.o


==============================================================================

Image component sizes


      Code (inc. data)   RO Data    RW Data    ZI Data      Debug   Object Name

       120          8          0         32          0       1320   bdmamux_pwm.o
       200          0          0          0          0       3407   circular_buffer.o
       226         20          0        374          0       2196   dma1mux_pwm.o
       524        114          0        135          0       8733   drv_eeprom.o
       420         44          0        120          0       4710   drv_fmc_lcd.o
       256         14         96          0          0       2110   drv_key.o
       256         20         40          0          0       2518   drv_led.o
       372         22         36        266          0       3150   drvp_eeprom.o
      1048         48          0         28          0       3886   drvp_fmc_lcd.o
       500         30          8         64          0       4640   drvp_key.o
       292         16         12         32          0       2443   drvp_led.o
       942         68         24          0       1188      11508   eventrecorder.o
        20          2          0          0          0        268   hardfaulthandler.o
      1454        128          0       1026          0      41008   main.o
        10          0          0          0          0       2441   port.o
        16          6          0        188          0       1320   pwm_in_timer5.o
        16          6          0        218          0        763   pwm_timer1.o
       352        110          0          4         64       3375   segger_hardfaulthandler.o
       562         42         33       1041        168      10056   segger_rtt.o
      1166         16         16          0          0       5921   segger_rtt_printf.o
       536         20          0      20496          0       4987   sram_d2_malloc.o
        44         12        664          0       4096        996   startup_stm32h743xx.o
       292         58          0          9          0      24393   stm32h7xx_hal.o
       510         40          0          0          0      42889   stm32h7xx_hal_cortex.o
      5806        122          8          0          0      10622   stm32h7xx_hal_dma.o
       536         52          0          0          0       3103   stm32h7xx_hal_gpio.o
      5788        162          0          0          0      29221   stm32h7xx_hal_i2c.o
         2          0          0          0          0        566   stm32h7xx_hal_msp_template.o
      3640        114          0          0          0       7344   stm32h7xx_hal_rcc.o
      1156         58          0          0          0       3529   stm32h7xx_hal_rcc_ex.o
       492          0          0          0          0       1713   stm32h7xx_hal_tim.o
      2450        180         24          0          0      34047   stm32h7xx_hal_uart.o
         6          0          0          0          0       1889   stm32h7xx_hal_uart_ex.o
       106          4          0          0          0       4250   stm32h7xx_it.o
       254          4          0          0          0       3249   stm32h7xx_ll_fmc.o
       254         40         16          8          0    1303277   system_stm32h7xx.o
       464         48          0       1056          0       3507   usart1_dma.o

    ----------------------------------------------------------------------
     31156       1628       1092      25124       5576    1595355   Object Totals
        40          0        112          0          0          0   (incl. Generated)
        28          0          3         27         60          0   (incl. Padding)

    ----------------------------------------------------------------------

      Code (inc. data)   RO Data    RW Data    ZI Data      Debug   Library Member Name

        86          0          0          0          0          0   __dczerorl2.o
         0          0          0          0          0          0   entry.o
         0          0          0          0          0          0   entry10a.o
         0          0          0          0          0          0   entry11a.o
         4          0          0          0          0          0   entry12b.o
         8          4          0          0          0          0   entry2.o
         4          0          0          0          0          0   entry5.o
         0          0          0          0          0          0   entry7b.o
         0          0          0          0          0          0   entry8b.o
         8          4          0          0          0          0   entry9a.o
        30          0          0          0          0          0   handlers.o
        36          8          0          0          0         68   init.o
         0          0          0          0          0          0   iusefp.o
        30          0          0          0          0         68   llshl.o
        36          0          0          0          0         68   llsshr.o
        32          0          0          0          0         68   llushr.o
        36          0          0          0          0         68   memcpya.o
        36          0          0          0          0        108   memseta.o
      2260         86          0          0          0        528   printfa.o
        44          0          0          0          0         80   uidiv.o
        98          0          0          0          0         92   uldiv.o
        48          0          0          0          0         68   cdrcmple.o
       334          0          0          0          0        148   dadd.o
       222          0          0          0          0        100   ddiv.o
       186          0          0          0          0        176   depilogue.o
        48          0          0          0          0         68   dfixul.o
       228          0          0          0          0         96   dmul.o

    ----------------------------------------------------------------------
      3816        102          0          0          0       1804   Library Totals
         2          0          0          0          0          0   (incl. Padding)

    ----------------------------------------------------------------------

      Code (inc. data)   RO Data    RW Data    ZI Data      Debug   Library Name

      2748        102          0          0          0       1148   mc_w.l
      1066          0          0          0          0        656   mf_w.l

    ----------------------------------------------------------------------
      3816        102          0          0          0       1804   Library Totals

    ----------------------------------------------------------------------

==============================================================================


      Code (inc. data)   RO Data    RW Data    ZI Data      Debug   

     34972       1730       1092      25124       5576    1578307   Grand Totals
     34972       1730       1092        268       5576    1578307   ELF Image Totals (compressed)
     34972       1730       1092        268          0          0   ROM Totals

==============================================================================

    Total RO  Size (Code + RO Data)                36064 (  35.22kB)
    Total RW  Size (RW Data + ZI Data)             30700 (  29.98kB)
    Total ROM Size (Code + RO Data + RW Data)      36332 (  35.48kB)

==============================================================================

