Component: ARM Compiler 5.06 update 7 (build 960) Tool: armlink [4d3601]

==============================================================================

Section Cross References

    startup_stm32h743xx.o(RESET) refers to startup_stm32h743xx.o(STACK) for __initial_sp
    startup_stm32h743xx.o(RESET) refers to startup_stm32h743xx.o(.text) for Reset_Handler
    startup_stm32h743xx.o(RESET) refers to stm32h7xx_it.o(i.NMI_Handler) for NMI_Handler
    startup_stm32h743xx.o(RESET) refers to hardfaulthandler.o(.text) for HardFault_Handler
    startup_stm32h743xx.o(RESET) refers to stm32h7xx_it.o(.emb_text) for MemManage_Handler
    startup_stm32h743xx.o(RESET) refers to stm32h7xx_it.o(i.BusFault_Handler) for BusFault_Handler
    startup_stm32h743xx.o(RESET) refers to stm32h7xx_it.o(i.UsageFault_Handler) for UsageFault_Handler
    startup_stm32h743xx.o(RESET) refers to stm32h7xx_it.o(i.SVC_Handler) for SVC_Handler
    startup_stm32h743xx.o(RESET) refers to stm32h7xx_it.o(i.DebugMon_Handler) for DebugMon_Handler
    startup_stm32h743xx.o(RESET) refers to stm32h7xx_it.o(i.PendSV_Handler) for PendSV_Handler
    startup_stm32h743xx.o(RESET) refers to main.o(.ITCM_CODE) for SysTick_Handler
    startup_stm32h743xx.o(RESET) refers to dma1mux_pwm.o(i.DMA1_Stream0_IRQHandler) for DMA1_Stream0_IRQHandler
    startup_stm32h743xx.o(RESET) refers to drv_fmc_lcd.o(i.DMA1_Stream1_IRQHandler) for DMA1_Stream1_IRQHandler
    startup_stm32h743xx.o(RESET) refers to usart1_dma.o(i.DMA1_Stream2_IRQHandler) for DMA1_Stream2_IRQHandler
    startup_stm32h743xx.o(RESET) refers to spi_flash.o(i.DMA1_Stream4_IRQHandler) for DMA1_Stream4_IRQHandler
    startup_stm32h743xx.o(RESET) refers to spi_flash.o(i.DMA1_Stream5_IRQHandler) for DMA1_Stream5_IRQHandler
    startup_stm32h743xx.o(RESET) refers to bx_can12_open.o(i.FDCAN1_IT0_IRQHandler) for FDCAN1_IT0_IRQHandler
    startup_stm32h743xx.o(RESET) refers to bx_can12_open.o(i.FDCAN2_IT0_IRQHandler) for FDCAN2_IT0_IRQHandler
    startup_stm32h743xx.o(RESET) refers to pwm_timer1.o(i.TIM1_UP_IRQHandler) for TIM1_UP_IRQHandler
    startup_stm32h743xx.o(RESET) refers to drv_eeprom.o(i.I2C2_EV_IRQHandler) for I2C2_EV_IRQHandler
    startup_stm32h743xx.o(RESET) refers to drv_eeprom.o(i.I2C2_ER_IRQHandler) for I2C2_ER_IRQHandler
    startup_stm32h743xx.o(RESET) refers to spi_flash.o(i.SPI1_IRQHandler) for SPI1_IRQHandler
    startup_stm32h743xx.o(RESET) refers to usart1_dma.o(i.USART1_IRQHandler) for USART1_IRQHandler
    startup_stm32h743xx.o(RESET) refers to pwm_in_timer5.o(i.TIM5_IRQHandler) for TIM5_IRQHandler
    startup_stm32h743xx.o(RESET) refers to bx_can12_open.o(i.FDCAN_CAL_IRQHandler) for FDCAN_CAL_IRQHandler
    startup_stm32h743xx.o(RESET) refers to bdmamux_pwm.o(i.BDMA_Channel0_IRQHandler) for BDMA_Channel0_IRQHandler
    startup_stm32h743xx.o(.text) refers to system_stm32h7xx.o(i.ExitRun0Mode) for ExitRun0Mode
    startup_stm32h743xx.o(.text) refers to system_stm32h7xx.o(i.SystemInit) for SystemInit
    startup_stm32h743xx.o(.text) refers to entry.o(.ARM.Collect$$$$00000000) for __main
    system_stm32h7xx.o(i.SystemCoreClockUpdate) refers to system_stm32h7xx.o(.constdata) for .constdata
    system_stm32h7xx.o(i.SystemCoreClockUpdate) refers to system_stm32h7xx.o(.data) for .data
    stm32h7xx_hal.o(i.HAL_DeInit) refers to stm32h7xx_hal_msp_template.o(i.HAL_MspDeInit) for HAL_MspDeInit
    stm32h7xx_hal.o(i.HAL_Delay) refers to stm32h7xx_hal.o(i.HAL_GetTick) for HAL_GetTick
    stm32h7xx_hal.o(i.HAL_Delay) refers to stm32h7xx_hal.o(.data) for .data
    stm32h7xx_hal.o(i.HAL_GetTick) refers to stm32h7xx_hal.o(.data) for .data
    stm32h7xx_hal.o(i.HAL_GetTickFreq) refers to stm32h7xx_hal.o(.data) for .data
    stm32h7xx_hal.o(i.HAL_GetTickPrio) refers to stm32h7xx_hal.o(.data) for .data
    stm32h7xx_hal.o(i.HAL_IncTick) refers to stm32h7xx_hal.o(.data) for .data
    stm32h7xx_hal.o(i.HAL_Init) refers to stm32h7xx_hal_cortex.o(i.HAL_NVIC_SetPriorityGrouping) for HAL_NVIC_SetPriorityGrouping
    stm32h7xx_hal.o(i.HAL_Init) refers to stm32h7xx_hal_rcc.o(i.HAL_RCC_GetSysClockFreq) for HAL_RCC_GetSysClockFreq
    stm32h7xx_hal.o(i.HAL_Init) refers to stm32h7xx_hal.o(i.HAL_InitTick) for HAL_InitTick
    stm32h7xx_hal.o(i.HAL_Init) refers to stm32h7xx_hal_msp_template.o(i.HAL_MspInit) for HAL_MspInit
    stm32h7xx_hal.o(i.HAL_Init) refers to system_stm32h7xx.o(.constdata) for D1CorePrescTable
    stm32h7xx_hal.o(i.HAL_Init) refers to system_stm32h7xx.o(.data) for SystemD2Clock
    stm32h7xx_hal.o(i.HAL_InitTick) refers to stm32h7xx_hal_cortex.o(i.HAL_SYSTICK_Config) for HAL_SYSTICK_Config
    stm32h7xx_hal.o(i.HAL_InitTick) refers to stm32h7xx_hal_cortex.o(i.HAL_NVIC_SetPriority) for HAL_NVIC_SetPriority
    stm32h7xx_hal.o(i.HAL_InitTick) refers to stm32h7xx_hal.o(.data) for .data
    stm32h7xx_hal.o(i.HAL_InitTick) refers to system_stm32h7xx.o(.data) for SystemCoreClock
    stm32h7xx_hal.o(i.HAL_SYSCFG_EnableVREFBUF) refers to stm32h7xx_hal.o(i.HAL_GetTick) for HAL_GetTick
[...]
    SDMMC1_IRQHandler                        0x90000357   Thumb Code     0  startup_stm32h743xx.o(.text)
    SDMMC2_IRQHandler                        0x90000357   Thumb Code     0  startup_stm32h743xx.o(.text)
    SPDIF_RX_IRQHandler                      0x90000357   Thumb Code     0  startup_stm32h743xx.o(.text)
    SPI2_IRQHandler                          0x90000357   Thumb Code     0  startup_stm32h743xx.o(.text)
    SPI3_IRQHandler                          0x90000357   Thumb Code     0  startup_stm32h743xx.o(.text)
    SPI4_IRQHandler                          0x90000357   Thumb Code     0  startup_stm32h743xx.o(.text)
    SPI5_IRQHandler                          0x90000357   Thumb Code     0  startup_stm32h743xx.o(.text)
    SPI6_IRQHandler                          0x90000357   Thumb Code     0  startup_stm32h743xx.o(.text)
    SWPMI1_IRQHandler                        0x90000357   Thumb Code     0  startup_stm32h743xx.o(.text)
    TAMP_STAMP_IRQHandler                    0x90000357   Thumb Code     0  startup_stm32h743xx.o(.text)
    TIM15_IRQHandler                         0x90000357   Thumb Code     0  startup_stm32h743xx.o(.text)
    TIM16_IRQHandler                         0x90000357   Thumb Code     0  startup_stm32h743xx.o(.text)
    TIM17_IRQHandler                         0x90000357   Thumb Code     0  startup_stm32h743xx.o(.text)
    TIM1_BRK_IRQHandler                      0x90000357   Thumb Code     0  startup_stm32h743xx.o(.text)
    TIM1_CC_IRQHandler                       0x90000357   Thumb Code     0  startup_stm32h743xx.o(.text)
    TIM1_TRG_COM_IRQHandler                  0x90000357   Thumb Code     0  startup_stm32h743xx.o(.text)
    TIM2_IRQHandler                          0x90000357   Thumb Code     0  startup_stm32h743xx.o(.text)
    TIM3_IRQHandler                          0x90000357   Thumb Code     0  startup_stm32h743xx.o(.text)
    TIM4_IRQHandler                          0x90000357   Thumb Code     0  startup_stm32h743xx.o(.text)
    TIM6_DAC_IRQHandler                      0x90000357   Thumb Code     0  startup_stm32h743xx.o(.text)
    TIM7_IRQHandler                          0x90000357   Thumb Code     0  startup_stm32h743xx.o(.text)
    TIM8_BRK_TIM12_IRQHandler                0x90000357   Thumb Code     0  startup_stm32h743xx.o(.text)
    TIM8_CC_IRQHandler                       0x90000357   Thumb Code     0  startup_stm32h743xx.o(.text)
    TIM8_TRG_COM_TIM14_IRQHandler            0x90000357   Thumb Code     0  startup_stm32h743xx.o(.text)
    TIM8_UP_TIM13_IRQHandler                 0x90000357   Thumb Code     0  startup_stm32h743xx.o(.text)
    UART4_IRQHandler                         0x90000357   Thumb Code     0  startup_stm32h743xx.o(.text)
    UART5_IRQHandler                         0x90000357   Thumb Code     0  startup_stm32h743xx.o(.text)
    UART7_IRQHandler                         0x90000357   Thumb Code     0  startup_stm32h743xx.o(.text)
    UART8_IRQHandler                         0x90000357   Thumb Code     0  startup_stm32h743xx.o(.text)
    USART2_IRQHandler                        0x90000357   Thumb Code     0  startup_stm32h743xx.o(.text)
    USART3_IRQHandler                        0x90000357   Thumb Code     0  startup_stm32h743xx.o(.text)
    USART6_IRQHandler                        0x90000357   Thumb Code     0  startup_stm32h743xx.o(.text)
    WAKEUP_PIN_IRQHandler                    0x90000357   Thumb Code     0  startup_stm32h743xx.o(.text)
    WWDG_IRQHandler                          0x90000357   Thumb Code     0  startup_stm32h743xx.o(.text)
    HardFault_Handler                        0x90000365   Thumb Code     0  hardfaulthandler.o(.text)
    __aeabi_uldivmod                         0x90000379   Thumb Code    98  uldiv.o(.text)
    ___aeabi_memcpy8$move                    0x900003db   Thumb Code     0  memmovea.o(.text)
    __aeabi_memcpy                           0x900003db   Thumb Code    64  memmovea.o(.text)
    __aeabi_memcpy4                          0x900003db   Thumb Code     0  memmovea.o(.text)
    __aeabi_memmove                          0x900003db   Thumb Code     0  memmovea.o(.text)
    __aeabi_memmove4                         0x900003db   Thumb Code     0  memmovea.o(.text)
    __aeabi_memmove8                         0x900003db   Thumb Code     0  memmovea.o(.text)
    __aeabi_memset                           0x9000041b   Thumb Code    14  memseta.o(.text)
    __aeabi_memset4                          0x9000041b   Thumb Code     0  memseta.o(.text)
    __aeabi_memset8                          0x9000041b   Thumb Code     0  memseta.o(.text)
    __aeabi_memclr                           0x90000429   Thumb Code     4  memseta.o(.text)
    __aeabi_memclr4                          0x90000429   Thumb Code     0  memseta.o(.text)
    __aeabi_memclr8                          0x90000429   Thumb Code     0  memseta.o(.text)
    _memset$wrapper                          0x9000042d   Thumb Code    18  memseta.o(.text)
    strlen                                   0x9000043f   Thumb Code    14  strlen.o(.text)
    __aeabi_uidiv                            0x9000044d   Thumb Code     0  uidiv.o(.text)
    __aeabi_uidivmod                         0x9000044d   Thumb Code    44  uidiv.o(.text)
    __aeabi_llsl                             0x90000479   Thumb Code    30  llshl.o(.text)
    _ll_shift_l                              0x90000479   Thumb Code     0  llshl.o(.text)
    __aeabi_llsr                             0x90000497   Thumb Code    32  llushr.o(.text)
    _ll_ushift_r                             0x90000497   Thumb Code     0  llushr.o(.text)
    __I$use$fp                               0x900004b7   Thumb Code     0  iusefp.o(.text)
    __aeabi_dadd                             0x900004b7   Thumb Code   322  dadd.o(.text)
    __aeabi_dsub                             0x900005f9   Thumb Code     6  dadd.o(.text)
    __aeabi_drsub                            0x900005ff   Thumb Code     6  dadd.o(.text)
    __aeabi_dmul                             0x90000605   Thumb Code   228  dmul.o(.text)
    __aeabi_ddiv                             0x900006e9   Thumb Code   222  ddiv.o(.text)
    __aeabi_d2ulz                            0x900007c7   Thumb Code    48  dfixul.o(.text)
    __aeabi_cdrcmple                         0x900007f9   Thumb Code    48  cdrcmple.o(.text)
    __scatterload                            0x90000829   Thumb Code    28  init.o(.text)
    __scatterload_rt2                        0x90000829   Thumb Code     0  init.o(.text)
    __aeabi_lasr                             0x9000084d   Thumb Code    36  llsshr.o(.text)
    _ll_sshift_r                             0x9000084d   Thumb Code     0  llsshr.o(.text)
    _double_round                            0x90000871   Thumb Code    30  depilogue.o(.text)
    _double_epilogue                         0x9000088f   Thumb Code   156  depilogue.o(.text)
    __decompress                             0x9000092b   Thumb Code     0  __dczerorl2.o(.text)
    __decompress1                            0x9000092b   Thumb Code    86  __dczerorl2.o(.text)
    BDMA_Channel0_IRQHandler                 0x90000981   Thumb Code    74  bdmamux_pwm.o(i.BDMA_Channel0_IRQHandler)
    BusFault_Handler                         0x900009d5   Thumb Code     2  stm32h7xx_it.o(i.BusFault_Handler)
    CO_CANinit                               0x900009d7   Thumb Code    50  canopen.o(i.CO_CANinit)
    CO_CANmodule_disable                     0x90000a09   Thumb Code    10  co_driver.o(i.CO_CANmodule_disable)
    CO_CANmodule_init                        0x90000a15   Thumb Code   120  co_driver.o(i.CO_CANmodule_init)
    CO_CANmodule_process                     0x90000a91   Thumb Code   114  co_driver.o(i.CO_CANmodule_process)
    CO_CANopenInit                           0x90000b09   Thumb Code   366  canopen.o(i.CO_CANopenInit)
    CO_CANopenInitPDO                        0x90000c7d   Thumb Code   240  canopen.o(i.CO_CANopenInitPDO)
    CO_CANrxBufferInit                       0x90000d71   Thumb Code    74  co_driver.o(i.CO_CANrxBufferInit)
    CO_CANsend                               0x90000dff   Thumb Code   112  co_driver.o(i.CO_CANsend)
    CO_CANsetConfigurationMode               0x90000e6f   Thumb Code     2  co_driver.o(i.CO_CANsetConfigurationMode)
    CO_CANsetNormalMode                      0x90000e71   Thumb Code    10  co_driver.o(i.CO_CANsetNormalMode)
    CO_CANtxBufferInit                       0x90000e7b   Thumb Code    62  co_driver.o(i.CO_CANtxBufferInit)
    CO_EM_init                               0x90000f11   Thumb Code   268  co_emergency.o(i.CO_EM_init)
    CO_EM_process                            0x90001031   Thumb Code   354  co_emergency.o(i.CO_EM_process)
    CO_HBconsumer_init                       0x900011dd   Thumb Code   206  co_hbconsumer.o(i.CO_HBconsumer_init)
    CO_HBconsumer_process                    0x90001365   Thumb Code   278  co_hbconsumer.o(i.CO_HBconsumer_process)
    CO_LEDs_init                             0x9000147b   Thumb Code    20  co_leds.o(i.CO_LEDs_init)
    CO_LEDs_process                          0x9000148f   Thumb Code   470  co_leds.o(i.CO_LEDs_process)
    CO_LSSinit                               0x90001665   Thumb Code    52  canopen.o(i.CO_LSSinit)
    CO_LSSslave_init                         0x90001699   Thumb Code   152  co_lssslave.o(i.CO_LSSslave_init)
    CO_LSSslave_process                      0x90001735   Thumb Code   360  co_lssslave.o(i.CO_LSSslave_process)
    CO_NMT_init                              0x900019e1   Thumb Code   224  co_nmt_heartbeat.o(i.CO_NMT_init)
    CO_NMT_process                           0x90001acd   Thumb Code   276  co_nmt_heartbeat.o(i.CO_NMT_process)
    CO_RPDO_init                             0x90001cc5   Thumb Code   410  co_pdo.o(i.CO_RPDO_init)
    CO_SDOserver_init                        0x90001ed9   Thumb Code   326  co_sdoserver.o(i.CO_SDOserver_init)
    CO_SDOserver_process                     0x900020b1   Thumb Code  1316  co_sdoserver.o(i.CO_SDOserver_process)
    CO_SYNC_init                             0x900025d9   Thumb Code   352  co_sync.o(i.CO_SYNC_init)
    CO_TIME_init                             0x900027b5   Thumb Code   138  co_time.o(i.CO_TIME_init)
    CO_TIME_process                          0x9000284d   Thumb Code   124  co_time.o(i.CO_TIME_process)
    CO_TPDO_init                             0x9000291d   Thumb Code   496  co_pdo.o(i.CO_TPDO_init)
    CO_delete                                0x90002b1d   Thumb Code   114  canopen.o(i.CO_delete)
    CO_error                                 0x90002b8f   Thumb Code   152  co_emergency.o(i.CO_error)
    CO_new                                   0x90002cb7   Thumb Code   266  canopen.o(i.CO_new)
    CO_process                               0x90002dc1   Thumb Code   346  canopen.o(i.CO_process)
    DMA1_Stream0_IRQHandler                  0x90002fa5   Thumb Code   108  dma1mux_pwm.o(i.DMA1_Stream0_IRQHandler)
    DMA1_Stream1_IRQHandler                  0x90003019   Thumb Code     6  drv_fmc_lcd.o(i.DMA1_Stream1_IRQHandler)
    DMA1_Stream2_IRQHandler                  0x90003025   Thumb Code    32  usart1_dma.o(i.DMA1_Stream2_IRQHandler)
    DMA1_Stream4_IRQHandler                  0x9000304d   Thumb Code     6  spi_flash.o(i.DMA1_Stream4_IRQHandler)
    DMA1_Stream5_IRQHandler                  0x90003059   Thumb Code     6  spi_flash.o(i.DMA1_Stream5_IRQHandler)
    DebugMon_Handler                         0x9000327d   Thumb Code     2  stm32h7xx_it.o(i.DebugMon_Handler)
    EventRecorderEnable                      0x9000335d   Thumb Code    86  eventrecorder.o(i.EventRecorderEnable)
    EventRecorderInitialize                  0x900033b9   Thumb Code   246  eventrecorder.o(i.EventRecorderInitialize)
    EventRecorderStart                       0x900034c9   Thumb Code    34  eventrecorder.o(i.EventRecorderStart)
    EventRecorderTimerGetCount               0x900034f5   Thumb Code     6  eventrecorder.o(i.EventRecorderTimerGetCount)
    EventRecorderTimerSetup                  0x90003501   Thumb Code    24  eventrecorder.o(i.EventRecorderTimerSetup)
    ExitRun0Mode                             0x90003521   Thumb Code     2  system_stm32h7xx.o(i.ExitRun0Mode)
    FDCAN1_IT0_IRQHandler                    0x90003525   Thumb Code     6  bx_can12_open.o(i.FDCAN1_IT0_IRQHandler)
    FDCAN2_IT0_IRQHandler                    0x90003531   Thumb Code     6  bx_can12_open.o(i.FDCAN2_IT0_IRQHandler)
    FDCAN_CAL_IRQHandler                     0x9000353d   Thumb Code    20  bx_can12_open.o(i.FDCAN_CAL_IRQHandler)
    FMC_NORSRAM_Init                         0x90003799   Thumb Code   144  stm32h7xx_ll_fmc.o(i.FMC_NORSRAM_Init)
    FMC_NORSRAM_Timing_Init                  0x9000382d   Thumb Code    92  stm32h7xx_ll_fmc.o(i.FMC_NORSRAM_Timing_Init)
    HAL_DMA_Abort_IT                         0x9000388d   Thumb Code   602  stm32h7xx_hal_dma.o(i.HAL_DMA_Abort_IT)
    HAL_DMA_GetState                         0x90003b11   Thumb Code     6  stm32h7xx_hal_dma.o(i.HAL_DMA_GetState)
    HAL_DMA_IRQHandler                       0x90003b19   Thumb Code  1756  stm32h7xx_hal_dma.o(i.HAL_DMA_IRQHandler)
    HAL_DMA_Init                             0x90004201   Thumb Code   926  stm32h7xx_hal_dma.o(i.HAL_DMA_Init)
    HAL_Delay                                0x900045c5   Thumb Code    32  stm32h7xx_hal.o(i.HAL_Delay)
    HAL_EnableCompensationCell               0x900045e9   Thumb Code    12  stm32h7xx_hal.o(i.HAL_EnableCompensationCell)
    HAL_FDCAN_ActivateNotification           0x900045f9   Thumb Code   126  stm32h7xx_hal_fdcan.o(i.HAL_FDCAN_ActivateNotification)
    HAL_FDCAN_AddMessageToTxFifoQ            0x90004681   Thumb Code   102  stm32h7xx_hal_fdcan.o(i.HAL_FDCAN_AddMessageToTxFifoQ)
    HAL_FDCAN_ClockCalibrationCallback       0x900046e7   Thumb Code     2  stm32h7xx_hal_fdcan.o(i.HAL_FDCAN_ClockCalibrationCallback)
    HAL_FDCAN_ConfigFifoWatermark            0x900046e9   Thumb Code    90  stm32h7xx_hal_fdcan.o(i.HAL_FDCAN_ConfigFifoWatermark)
    HAL_FDCAN_ConfigFilter                   0x90004743   Thumb Code   126  stm32h7xx_hal_fdcan.o(i.HAL_FDCAN_ConfigFilter)
    HAL_FDCAN_ConfigGlobalFilter             0x900047c1   Thumb Code    50  stm32h7xx_hal_fdcan.o(i.HAL_FDCAN_ConfigGlobalFilter)
    HAL_FDCAN_ErrorCallback                  0x900047f3   Thumb Code     2  stm32h7xx_hal_fdcan.o(i.HAL_FDCAN_ErrorCallback)
    HAL_FDCAN_ErrorStatusCallback            0x900047f5   Thumb Code     2  stm32h7xx_hal_fdcan.o(i.HAL_FDCAN_ErrorStatusCallback)
    HAL_FDCAN_GetRxFifoFillLevel             0x900047f9   Thumb Code    24  stm32h7xx_hal_fdcan.o(i.HAL_FDCAN_GetRxFifoFillLevel)
    HAL_FDCAN_GetRxMessage                   0x90004811   Thumb Code   392  stm32h7xx_hal_fdcan.o(i.HAL_FDCAN_GetRxMessage)
    HAL_FDCAN_HighPriorityMessageCallback    0x9000499d   Thumb Code     2  stm32h7xx_hal_fdcan.o(i.HAL_FDCAN_HighPriorityMessageCallback)
    HAL_FDCAN_IRQHandler                     0x900049a1   Thumb Code   828  stm32h7xx_hal_fdcan.o(i.HAL_FDCAN_IRQHandler)
    HAL_FDCAN_Init                           0x90004ce9   Thumb Code   668  stm32h7xx_hal_fdcan.o(i.HAL_FDCAN_Init)
    HAL_FDCAN_MspInit                        0x90004fd5   Thumb Code     2  stm32h7xx_hal_fdcan.o(i.HAL_FDCAN_MspInit)
    HAL_FDCAN_RxBufferNewMessageCallback     0x90004fd7   Thumb Code     2  stm32h7xx_hal_fdcan.o(i.HAL_FDCAN_RxBufferNewMessageCallback)
    HAL_FDCAN_RxFifo0Callback                0x90004fd9   Thumb Code   164  bx_can12_open.o(i.HAL_FDCAN_RxFifo0Callback)
    HAL_FDCAN_RxFifo1Callback                0x90005091   Thumb Code     2  stm32h7xx_hal_fdcan.o(i.HAL_FDCAN_RxFifo1Callback)
    HAL_FDCAN_Start                          0x90005093   Thumb Code    50  stm32h7xx_hal_fdcan.o(i.HAL_FDCAN_Start)
    HAL_FDCAN_TT_GlobalTimeCallback          0x900050c5   Thumb Code     2  stm32h7xx_hal_fdcan.o(i.HAL_FDCAN_TT_GlobalTimeCallback)
    HAL_FDCAN_TT_ScheduleSyncCallback        0x900050c7   Thumb Code     2  stm32h7xx_hal_fdcan.o(i.HAL_FDCAN_TT_ScheduleSyncCallback)
    HAL_FDCAN_TT_StopWatchCallback           0x900050c9   Thumb Code     2  stm32h7xx_hal_fdcan.o(i.HAL_FDCAN_TT_StopWatchCallback)
    HAL_FDCAN_TT_TimeMarkCallback            0x900050cb   Thumb Code     2  stm32h7xx_hal_fdcan.o(i.HAL_FDCAN_TT_TimeMarkCallback)
    HAL_FDCAN_TimeoutOccurredCallback        0x900050cd   Thumb Code     2  stm32h7xx_hal_fdcan.o(i.HAL_FDCAN_TimeoutOccurredCallback)
    HAL_FDCAN_TimestampWraparoundCallback    0x900050cf   Thumb Code     2  stm32h7xx_hal_fdcan.o(i.HAL_FDCAN_TimestampWraparoundCallback)
    HAL_FDCAN_TxBufferAbortCallback          0x900050d1   Thumb Code     2  stm32h7xx_hal_fdcan.o(i.HAL_FDCAN_TxBufferAbortCallback)
    HAL_FDCAN_TxBufferCompleteCallback       0x900050d3   Thumb Code     2  stm32h7xx_hal_fdcan.o(i.HAL_FDCAN_TxBufferCompleteCallback)
    HAL_FDCAN_TxEventFifoCallback            0x900050d5   Thumb Code     2  stm32h7xx_hal_fdcan.o(i.HAL_FDCAN_TxEventFifoCallback)
    HAL_FDCAN_TxFifoEmptyCallback            0x900050d7   Thumb Code     2  stm32h7xx_hal_fdcan.o(i.HAL_FDCAN_TxFifoEmptyCallback)
    HAL_GPIO_Init                            0x900050d9   Thumb Code   506  stm32h7xx_hal_gpio.o(i.HAL_GPIO_Init)
    HAL_GPIO_ReadPin                         0x90005305   Thumb Code    10  stm32h7xx_hal_gpio.o(i.HAL_GPIO_ReadPin)
    HAL_GPIO_WritePin                        0x9000530f   Thumb Code    10  stm32h7xx_hal_gpio.o(i.HAL_GPIO_WritePin)
    HAL_GetREVID                             0x90005319   Thumb Code     8  stm32h7xx_hal.o(i.HAL_GetREVID)
    HAL_GetTick                              0x90005325   Thumb Code     6  stm32h7xx_hal.o(i.HAL_GetTick)
    HAL_I2C_AbortCpltCallback                0x90005331   Thumb Code     2  stm32h7xx_hal_i2c.o(i.HAL_I2C_AbortCpltCallback)
    HAL_I2C_AddrCallback                     0x90005333   Thumb Code     2  stm32h7xx_hal_i2c.o(i.HAL_I2C_AddrCallback)
    HAL_I2C_DeInit                           0x90005335   Thumb Code    66  stm32h7xx_hal_i2c.o(i.HAL_I2C_DeInit)
    HAL_I2C_ER_IRQHandler                    0x9000537d   Thumb Code   104  stm32h7xx_hal_i2c.o(i.HAL_I2C_ER_IRQHandler)
    HAL_I2C_EV_IRQHandler                    0x900053e5   Thumb Code    16  stm32h7xx_hal_i2c.o(i.HAL_I2C_EV_IRQHandler)
    HAL_I2C_ErrorCallback                    0x900053f5   Thumb Code    54  drv_eeprom.o(i.HAL_I2C_ErrorCallback)
    HAL_I2C_Init                             0x90005439   Thumb Code   236  stm32h7xx_hal_i2c.o(i.HAL_I2C_Init)
    HAL_I2C_ListenCpltCallback               0x90005555   Thumb Code     2  stm32h7xx_hal_i2c.o(i.HAL_I2C_ListenCpltCallback)
    HAL_I2C_MasterRxCpltCallback             0x90005557   Thumb Code     2  stm32h7xx_hal_i2c.o(i.HAL_I2C_MasterRxCpltCallback)
    HAL_I2C_MasterTxCpltCallback             0x90005559   Thumb Code     2  stm32h7xx_hal_i2c.o(i.HAL_I2C_MasterTxCpltCallback)
    HAL_I2C_MemRxCpltCallback                0x9000555d   Thumb Code    16  drv_eeprom.o(i.HAL_I2C_MemRxCpltCallback)
    HAL_I2C_MemTxCpltCallback                0x90005575   Thumb Code    16  drv_eeprom.o(i.HAL_I2C_MemTxCpltCallback)
    HAL_I2C_Mem_Read_IT                      0x9000558d   Thumb Code   156  stm32h7xx_hal_i2c.o(i.HAL_I2C_Mem_Read_IT)
    HAL_I2C_Mem_Write_IT                     0x90005635   Thumb Code   162  stm32h7xx_hal_i2c.o(i.HAL_I2C_Mem_Write_IT)
    HAL_I2C_MspDeInit                        0x900056e5   Thumb Code     2  stm32h7xx_hal_i2c.o(i.HAL_I2C_MspDeInit)
    HAL_I2C_MspInit                          0x900056e7   Thumb Code     2  stm32h7xx_hal_i2c.o(i.HAL_I2C_MspInit)
    HAL_I2C_SlaveRxCpltCallback              0x900056e9   Thumb Code     2  stm32h7xx_hal_i2c.o(i.HAL_I2C_SlaveRxCpltCallback)
    HAL_I2C_SlaveTxCpltCallback              0x900056eb   Thumb Code     2  stm32h7xx_hal_i2c.o(i.HAL_I2C_SlaveTxCpltCallback)
    HAL_IncTick                              0x900056ed   Thumb Code    12  stm32h7xx_hal.o(i.HAL_IncTick)
    HAL_Init                                 0x900056fd   Thumb Code    74  stm32h7xx_hal.o(i.HAL_Init)
    HAL_InitTick                             0x90005759   Thumb Code    56  stm32h7xx_hal.o(i.HAL_InitTick)
    HAL_MPU_ConfigRegion                     0x90005799   Thumb Code    86  stm32h7xx_hal_cortex.o(i.HAL_MPU_ConfigRegion)
    HAL_MPU_Disable                          0x900057f5   Thumb Code    24  stm32h7xx_hal_cortex.o(i.HAL_MPU_Disable)
    HAL_MPU_Enable                           0x90005811   Thumb Code    30  stm32h7xx_hal_cortex.o(i.HAL_MPU_Enable)
    HAL_MspInit                              0x90005835   Thumb Code     2  stm32h7xx_hal_msp_template.o(i.HAL_MspInit)
    HAL_NVIC_EnableIRQ                       0x90005837   Thumb Code    26  stm32h7xx_hal_cortex.o(i.HAL_NVIC_EnableIRQ)
    HAL_NVIC_SetPriority                     0x90005851   Thumb Code    60  stm32h7xx_hal_cortex.o(i.HAL_NVIC_SetPriority)
    HAL_NVIC_SetPriorityGrouping             0x90005891   Thumb Code    28  stm32h7xx_hal_cortex.o(i.HAL_NVIC_SetPriorityGrouping)
    HAL_RCCEx_GetD3PCLK1Freq                 0x900058b5   Thumb Code    26  stm32h7xx_hal_rcc_ex.o(i.HAL_RCCEx_GetD3PCLK1Freq)
    HAL_RCCEx_GetPLL2ClockFreq               0x900058d9   Thumb Code   296  stm32h7xx_hal_rcc_ex.o(i.HAL_RCCEx_GetPLL2ClockFreq)
    HAL_RCCEx_GetPLL3ClockFreq               0x90005a1d   Thumb Code   296  stm32h7xx_hal_rcc_ex.o(i.HAL_RCCEx_GetPLL3ClockFreq)
    HAL_RCCEx_PeriphCLKConfig                0x90005b61   Thumb Code  2472  stm32h7xx_hal_rcc_ex.o(i.HAL_RCCEx_PeriphCLKConfig)
    HAL_RCC_ClockConfig                      0x9000650d   Thumb Code   580  stm32h7xx_hal_rcc.o(i.HAL_RCC_ClockConfig)
    HAL_RCC_GetHCLKFreq                      0x90006769   Thumb Code    52  stm32h7xx_hal_rcc.o(i.HAL_RCC_GetHCLKFreq)
    HAL_RCC_GetPCLK1Freq                     0x900067ad   Thumb Code    26  stm32h7xx_hal_rcc.o(i.HAL_RCC_GetPCLK1Freq)
    HAL_RCC_GetPCLK2Freq                     0x900067d1   Thumb Code    26  stm32h7xx_hal_rcc.o(i.HAL_RCC_GetPCLK2Freq)
    HAL_RCC_GetSysClockFreq                  0x900067f5   Thumb Code   278  stm32h7xx_hal_rcc.o(i.HAL_RCC_GetSysClockFreq)
    HAL_RCC_OscConfig                        0x9000692d   Thumb Code  1410  stm32h7xx_hal_rcc.o(i.HAL_RCC_OscConfig)
    HAL_SPI_AbortCpltCallback                0x90006eaf   Thumb Code     2  stm32h7xx_hal_spi.o(i.HAL_SPI_AbortCpltCallback)
    HAL_SPI_ErrorCallback                    0x90006eb1   Thumb Code     2  stm32h7xx_hal_spi.o(i.HAL_SPI_ErrorCallback)
    HAL_SPI_IRQHandler                       0x90006eb5   Thumb Code   538  stm32h7xx_hal_spi.o(i.HAL_SPI_IRQHandler)
    HAL_SPI_Init                             0x900070d5   Thumb Code   612  stm32h7xx_hal_spi.o(i.HAL_SPI_Init)
    HAL_SPI_MspInit                          0x9000736d   Thumb Code     2  stm32h7xx_hal_spi.o(i.HAL_SPI_MspInit)
    HAL_SPI_RxCpltCallback                   0x9000736f   Thumb Code     2  stm32h7xx_hal_spi.o(i.HAL_SPI_RxCpltCallback)
    HAL_SPI_RxHalfCpltCallback               0x90007371   Thumb Code     2  stm32h7xx_hal_spi.o(i.HAL_SPI_RxHalfCpltCallback)
    HAL_SPI_SuspendCallback                  0x90007373   Thumb Code     2  stm32h7xx_hal_spi.o(i.HAL_SPI_SuspendCallback)
    HAL_SPI_TxCpltCallback                   0x90007375   Thumb Code     2  stm32h7xx_hal_spi.o(i.HAL_SPI_TxCpltCallback)
    HAL_SPI_TxHalfCpltCallback               0x90007377   Thumb Code     2  stm32h7xx_hal_spi.o(i.HAL_SPI_TxHalfCpltCallback)
    HAL_SPI_TxRxCpltCallback                 0x90007379   Thumb Code    14  spi_flash.o(i.HAL_SPI_TxRxCpltCallback)
    HAL_SPI_TxRxHalfCpltCallback             0x9000738d   Thumb Code     2  stm32h7xx_hal_spi.o(i.HAL_SPI_TxRxHalfCpltCallback)
    HAL_SYSTICK_Config                       0x9000738f   Thumb Code    38  stm32h7xx_hal_cortex.o(i.HAL_SYSTICK_Config)
    HAL_TIM_Base_Stop                        0x900073b5   Thumb Code    38  stm32h7xx_hal_tim.o(i.HAL_TIM_Base_Stop)
    HAL_TIM_IRQHandler                       0x900073db   Thumb Code   354  stm32h7xx_hal_tim.o(i.HAL_TIM_IRQHandler)
    HAL_UARTEx_RxEventCallback               0x9000753d   Thumb Code     2  stm32h7xx_hal_uart.o(i.HAL_UARTEx_RxEventCallback)
    HAL_UARTEx_RxFifoFullCallback            0x9000753f   Thumb Code     2  stm32h7xx_hal_uart_ex.o(i.HAL_UARTEx_RxFifoFullCallback)
    HAL_UARTEx_TxFifoEmptyCallback           0x90007541   Thumb Code     2  stm32h7xx_hal_uart_ex.o(i.HAL_UARTEx_TxFifoEmptyCallback)
    HAL_UARTEx_WakeupCallback                0x90007543   Thumb Code     2  stm32h7xx_hal_uart_ex.o(i.HAL_UARTEx_WakeupCallback)
    HAL_UART_AbortCpltCallback               0x90007545   Thumb Code     2  stm32h7xx_hal_uart.o(i.HAL_UART_AbortCpltCallback)
    HAL_UART_AbortReceiveCpltCallback        0x90007547   Thumb Code     2  stm32h7xx_hal_uart.o(i.HAL_UART_AbortReceiveCpltCallback)
    HAL_UART_AbortTransmitCpltCallback       0x90007549   Thumb Code     2  stm32h7xx_hal_uart.o(i.HAL_UART_AbortTransmitCpltCallback)
    HAL_UART_ErrorCallback                   0x9000754b   Thumb Code     2  stm32h7xx_hal_uart.o(i.HAL_UART_ErrorCallback)
    HAL_UART_Init                            0x9000754d   Thumb Code   124  stm32h7xx_hal_uart.o(i.HAL_UART_Init)
    HAL_UART_MspInit                         0x900075cd   Thumb Code     2  stm32h7xx_hal_uart.o(i.HAL_UART_MspInit)
    HAL_UART_RxCpltCallback                  0x900075cf   Thumb Code     2  stm32h7xx_hal_uart.o(i.HAL_UART_RxCpltCallback)
    HAL_UART_RxHalfCpltCallback              0x900075d1   Thumb Code     2  stm32h7xx_hal_uart.o(i.HAL_UART_RxHalfCpltCallback)
    HAL_UART_TxCpltCallback                  0x900075d3   Thumb Code     2  stm32h7xx_hal_uart.o(i.HAL_UART_TxCpltCallback)
    HAL_UART_TxHalfCpltCallback              0x900075d5   Thumb Code     2  stm32h7xx_hal_uart.o(i.HAL_UART_TxHalfCpltCallback)
    HardFaultHandler                         0x900075d9   Thumb Code   218  segger_hardfaulthandler.o(i.HardFaultHandler)
    I2C2_ER_IRQHandler                       0x90007721   Thumb Code     6  drv_eeprom.o(i.I2C2_ER_IRQHandler)
    I2C2_EV_IRQHandler                       0x9000772d   Thumb Code     6  drv_eeprom.o(i.I2C2_EV_IRQHandler)
    MemManage_Handler_C                      0x900086e1   Thumb Code    62  stm32h7xx_it.o(i.MemManage_Handler_C)
    NMI_Handler                              0x90008725   Thumb Code     2  stm32h7xx_it.o(i.NMI_Handler)
    OD_find                                  0x90008733   Thumb Code    82  co_odinterface.o(i.OD_find)
    OD_getPtr                                0x900087ad   Thumb Code    54  co_odinterface.o(i.OD_getPtr)
    OD_getSDOabCode                          0x900087e5   Thumb Code    16  co_odinterface.o(i.OD_getSDOabCode)
    OD_getSub                                0x900087fd   Thumb Code   216  co_odinterface.o(i.OD_getSub)
    OD_get_value                             0x90008915   Thumb Code    80  co_odinterface.o(i.OD_get_value)
    OD_readOriginal                          0x90008969   Thumb Code    82  co_odinterface.o(i.OD_readOriginal)
    OD_set_value                             0x90008af9   Thumb Code    80  co_odinterface.o(i.OD_set_value)
    OD_writeOriginal                         0x90008b4d   Thumb Code   100  co_odinterface.o(i.OD_writeOriginal)
    PendSV_Handler                           0x90009501   Thumb Code     2  stm32h7xx_it.o(i.PendSV_Handler)
    SEGGER_RTT_Init                          0x90009745   Thumb Code     4  segger_rtt.o(i.SEGGER_RTT_Init)
    SEGGER_RTT_Write                         0x90009749   Thumb Code    52  segger_rtt.o(i.SEGGER_RTT_Write)
    SEGGER_RTT_WriteNoLock                   0x90009781   Thumb Code    86  segger_rtt.o(i.SEGGER_RTT_WriteNoLock)
    SEGGER_RTT_printf                        0x900097dd   Thumb Code    22  segger_rtt_printf.o(i.SEGGER_RTT_printf)
    SEGGER_RTT_vprintf                       0x900097f5   Thumb Code   462  segger_rtt_printf.o(i.SEGGER_RTT_vprintf)
    SPI1_IRQHandler                          0x900099cd   Thumb Code     6  spi_flash.o(i.SPI1_IRQHandler)
    SVC_Handler                              0x90009acf   Thumb Code     2  stm32h7xx_it.o(i.SVC_Handler)
    SystemInit                               0x90009bc5   Thumb Code   206  system_stm32h7xx.o(i.SystemInit)
    TIM1_UP_IRQHandler                       0x90009cbd   Thumb Code     6  pwm_timer1.o(i.TIM1_UP_IRQHandler)
    TIM5_IRQHandler                          0x90009cc9   Thumb Code     6  pwm_in_timer5.o(i.TIM5_IRQHandler)
    UART_AdvFeatureConfig                    0x90009cd5   Thumb Code   200  stm32h7xx_hal_uart.o(i.UART_AdvFeatureConfig)
    UART_CheckIdleState                      0x90009d9d   Thumb Code   170  stm32h7xx_hal_uart.o(i.UART_CheckIdleState)
    UART_InitCallbacksToDefault              0x90009e9d   Thumb Code    74  stm32h7xx_hal_uart.o(i.UART_InitCallbacksToDefault)
    UART_SetConfig                           0x90009f19   Thumb Code   876  stm32h7xx_hal_uart.o(i.UART_SetConfig)
    UART_WaitOnFlagUntilTimeout              0x9000a2c5   Thumb Code   148  stm32h7xx_hal_uart.o(i.UART_WaitOnFlagUntilTimeout)
    USART1_IRQHandler                        0x9000a359   Thumb Code    38  usart1_dma.o(i.USART1_IRQHandler)
    UsageFault_Handler                       0x9000a38d   Thumb Code     2  stm32h7xx_it.o(i.UsageFault_Handler)
    __0vsnprintf                             0x9000a689   Thumb Code    46  printfa.o(i.__0vsnprintf)
    __1vsnprintf                             0x9000a689   Thumb Code     0  printfa.o(i.__0vsnprintf)
    __2vsnprintf                             0x9000a689   Thumb Code     0  printfa.o(i.__0vsnprintf)
    __c89vsnprintf                           0x9000a689   Thumb Code     0  printfa.o(i.__0vsnprintf)
    vsnprintf                                0x9000a689   Thumb Code     0  printfa.o(i.__0vsnprintf)
    __scatterload_copy                       0x9000a6df   Thumb Code    14  handlers.o(i.__scatterload_copy)
    __scatterload_null                       0x9000a6ed   Thumb Code     2  handlers.o(i.__scatterload_null)
    __scatterload_zeroinit                   0x9000a6ef   Thumb Code    14  handlers.o(i.__scatterload_zeroinit)
    bx_can12_get_msg                         0x9000af9d   Thumb Code    84  bx_can12_open.o(i.bx_can12_get_msg)
    bx_can12_init                            0x9000b001   Thumb Code   282  bx_can12_open.o(i.bx_can12_init)
    bx_can12_send_msg_std                    0x9000b165   Thumb Code    66  bx_can12_open.o(i.bx_can12_send_msg_std)
    circular_buffer_init                     0x9000b2e5   Thumb Code    64  circular_buffer.o(i.circular_buffer_init)
    circular_buffer_write                    0x9000b325   Thumb Code    94  circular_buffer.o(i.circular_buffer_write)
    drv_eeprom_clrerrflag                    0x9000b3a9   Thumb Code     8  drv_eeprom.o(i.drv_eeprom_clrerrflag)
    drv_eeprom_clrrflag                      0x9000b3b5   Thumb Code     8  drv_eeprom.o(i.drv_eeprom_clrrflag)
    drv_eeprom_clrwflag                      0x9000b3c1   Thumb Code     8  drv_eeprom.o(i.drv_eeprom_clrwflag)
    drv_eeprom_init                          0x9000b3cd   Thumb Code   146  drv_eeprom.o(i.drv_eeprom_init)
    drv_eeprom_readbuf                       0x9000b475   Thumb Code    26  drv_eeprom.o(i.drv_eeprom_readbuf)
    drv_eeprom_reterrflag                    0x9000b495   Thumb Code     6  drv_eeprom.o(i.drv_eeprom_reterrflag)
    drv_eeprom_retrflag                      0x9000b4a1   Thumb Code     6  drv_eeprom.o(i.drv_eeprom_retrflag)
    drv_eeprom_retwflag                      0x9000b4ad   Thumb Code     6  drv_eeprom.o(i.drv_eeprom_retwflag)
    drv_eeprom_writebuf                      0x9000b4b9   Thumb Code    26  drv_eeprom.o(i.drv_eeprom_writebuf)
    drv_fmc_bl_ctrl                          0x9000b4d9   Thumb Code    10  drv_fmc_lcd.o(i.drv_fmc_bl_ctrl)
    drv_fmc_lcd_init                         0x9000b4e9   Thumb Code   230  drv_fmc_lcd.o(i.drv_fmc_lcd_init)
    drv_fmc_lcd_rst                          0x9000b5e1   Thumb Code    56  drv_fmc_lcd.o(i.drv_fmc_lcd_rst)
    drv_fmc_read_data                        0x9000b61d   Thumb Code     6  drv_fmc_lcd.o(i.drv_fmc_read_data)
    drv_fmc_write_cmd                        0x9000b629   Thumb Code     8  drv_fmc_lcd.o(i.drv_fmc_write_cmd)
    drv_fmc_write_data                       0x9000b631   Thumb Code     6  drv_fmc_lcd.o(i.drv_fmc_write_data)
    drv_key_init                             0x9000b63d   Thumb Code    96  drv_key.o(i.drv_key_init)
    drv_key_readmask                         0x9000b6a5   Thumb Code    60  drv_key.o(i.drv_key_readmask)
    drv_led_init                             0x9000b6e5   Thumb Code    96  drv_led.o(i.drv_led_init)
    drv_led_off                              0x9000b74d   Thumb Code    20  drv_led.o(i.drv_led_off)
    drv_led_on                               0x9000b765   Thumb Code    20  drv_led.o(i.drv_led_on)
    drvp_eeprom_init                         0x9000b77d   Thumb Code    70  drvp_eeprom.o(i.drvp_eeprom_init)
    drvp_eeprom_prc_10ms                     0x9000b7cd   Thumb Code   150  drvp_eeprom.o(i.drvp_eeprom_prc_10ms)
    drvp_fmc_lcd_init                        0x9000b869   Thumb Code   582  drvp_fmc_lcd.o(i.drvp_fmc_lcd_init)
    drvp_fmc_lcd_set_axis_scan               0x9000bacd   Thumb Code   128  drvp_fmc_lcd.o(i.drvp_fmc_lcd_set_axis_scan)
    drvp_fmc_lcd_set_wid                     0x9000bb51   Thumb Code   102  drvp_fmc_lcd.o(i.drvp_fmc_lcd_set_wid)
    drvp_fmc_lcd_writesigle                  0x9000bbbd   Thumb Code    40  drvp_fmc_lcd.o(i.drvp_fmc_lcd_writesigle)
    drvp_key_init                            0x9000bbe9   Thumb Code    28  drvp_key.o(i.drvp_key_init)
    drvp_key_prc_10ms                        0x9000bc09   Thumb Code   236  drvp_key.o(i.drvp_key_prc_10ms)
    drvp_led_init                            0x9000bd19   Thumb Code     4  drvp_led.o(i.drvp_led_init)
    drvp_led_prc_1ms                         0x9000bd1d   Thumb Code   108  drvp_led.o(i.drvp_led_prc_1ms)
    main                                     0x9000bd8d   Thumb Code   500  main.o(i.main)
    mutex_init                               0x9000c029   Thumb Code     4  port.o(i.mutex_init)
    mutex_lock                               0x9000c02d   Thumb Code     2  port.o(i.mutex_lock)
    mutex_unlock                             0x9000c02f   Thumb Code     2  port.o(i.mutex_unlock)
    spi_flash_w25q128_init                   0x9000c0f5   Thumb Code   426  spi_flash.o(i.spi_flash_w25q128_init)
    sram_d2_free                             0x9000c2b9   Thumb Code   126  sram_d2_malloc.o(i.sram_d2_free)
    sram_d2_init                             0x9000c33d   Thumb Code    42  sram_d2_malloc.o(i.sram_d2_init)
    sram_d2_malloc                           0x9000c371   Thumb Code   126  sram_d2_malloc.o(i.sram_d2_malloc)
    usart1_dma_init                          0x9000c3f5   Thumb Code   372  usart1_dma.o(i.usart1_dma_init)
    usart1_fifo_out                          0x9000c581   Thumb Code    68  usart1_dma.o(i.usart1_fifo_out)
    usart1_my_printf                         0x9000c5c9   Thumb Code    56  usart1_dma.o(i.usart1_my_printf)
    D1CorePrescTable                         0x9000c6f4   Data          16  system_stm32h7xx.o(.constdata)
    UARTPrescTable                           0x9000c768   Data          24  stm32h7xx_hal_uart.o(.constdata)
    EventRecorderInfo                        0x9000cf5c   Data          24  eventrecorder.o(.constdata)
    Region$$Table$$Base                      0x9000cf74   Number         0  anon$$obj.o(Region$$Table)
    Region$$Table$$Limit                     0x9000cfe4   Number         0  anon$$obj.o(Region$$Table)



==============================================================================

Memory Map of the image

  Image Entry point : 0x90000299

  Load Region LR_IROM1 (Base: 0x90000000, Size: 0x0001ae60, Max: 0x01000000, ABSOLUTE, COMPRESSED[0x0000d390])

    Execution Region ER_ITCM (Exec base: 0x00000000, Load base: 0x9000cfe4, Size: 0x00000068, Max: 0x00010000, ABSOLUTE)

    Exec Addr    Load Addr    Size         Type   Attr      Idx    E Section Name        Object

    0x00000000   0x9000cfe4   0x00000040   Code   RO        18679    .ITCM_CODE          main.o
    0x00000040   0x9000d024   0x0000000a   Ven    RO        21545    Veneer$$Code        anon$$obj.o
    0x0000004a   0x9000d02e   0x0000000a   Ven    RO        21546    Veneer$$Code        anon$$obj.o
    0x00000054   0x9000d038   0x0000000a   Ven    RO        21547    Veneer$$Code        anon$$obj.o
    0x0000005e   0x9000d042   0x0000000a   Ven    RO        21548    Veneer$$Code        anon$$obj.o


    Execution Region RW_IRAM_RESET (Exec base: 0x20000000, Load base: 0x9000d04c, Size: 0x00000400, Max: 0x00000400, ABSOLUTE, COMPRESSED[0x0000000c])

    Exec Addr    Load Addr    Size         Type   Attr      Idx    E Section Name        Object

    0x20000000   COMPRESSED   0x00000400   Data   RW        18684    .RamVecTable        main.o


    Execution Region RW_IRAM1 (Exec base: 0x20000400, Load base: 0x9000d058, Size: 0x00001b28, Max: 0x0001fc00, ABSOLUTE, COMPRESSED[0x00000164])

    Exec Addr    Load Addr    Size         Type   Attr      Idx    E Section Name        Object

    0x20000400   COMPRESSED   0x00000008   Data   RW           17    .data               system_stm32h7xx.o
    0x20000408   COMPRESSED   0x0000000c   Data   RW          425    .data               stm32h7xx_hal.o
    0x20000414   COMPRESSED   0x00000004   Data   RW        17621    .data               drvp_key.o
    0x20000418   COMPRESSED   0x00000004   Data   RW        18475    .data               usart1_dma.o
    0x2000041c   COMPRESSED   0x0000001c   Data   RW        18686    .data               main.o
    0x20000438   COMPRESSED   0x00000004   Data   RW        19665    .data               segger_hardfaulthandler.o
    0x2000043c   COMPRESSED   0x00000006   Data   RW        20743    .data               co_driver.o
    0x20000442   COMPRESSED   0x00000002   PAD
    0x20000444   COMPRESSED   0x00000218   Data   RW        20825    .data               od.o
    0x2000065c   COMPRESSED   0x00000034   Data   RW        20826    .data               od.o
    0x20000690   COMPRESSED   0x000001a4   Data   RW        20827    .data               od.o
    0x20000834   COMPRESSED   0x00000008   Data   RW        20828    .data               od.o
    0x2000083c   COMPRESSED   0x00000004   Data   RW        20829    .data               od.o
    0x20000840        -       0x00000130   Zero   RW        18685    .bss                main.o
    0x20000970        -       0x000000a8   Zero   RW        19418    .bss                segger_rtt.o
    0x20000a18        -       0x00000040   Zero   RW        19664    .bss                segger_hardfaulthandler.o
    0x20000a58   COMPRESSED   0x00000028   PAD
    0x20000a80        -       0x000004a4   Zero   RW        21288    .bss.noinit         eventrecorder.o
    0x20000f24   COMPRESSED   0x00000004   PAD
    0x20000f28        -       0x00001000   Zero   RW            1    STACK               startup_stm32h743xx.o


    Execution Region RW_IRAM2 (Exec base: 0x24000000, Load base: 0x9000d1bc, Size: 0x00000000, Max: 0x00080000, ABSOLUTE)

    **** No section assigned to this execution region ****


    Execution Region RW_IRAM3 (Exec base: 0x30000000, Load base: 0x9000d1bc, Size: 0x000085b4, Max: 0x0003b000, ABSOLUTE, COMPRESSED[0x00000110])

    Exec Addr    Load Addr    Size         Type   Attr      Idx    E Section Name        Object

    0x30000000   COMPRESSED   0x00000020   Data   RW        17518    .RAM_D2             drvp_led.o
    0x30000020   COMPRESSED   0x0000003c   Data   RW        17619    .RAM_D2             drvp_key.o
    0x3000005c   COMPRESSED   0x000000bc   Data   RW        17715    .RAM_D2             pwm_in_timer5.o
    0x30000118   COMPRESSED   0x000000dc   Data   RW        17764    .RAM_D2             pwm_timer1.o
    0x300001f4   COMPRESSED   0x00000088   Data   RW        17822    .RAM_D2             drv_eeprom.o
    0x3000027c   COMPRESSED   0x0000010a   Data   RW        17920    .RAM_D2             drvp_eeprom.o
    0x30000386   COMPRESSED   0x00000002   PAD
    0x30000388   COMPRESSED   0x000011a8   Data   RW        18089    .RAM_D2             spi_flash.o
    0x30001530   COMPRESSED   0x00000078   Data   RW        18230    .RAM_D2             drv_fmc_lcd.o
    0x300015a8   COMPRESSED   0x0000001c   Data   RW        18307    .RAM_D2             drvp_fmc_lcd.o
    0x300015c4   COMPRESSED   0x00000178   Data   RW        18422    .RAM_D2             dma1mux_pwm.o
    0x3000173c   COMPRESSED   0x00000004   PAD
    0x30001740   COMPRESSED   0x00000826   Data   RW        18474    .RAM_D2             usart1_dma.o
    0x30001f66   COMPRESSED   0x00000002   PAD
    0x30001f68   COMPRESSED   0x00000010   Data   RW        18633    .RAM_D2             sram_d2_malloc.o
    0x30001f78   COMPRESSED   0x00000411   Data   RW        19417    .RAM_D2             segger_rtt.o
    0x30002389   COMPRESSED   0x00000003   PAD
    0x3000238c   COMPRESSED   0x00006228   Data   RW        20862    .RAM_D2             bx_can12_open.o


    Execution Region RW_IRAM_MALLOC (Exec base: 0x3003b000, Load base: 0x9000d2cc, Size: 0x00005000, Max: 0x00005000, ABSOLUTE, COMPRESSED[0x000000a4])

    Exec Addr    Load Addr    Size         Type   Attr      Idx    E Section Name        Object

    0x3003b000   COMPRESSED   0x00005000   Data   RW        18634    .RAM_MALLOC         sram_d2_malloc.o


    Execution Region RW_IRAM5 (Exec base: 0x30040000, Load base: 0x9000d370, Size: 0x00000000, Max: 0x00008000, ABSOLUTE)

    **** No section assigned to this execution region ****


    Execution Region RW_IRAM4 (Exec base: 0x38000000, Load base: 0x9000d370, Size: 0x00000020, Max: 0x00010000, ABSOLUTE)

    Exec Addr    Load Addr    Size         Type   Attr      Idx    E Section Name        Object

    0x38000000   0x9000d370   0x00000020   Data   RW        18379    .RAM_D3             bdmamux_pwm.o


    Execution Region ER_IROM1 (Exec base: 0x90000000, Load base: 0x90000000, Size: 0x0000cfe4, Max: 0x01000000, ABSOLUTE)

    Exec Addr    Load Addr    Size         Type   Attr      Idx    E Section Name        Object

    0x90000000   0x90000000   0x00000298   Data   RO            3    RESET               startup_stm32h743xx.o
    0x90000298   0x90000298   0x00000000   Code   RO        21441  * .ARM.Collect$$$$00000000  mc_w.l(entry.o)
    0x90000298   0x90000298   0x00000004   Code   RO        21496    .ARM.Collect$$$$00000001  mc_w.l(entry2.o)
    0x9000029c   0x9000029c   0x00000004   Code   RO        21499    .ARM.Collect$$$$00000004  mc_w.l(entry5.o)
    0x900002a0   0x900002a0   0x00000000   Code   RO        21501    .ARM.Collect$$$$00000008  mc_w.l(entry7b.o)
    0x900002a0   0x900002a0   0x00000000   Code   RO        21503    .ARM.Collect$$$$0000000A  mc_w.l(entry8b.o)
    0x900002a0   0x900002a0   0x00000008   Code   RO        21504    .ARM.Collect$$$$0000000B  mc_w.l(entry9a.o)
    0x900002a8   0x900002a8   0x00000004   Code   RO        21511    .ARM.Collect$$$$0000000E  mc_w.l(entry12b.o)
    0x900002ac   0x900002ac   0x00000000   Code   RO        21506    .ARM.Collect$$$$0000000F  mc_w.l(entry10a.o)
    0x900002ac   0x900002ac   0x00000000   Code   RO        21508    .ARM.Collect$$$$00000011  mc_w.l(entry11a.o)
    0x900002ac   0x900002ac   0x00000004   Code   RO        21497    .ARM.Collect$$$$00002712  mc_w.l(entry2.o)
    0x900002b0   0x900002b0   0x00000012   Code   RO        19289    .emb_text           stm32h7xx_it.o
    0x900002c2   0x900002c2   0x00000002   PAD
    0x900002c4   0x900002c4   0x00000074   Code   RO        21272    .emb_text           eventrecorder.o
    0x90000338   0x90000338   0x0000002c   Code   RO            4    .text               startup_stm32h743xx.o
    0x90000364   0x90000364   0x00000014   Code   RO        19657    .text               hardfaulthandler.o
    0x90000378   0x90000378   0x00000062   Code   RO        21450    .text               mc_w.l(uldiv.o)
    0x900003da   0x900003da   0x00000040   Code   RO        21454    .text               mc_w.l(memmovea.o)
    0x9000041a   0x9000041a   0x00000024   Code   RO        21456    .text               mc_w.l(memseta.o)
    0x9000043e   0x9000043e   0x0000000e   Code   RO        21460    .text               mc_w.l(strlen.o)
    0x9000044c   0x9000044c   0x0000002c   Code   RO        21512    .text               mc_w.l(uidiv.o)
    0x90000478   0x90000478   0x0000001e   Code   RO        21514    .text               mc_w.l(llshl.o)
    0x90000496   0x90000496   0x00000020   Code   RO        21516    .text               mc_w.l(llushr.o)
    0x900004b6   0x900004b6   0x00000000   Code   RO        21518    .text               mc_w.l(iusefp.o)
    0x900004b6   0x900004b6   0x0000014e   Code   RO        21519    .text               mf_w.l(dadd.o)
    0x90000604   0x90000604   0x000000e4   Code   RO        21521    .text               mf_w.l(dmul.o)
    0x900006e8   0x900006e8   0x000000de   Code   RO        21523    .text               mf_w.l(ddiv.o)
    0x900007c6   0x900007c6   0x00000030   Code   RO        21525    .text               mf_w.l(dfixul.o)
    0x900007f6   0x900007f6   0x00000002   PAD
    0x900007f8   0x900007f8   0x00000030   Code   RO        21527    .text               mf_w.l(cdrcmple.o)
    0x90000828   0x90000828   0x00000024   Code   RO        21529    .text               mc_w.l(init.o)
    0x9000084c   0x9000084c   0x00000024   Code   RO        21531    .text               mc_w.l(llsshr.o)
    0x90000870   0x90000870   0x000000ba   Code   RO        21533    .text               mf_w.l(depilogue.o)
    0x9000092a   0x9000092a   0x00000056   Code   RO        21543    .text               mc_w.l(__dczerorl2.o)
    0x90000980   0x90000980   0x00000054   Code   RO        18375    i.BDMA_Channel0_IRQHandler  bdmamux_pwm.o
    0x900009d4   0x900009d4   0x00000002   Code   RO        19290    i.BusFault_Handler  stm32h7xx_it.o
    0x900009d6   0x900009d6   0x00000032   Code   RO        20569    i.CO_CANinit        canopen.o
    0x90000a08   0x90000a08   0x0000000a   Code   RO        20733    i.CO_CANmodule_disable  co_driver.o
    0x90000a12   0x90000a12   0x00000002   PAD
    0x90000a14   0x90000a14   0x0000007c   Code   RO        20734    i.CO_CANmodule_init  co_driver.o
    0x90000a90   0x90000a90   0x00000078   Code   RO        20735    i.CO_CANmodule_process  co_driver.o
    0x90000b08   0x90000b08   0x00000174   Code   RO        20570    i.CO_CANopenInit    canopen.o
    0x90000c7c   0x90000c7c   0x000000f4   Code   RO        20571    i.CO_CANopenInitPDO  canopen.o
    0x90000d70   0x90000d70   0x0000004a   Code   RO        20736    i.CO_CANrxBufferInit  co_driver.o
    0x90000dba   0x90000dba   0x00000044   Code   RO        20737    i.CO_CANrx_process  co_driver.o
    0x90000dfe   0x90000dfe   0x00000070   Code   RO        20738    i.CO_CANsend        co_driver.o
    0x90000e6e   0x90000e6e   0x00000002   Code   RO        20739    i.CO_CANsetConfigurationMode  co_driver.o
    0x90000e70   0x90000e70   0x0000000a   Code   RO        20740    i.CO_CANsetNormalMode  co_driver.o
    0x90000e7a   0x90000e7a   0x0000003e   Code   RO        20741    i.CO_CANtxBufferInit  co_driver.o
    0x90000eb8   0x90000eb8   0x00000058   Code   RO        20742    i.CO_CANtx_process  co_driver.o
    0x90000f10   0x90000f10   0x00000120   Code   RO        19690    i.CO_EM_init        co_emergency.o
    0x90001030   0x90001030   0x00000162   Code   RO        19691    i.CO_EM_process     co_emergency.o
    0x90001192   0x90001192   0x0000004a   Code   RO        19779    i.CO_HBcons_receive  co_hbconsumer.o
    0x900011dc   0x900011dc   0x000000d8   Code   RO        19780    i.CO_HBconsumer_init  co_hbconsumer.o
    0x900012b4   0x900012b4   0x000000b0   Code   RO        19781    i.CO_HBconsumer_initEntry  co_hbconsumer.o
    0x90001364   0x90001364   0x00000116   Code   RO        19782    i.CO_HBconsumer_process  co_hbconsumer.o
    0x9000147a   0x9000147a   0x00000014   Code   RO        20403    i.CO_LEDs_init      co_leds.o
    0x9000148e   0x9000148e   0x000001d6   Code   RO        20404    i.CO_LEDs_process   co_leds.o
    0x90001664   0x90001664   0x00000034   Code   RO        20572    i.CO_LSSinit        canopen.o
    0x90001698   0x90001698   0x0000009c   Code   RO        20490    i.CO_LSSslave_init  co_lssslave.o
    0x90001734   0x90001734   0x0000016c   Code   RO        20494    i.CO_LSSslave_process  co_lssslave.o
    0x900018a0   0x900018a0   0x00000140   Code   RO        20495    i.CO_LSSslave_receive  co_lssslave.o
    0x900019e0   0x900019e0   0x000000ec   Code   RO        19847    i.CO_NMT_init       co_nmt_heartbeat.o
    0x90001acc   0x90001acc   0x00000114   Code   RO        19848    i.CO_NMT_process    co_nmt_heartbeat.o
    0x90001be0   0x90001be0   0x0000004c   Code   RO        19849    i.CO_NMT_receive    co_nmt_heartbeat.o
    0x90001c2c   0x90001c2c   0x00000096   Code   RO        20019    i.CO_PDO_receive    co_pdo.o
    0x90001cc2   0x90001cc2   0x00000002   PAD
    0x90001cc4   0x90001cc4   0x000001b0   Code   RO        20020    i.CO_RPDO_init      co_pdo.o
    0x90001e74   0x90001e74   0x00000064   Code   RO        20190    i.CO_SDO_receive    co_sdoserver.o
    0x90001ed8   0x90001ed8   0x00000150   Code   RO        20191    i.CO_SDOserver_init  co_sdoserver.o
    0x90002028   0x90002028   0x00000088   Code   RO        20192    i.CO_SDOserver_init_canRxTx  co_sdoserver.o
    0x900020b0   0x900020b0   0x00000528   Code   RO        20193    i.CO_SDOserver_process  co_sdoserver.o
    0x900025d8   0x900025d8   0x00000170   Code   RO        20272    i.CO_SYNC_init      co_sync.o
    0x90002748   0x90002748   0x0000006a   Code   RO        20274    i.CO_SYNC_receive   co_sync.o
    0x900027b2   0x900027b2   0x00000002   PAD
    0x900027b4   0x900027b4   0x00000098   Code   RO        20331    i.CO_TIME_init      co_time.o
    0x9000284c   0x9000284c   0x00000080   Code   RO        20332    i.CO_TIME_process   co_time.o
    0x900028cc   0x900028cc   0x0000004e   Code   RO        20333    i.CO_TIME_receive   co_time.o
    0x9000291a   0x9000291a   0x00000002   PAD
    0x9000291c   0x9000291c   0x00000200   Code   RO        20022    i.CO_TPDO_init      co_pdo.o
    0x90002b1c   0x90002b1c   0x00000072   Code   RO        20573    i.CO_delete         canopen.o
    0x90002b8e   0x90002b8e   0x00000098   Code   RO        19692    i.CO_error          co_emergency.o
    0x90002c26   0x90002c26   0x00000012   Code   RO        20025    i.CO_getUint16      co_pdo.o
    0x90002c38   0x90002c38   0x00000010   Code   RO        20026    i.CO_getUint32      co_pdo.o
    0x90002c48   0x90002c48   0x00000010   Code   RO        20194    i.CO_getUint32      co_sdoserver.o
    0x90002c58   0x90002c58   0x00000010   Code   RO        20334    i.CO_getUint32      co_time.o
    0x90002c68   0x90002c68   0x00000012   Code   RO        20027    i.CO_getUint8       co_pdo.o
    0x90002c7a   0x90002c7a   0x0000001e   Code   RO        19850    i.CO_isError        co_nmt_heartbeat.o
    0x90002c98   0x90002c98   0x0000001e   Code   RO        20574    i.CO_isError        canopen.o
    0x90002cb6   0x90002cb6   0x0000010a   Code   RO        20576    i.CO_new            canopen.o
    0x90002dc0   0x90002dc0   0x0000015a   Code   RO        20577    i.CO_process        canopen.o
    0x90002f1a   0x90002f1a   0x00000002   PAD
    0x90002f1c   0x90002f1c   0x00000088   Code   RO        18680    i.CPU_CACHE_Enable  main.o
    0x90002fa4   0x90002fa4   0x00000074   Code   RO        18417    i.DMA1_Stream0_IRQHandler  dma1mux_pwm.o
    0x90003018   0x90003018   0x0000000c   Code   RO        18221    i.DMA1_Stream1_IRQHandler  drv_fmc_lcd.o
    0x90003024   0x90003024   0x00000028   Code   RO        18469    i.DMA1_Stream2_IRQHandler  usart1_dma.o
    0x9000304c   0x9000304c   0x0000000c   Code   RO        18072    i.DMA1_Stream4_IRQHandler  spi_flash.o
    0x90003058   0x90003058   0x0000000c   Code   RO        18073    i.DMA1_Stream5_IRQHandler  spi_flash.o
    0x90003064   0x90003064   0x000000b4   Code   RO         2506    i.DMA_CalcBaseAndBitshift  stm32h7xx_hal_dma.o
    0x90003118   0x90003118   0x0000009c   Code   RO         2507    i.DMA_CalcDMAMUXChannelBaseAndMask  stm32h7xx_hal_dma.o
    0x900031b4   0x900031b4   0x00000074   Code   RO         2508    i.DMA_CalcDMAMUXRequestGenBaseAndMask  stm32h7xx_hal_dma.o
    0x90003228   0x90003228   0x00000054   Code   RO         2509    i.DMA_CheckFifoParam  stm32h7xx_hal_dma.o
    0x9000327c   0x9000327c   0x00000002   Code   RO        19291    i.DebugMon_Handler  stm32h7xx_it.o
    0x9000327e   0x9000327e   0x00000002   PAD
    0x90003280   0x90003280   0x00000034   Code   RO        21274    i.EventGetTS        eventrecorder.o
    0x900032b4   0x900032b4   0x000000a8   Code   RO        21278    i.EventRecordItem   eventrecorder.o
    0x9000335c   0x9000335c   0x0000005c   Code   RO        21281    i.EventRecorderEnable  eventrecorder.o
    0x900033b8   0x900033b8   0x00000110   Code   RO        21282    i.EventRecorderInitialize  eventrecorder.o
    0x900034c8   0x900034c8   0x0000002c   Code   RO        21283    i.EventRecorderStart  eventrecorder.o
    0x900034f4   0x900034f4   0x0000000c   Code   RO        21285    i.EventRecorderTimerGetCount  eventrecorder.o
    0x90003500   0x90003500   0x00000020   Code   RO        21287    i.EventRecorderTimerSetup  eventrecorder.o
    0x90003520   0x90003520   0x00000002   Code   RO           13    i.ExitRun0Mode      system_stm32h7xx.o
    0x90003522   0x90003522   0x00000002   PAD
    0x90003524   0x90003524   0x0000000c   Code   RO        20853    i.FDCAN1_IT0_IRQHandler  bx_can12_open.o
    0x90003530   0x90003530   0x0000000c   Code   RO        20854    i.FDCAN2_IT0_IRQHandler  bx_can12_open.o
    0x9000353c   0x9000353c   0x00000018   Code   RO        20855    i.FDCAN_CAL_IRQHandler  bx_can12_open.o
    0x90003554   0x90003554   0x000001c8   Code   RO         3494    i.FDCAN_CalcultateRamBlockAddresses  stm32h7xx_hal_fdcan.o
    0x9000371c   0x9000371c   0x0000007c   Code   RO         3495    i.FDCAN_CopyMessageToRAM  stm32h7xx_hal_fdcan.o
    0x90003798   0x90003798   0x00000094   Code   RO        15466    i.FMC_NORSRAM_Init  stm32h7xx_ll_fmc.o
    0x9000382c   0x9000382c   0x00000060   Code   RO        15467    i.FMC_NORSRAM_Timing_Init  stm32h7xx_ll_fmc.o
    0x9000388c   0x9000388c   0x00000284   Code   RO         2512    i.HAL_DMA_Abort_IT  stm32h7xx_hal_dma.o
    0x90003b10   0x90003b10   0x00000006   Code   RO         2515    i.HAL_DMA_GetState  stm32h7xx_hal_dma.o
    0x90003b16   0x90003b16   0x00000002   PAD
    0x90003b18   0x90003b18   0x000006e8   Code   RO         2516    i.HAL_DMA_IRQHandler  stm32h7xx_hal_dma.o
    0x90004200   0x90004200   0x000003c4   Code   RO         2517    i.HAL_DMA_Init      stm32h7xx_hal_dma.o
    0x900045c4   0x900045c4   0x00000024   Code   RO          384    i.HAL_Delay         stm32h7xx_hal.o
    0x900045e8   0x900045e8   0x00000010   Code   RO          391    i.HAL_EnableCompensationCell  stm32h7xx_hal.o
    0x900045f8   0x900045f8   0x00000088   Code   RO         3497    i.HAL_FDCAN_ActivateNotification  stm32h7xx_hal_fdcan.o
    0x90004680   0x90004680   0x00000066   Code   RO         3499    i.HAL_FDCAN_AddMessageToTxFifoQ  stm32h7xx_hal_fdcan.o
    0x900046e6   0x900046e6   0x00000002   Code   RO         3500    i.HAL_FDCAN_ClockCalibrationCallback  stm32h7xx_hal_fdcan.o
    0x900046e8   0x900046e8   0x0000005a   Code   RO         3503    i.HAL_FDCAN_ConfigFifoWatermark  stm32h7xx_hal_fdcan.o
    0x90004742   0x90004742   0x0000007e   Code   RO         3504    i.HAL_FDCAN_ConfigFilter  stm32h7xx_hal_fdcan.o
    0x900047c0   0x900047c0   0x00000032   Code   RO         3505    i.HAL_FDCAN_ConfigGlobalFilter  stm32h7xx_hal_fdcan.o
    0x900047f2   0x900047f2   0x00000002   Code   RO         3526    i.HAL_FDCAN_ErrorCallback  stm32h7xx_hal_fdcan.o
    0x900047f4   0x900047f4   0x00000002   Code   RO         3527    i.HAL_FDCAN_ErrorStatusCallback  stm32h7xx_hal_fdcan.o
    0x900047f6   0x900047f6   0x00000002   PAD
    0x900047f8   0x900047f8   0x00000018   Code   RO         3537    i.HAL_FDCAN_GetRxFifoFillLevel  stm32h7xx_hal_fdcan.o
    0x90004810   0x90004810   0x0000018c   Code   RO         3538    i.HAL_FDCAN_GetRxMessage  stm32h7xx_hal_fdcan.o
    0x9000499c   0x9000499c   0x00000002   Code   RO         3544    i.HAL_FDCAN_HighPriorityMessageCallback  stm32h7xx_hal_fdcan.o
    0x9000499e   0x9000499e   0x00000002   PAD
    0x900049a0   0x900049a0   0x00000348   Code   RO         3545    i.HAL_FDCAN_IRQHandler  stm32h7xx_hal_fdcan.o
    0x90004ce8   0x90004ce8   0x000002ec   Code   RO         3546    i.HAL_FDCAN_Init    stm32h7xx_hal_fdcan.o
    0x90004fd4   0x90004fd4   0x00000002   Code   RO         3551    i.HAL_FDCAN_MspInit  stm32h7xx_hal_fdcan.o
    0x90004fd6   0x90004fd6   0x00000002   Code   RO         3567    i.HAL_FDCAN_RxBufferNewMessageCallback  stm32h7xx_hal_fdcan.o
    0x90004fd8   0x90004fd8   0x000000b8   Code   RO        20856    i.HAL_FDCAN_RxFifo0Callback  bx_can12_open.o
    0x90005090   0x90005090   0x00000002   Code   RO         3569    i.HAL_FDCAN_RxFifo1Callback  stm32h7xx_hal_fdcan.o
    0x90005092   0x90005092   0x00000032   Code   RO         3570    i.HAL_FDCAN_Start   stm32h7xx_hal_fdcan.o
    0x900050c4   0x900050c4   0x00000002   Code   RO         3592    i.HAL_FDCAN_TT_GlobalTimeCallback  stm32h7xx_hal_fdcan.o
    0x900050c6   0x900050c6   0x00000002   Code   RO         3593    i.HAL_FDCAN_TT_ScheduleSyncCallback  stm32h7xx_hal_fdcan.o
    0x900050c8   0x900050c8   0x00000002   Code   RO         3598    i.HAL_FDCAN_TT_StopWatchCallback  stm32h7xx_hal_fdcan.o
    0x900050ca   0x900050ca   0x00000002   Code   RO         3599    i.HAL_FDCAN_TT_TimeMarkCallback  stm32h7xx_hal_fdcan.o
    0x900050cc   0x900050cc   0x00000002   Code   RO         3600    i.HAL_FDCAN_TimeoutOccurredCallback  stm32h7xx_hal_fdcan.o
    0x900050ce   0x900050ce   0x00000002   Code   RO         3601    i.HAL_FDCAN_TimestampWraparoundCallback  stm32h7xx_hal_fdcan.o
    0x900050d0   0x900050d0   0x00000002   Code   RO         3602    i.HAL_FDCAN_TxBufferAbortCallback  stm32h7xx_hal_fdcan.o
    0x900050d2   0x900050d2   0x00000002   Code   RO         3603    i.HAL_FDCAN_TxBufferCompleteCallback  stm32h7xx_hal_fdcan.o
    0x900050d4   0x900050d4   0x00000002   Code   RO         3604    i.HAL_FDCAN_TxEventFifoCallback  stm32h7xx_hal_fdcan.o
    0x900050d6   0x900050d6   0x00000002   Code   RO         3605    i.HAL_FDCAN_TxFifoEmptyCallback  stm32h7xx_hal_fdcan.o
    0x900050d8   0x900050d8   0x0000022c   Code   RO         4501    i.HAL_GPIO_Init     stm32h7xx_hal_gpio.o
    0x90005304   0x90005304   0x0000000a   Code   RO         4503    i.HAL_GPIO_ReadPin  stm32h7xx_hal_gpio.o
    0x9000530e   0x9000530e   0x0000000a   Code   RO         4505    i.HAL_GPIO_WritePin  stm32h7xx_hal_gpio.o
    0x90005318   0x90005318   0x0000000c   Code   RO          395    i.HAL_GetREVID      stm32h7xx_hal.o
    0x90005324   0x90005324   0x0000000c   Code   RO          396    i.HAL_GetTick       stm32h7xx_hal.o
    0x90005330   0x90005330   0x00000002   Code   RO         5589    i.HAL_I2C_AbortCpltCallback  stm32h7xx_hal_i2c.o
    0x90005332   0x90005332   0x00000002   Code   RO         5590    i.HAL_I2C_AddrCallback  stm32h7xx_hal_i2c.o
    0x90005334   0x90005334   0x00000048   Code   RO         5591    i.HAL_I2C_DeInit    stm32h7xx_hal_i2c.o
    0x9000537c   0x9000537c   0x00000068   Code   RO         5593    i.HAL_I2C_ER_IRQHandler  stm32h7xx_hal_i2c.o
    0x900053e4   0x900053e4   0x00000010   Code   RO         5594    i.HAL_I2C_EV_IRQHandler  stm32h7xx_hal_i2c.o
    0x900053f4   0x900053f4   0x00000044   Code   RO        17808    i.HAL_I2C_ErrorCallback  drv_eeprom.o
    0x90005438   0x90005438   0x0000011c   Code   RO         5600    i.HAL_I2C_Init      stm32h7xx_hal_i2c.o
    0x90005554   0x90005554   0x00000002   Code   RO         5602    i.HAL_I2C_ListenCpltCallback  stm32h7xx_hal_i2c.o
    0x90005556   0x90005556   0x00000002   Code   RO         5603    i.HAL_I2C_MasterRxCpltCallback  stm32h7xx_hal_i2c.o
    0x90005558   0x90005558   0x00000002   Code   RO         5604    i.HAL_I2C_MasterTxCpltCallback  stm32h7xx_hal_i2c.o
    0x9000555a   0x9000555a   0x00000002   PAD
    0x9000555c   0x9000555c   0x00000018   Code   RO        17809    i.HAL_I2C_MemRxCpltCallback  drv_eeprom.o
    0x90005574   0x90005574   0x00000018   Code   RO        17810    i.HAL_I2C_MemTxCpltCallback  drv_eeprom.o
    0x9000558c   0x9000558c   0x000000a8   Code   RO         5620    i.HAL_I2C_Mem_Read_IT  stm32h7xx_hal_i2c.o
    0x90005634   0x90005634   0x000000b0   Code   RO         5623    i.HAL_I2C_Mem_Write_IT  stm32h7xx_hal_i2c.o
    0x900056e4   0x900056e4   0x00000002   Code   RO         5624    i.HAL_I2C_MspDeInit  stm32h7xx_hal_i2c.o
    0x900056e6   0x900056e6   0x00000002   Code   RO         5625    i.HAL_I2C_MspInit   stm32h7xx_hal_i2c.o
    0x900056e8   0x900056e8   0x00000002   Code   RO         5628    i.HAL_I2C_SlaveRxCpltCallback  stm32h7xx_hal_i2c.o
    0x900056ea   0x900056ea   0x00000002   Code   RO         5629    i.HAL_I2C_SlaveTxCpltCallback  stm32h7xx_hal_i2c.o
    0x900056ec   0x900056ec   0x00000010   Code   RO          402    i.HAL_IncTick       stm32h7xx_hal.o
    0x900056fc   0x900056fc   0x0000005c   Code   RO          403    i.HAL_Init          stm32h7xx_hal.o
    0x90005758   0x90005758   0x00000040   Code   RO          404    i.HAL_InitTick      stm32h7xx_hal.o
    0x90005798   0x90005798   0x0000005c   Code   RO         1357    i.HAL_MPU_ConfigRegion  stm32h7xx_hal_cortex.o
    0x900057f4   0x900057f4   0x0000001c   Code   RO         1358    i.HAL_MPU_Disable   stm32h7xx_hal_cortex.o
    0x90005810   0x90005810   0x00000024   Code   RO         1360    i.HAL_MPU_Enable    stm32h7xx_hal_cortex.o
    0x90005834   0x90005834   0x00000002   Code   RO         8166    i.HAL_MspInit       stm32h7xx_hal_msp_template.o
    0x90005836   0x90005836   0x0000001a   Code   RO         1364    i.HAL_NVIC_EnableIRQ  stm32h7xx_hal_cortex.o
    0x90005850   0x90005850   0x00000040   Code   RO         1370    i.HAL_NVIC_SetPriority  stm32h7xx_hal_cortex.o
    0x90005890   0x90005890   0x00000024   Code   RO         1371    i.HAL_NVIC_SetPriorityGrouping  stm32h7xx_hal_cortex.o
    0x900058b4   0x900058b4   0x00000024   Code   RO         9829    i.HAL_RCCEx_GetD3PCLK1Freq  stm32h7xx_hal_rcc_ex.o
    0x900058d8   0x900058d8   0x00000144   Code   RO         9831    i.HAL_RCCEx_GetPLL2ClockFreq  stm32h7xx_hal_rcc_ex.o
    0x90005a1c   0x90005a1c   0x00000144   Code   RO         9832    i.HAL_RCCEx_GetPLL3ClockFreq  stm32h7xx_hal_rcc_ex.o
    0x90005b60   0x90005b60   0x000009ac   Code   RO         9838    i.HAL_RCCEx_PeriphCLKConfig  stm32h7xx_hal_rcc_ex.o
    0x9000650c   0x9000650c   0x0000025c   Code   RO         9714    i.HAL_RCC_ClockConfig  stm32h7xx_hal_rcc.o
    0x90006768   0x90006768   0x00000044   Code   RO         9719    i.HAL_RCC_GetHCLKFreq  stm32h7xx_hal_rcc.o
    0x900067ac   0x900067ac   0x00000024   Code   RO         9721    i.HAL_RCC_GetPCLK1Freq  stm32h7xx_hal_rcc.o
    0x900067d0   0x900067d0   0x00000024   Code   RO         9722    i.HAL_RCC_GetPCLK2Freq  stm32h7xx_hal_rcc.o
    0x900067f4   0x900067f4   0x00000138   Code   RO         9723    i.HAL_RCC_GetSysClockFreq  stm32h7xx_hal_rcc.o
    0x9000692c   0x9000692c   0x00000582   Code   RO         9726    i.HAL_RCC_OscConfig  stm32h7xx_hal_rcc.o
    0x90006eae   0x90006eae   0x00000002   Code   RO        12257    i.HAL_SPI_AbortCpltCallback  stm32h7xx_hal_spi.o
    0x90006eb0   0x90006eb0   0x00000002   Code   RO        12263    i.HAL_SPI_ErrorCallback  stm32h7xx_hal_spi.o
    0x90006eb2   0x90006eb2   0x00000002   PAD
    0x90006eb4   0x90006eb4   0x00000220   Code   RO        12266    i.HAL_SPI_IRQHandler  stm32h7xx_hal_spi.o
    0x900070d4   0x900070d4   0x00000298   Code   RO        12267    i.HAL_SPI_Init      stm32h7xx_hal_spi.o
    0x9000736c   0x9000736c   0x00000002   Code   RO        12269    i.HAL_SPI_MspInit   stm32h7xx_hal_spi.o
    0x9000736e   0x9000736e   0x00000002   Code   RO        12274    i.HAL_SPI_RxCpltCallback  stm32h7xx_hal_spi.o
    0x90007370   0x90007370   0x00000002   Code   RO        12275    i.HAL_SPI_RxHalfCpltCallback  stm32h7xx_hal_spi.o
    0x90007372   0x90007372   0x00000002   Code   RO        12276    i.HAL_SPI_SuspendCallback  stm32h7xx_hal_spi.o
    0x90007374   0x90007374   0x00000002   Code   RO        12283    i.HAL_SPI_TxCpltCallback  stm32h7xx_hal_spi.o
    0x90007376   0x90007376   0x00000002   Code   RO        12284    i.HAL_SPI_TxHalfCpltCallback  stm32h7xx_hal_spi.o
    0x90007378   0x90007378   0x00000014   Code   RO        18074    i.HAL_SPI_TxRxCpltCallback  spi_flash.o
    0x9000738c   0x9000738c   0x00000002   Code   RO        12286    i.HAL_SPI_TxRxHalfCpltCallback  stm32h7xx_hal_spi.o
    0x9000738e   0x9000738e   0x00000026   Code   RO         1375    i.HAL_SYSTICK_Config  stm32h7xx_hal_cortex.o
    0x900073b4   0x900073b4   0x00000026   Code   RO        12919    i.HAL_TIM_Base_Stop  stm32h7xx_hal_tim.o
    0x900073da   0x900073da   0x00000162   Code   RO        12961    i.HAL_TIM_IRQHandler  stm32h7xx_hal_tim.o
    0x9000753c   0x9000753c   0x00000002   Code   RO        13945    i.HAL_UARTEx_RxEventCallback  stm32h7xx_hal_uart.o
    0x9000753e   0x9000753e   0x00000002   Code   RO        14394    i.HAL_UARTEx_RxFifoFullCallback  stm32h7xx_hal_uart_ex.o
    0x90007540   0x90007540   0x00000002   Code   RO        14398    i.HAL_UARTEx_TxFifoEmptyCallback  stm32h7xx_hal_uart_ex.o
    0x90007542   0x90007542   0x00000002   Code   RO        14399    i.HAL_UARTEx_WakeupCallback  stm32h7xx_hal_uart_ex.o
    0x90007544   0x90007544   0x00000002   Code   RO        13947    i.HAL_UART_AbortCpltCallback  stm32h7xx_hal_uart.o
    0x90007546   0x90007546   0x00000002   Code   RO        13949    i.HAL_UART_AbortReceiveCpltCallback  stm32h7xx_hal_uart.o
    0x90007548   0x90007548   0x00000002   Code   RO        13952    i.HAL_UART_AbortTransmitCpltCallback  stm32h7xx_hal_uart.o
    0x9000754a   0x9000754a   0x00000002   Code   RO        13961    i.HAL_UART_ErrorCallback  stm32h7xx_hal_uart.o
    0x9000754c   0x9000754c   0x00000080   Code   RO        13965    i.HAL_UART_Init     stm32h7xx_hal_uart.o
    0x900075cc   0x900075cc   0x00000002   Code   RO        13967    i.HAL_UART_MspInit  stm32h7xx_hal_uart.o
    0x900075ce   0x900075ce   0x00000002   Code   RO        13974    i.HAL_UART_RxCpltCallback  stm32h7xx_hal_uart.o
    0x900075d0   0x900075d0   0x00000002   Code   RO        13975    i.HAL_UART_RxHalfCpltCallback  stm32h7xx_hal_uart.o
    0x900075d2   0x900075d2   0x00000002   Code   RO        13979    i.HAL_UART_TxCpltCallback  stm32h7xx_hal_uart.o
    0x900075d4   0x900075d4   0x00000002   Code   RO        13980    i.HAL_UART_TxHalfCpltCallback  stm32h7xx_hal_uart.o
    0x900075d6   0x900075d6   0x00000002   PAD
    0x900075d8   0x900075d8   0x00000148   Code   RO        19663    i.HardFaultHandler  segger_hardfaulthandler.o
    0x90007720   0x90007720   0x0000000c   Code   RO        17811    i.I2C2_ER_IRQHandler  drv_eeprom.o
    0x9000772c   0x9000772c   0x0000000c   Code   RO        17812    i.I2C2_EV_IRQHandler  drv_eeprom.o
    0x90007738   0x90007738   0x00000014   Code   RO         5643    i.I2C_DMAAbort      stm32h7xx_hal_i2c.o
    0x9000774c   0x9000774c   0x00000060   Code   RO         5649    i.I2C_Disable_IRQ   stm32h7xx_hal_i2c.o
    0x900077ac   0x900077ac   0x00000088   Code   RO         5650    i.I2C_Enable_IRQ    stm32h7xx_hal_i2c.o
    0x90007834   0x90007834   0x00000022   Code   RO         5651    i.I2C_Flush_TXDR    stm32h7xx_hal_i2c.o
    0x90007856   0x90007856   0x0000009a   Code   RO         5652    i.I2C_ITAddrCplt    stm32h7xx_hal_i2c.o
    0x900078f0   0x900078f0   0x00000120   Code   RO         5653    i.I2C_ITError       stm32h7xx_hal_i2c.o
    0x90007a10   0x90007a10   0x00000068   Code   RO         5654    i.I2C_ITListenCplt  stm32h7xx_hal_i2c.o
    0x90007a78   0x90007a78   0x000000f0   Code   RO         5655    i.I2C_ITMasterCplt  stm32h7xx_hal_i2c.o
    0x90007b68   0x90007b68   0x0000004e   Code   RO         5656    i.I2C_ITMasterSeqCplt  stm32h7xx_hal_i2c.o
    0x90007bb6   0x90007bb6   0x00000002   PAD
    0x90007bb8   0x90007bb8   0x00000250   Code   RO         5657    i.I2C_ITSlaveCplt   stm32h7xx_hal_i2c.o
    0x90007e08   0x90007e08   0x00000072   Code   RO         5658    i.I2C_ITSlaveSeqCplt  stm32h7xx_hal_i2c.o
    0x90007e7a   0x90007e7a   0x00000002   PAD
    0x90007e7c   0x90007e7c   0x00000110   Code   RO         5660    i.I2C_Master_ISR_DMA  stm32h7xx_hal_i2c.o
    0x90007f8c   0x90007f8c   0x0000013c   Code   RO         5662    i.I2C_Mem_ISR_DMA   stm32h7xx_hal_i2c.o
    0x900080c8   0x900080c8   0x00000148   Code   RO         5663    i.I2C_Mem_ISR_IT    stm32h7xx_hal_i2c.o
    0x90008210   0x90008210   0x0000020c   Code   RO         5666    i.I2C_Slave_ISR_DMA  stm32h7xx_hal_i2c.o
    0x9000841c   0x9000841c   0x00000118   Code   RO         5667    i.I2C_Slave_ISR_IT  stm32h7xx_hal_i2c.o
    0x90008534   0x90008534   0x00000030   Code   RO         5668    i.I2C_TransferConfig  stm32h7xx_hal_i2c.o
    0x90008564   0x90008564   0x00000024   Code   RO         5669    i.I2C_TreatErrorCallback  stm32h7xx_hal_i2c.o
    0x90008588   0x90008588   0x00000158   Code   RO        18681    i.MPU_Config        main.o
    0x900086e0   0x900086e0   0x00000044   Code   RO        19292    i.MemManage_Handler_C  stm32h7xx_it.o
    0x90008724   0x90008724   0x00000002   Code   RO        19293    i.NMI_Handler       stm32h7xx_it.o
    0x90008726   0x90008726   0x0000000c   Code   RO        20028    i.OD_extension_init  co_pdo.o
    0x90008732   0x90008732   0x00000052   Code   RO        19939    i.OD_find           co_odinterface.o
    0x90008784   0x90008784   0x00000008   Code   RO        19693    i.OD_getIndex       co_emergency.o
    0x9000878c   0x9000878c   0x00000008   Code   RO        19783    i.OD_getIndex       co_hbconsumer.o
    0x90008794   0x90008794   0x00000008   Code   RO        19851    i.OD_getIndex       co_nmt_heartbeat.o
    0x9000879c   0x9000879c   0x00000008   Code   RO        20029    i.OD_getIndex       co_pdo.o
    0x900087a4   0x900087a4   0x00000008   Code   RO        20275    i.OD_getIndex       co_sync.o
    0x900087ac   0x900087ac   0x00000036   Code   RO        19940    i.OD_getPtr         co_odinterface.o
    0x900087e2   0x900087e2   0x00000002   PAD
    0x900087e4   0x900087e4   0x00000018   Code   RO        19941    i.OD_getSDOabCode   co_odinterface.o
    0x900087fc   0x900087fc   0x000000e8   Code   RO        19942    i.OD_getSub         co_odinterface.o
    0x900088e4   0x900088e4   0x0000000c   Code   RO        20030    i.OD_get_u16        co_pdo.o
    0x900088f0   0x900088f0   0x0000000c   Code   RO        20031    i.OD_get_u32        co_pdo.o
    0x900088fc   0x900088fc   0x0000000c   Code   RO        20195    i.OD_get_u32        co_sdoserver.o
    0x90008908   0x90008908   0x0000000c   Code   RO        20032    i.OD_get_u8         co_pdo.o
    0x90008914   0x90008914   0x00000050   Code   RO        19943    i.OD_get_value      co_odinterface.o
    0x90008964   0x90008964   0x00000004   Code   RO        19944    i.OD_readDisabled   co_odinterface.o
    0x90008968   0x90008968   0x00000052   Code   RO        19945    i.OD_readOriginal   co_odinterface.o
    0x900089ba   0x900089ba   0x00000070   Code   RO        19694    i.OD_read_1003      co_emergency.o
    0x90008a2a   0x90008a2a   0x00000040   Code   RO        19695    i.OD_read_1014_default  co_emergency.o
    0x90008a6a   0x90008a6a   0x00000054   Code   RO        20033    i.OD_read_PDO_commParam  co_pdo.o
    0x90008abe   0x90008abe   0x00000028   Code   RO        20034    i.OD_read_dummy     co_pdo.o
    0x90008ae6   0x90008ae6   0x00000012   Code   RO        20196    i.OD_set_u32        co_sdoserver.o
    0x90008af8   0x90008af8   0x00000050   Code   RO        19946    i.OD_set_value      co_odinterface.o
    0x90008b48   0x90008b48   0x00000004   Code   RO        19947    i.OD_writeDisabled  co_odinterface.o
    0x90008b4c   0x90008b4c   0x00000064   Code   RO        19948    i.OD_writeOriginal  co_odinterface.o
    0x90008bb0   0x90008bb0   0x00000038   Code   RO        19696    i.OD_write_1003     co_emergency.o
    0x90008be8   0x90008be8   0x000000f4   Code   RO        20276    i.OD_write_1005     co_sync.o
    0x90008cdc   0x90008cdc   0x00000080   Code   RO        20335    i.OD_write_1012     co_time.o
    0x90008d5c   0x90008d5c   0x00000060   Code   RO        19784    i.OD_write_1016     co_hbconsumer.o
    0x90008dbc   0x90008dbc   0x0000004e   Code   RO        19852    i.OD_write_1017     co_nmt_heartbeat.o
    0x90008e0a   0x90008e0a   0x00000088   Code   RO        20277    i.OD_write_1019     co_sync.o
    0x90008e92   0x90008e92   0x00000002   PAD
    0x90008e94   0x90008e94   0x00000130   Code   RO        20197    i.OD_write_1201_additional  co_sdoserver.o
    0x90008fc4   0x90008fc4   0x0000015c   Code   RO        20035    i.OD_write_14xx     co_pdo.o
    0x90009120   0x90009120   0x00000180   Code   RO        20036    i.OD_write_18xx     co_pdo.o
    0x900092a0   0x900092a0   0x000000a8   Code   RO        20037    i.OD_write_PDO_mapping  co_pdo.o
    0x90009348   0x90009348   0x00000008   Code   RO        20038    i.OD_write_dummy    co_pdo.o
    0x90009350   0x90009350   0x000000d6   Code   RO        20039    i.PDO_initMapping   co_pdo.o
    0x90009426   0x90009426   0x00000002   PAD
    0x90009428   0x90009428   0x000000d8   Code   RO        20040    i.PDOconfigMap      co_pdo.o
    0x90009500   0x90009500   0x00000002   Code   RO        19294    i.PendSV_Handler    stm32h7xx_it.o
    0x90009502   0x90009502   0x00000002   PAD
    0x90009504   0x90009504   0x00000120   Code   RO         9841    i.RCCEx_PLL2_Config  stm32h7xx_hal_rcc_ex.o
    0x90009624   0x90009624   0x00000120   Code   RO         9842    i.RCCEx_PLL3_Config  stm32h7xx_hal_rcc_ex.o
    0x90009744   0x90009744   0x00000004   Code   RO        19390    i.SEGGER_RTT_Init   segger_rtt.o
    0x90009748   0x90009748   0x00000038   Code   RO        19405    i.SEGGER_RTT_Write  segger_rtt.o
    0x90009780   0x90009780   0x0000005c   Code   RO        19408    i.SEGGER_RTT_WriteNoLock  segger_rtt.o
    0x900097dc   0x900097dc   0x00000016   Code   RO        19619    i.SEGGER_RTT_printf  segger_rtt_printf.o
    0x900097f2   0x900097f2   0x00000002   PAD
    0x900097f4   0x900097f4   0x000001d8   Code   RO        19620    i.SEGGER_RTT_vprintf  segger_rtt_printf.o
    0x900099cc   0x900099cc   0x0000000c   Code   RO        18075    i.SPI1_IRQHandler   spi_flash.o
    0x900099d8   0x900099d8   0x000000de   Code   RO        12289    i.SPI_CloseTransfer  stm32h7xx_hal_spi.o
    0x90009ab6   0x90009ab6   0x00000018   Code   RO        12290    i.SPI_DMAAbortOnError  stm32h7xx_hal_spi.o
    0x90009ace   0x90009ace   0x00000002   Code   RO        19295    i.SVC_Handler       stm32h7xx_it.o
    0x90009ad0   0x90009ad0   0x000000f4   Code   RO        18682    i.SystemClock_Config  main.o
    0x90009bc4   0x90009bc4   0x000000f8   Code   RO           15    i.SystemInit        system_stm32h7xx.o
    0x90009cbc   0x90009cbc   0x0000000c   Code   RO        17761    i.TIM1_UP_IRQHandler  pwm_timer1.o
    0x90009cc8   0x90009cc8   0x0000000c   Code   RO        17712    i.TIM5_IRQHandler   pwm_in_timer5.o
    0x90009cd4   0x90009cd4   0x000000c8   Code   RO        13983    i.UART_AdvFeatureConfig  stm32h7xx_hal_uart.o
    0x90009d9c   0x90009d9c   0x000000aa   Code   RO        13984    i.UART_CheckIdleState  stm32h7xx_hal_uart.o
    0x90009e46   0x90009e46   0x00000002   PAD
    0x90009e48   0x90009e48   0x00000054   Code   RO        13995    i.UART_EndRxTransfer  stm32h7xx_hal_uart.o
    0x90009e9c   0x90009e9c   0x0000007c   Code   RO        13997    i.UART_InitCallbacksToDefault  stm32h7xx_hal_uart.o
    0x90009f18   0x90009f18   0x000003ac   Code   RO        14002    i.UART_SetConfig    stm32h7xx_hal_uart.o
    0x9000a2c4   0x9000a2c4   0x00000094   Code   RO        14009    i.UART_WaitOnFlagUntilTimeout  stm32h7xx_hal_uart.o
    0x9000a358   0x9000a358   0x00000034   Code   RO        18470    i.USART1_IRQHandler  usart1_dma.o
    0x9000a38c   0x9000a38c   0x00000002   Code   RO        19296    i.UsageFault_Handler  stm32h7xx_it.o
    0x9000a38e   0x9000a38e   0x00000002   PAD
    0x9000a390   0x9000a390   0x00000068   Code   RO        19412    i._DoInit           segger_rtt.o
    0x9000a3f8   0x9000a3f8   0x00000016   Code   RO        19413    i._GetAvailWriteSpace  segger_rtt.o
    0x9000a40e   0x9000a40e   0x00000002   PAD
    0x9000a410   0x9000a410   0x000000c6   Code   RO        19621    i._PrintInt         segger_rtt_printf.o
    0x9000a4d6   0x9000a4d6   0x00000002   PAD
    0x9000a4d8   0x9000a4d8   0x000000d4   Code   RO        19622    i._PrintUnsigned    segger_rtt_printf.o
    0x9000a5ac   0x9000a5ac   0x0000003e   Code   RO        19623    i._StoreChar        segger_rtt_printf.o
    0x9000a5ea   0x9000a5ea   0x0000005a   Code   RO        19415    i._WriteBlocking    segger_rtt.o
    0x9000a644   0x9000a644   0x00000044   Code   RO        19416    i._WriteNoCheck     segger_rtt.o
    0x9000a688   0x9000a688   0x00000034   Code   RO        21474    i.__0vsnprintf      mc_w.l(printfa.o)
    0x9000a6bc   0x9000a6bc   0x00000022   Code   RO         1377    i.__NVIC_SetPriority  stm32h7xx_hal_cortex.o
    0x9000a6de   0x9000a6de   0x0000000e   Code   RO        21537    i.__scatterload_copy  mc_w.l(handlers.o)
    0x9000a6ec   0x9000a6ec   0x00000002   Code   RO        21538    i.__scatterload_null  mc_w.l(handlers.o)
    0x9000a6ee   0x9000a6ee   0x0000000e   Code   RO        21539    i.__scatterload_zeroinit  mc_w.l(handlers.o)
    0x9000a6fc   0x9000a6fc   0x00000184   Code   RO        21476    i._fp_digits        mc_w.l(printfa.o)
    0x9000a880   0x9000a880   0x000006b4   Code   RO        21477    i._printf_core      mc_w.l(printfa.o)
    0x9000af34   0x9000af34   0x00000024   Code   RO        21478    i._printf_post_padding  mc_w.l(printfa.o)
    0x9000af58   0x9000af58   0x0000002e   Code   RO        21479    i._printf_pre_padding  mc_w.l(printfa.o)
    0x9000af86   0x9000af86   0x00000016   Code   RO        21480    i._snputc           mc_w.l(printfa.o)
    0x9000af9c   0x9000af9c   0x00000064   Code   RO        20857    i.bx_can12_get_msg  bx_can12_open.o
    0x9000b000   0x9000b000   0x0000012c   Code   RO        20858    i.bx_can12_init     bx_can12_open.o
    0x9000b12c   0x9000b12c   0x00000036   Code   RO        20859    i.bx_can12_init_filter  bx_can12_open.o
    0x9000b162   0x9000b162   0x00000002   PAD
    0x9000b164   0x9000b164   0x00000050   Code   RO        20860    i.bx_can12_send_msg_std  bx_can12_open.o
    0x9000b1b4   0x9000b1b4   0x00000130   Code   RO        20861    i.can12_borad_init  bx_can12_open.o
    0x9000b2e4   0x9000b2e4   0x00000040   Code   RO        18568    i.circular_buffer_init  circular_buffer.o
    0x9000b324   0x9000b324   0x0000005e   Code   RO        18573    i.circular_buffer_write  circular_buffer.o
    0x9000b382   0x9000b382   0x00000024   Code   RO        18418    i.dma1mux_fill_buf  dma1mux_pwm.o
    0x9000b3a6   0x9000b3a6   0x00000002   PAD
    0x9000b3a8   0x9000b3a8   0x0000000c   Code   RO        17813    i.drv_eeprom_clrerrflag  drv_eeprom.o
    0x9000b3b4   0x9000b3b4   0x0000000c   Code   RO        17814    i.drv_eeprom_clrrflag  drv_eeprom.o
    0x9000b3c0   0x9000b3c0   0x0000000c   Code   RO        17815    i.drv_eeprom_clrwflag  drv_eeprom.o
    0x9000b3cc   0x9000b3cc   0x000000a8   Code   RO        17816    i.drv_eeprom_init   drv_eeprom.o
    0x9000b474   0x9000b474   0x00000020   Code   RO        17817    i.drv_eeprom_readbuf  drv_eeprom.o
    0x9000b494   0x9000b494   0x0000000c   Code   RO        17818    i.drv_eeprom_reterrflag  drv_eeprom.o
    0x9000b4a0   0x9000b4a0   0x0000000c   Code   RO        17819    i.drv_eeprom_retrflag  drv_eeprom.o
    0x9000b4ac   0x9000b4ac   0x0000000c   Code   RO        17820    i.drv_eeprom_retwflag  drv_eeprom.o
    0x9000b4b8   0x9000b4b8   0x00000020   Code   RO        17821    i.drv_eeprom_writebuf  drv_eeprom.o
    0x9000b4d8   0x9000b4d8   0x00000010   Code   RO        18222    i.drv_fmc_bl_ctrl   drv_fmc_lcd.o
    0x9000b4e8   0x9000b4e8   0x000000f8   Code   RO        18225    i.drv_fmc_lcd_init  drv_fmc_lcd.o
    0x9000b5e0   0x9000b5e0   0x0000003c   Code   RO        18226    i.drv_fmc_lcd_rst   drv_fmc_lcd.o
    0x9000b61c   0x9000b61c   0x0000000c   Code   RO        18227    i.drv_fmc_read_data  drv_fmc_lcd.o
    0x9000b628   0x9000b628   0x00000008   Code   RO        18228    i.drv_fmc_write_cmd  drv_fmc_lcd.o
    0x9000b630   0x9000b630   0x0000000c   Code   RO        18229    i.drv_fmc_write_data  drv_fmc_lcd.o
    0x9000b63c   0x9000b63c   0x00000068   Code   RO        17580    i.drv_key_init      drv_key.o
    0x9000b6a4   0x9000b6a4   0x00000040   Code   RO        17581    i.drv_key_readmask  drv_key.o
    0x9000b6e4   0x9000b6e4   0x00000068   Code   RO        17470    i.drv_led_init      drv_led.o
    0x9000b74c   0x9000b74c   0x00000018   Code   RO        17471    i.drv_led_off       drv_led.o
    0x9000b764   0x9000b764   0x00000018   Code   RO        17472    i.drv_led_on        drv_led.o
    0x9000b77c   0x9000b77c   0x00000050   Code   RO        17916    i.drvp_eeprom_init  drvp_eeprom.o
    0x9000b7cc   0x9000b7cc   0x0000009c   Code   RO        17917    i.drvp_eeprom_prc_10ms  drvp_eeprom.o
    0x9000b868   0x9000b868   0x00000264   Code   RO        18300    i.drvp_fmc_lcd_init  drvp_fmc_lcd.o
    0x9000bacc   0x9000bacc   0x00000084   Code   RO        18303    i.drvp_fmc_lcd_set_axis_scan  drvp_fmc_lcd.o
    0x9000bb50   0x9000bb50   0x0000006c   Code   RO        18304    i.drvp_fmc_lcd_set_wid  drvp_fmc_lcd.o
    0x9000bbbc   0x9000bbbc   0x0000002c   Code   RO        18306    i.drvp_fmc_lcd_writesigle  drvp_fmc_lcd.o
    0x9000bbe8   0x9000bbe8   0x00000020   Code   RO        17615    i.drvp_key_init     drvp_key.o
    0x9000bc08   0x9000bc08   0x000000f4   Code   RO        17616    i.drvp_key_prc_10ms  drvp_key.o
    0x9000bcfc   0x9000bcfc   0x0000001c   Code   RO        17618    i.drvp_key_wfifo    drvp_key.o
    0x9000bd18   0x9000bd18   0x00000004   Code   RO        17511    i.drvp_led_init     drvp_led.o
    0x9000bd1c   0x9000bd1c   0x00000070   Code   RO        17514    i.drvp_led_prc_1ms  drvp_led.o
    0x9000bd8c   0x9000bd8c   0x0000029c   Code   RO        18683    i.main              main.o
    0x9000c028   0x9000c028   0x00000004   Code   RO        18528    i.mutex_init        port.o
    0x9000c02c   0x9000c02c   0x00000002   Code   RO        18529    i.mutex_lock        port.o
    0x9000c02e   0x9000c02e   0x00000002   Code   RO        18530    i.mutex_unlock      port.o
    0x9000c030   0x9000c030   0x000000c4   Code   RO        20198    i.readFromOd        co_sdoserver.o
    0x9000c0f4   0x9000c0f4   0x000001c4   Code   RO        18084    i.spi_flash_w25q128_init  spi_flash.o
    0x9000c2b8   0x9000c2b8   0x00000084   Code   RO        18628    i.sram_d2_free      sram_d2_malloc.o
    0x9000c33c   0x9000c33c   0x00000034   Code   RO        18631    i.sram_d2_init      sram_d2_malloc.o
    0x9000c370   0x9000c370   0x00000084   Code   RO        18632    i.sram_d2_malloc    sram_d2_malloc.o
    0x9000c3f4   0x9000c3f4   0x0000018c   Code   RO        18471    i.usart1_dma_init   usart1_dma.o
    0x9000c580   0x9000c580   0x00000048   Code   RO        18472    i.usart1_fifo_out   usart1_dma.o
    0x9000c5c8   0x9000c5c8   0x00000044   Code   RO        18473    i.usart1_my_printf  usart1_dma.o
    0x9000c60c   0x9000c60c   0x000000e8   Code   RO        20199    i.validateAndWriteToOD  co_sdoserver.o
    0x9000c6f4   0x9000c6f4   0x00000010   Data   RO           16    .constdata          system_stm32h7xx.o
    0x9000c704   0x9000c704   0x00000008   Data   RO         2523    .constdata          stm32h7xx_hal_dma.o
    0x9000c70c   0x9000c70c   0x0000005c   Data   RO         3618    .constdata          stm32h7xx_hal_fdcan.o
    0x9000c768   0x9000c768   0x00000018   Data   RO        14010    .constdata          stm32h7xx_hal_uart.o
    0x9000c780   0x9000c780   0x00000028   Data   RO        17473    .constdata          drv_led.o
    0x9000c7a8   0x9000c7a8   0x00000060   Data   RO        17582    .constdata          drv_key.o
    0x9000c808   0x9000c808   0x00000021   Data   RO        19419    .constdata          segger_rtt.o
    0x9000c829   0x9000c829   0x00000010   Data   RO        19624    .constdata          segger_rtt_printf.o
    0x9000c839   0x9000c839   0x00000003   PAD
    0x9000c83c   0x9000c83c   0x00000068   Data   RO        19949    .constdata          co_odinterface.o
    0x9000c8a4   0x9000c8a4   0x00000014   Data   RO        20496    .constdata          co_lssslave.o
    0x9000c8b8   0x9000c8b8   0x000006a4   Data   RO        20824    .constdata          od.o
    0x9000cf5c   0x9000cf5c   0x00000018   Data   RO        21289    .constdata          eventrecorder.o
    0x9000cf74   0x9000cf74   0x00000070   Data   RO        21535    Region$$Table       anon$$obj.o



  Load Region LR_SPIFLASH (Base: 0xd0000000, Size: 0x00000000, Max: 0x01000000, ABSOLUTE)

    Execution Region ER_SPIFLASH (Exec base: 0xd0000000, Load base: 0xd0000000, Size: 0x00000000, Max: 0x01000000, ABSOLUTE)

    **** No section assigned to this execution region ****


==============================================================================

Image component sizes


      Code (inc. data)   RO Data    RW Data    ZI Data      Debug   Object Name

        84         10          0         32          0       1464   bdmamux_pwm.o
      1070        104          0      25128          0       7738   bx_can12_open.o
      1474         10          0          0          0      40085   canopen.o
       158          0          0          0          0       2947   circular_buffer.o
       670         10          0          6          0      10696   co_driver.o
      1034         20          0          0          0      22408   co_emergency.o
       848         26          0          0          0      24405   co_hbconsumer.o
       490         36          0          0          0       2885   co_leds.o
       840         24         20          0          0       8505   co_lssslave.o
       704         22          0          0          0      20559   co_nmt_heartbeat.o
         0          0          0          0          0      11264   co_node_guarding.o
       742         24        104          0          0      15331   co_odinterface.o
      2664         80          0          0          0      35218   co_pdo.o
      2670         70          0          0          0      24435   co_sdoserver.o
       862         36          0          0          0      17447   co_sync.o
       502         34          0          0          0       8657   co_time.o
       152          8          0        376          0       2332   dma1mux_pwm.o
       444        106          0        136          0       8601   drv_eeprom.o
       368         46          0        120          0       4694   drv_fmc_lcd.o
       168         12         96          0          0       2150   drv_key.o
       152         16         40          0          0       2426   drv_led.o
       236         16          0        266          0       3138   drvp_eeprom.o
       896         44          0         28          0       4014   drvp_fmc_lcd.o
       304         24          0         64          0       4680   drvp_key.o
       116          4          0         32          0       2415   drvp_led.o
       788         68         24          0       1188      11320   eventrecorder.o
         0          0          0          0          0       2396   exspi_flash_ro.o
        20          2          0          0          0        268   hardfaulthandler.o
      1456        194          0       1052        304      71397   main.o
         0          0       1700       1020          0      10900   od.o
         8          0          0          0          0       2353   port.o
        12          6          0        188          0       1292   pwm_in_timer5.o
        12          6          0        220          0        739   pwm_timer1.o
       328        110          0          4         64       3411   segger_hardfaulthandler.o
       436         34         33       1041        168      10472   segger_rtt.o
       966         16         16          0          0       6013   segger_rtt_printf.o
       508         50          0       4520          0       3962   spi_flash.o
       316         22          0      20496          0       4403   sram_d2_malloc.o
        44         12        664          0       4096        996   startup_stm32h743xx.o
       248         48          0         12          0      24425   stm32h7xx_hal.o
       354         28          0          0          0      42433   stm32h7xx_hal_cortex.o
      3918        152          8          0          0       9678   stm32h7xx_hal_dma.o
      3176        122         92          0          0      25911   stm32h7xx_hal_fdcan.o
       576         50          0          0          0       3175   stm32h7xx_hal_gpio.o
      4498        210          0          0          0      30469   stm32h7xx_hal_i2c.o
         2          0          0          0          0        566   stm32h7xx_hal_msp_template.o
      2466        102          0          0          0       7500   stm32h7xx_hal_rcc.o
      3736        118          0          0          0       8213   stm32h7xx_hal_rcc_ex.o
      1472         58          0          0          0      10299   stm32h7xx_hal_spi.o
       392          0          0          0          0       1881   stm32h7xx_hal_tim.o
      1814        166         24          0          0      33911   stm32h7xx_hal_uart.o
         6          0          0          0          0       1817   stm32h7xx_hal_uart_ex.o
        98          6          0          0          0       4254   stm32h7xx_it.o
       244          8          0          0          0       3273   stm32h7xx_ll_fmc.o
       250         42         16          8          0    1373165   system_stm32h7xx.o
       628         62          0       2090          0       5029   usart1_dma.o

    ----------------------------------------------------------------------
     46514       2474       2952      56852       5864    2004415   Object Totals
        40          0        112          0          0          0   (incl. Generated)
        54          0          3         13         44          0   (incl. Padding)

    ----------------------------------------------------------------------

      Code (inc. data)   RO Data    RW Data    ZI Data      Debug   Library Member Name

        86          0          0          0          0          0   __dczerorl2.o
         0          0          0          0          0          0   entry.o
         0          0          0          0          0          0   entry10a.o
         0          0          0          0          0          0   entry11a.o
         4          0          0          0          0          0   entry12b.o
         8          4          0          0          0          0   entry2.o
         4          0          0          0          0          0   entry5.o
         0          0          0          0          0          0   entry7b.o
         0          0          0          0          0          0   entry8b.o
         8          4          0          0          0          0   entry9a.o
        30          0          0          0          0          0   handlers.o
        36          8          0          0          0         68   init.o
         0          0          0          0          0          0   iusefp.o
        30          0          0          0          0         68   llshl.o
        36          0          0          0          0         68   llsshr.o
        32          0          0          0          0         68   llushr.o
        64          0          0          0          0         76   memmovea.o
        36          0          0          0          0        108   memseta.o
      2260         86          0          0          0        528   printfa.o
        14          0          0          0          0         68   strlen.o
        44          0          0          0          0         80   uidiv.o
        98          0          0          0          0         92   uldiv.o
        48          0          0          0          0         68   cdrcmple.o
       334          0          0          0          0        148   dadd.o
       222          0          0          0          0        100   ddiv.o
       186          0          0          0          0        176   depilogue.o
        48          0          0          0          0         68   dfixul.o
       228          0          0          0          0         96   dmul.o

    ----------------------------------------------------------------------
      3858        102          0          0          0       1880   Library Totals
         2          0          0          0          0          0   (incl. Padding)

    ----------------------------------------------------------------------

      Code (inc. data)   RO Data    RW Data    ZI Data      Debug   Library Name

      2790        102          0          0          0       1224   mc_w.l
      1066          0          0          0          0        656   mf_w.l

    ----------------------------------------------------------------------
      3858        102          0          0          0       1880   Library Totals

    ----------------------------------------------------------------------

==============================================================================


      Code (inc. data)   RO Data    RW Data    ZI Data      Debug   

     50372       2576       2952      56852       5864    1973143   Grand Totals
     50372       2576       2952        836       5864    1973143   ELF Image Totals (compressed)
     50372       2576       2952        836          0          0   ROM Totals

==============================================================================

    Total RO  Size (Code + RO Data)                53324 (  52.07kB)
    Total RW  Size (RW Data + ZI Data)             62716 (  61.25kB)
    Total ROM Size (Code + RO Data + RW Data)      54160 (  52.89kB)

==============================================================================

