<html>
<body>
<pre>
<h1>礦ision Build Log</h1>
<h2>Tool Versions:</h2>
IDE-Version: μVision V5.43.1.0
Copyright (C) 2025 ARM Ltd and ARM Germany GmbH. All rights reserved.
License Information: 11 11, 11, LIC=GMZI6-DNH8Z-2ZLW4-F4GS1-C4LUG-L7S79
 
Tool Versions:
Toolchain:       MDK-ARM Plus  Version: 5.43.0.0
Toolchain Path:  C:\Users\EVC2-5\AppData\Local\Keil_v5\ARM\ARMCC\Bin
C Compiler:      Armcc.exe V5.06 update 7 (build 960)
Assembler:       Armasm.exe V5.06 update 7 (build 960)
Linker/Locator:  ArmLink.exe V5.06 update 7 (build 960)
Library Manager: ArmAr.exe V5.06 update 7 (build 960)
Hex Converter:   FromElf.exe V5.06 update 7 (build 960)
CPU DLL:         SARMCM3.DLL V5.43.0.0
Dialog DLL:      DCM.DLL V1.17.5.0
Target DLL:      Segger\JL2CM3.dll V2.99.45.0
Dialog DLL:      TCM.DLL V1.56.6.0
 
<h2>Project:</h2>
C:\Users\EVC2-5\Desktop\stm32h743vit6_demo\QSPI_FLASH_DOWNLOAD\NewDevice.uvprojx
Project File Date:  08/25/2026

<h2>Output:</h2>
*** Using Compiler 'V5.06 update 7 (build 960)', folder: 'C:\Users\EVC2-5\AppData\Local\Keil_v5\ARM\ARMCC\Bin'
Build target 'Cortex-M'
compiling FlashDev.c...
compiling FlashPrg.c...
compiling qspi_flash.c...
compiling stm32h7xx_hal.c...
compiling stm32h7xx_hal_gpio.c...
compiling stm32h7xx_hal_cortex.c...
compiling stm32h7xx_hal_pwr.c...
compiling stm32h7xx_hal_pwr_ex.c...
compiling stm32h7xx_hal_qspi.c...
compiling stm32h7xx_hal_rcc.c...
compiling stm32h7xx_ll_gpio.c...
compiling stm32h7xx_hal_rcc_ex.c...
compiling stm32h7xx_ll_pwr.c...
compiling stm32h7xx_ll_rcc.c...
compiling stm32h7xx_hal_flash.c...
compiling stm32h7xx_hal_flash_ex.c...
compiling system_stm32h7xx.c...
linking...
Program Size: Code=37546 RO-data=32962 RW-data=24 ZI-data=140  
After Build - User command #1: cmd.exe /C copy "Objects\H743VIT6_QSPI_FLASH.axf" ".\H743VIT6_QSPI_FLASH.FLM"
已复制         1 个文件。
".\Objects\H743VIT6_QSPI_FLASH.axf" - 0 Error(s), 0 Warning(s).

<h2>Software Packages used:</h2>

Package Vendor: Keil
                http://www.keil.com/pack/Keil.STM32H7xx_DFP.2.7.0.pack
                Keil::STM32H7xx_DFP@2.7.0
                STMicroelectronics STM32H7 Series Device Support and Examples

<h2>Collection of Component include folders:</h2>
  C:/Users/EVC2-5/AppData/Local/Arm/Packs/Keil/STM32H7xx_DFP/2.7.0/Drivers/CMSIS/Device/ST/STM32H7xx/Include

<h2>Collection of Component Files used:</h2>
Build Time Elapsed:  00:00:09
</pre>
</body>
</html>
